GAS LISTING /tmp/ccnUKPSs.s 			page 1


   1              		.file	"_new.cpp"
   2              		.option pic
   3              		.option norelax
   4              		.text
   5              	.Ltext0:
   6              		.align	2
   7              		.globl	_Znwm
   9              	_Znwm:
  10              	.LFB14:
  11              		.file 1 "src/_new.cpp"
   1:src/_new.cpp  **** #include "../h/memory_allocator.hpp"
   2:src/_new.cpp  **** 
   3:src/_new.cpp  **** void *operator new(uint64 n) {
  12              		.loc 1 3 30
  13              		.cfi_startproc
  14              	.LVL0:
  15 0000 130101FF 		addi	sp,sp,-16
  16              		.cfi_def_cfa_offset 16
  17 0004 23341100 		sd	ra,8(sp)
  18 0008 23308100 		sd	s0,0(sp)
  19              		.cfi_offset 1, -8
  20              		.cfi_offset 8, -16
  21 000c 13040101 		addi	s0,sp,16
  22              		.cfi_def_cfa 8, 0
   4:src/_new.cpp  ****     size_t blocks = (n + MEM_BLOCK_SIZE - 1) / MEM_BLOCK_SIZE;
  23              		.loc 1 4 5
  24              		.loc 1 4 41 is_stmt 0
  25 0010 1305F503 		addi	a0,a0,63
  26              	.LVL1:
   5:src/_new.cpp  ****     return MemoryAllocator::allocate(blocks);
  27              		.loc 1 5 5 is_stmt 1
  28              		.loc 1 5 37 is_stmt 0
  29 0014 13556500 		srli	a0,a0,6
  30              	.LVL2:
  31 0018 97000000 		call	_ZN15MemoryAllocator8allocateEm@plt
  31      E7800000 
  32              	.LVL3:
   6:src/_new.cpp  **** 
   7:src/_new.cpp  **** }
  33              		.loc 1 7 1
  34 0020 83308100 		ld	ra,8(sp)
  35              		.cfi_restore 1
  36 0024 03340100 		ld	s0,0(sp)
  37              		.cfi_restore 8
  38              		.cfi_def_cfa 2, 16
  39 0028 13010101 		addi	sp,sp,16
  40              		.cfi_def_cfa_offset 0
  41 002c 67800000 		jr	ra
  42              		.cfi_endproc
  43              	.LFE14:
  45              		.align	2
  46              		.globl	_Znam
  48              	_Znam:
  49              	.LFB15:
   8:src/_new.cpp  **** void *operator new[](uint64 n) {
  50              		.loc 1 8 32 is_stmt 1
  51              		.cfi_startproc
GAS LISTING /tmp/ccnUKPSs.s 			page 2


  52              	.LVL4:
  53 0030 130101FF 		addi	sp,sp,-16
  54              		.cfi_def_cfa_offset 16
  55 0034 23341100 		sd	ra,8(sp)
  56 0038 23308100 		sd	s0,0(sp)
  57              		.cfi_offset 1, -8
  58              		.cfi_offset 8, -16
  59 003c 13040101 		addi	s0,sp,16
  60              		.cfi_def_cfa 8, 0
   9:src/_new.cpp  ****     size_t blocks = (n + MEM_BLOCK_SIZE - 1) / MEM_BLOCK_SIZE;
  61              		.loc 1 9 5
  62              		.loc 1 9 41 is_stmt 0
  63 0040 1305F503 		addi	a0,a0,63
  64              	.LVL5:
  10:src/_new.cpp  ****     return MemoryAllocator::allocate(blocks);
  65              		.loc 1 10 5 is_stmt 1
  66              		.loc 1 10 37 is_stmt 0
  67 0044 13556500 		srli	a0,a0,6
  68              	.LVL6:
  69 0048 97000000 		call	_ZN15MemoryAllocator8allocateEm@plt
  69      E7800000 
  70              	.LVL7:
  11:src/_new.cpp  **** }
  71              		.loc 1 11 1
  72 0050 83308100 		ld	ra,8(sp)
  73              		.cfi_restore 1
  74 0054 03340100 		ld	s0,0(sp)
  75              		.cfi_restore 8
  76              		.cfi_def_cfa 2, 16
  77 0058 13010101 		addi	sp,sp,16
  78              		.cfi_def_cfa_offset 0
  79 005c 67800000 		jr	ra
  80              		.cfi_endproc
  81              	.LFE15:
  83              		.align	2
  84              		.globl	_ZdlPv
  86              	_ZdlPv:
  87              	.LFB16:
  12:src/_new.cpp  **** 
  13:src/_new.cpp  **** void operator delete(void* p) noexcept {
  88              		.loc 1 13 40 is_stmt 1
  89              		.cfi_startproc
  90              		.cfi_personality 0x9b,DW.ref.__gxx_personality_v0
  91              		.cfi_lsda 0x1b,.LLSDA16
  92              	.LVL8:
  93 0060 130101FF 		addi	sp,sp,-16
  94              		.cfi_def_cfa_offset 16
  95 0064 23341100 		sd	ra,8(sp)
  96 0068 23308100 		sd	s0,0(sp)
  97              		.cfi_offset 1, -8
  98              		.cfi_offset 8, -16
  99 006c 13040101 		addi	s0,sp,16
 100              		.cfi_def_cfa 8, 0
  14:src/_new.cpp  **** MemoryAllocator::free(p);
 101              		.loc 1 14 1
 102              		.loc 1 14 22 is_stmt 0
 103 0070 97000000 		call	_ZN15MemoryAllocator4freeEPv@plt
GAS LISTING /tmp/ccnUKPSs.s 			page 3


 103      E7800000 
 104              	.LVL9:
  15:src/_new.cpp  **** }
 105              		.loc 1 15 1
 106 0078 83308100 		ld	ra,8(sp)
 107              		.cfi_restore 1
 108 007c 03340100 		ld	s0,0(sp)
 109              		.cfi_restore 8
 110              		.cfi_def_cfa 2, 16
 111 0080 13010101 		addi	sp,sp,16
 112              		.cfi_def_cfa_offset 0
 113 0084 67800000 		jr	ra
 114              		.cfi_endproc
 115              	.LFE16:
 116              		.globl	__gxx_personality_v0
 117              		.section	.gcc_except_table,"a",@progbits
 118              	.LLSDA16:
 119 0000 FF       		.byte	0xff
 120 0001 FF       		.byte	0xff
 121 0002 03       		.byte	0x3
 122 0003 00       		.byte	0
 123              		.text
 125              		.align	2
 126              		.globl	_ZdaPv
 128              	_ZdaPv:
 129              	.LFB17:
  16:src/_new.cpp  **** 
  17:src/_new.cpp  **** void operator delete[](void* p) noexcept {
 130              		.loc 1 17 42 is_stmt 1
 131              		.cfi_startproc
 132              		.cfi_personality 0x9b,DW.ref.__gxx_personality_v0
 133              		.cfi_lsda 0x1b,.LLSDA17
 134              	.LVL10:
 135 0088 130101FF 		addi	sp,sp,-16
 136              		.cfi_def_cfa_offset 16
 137 008c 23341100 		sd	ra,8(sp)
 138 0090 23308100 		sd	s0,0(sp)
 139              		.cfi_offset 1, -8
 140              		.cfi_offset 8, -16
 141 0094 13040101 		addi	s0,sp,16
 142              		.cfi_def_cfa 8, 0
  18:src/_new.cpp  ****     MemoryAllocator::free(p);
 143              		.loc 1 18 5
 144              		.loc 1 18 26 is_stmt 0
 145 0098 97000000 		call	_ZN15MemoryAllocator4freeEPv@plt
 145      E7800000 
 146              	.LVL11:
  19:src/_new.cpp  **** }...
 147              		.loc 1 19 1
 148 00a0 83308100 		ld	ra,8(sp)
 149              		.cfi_restore 1
 150 00a4 03340100 		ld	s0,0(sp)
 151              		.cfi_restore 8
 152              		.cfi_def_cfa 2, 16
 153 00a8 13010101 		addi	sp,sp,16
 154              		.cfi_def_cfa_offset 0
 155 00ac 67800000 		jr	ra
GAS LISTING /tmp/ccnUKPSs.s 			page 4


 156              		.cfi_endproc
 157              	.LFE17:
 158              		.section	.gcc_except_table
 159              	.LLSDA17:
 160 0004 FF       		.byte	0xff
 161 0005 FF       		.byte	0xff
 162 0006 03       		.byte	0x3
 163 0007 00       		.byte	0
 164              		.text
 166              	.Letext0:
 167              		.file 2 "src/../h/../lib/hw.h"
 168              		.file 3 "src/../h/memory_allocator.hpp"
 1177              		.align	3
 1180              	DW.ref.__gxx_personality_v0:
 1181 0000 00000000 		.dword	__gxx_personality_v0
 1181      00000000 
 1182              		.ident	"GCC: (Ubuntu 9.4.0-1ubuntu1~20.04) 9.4.0"
 1183              		.section	.note.GNU-stack,"",@progbits
GAS LISTING /tmp/ccnUKPSs.s 			page 5


DEFINED SYMBOLS
                            *ABS*:0000000000000000 _new.cpp
     /tmp/ccnUKPSs.s:9      .text:0000000000000000 _Znwm
     /tmp/ccnUKPSs.s:13     .text:0000000000000000 .L0 
     /tmp/ccnUKPSs.s:15     .text:0000000000000000 .L0 
     /tmp/ccnUKPSs.s:16     .text:0000000000000004 .L0 
     /tmp/ccnUKPSs.s:19     .text:000000000000000c .L0 
     /tmp/ccnUKPSs.s:20     .text:000000000000000c .L0 
     /tmp/ccnUKPSs.s:22     .text:0000000000000010 .L0 
     /tmp/ccnUKPSs.s:24     .text:0000000000000010 .L0 
     /tmp/ccnUKPSs.s:25     .text:0000000000000010 .L0 
     /tmp/ccnUKPSs.s:28     .text:0000000000000014 .L0 
     /tmp/ccnUKPSs.s:29     .text:0000000000000014 .L0 
     /tmp/ccnUKPSs.s:34     .text:0000000000000020 .L0 
     /tmp/ccnUKPSs.s:35     .text:0000000000000024 .L0 
     /tmp/ccnUKPSs.s:37     .text:0000000000000028 .L0 
     /tmp/ccnUKPSs.s:38     .text:0000000000000028 .L0 
     /tmp/ccnUKPSs.s:40     .text:000000000000002c .L0 
     /tmp/ccnUKPSs.s:42     .text:0000000000000030 .L0 
     /tmp/ccnUKPSs.s:48     .text:0000000000000030 _Znam
     /tmp/ccnUKPSs.s:51     .text:0000000000000030 .L0 
     /tmp/ccnUKPSs.s:53     .text:0000000000000030 .L0 
     /tmp/ccnUKPSs.s:54     .text:0000000000000034 .L0 
     /tmp/ccnUKPSs.s:57     .text:000000000000003c .L0 
     /tmp/ccnUKPSs.s:58     .text:000000000000003c .L0 
     /tmp/ccnUKPSs.s:60     .text:0000000000000040 .L0 
     /tmp/ccnUKPSs.s:62     .text:0000000000000040 .L0 
     /tmp/ccnUKPSs.s:63     .text:0000000000000040 .L0 
     /tmp/ccnUKPSs.s:66     .text:0000000000000044 .L0 
     /tmp/ccnUKPSs.s:67     .text:0000000000000044 .L0 
     /tmp/ccnUKPSs.s:72     .text:0000000000000050 .L0 
     /tmp/ccnUKPSs.s:73     .text:0000000000000054 .L0 
     /tmp/ccnUKPSs.s:75     .text:0000000000000058 .L0 
     /tmp/ccnUKPSs.s:76     .text:0000000000000058 .L0 
     /tmp/ccnUKPSs.s:78     .text:000000000000005c .L0 
     /tmp/ccnUKPSs.s:80     .text:0000000000000060 .L0 
     /tmp/ccnUKPSs.s:86     .text:0000000000000060 _ZdlPv
     /tmp/ccnUKPSs.s:89     .text:0000000000000060 .L0 
     /tmp/ccnUKPSs.s:1180   .data.rel.local.DW.ref.__gxx_personality_v0:0000000000000000 DW.ref.__gxx_personality_v0
     /tmp/ccnUKPSs.s:93     .text:0000000000000060 .L0 
     /tmp/ccnUKPSs.s:94     .text:0000000000000064 .L0 
     /tmp/ccnUKPSs.s:97     .text:000000000000006c .L0 
     /tmp/ccnUKPSs.s:98     .text:000000000000006c .L0 
     /tmp/ccnUKPSs.s:100    .text:0000000000000070 .L0 
     /tmp/ccnUKPSs.s:102    .text:0000000000000070 .L0 
     /tmp/ccnUKPSs.s:103    .text:0000000000000070 .L0 
     /tmp/ccnUKPSs.s:106    .text:0000000000000078 .L0 
     /tmp/ccnUKPSs.s:107    .text:000000000000007c .L0 
     /tmp/ccnUKPSs.s:109    .text:0000000000000080 .L0 
     /tmp/ccnUKPSs.s:110    .text:0000000000000080 .L0 
     /tmp/ccnUKPSs.s:112    .text:0000000000000084 .L0 
     /tmp/ccnUKPSs.s:114    .text:0000000000000088 .L0 
     /tmp/ccnUKPSs.s:128    .text:0000000000000088 _ZdaPv
     /tmp/ccnUKPSs.s:131    .text:0000000000000088 .L0 
     /tmp/ccnUKPSs.s:135    .text:0000000000000088 .L0 
     /tmp/ccnUKPSs.s:136    .text:000000000000008c .L0 
     /tmp/ccnUKPSs.s:139    .text:0000000000000094 .L0 
GAS LISTING /tmp/ccnUKPSs.s 			page 6


     /tmp/ccnUKPSs.s:140    .text:0000000000000094 .L0 
     /tmp/ccnUKPSs.s:142    .text:0000000000000098 .L0 
     /tmp/ccnUKPSs.s:144    .text:0000000000000098 .L0 
     /tmp/ccnUKPSs.s:145    .text:0000000000000098 .L0 
     /tmp/ccnUKPSs.s:148    .text:00000000000000a0 .L0 
     /tmp/ccnUKPSs.s:149    .text:00000000000000a4 .L0 
     /tmp/ccnUKPSs.s:151    .text:00000000000000a8 .L0 
     /tmp/ccnUKPSs.s:152    .text:00000000000000a8 .L0 
     /tmp/ccnUKPSs.s:154    .text:00000000000000ac .L0 
     /tmp/ccnUKPSs.s:156    .text:00000000000000b0 .L0 
     /tmp/ccnUKPSs.s:169    .text:00000000000000b0 .L0 
     /tmp/ccnUKPSs.s:526    .debug_abbrev:0000000000000000 .Ldebug_abbrev0
     /tmp/ccnUKPSs.s:1134   .debug_str:0000000000000145 .LASF30
     /tmp/ccnUKPSs.s:1116   .debug_str:00000000000000cc .LASF31
     /tmp/ccnUKPSs.s:1150   .debug_str:0000000000000275 .LASF32
     /tmp/ccnUKPSs.s:5      .text:0000000000000000 .Ltext0
     /tmp/ccnUKPSs.s:166    .text:00000000000000b0 .Letext0
     /tmp/ccnUKPSs.s:1090   .debug_line:0000000000000000 .Ldebug_line0
     /tmp/ccnUKPSs.s:1140   .debug_str:000000000000022b .LASF0
     /tmp/ccnUKPSs.s:1130   .debug_str:0000000000000126 .LASF1
     /tmp/ccnUKPSs.s:1122   .debug_str:00000000000000fb .LASF2
     /tmp/ccnUKPSs.s:1108   .debug_str:0000000000000087 .LASF4
     /tmp/ccnUKPSs.s:1128   .debug_str:0000000000000114 .LASF3
     /tmp/ccnUKPSs.s:1096   .debug_str:0000000000000023 .LASF5
     /tmp/ccnUKPSs.s:1092   .debug_str:0000000000000000 .LASF6
     /tmp/ccnUKPSs.s:1118   .debug_str:00000000000000d9 .LASF7
     /tmp/ccnUKPSs.s:1146   .debug_str:000000000000024f .LASF8
     /tmp/ccnUKPSs.s:1106   .debug_str:0000000000000079 .LASF9
     /tmp/ccnUKPSs.s:1172   .debug_str:00000000000002f4 .LASF10
     /tmp/ccnUKPSs.s:1120   .debug_str:00000000000000ec .LASF11
     /tmp/ccnUKPSs.s:1160   .debug_str:00000000000002b5 .LASF12
     /tmp/ccnUKPSs.s:1152   .debug_str:0000000000000283 .LASF13
     /tmp/ccnUKPSs.s:1132   .debug_str:0000000000000139 .LASF14
     /tmp/ccnUKPSs.s:1114   .debug_str:00000000000000b6 .LASF15
     /tmp/ccnUKPSs.s:1148   .debug_str:000000000000025f .LASF16
     /tmp/ccnUKPSs.s:1094   .debug_str:0000000000000013 .LASF33
     /tmp/ccnUKPSs.s:1158   .debug_str:00000000000002ab .LASF34
     /tmp/ccnUKPSs.s:1168   .debug_str:00000000000002e9 .LASF17
     /tmp/ccnUKPSs.s:1098   .debug_str:000000000000002a .LASF18
     /tmp/ccnUKPSs.s:1138   .debug_str:0000000000000222 .LASF19
     /tmp/ccnUKPSs.s:1104   .debug_str:0000000000000059 .LASF21
     /tmp/ccnUKPSs.s:1154   .debug_str:0000000000000293 .LASF20
     /tmp/ccnUKPSs.s:1112   .debug_str:0000000000000099 .LASF22
     /tmp/ccnUKPSs.s:1110   .debug_str:000000000000008e .LASF35
     /tmp/ccnUKPSs.s:1100   .debug_str:000000000000002f .LASF36
     /tmp/ccnUKPSs.s:1136   .debug_str:0000000000000209 .LASF37
     /tmp/ccnUKPSs.s:1124   .debug_str:0000000000000109 .LASF38
     /tmp/ccnUKPSs.s:1156   .debug_str:0000000000000298 .LASF23
     /tmp/ccnUKPSs.s:1102   .debug_str:0000000000000052 .LASF25
     /tmp/ccnUKPSs.s:129    .text:0000000000000088 .LFB17
     /tmp/ccnUKPSs.s:157    .text:00000000000000b0 .LFE17
     /tmp/ccnUKPSs.s:957    .debug_loc:0000000000000000 .LLST5
     /tmp/ccnUKPSs.s:146    .text:00000000000000a0 .LVL11
     /tmp/ccnUKPSs.s:1142   .debug_str:0000000000000238 .LASF24
     /tmp/ccnUKPSs.s:1162   .debug_str:00000000000002c5 .LASF26
     /tmp/ccnUKPSs.s:87     .text:0000000000000060 .LFB16
     /tmp/ccnUKPSs.s:115    .text:0000000000000088 .LFE16
GAS LISTING /tmp/ccnUKPSs.s 			page 7


     /tmp/ccnUKPSs.s:971    .debug_loc:0000000000000039 .LLST4
     /tmp/ccnUKPSs.s:104    .text:0000000000000078 .LVL9
     /tmp/ccnUKPSs.s:1166   .debug_str:00000000000002d9 .LASF39
     /tmp/ccnUKPSs.s:1126   .debug_str:000000000000010e .LASF40
     /tmp/ccnUKPSs.s:49     .text:0000000000000030 .LFB15
     /tmp/ccnUKPSs.s:81     .text:0000000000000060 .LFE15
     /tmp/ccnUKPSs.s:985    .debug_loc:0000000000000072 .LLST2
     /tmp/ccnUKPSs.s:1144   .debug_str:0000000000000248 .LASF27
     /tmp/ccnUKPSs.s:1005   .debug_loc:00000000000000c0 .LLST3
     /tmp/ccnUKPSs.s:70     .text:0000000000000050 .LVL7
     /tmp/ccnUKPSs.s:1164   .debug_str:00000000000002cc .LASF28
     /tmp/ccnUKPSs.s:1170   .debug_str:00000000000002ee .LASF29
     /tmp/ccnUKPSs.s:10     .text:0000000000000000 .LFB14
     /tmp/ccnUKPSs.s:43     .text:0000000000000030 .LFE14
     /tmp/ccnUKPSs.s:1031   .debug_loc:0000000000000114 .LLST0
     /tmp/ccnUKPSs.s:1051   .debug_loc:0000000000000162 .LLST1
     /tmp/ccnUKPSs.s:32     .text:0000000000000020 .LVL3
     /tmp/ccnUKPSs.s:134    .text:0000000000000088 .LVL10
     /tmp/ccnUKPSs.s:92     .text:0000000000000060 .LVL8
     /tmp/ccnUKPSs.s:52     .text:0000000000000030 .LVL4
     /tmp/ccnUKPSs.s:64     .text:0000000000000044 .LVL5
     /tmp/ccnUKPSs.s:68     .text:0000000000000048 .LVL6
     /tmp/ccnUKPSs.s:14     .text:0000000000000000 .LVL0
     /tmp/ccnUKPSs.s:26     .text:0000000000000014 .LVL1
     /tmp/ccnUKPSs.s:30     .text:0000000000000018 .LVL2
     /tmp/ccnUKPSs.s:170    .debug_info:0000000000000000 .Ldebug_info0
     /tmp/ccnUKPSs.s:118    .gcc_except_table:0000000000000000 .LLSDA16
     /tmp/ccnUKPSs.s:159    .gcc_except_table:0000000000000004 .LLSDA17

UNDEFINED SYMBOLS
_ZN15MemoryAllocator8allocateEm
_ZN15MemoryAllocator4freeEPv
__gxx_personality_v0
