GAS LISTING /tmp/ccmr2duw.s 			page 1


   1              		.file	"consoleKernel.cpp"
   2              		.option pic
   3              		.option norelax
   4              		.text
   5              	.Ltext0:
   6              		.align	2
   7              		.globl	_Z12init_consolev
   9              	_Z12init_consolev:
  10              	.LFB56:
  11              		.file 1 "src/consoleKernel.cpp"
   1:src/consoleKernel.cpp **** #include "../h/consoleKernel.hpp"
   2:src/consoleKernel.cpp **** #include "../h/semkernel.hpp"
   3:src/consoleKernel.cpp **** #include "../h/riscv.hpp"
   4:src/consoleKernel.cpp **** 
   5:src/consoleKernel.cpp **** #define BUFFER_SIZE 256
   6:src/consoleKernel.cpp **** 
   7:src/consoleKernel.cpp **** static char rx_buffer[BUFFER_SIZE];
   8:src/consoleKernel.cpp **** static volatile int rx_head = 0, rx_tail = 0;
   9:src/consoleKernel.cpp **** SemKernel* sem_rx = nullptr;
  10:src/consoleKernel.cpp **** 
  11:src/consoleKernel.cpp **** void init_console() {
  12              		.loc 1 11 21
  13              		.cfi_startproc
  14              		.cfi_personality 0x9b,DW.ref.__gxx_personality_v0
  15              		.cfi_lsda 0x1b,.LLSDA56
  16 0000 130101FE 		addi	sp,sp,-32
  17              		.cfi_def_cfa_offset 32
  18 0004 233C1100 		sd	ra,24(sp)
  19 0008 23388100 		sd	s0,16(sp)
  20 000c 23349100 		sd	s1,8(sp)
  21 0010 23302101 		sd	s2,0(sp)
  22              		.cfi_offset 1, -8
  23              		.cfi_offset 8, -16
  24              		.cfi_offset 9, -24
  25              		.cfi_offset 18, -32
  26 0014 13040102 		addi	s0,sp,32
  27              		.cfi_def_cfa 8, 0
  12:src/consoleKernel.cpp ****     sem_rx = new SemKernel(0);
  28              		.loc 1 12 5
  29              		.loc 1 12 29 is_stmt 0
  30 0018 13058001 		li	a0,24
  31              	.LEHB0:
  32 001c 97000000 		call	_Znwm@plt
  32      E7800000 
  33              	.LVL0:
  34              	.LEHE0:
  35 0024 93040500 		mv	s1,a0
  36 0028 93050000 		li	a1,0
  37              	.LEHB1:
  38 002c 97000000 		call	_ZN9SemKernelC1Ei@plt
  38      E7800000 
  39              	.LVL1:
  40              	.LEHE1:
  41              		.loc 1 12 12 discriminator 2
  42 0034 97070000 		sd	s1,.LANCHOR0,a5
  42      23B09700 
  13:src/consoleKernel.cpp **** }
GAS LISTING /tmp/ccmr2duw.s 			page 2


  43              		.loc 1 13 1 discriminator 2
  44 003c 83308101 		ld	ra,24(sp)
  45              		.cfi_remember_state
  46              		.cfi_restore 1
  47 0040 03340101 		ld	s0,16(sp)
  48              		.cfi_restore 8
  49              		.cfi_def_cfa 2, 32
  50 0044 83348100 		ld	s1,8(sp)
  51              		.cfi_restore 9
  52 0048 03390100 		ld	s2,0(sp)
  53              		.cfi_restore 18
  54 004c 13010102 		addi	sp,sp,32
  55              		.cfi_def_cfa_offset 0
  56 0050 67800000 		jr	ra
  57              	.L3:
  58              		.cfi_restore_state
  59 0054 13090500 		mv	s2,a0
  12:src/consoleKernel.cpp ****     sem_rx = new SemKernel(0);
  60              		.loc 1 12 29
  61 0058 13850400 		mv	a0,s1
  62 005c 97000000 		call	_ZdlPv@plt
  62      E7800000 
  63              	.LVL2:
  64 0064 13050900 		mv	a0,s2
  65              	.LEHB2:
  66 0068 97000000 		call	_Unwind_Resume@plt
  66      E7800000 
  67              	.LVL3:
  68              	.LEHE2:
  69              		.cfi_endproc
  70              	.LFE56:
  71              		.globl	__gxx_personality_v0
  72              		.section	.gcc_except_table,"a",@progbits
  73              	.LLSDA56:
  74 0000 FF       		.byte	0xff
  75 0001 FF       		.byte	0xff
  76 0002 03       		.byte	0x3
  77 0003 27       		.byte	0x27
  78 0004 00000000 		.4byte	.LEHB0-.LFB56
  79 0008 00000000 		.4byte	.LEHE0-.LEHB0
  80 000c 00000000 		.4byte	0
  81 0010 00       		.byte	0
  82 0011 00000000 		.4byte	.LEHB1-.LFB56
  83 0015 00000000 		.4byte	.LEHE1-.LEHB1
  84 0019 00000000 		.4byte	.L3-.LFB56
  85 001d 00       		.byte	0
  86 001e 00000000 		.4byte	.LEHB2-.LFB56
  87 0022 00000000 		.4byte	.LEHE2-.LEHB2
  88 0026 00000000 		.4byte	0
  89 002a 00       		.byte	0
  90              		.text
  92              		.align	2
  93              		.globl	_Z22kernel_console_handlerv
  95              	_Z22kernel_console_handlerv:
  96              	.LFB57:
  14:src/consoleKernel.cpp **** 
  15:src/consoleKernel.cpp **** void kernel_console_handler() {
GAS LISTING /tmp/ccmr2duw.s 			page 3


  97              		.loc 1 15 31 is_stmt 1
  98              		.cfi_startproc
  99 0070 130101FE 		addi	sp,sp,-32
 100              		.cfi_def_cfa_offset 32
 101 0074 233C1100 		sd	ra,24(sp)
 102 0078 23388100 		sd	s0,16(sp)
 103 007c 23349100 		sd	s1,8(sp)
 104 0080 23302101 		sd	s2,0(sp)
 105              		.cfi_offset 1, -8
 106              		.cfi_offset 8, -16
 107              		.cfi_offset 9, -24
 108              		.cfi_offset 18, -32
 109 0084 13040102 		addi	s0,sp,32
 110              		.cfi_def_cfa 8, 0
  16:src/consoleKernel.cpp ****     volatile uint8* status_reg = (volatile uint8*)CONSOLE_STATUS;
 111              		.loc 1 16 5
 112              		.loc 1 16 21 is_stmt 0
 113 0088 97070000 		la	a5,CONSOLE_STATUS
 113      83B70700 
 114 0090 83B40700 		ld	s1,0(a5)
 115              	.LVL4:
  17:src/consoleKernel.cpp ****     volatile uint8* rx_data_reg = (volatile uint8*)CONSOLE_RX_DATA;
 116              		.loc 1 17 5 is_stmt 1
 117              		.loc 1 17 21 is_stmt 0
 118 0094 97070000 		la	a5,CONSOLE_RX_DATA
 118      83B70700 
 119 009c 03B90700 		ld	s2,0(a5)
 120              	.LVL5:
 121              	.L8:
  18:src/consoleKernel.cpp **** 
  19:src/consoleKernel.cpp ****     // Čitamo sve karaktere koji su pristigli u UART fifo
  20:src/consoleKernel.cpp ****     while (*status_reg & 0x01) {
 122              		.loc 1 20 5 is_stmt 1
 123              		.loc 1 20 26
 124              		.loc 1 20 12 is_stmt 0
 125 00a0 83C70400 		lbu	a5,0(s1)
 126              		.loc 1 20 26
 127 00a4 93F71700 		andi	a5,a5,1
 128 00a8 63800706 		beqz	a5,.L6
 129              	.LBB8:
  21:src/consoleKernel.cpp ****         char c = (char)(*rx_data_reg);
 130              		.loc 1 21 9 is_stmt 1
 131              		.loc 1 21 37 is_stmt 0
 132 00ac 83470900 		lbu	a5,0(s2)
 133 00b0 93F6F70F 		andi	a3,a5,0xff
 134              	.LVL6:
  22:src/consoleKernel.cpp **** 
  23:src/consoleKernel.cpp ****         int next_tail = (rx_tail + 1) % BUFFER_SIZE;
 135              		.loc 1 23 9 is_stmt 1
 136              		.loc 1 23 26 is_stmt 0
 137 00b4 17060000 		lla	a2,.LANCHOR0
 137      13060600 
 138 00bc 83278600 		lw	a5,8(a2)
 139              		.loc 1 23 34
 140 00c0 9B871700 		addiw	a5,a5,1
 141              		.loc 1 23 41
 142 00c4 1BD7F741 		sraiw	a4,a5,31
GAS LISTING /tmp/ccmr2duw.s 			page 4


 143 00c8 1B578701 		srliw	a4,a4,24
 144 00cc BB87E700 		addw	a5,a5,a4
 145 00d0 93F7F70F 		andi	a5,a5,255
 146 00d4 BB87E740 		subw	a5,a5,a4
 147              	.LVL7:
  24:src/consoleKernel.cpp ****         if (next_tail != rx_head) {
 148              		.loc 1 24 9 is_stmt 1
 149              		.loc 1 24 26 is_stmt 0
 150 00d8 0327C600 		lw	a4,12(a2)
 151 00dc 1B070700 		sext.w	a4,a4
 152              		.loc 1 24 9
 153 00e0 E300F7FC 		beq	a4,a5,.L8
  25:src/consoleKernel.cpp ****             rx_buffer[rx_tail] = c;
 154              		.loc 1 25 13 is_stmt 1
 155              		.loc 1 25 23 is_stmt 0
 156 00e4 03278600 		lw	a4,8(a2)
 157 00e8 1B070700 		sext.w	a4,a4
 158              		.loc 1 25 32
 159 00ec 3307E600 		add	a4,a2,a4
 160 00f0 2308D700 		sb	a3,16(a4)
  26:src/consoleKernel.cpp ****             rx_tail = next_tail;
 161              		.loc 1 26 13 is_stmt 1
 162              		.loc 1 26 21 is_stmt 0
 163 00f4 2324F600 		sw	a5,8(a2)
  27:src/consoleKernel.cpp ****             sem_rx->signal();
 164              		.loc 1 27 13 is_stmt 1
 165              		.loc 1 27 27 is_stmt 0
 166 00f8 03350600 		ld	a0,0(a2)
 167 00fc 97000000 		call	_ZN9SemKernel6signalEv@plt
 167      E7800000 
 168              	.LVL8:
 169 0104 6FF0DFF9 		j	.L8
 170              	.L6:
 171              	.LBE8:
  28:src/consoleKernel.cpp ****         }
  29:src/consoleKernel.cpp ****     }
  30:src/consoleKernel.cpp **** }
 172              		.loc 1 30 1
 173 0108 83308101 		ld	ra,24(sp)
 174              		.cfi_restore 1
 175 010c 03340101 		ld	s0,16(sp)
 176              		.cfi_restore 8
 177              		.cfi_def_cfa 2, 32
 178 0110 83348100 		ld	s1,8(sp)
 179              		.cfi_restore 9
 180              	.LVL9:
 181 0114 03390100 		ld	s2,0(sp)
 182              		.cfi_restore 18
 183              	.LVL10:
 184 0118 13010102 		addi	sp,sp,32
 185              		.cfi_def_cfa_offset 0
 186 011c 67800000 		jr	ra
 187              		.cfi_endproc
 188              	.LFE57:
 190              		.align	2
 191              		.globl	_Z11kernel_getcv
 193              	_Z11kernel_getcv:
GAS LISTING /tmp/ccmr2duw.s 			page 5


 194              	.LFB58:
  31:src/consoleKernel.cpp **** 
  32:src/consoleKernel.cpp **** char kernel_getc() {
 195              		.loc 1 32 20 is_stmt 1
 196              		.cfi_startproc
 197 0120 130101FE 		addi	sp,sp,-32
 198              		.cfi_def_cfa_offset 32
 199 0124 233C1100 		sd	ra,24(sp)
 200 0128 23388100 		sd	s0,16(sp)
 201 012c 23349100 		sd	s1,8(sp)
 202              		.cfi_offset 1, -8
 203              		.cfi_offset 8, -16
 204              		.cfi_offset 9, -24
 205 0130 13040102 		addi	s0,sp,32
 206              		.cfi_def_cfa 8, 0
  33:src/consoleKernel.cpp ****     sem_rx->wait(); // Čeka da stigne bar jedan karakter
 207              		.loc 1 33 5
 208              		.loc 1 33 17 is_stmt 0
 209 0134 97040000 		lla	s1,.LANCHOR0
 209      93840400 
 210 013c 03B50400 		ld	a0,0(s1)
 211 0140 97000000 		call	_ZN9SemKernel4waitEv@plt
 211      E7800000 
 212              	.LVL11:
  34:src/consoleKernel.cpp **** 
  35:src/consoleKernel.cpp ****     // Bezbedno čitanje iz bafera:
  36:src/consoleKernel.cpp ****     // Dovoljno je onemogućiti interrupts samo dok uzimamo karakter iz bafera,
  37:src/consoleKernel.cpp ****     // ali bez upisivanja neproverenog staro_stanje direktno u sstatus.
  38:src/consoleKernel.cpp **** 
  39:src/consoleKernel.cpp ****     char c = rx_buffer[rx_head];
 213              		.loc 1 39 5 is_stmt 1
 214              		.loc 1 39 24 is_stmt 0
 215 0148 03A7C400 		lw	a4,12(s1)
 216 014c 1B070700 		sext.w	a4,a4
 217              		.loc 1 39 31
 218 0150 3387E400 		add	a4,s1,a4
 219              	.LVL12:
  40:src/consoleKernel.cpp ****     rx_head = (rx_head + 1) % BUFFER_SIZE;
 220              		.loc 1 40 5 is_stmt 1
 221              		.loc 1 40 16 is_stmt 0
 222 0154 83A7C400 		lw	a5,12(s1)
 223              		.loc 1 40 24
 224 0158 9B871700 		addiw	a5,a5,1
 225              		.loc 1 40 29
 226 015c 9BD6F741 		sraiw	a3,a5,31
 227 0160 9BD68601 		srliw	a3,a3,24
 228 0164 BB87D700 		addw	a5,a5,a3
 229 0168 93F7F70F 		andi	a5,a5,255
 230 016c BB87D740 		subw	a5,a5,a3
 231              		.loc 1 40 13
 232 0170 23A6F400 		sw	a5,12(s1)
  41:src/consoleKernel.cpp **** 
  42:src/consoleKernel.cpp ****     return c;
 233              		.loc 1 42 5 is_stmt 1
  43:src/consoleKernel.cpp **** }
 234              		.loc 1 43 1 is_stmt 0
 235 0174 03450701 		lbu	a0,16(a4)
GAS LISTING /tmp/ccmr2duw.s 			page 6


 236 0178 83308101 		ld	ra,24(sp)
 237              		.cfi_restore 1
 238 017c 03340101 		ld	s0,16(sp)
 239              		.cfi_restore 8
 240              		.cfi_def_cfa 2, 32
 241 0180 83348100 		ld	s1,8(sp)
 242              		.cfi_restore 9
 243 0184 13010102 		addi	sp,sp,32
 244              		.cfi_def_cfa_offset 0
 245 0188 67800000 		jr	ra
 246              		.cfi_endproc
 247              	.LFE58:
 249              		.align	2
 250              		.globl	_Z11kernel_putcc
 252              	_Z11kernel_putcc:
 253              	.LFB59:
  44:src/consoleKernel.cpp **** 
  45:src/consoleKernel.cpp **** void kernel_putc(char chr) {
 254              		.loc 1 45 28 is_stmt 1
 255              		.cfi_startproc
 256              	.LVL13:
 257 018c 130101FE 		addi	sp,sp,-32
 258              		.cfi_def_cfa_offset 32
 259 0190 233C8100 		sd	s0,24(sp)
 260              		.cfi_offset 8, -8
 261 0194 13040102 		addi	s0,sp,32
 262              		.cfi_def_cfa 8, 0
  46:src/consoleKernel.cpp ****     uint64 sstatus = Riscv::r_sstatus();
 263              		.loc 1 46 5
 264              	.LBB9:
 265              	.LBB10:
 266              		.file 2 "src/../h/riscv.hpp"
   1:src/../h/riscv.hpp **** //
   2:src/../h/riscv.hpp **** // Created by marko on 20.4.22.
   3:src/../h/riscv.hpp **** //
   4:src/../h/riscv.hpp **** 
   5:src/../h/riscv.hpp **** #ifndef OS1_RISCV_CONTEXT_SWITCH_SYNCHORNOUS_RISCV_HPP
   6:src/../h/riscv.hpp **** #define OS1_RISCV_CONTEXT_SWITCH_SYNCHORNOUS_RISCV_HPP
   7:src/../h/riscv.hpp **** 
   8:src/../h/riscv.hpp **** #include "../h/tcb.hpp"
   9:src/../h/riscv.hpp **** #include "../h/memory_allocator.hpp"
  10:src/../h/riscv.hpp **** #include "../lib/hw.h"
  11:src/../h/riscv.hpp **** #include "syscall_abi.h"
  12:src/../h/riscv.hpp **** #include "../h/consoleKernel.hpp"
  13:src/../h/riscv.hpp **** #include "../h/console.hpp"
  14:src/../h/riscv.hpp **** 
  15:src/../h/riscv.hpp **** class Riscv
  16:src/../h/riscv.hpp **** {
  17:src/../h/riscv.hpp **** public:
  18:src/../h/riscv.hpp ****     static void popSppSpie();
  19:src/../h/riscv.hpp ****     static void handleSupervisorTrap();
  20:src/../h/riscv.hpp ****     static void supervisorTrap();
  21:src/../h/riscv.hpp ****     static void pushRegisters();
  22:src/../h/riscv.hpp ****     static void popRegisters();
  23:src/../h/riscv.hpp **** 
  24:src/../h/riscv.hpp ****     // read register scause
  25:src/../h/riscv.hpp ****     static uint64 r_scause();
GAS LISTING /tmp/ccmr2duw.s 			page 7


  26:src/../h/riscv.hpp **** 
  27:src/../h/riscv.hpp ****     // write register scause
  28:src/../h/riscv.hpp ****     static void w_scause(uint64 scause);
  29:src/../h/riscv.hpp **** 
  30:src/../h/riscv.hpp ****     // read register sepc
  31:src/../h/riscv.hpp ****     static uint64 r_sepc();
  32:src/../h/riscv.hpp **** 
  33:src/../h/riscv.hpp ****     // write register sepc
  34:src/../h/riscv.hpp ****     static void w_sepc(uint64 sepc);
  35:src/../h/riscv.hpp **** 
  36:src/../h/riscv.hpp ****     // read register stvec
  37:src/../h/riscv.hpp ****     static uint64 r_stvec();
  38:src/../h/riscv.hpp **** 
  39:src/../h/riscv.hpp ****     // write register stvec
  40:src/../h/riscv.hpp ****     static void w_stvec(uint64 stvec);
  41:src/../h/riscv.hpp **** 
  42:src/../h/riscv.hpp ****     // read register stval
  43:src/../h/riscv.hpp ****     static uint64 r_stval();
  44:src/../h/riscv.hpp **** 
  45:src/../h/riscv.hpp ****     // write register stvalhandleSupervisorTrap()
  46:src/../h/riscv.hpp ****     static void w_stval(uint64 stval);
  47:src/../h/riscv.hpp **** 
  48:src/../h/riscv.hpp ****     // read register a0 (System Call Code - call)
  49:src/../h/riscv.hpp ****     static uint64 r_a0();
  50:src/../h/riscv.hpp **** 
  51:src/../h/riscv.hpp ****     static uint64 r_a1();
  52:src/../h/riscv.hpp **** 
  53:src/../h/riscv.hpp ****     static uint64 r_a2();
  54:src/../h/riscv.hpp **** 
  55:src/../h/riscv.hpp ****     static uint64 r_a3();
  56:src/../h/riscv.hpp **** 
  57:src/../h/riscv.hpp **** 
  58:src/../h/riscv.hpp **** 
  59:src/../h/riscv.hpp ****     static void w_a0(uint64 val);
  60:src/../h/riscv.hpp **** 
  61:src/../h/riscv.hpp ****     static void w_a1(uint64 val);
  62:src/../h/riscv.hpp **** 
  63:src/../h/riscv.hpp ****     static void w_a2(uint64 val);
  64:src/../h/riscv.hpp **** 
  65:src/../h/riscv.hpp ****     static void w_a3(uint64 val);
  66:src/../h/riscv.hpp **** 
  67:src/../h/riscv.hpp ****     enum BitMaskSip
  68:src/../h/riscv.hpp ****     {
  69:src/../h/riscv.hpp ****         SIP_SSIP = (1 << 1),
  70:src/../h/riscv.hpp ****         SIP_STIP = (1 << 5),
  71:src/../h/riscv.hpp ****         SIP_SEIP = (1 << 9),
  72:src/../h/riscv.hpp ****     };
  73:src/../h/riscv.hpp **** 
  74:src/../h/riscv.hpp **** // mask set register sip
  75:src/../h/riscv.hpp ****     static void mc_sip(uint64 mask);
  76:src/../h/riscv.hpp **** 
  77:src/../h/riscv.hpp ****     // read register sip
  78:src/../h/riscv.hpp ****     static uint64 r_sip();
  79:src/../h/riscv.hpp **** 
  80:src/../h/riscv.hpp ****     // write register sip
  81:src/../h/riscv.hpp ****     static void w_sip(uint64 sip);
  82:src/../h/riscv.hpp **** 
GAS LISTING /tmp/ccmr2duw.s 			page 8


  83:src/../h/riscv.hpp ****     enum BitMaskSstatus
  84:src/../h/riscv.hpp ****     {
  85:src/../h/riscv.hpp ****         SSTATUS_SIE  = (1 << 1),
  86:src/../h/riscv.hpp ****         SSTATUS_SPIE = (1 << 5),
  87:src/../h/riscv.hpp ****         SSTATUS_SPP  = (1 << 8),
  88:src/../h/riscv.hpp ****     };
  89:src/../h/riscv.hpp **** 
  90:src/../h/riscv.hpp ****     // mask set register sstatus
  91:src/../h/riscv.hpp ****     static void ms_sstatus(uint64 mask);
  92:src/../h/riscv.hpp **** 
  93:src/../h/riscv.hpp ****     // mask clear register sstatus
  94:src/../h/riscv.hpp ****     static void mc_sstatus(uint64 mask);
  95:src/../h/riscv.hpp **** 
  96:src/../h/riscv.hpp ****     // read register sstatus
  97:src/../h/riscv.hpp ****     static uint64 r_sstatus();
  98:src/../h/riscv.hpp **** 
  99:src/../h/riscv.hpp ****     // write register sstatus
 100:src/../h/riscv.hpp ****     static void w_sstatus(uint64 sstatus);
 101:src/../h/riscv.hpp **** 
 102:src/../h/riscv.hpp **** private:
 103:src/../h/riscv.hpp **** 
 104:src/../h/riscv.hpp **** };
 105:src/../h/riscv.hpp **** 
 106:src/../h/riscv.hpp **** 
 107:src/../h/riscv.hpp **** ////////////////////////////////////////////////////
 108:src/../h/riscv.hpp **** 
 109:src/../h/riscv.hpp **** 
 110:src/../h/riscv.hpp **** inline uint64 Riscv::r_a0() {
 111:src/../h/riscv.hpp ****     uint64 volatile a0;
 112:src/../h/riscv.hpp ****     asm volatile("mv %0, a0" : "=r"(a0));
 113:src/../h/riscv.hpp ****     return a0;
 114:src/../h/riscv.hpp **** }
 115:src/../h/riscv.hpp **** 
 116:src/../h/riscv.hpp **** inline uint64 Riscv::r_a1() {
 117:src/../h/riscv.hpp ****     uint64 volatile a1;
 118:src/../h/riscv.hpp ****     asm volatile("mv %0, a1" : "=r"(a1));
 119:src/../h/riscv.hpp ****     return a1;
 120:src/../h/riscv.hpp **** }
 121:src/../h/riscv.hpp **** 
 122:src/../h/riscv.hpp **** inline uint64 Riscv::r_a2() {
 123:src/../h/riscv.hpp ****     uint64 volatile a2;
 124:src/../h/riscv.hpp ****     asm volatile("mv %0, a2" : "=r"(a2));
 125:src/../h/riscv.hpp ****     return a2;
 126:src/../h/riscv.hpp **** }
 127:src/../h/riscv.hpp **** 
 128:src/../h/riscv.hpp **** inline uint64 Riscv::r_a3() {
 129:src/../h/riscv.hpp ****     uint64 volatile a3;
 130:src/../h/riscv.hpp ****     asm volatile("mv %0, a3" : "=r"(a3));
 131:src/../h/riscv.hpp ****     return a3;
 132:src/../h/riscv.hpp **** }
 133:src/../h/riscv.hpp **** 
 134:src/../h/riscv.hpp **** inline void Riscv::w_a0(uint64 val) {
 135:src/../h/riscv.hpp ****     asm volatile ("mv a0, %0" :: "r"(val));
 136:src/../h/riscv.hpp **** }
 137:src/../h/riscv.hpp **** 
 138:src/../h/riscv.hpp **** inline void Riscv::w_a1(uint64 val) {
 139:src/../h/riscv.hpp ****     asm volatile ("mv a1, %0" :: "r"(val));
GAS LISTING /tmp/ccmr2duw.s 			page 9


 140:src/../h/riscv.hpp **** }
 141:src/../h/riscv.hpp **** 
 142:src/../h/riscv.hpp **** inline void Riscv::w_a2(uint64 val) {
 143:src/../h/riscv.hpp ****     asm volatile ("mv a2, %0" :: "r"(val));
 144:src/../h/riscv.hpp **** }
 145:src/../h/riscv.hpp **** 
 146:src/../h/riscv.hpp **** inline void Riscv::w_a3(uint64 val) {
 147:src/../h/riscv.hpp ****     asm volatile ("mv a3, %0" :: "r"(val));
 148:src/../h/riscv.hpp **** }
 149:src/../h/riscv.hpp **** 
 150:src/../h/riscv.hpp **** inline uint64 Riscv::r_scause()
 151:src/../h/riscv.hpp **** {
 152:src/../h/riscv.hpp ****     uint64 volatile scause;
 153:src/../h/riscv.hpp ****     __asm__ volatile ("csrr %[scause], scause"
 154:src/../h/riscv.hpp ****     : [scause] "=r"(scause));
 155:src/../h/riscv.hpp ****     return scause;
 156:src/../h/riscv.hpp **** }
 157:src/../h/riscv.hpp **** 
 158:src/../h/riscv.hpp **** inline void Riscv::w_scause(uint64 scause)
 159:src/../h/riscv.hpp **** {
 160:src/../h/riscv.hpp ****     __asm__ volatile ("csrw scause, %[scause]"
 161:src/../h/riscv.hpp ****     :
 162:src/../h/riscv.hpp ****     : [scause] "r"(scause));
 163:src/../h/riscv.hpp **** }
 164:src/../h/riscv.hpp **** inline uint64 Riscv::r_sepc()
 165:src/../h/riscv.hpp **** {
 166:src/../h/riscv.hpp ****     uint64 volatile sepc;
 167:src/../h/riscv.hpp ****     __asm__ volatile("csrr %0, sepc" : "=r"(sepc));
 168:src/../h/riscv.hpp ****     return sepc;
 169:src/../h/riscv.hpp **** }
 170:src/../h/riscv.hpp **** 
 171:src/../h/riscv.hpp **** inline void Riscv::w_sepc(uint64 sepc)
 172:src/../h/riscv.hpp **** {
 173:src/../h/riscv.hpp ****     __asm__ volatile("csrw sepc, %0" :: "r"(sepc));
 174:src/../h/riscv.hpp **** }
 175:src/../h/riscv.hpp **** 
 176:src/../h/riscv.hpp **** inline uint64 Riscv::r_stvec()
 177:src/../h/riscv.hpp **** {
 178:src/../h/riscv.hpp ****     uint64 volatile stvec;
 179:src/../h/riscv.hpp ****     __asm__ volatile("csrr %0, stvec" : "=r"(stvec));
 180:src/../h/riscv.hpp ****     return stvec;
 181:src/../h/riscv.hpp **** }
 182:src/../h/riscv.hpp **** 
 183:src/../h/riscv.hpp **** inline void Riscv::w_stvec(uint64 stvec)
 184:src/../h/riscv.hpp **** {
 185:src/../h/riscv.hpp ****     __asm__ volatile("csrw stvec, %0" :: "r"(stvec));
 186:src/../h/riscv.hpp **** }
 187:src/../h/riscv.hpp **** 
 188:src/../h/riscv.hpp **** inline uint64 Riscv::r_stval()
 189:src/../h/riscv.hpp **** {
 190:src/../h/riscv.hpp ****     uint64 volatile stval;
 191:src/../h/riscv.hpp ****     __asm__ volatile("csrr %0, stval" : "=r"(stval));
 192:src/../h/riscv.hpp ****     return stval;
 193:src/../h/riscv.hpp **** }
 194:src/../h/riscv.hpp **** 
 195:src/../h/riscv.hpp **** inline void Riscv::w_stval(uint64 stval)
 196:src/../h/riscv.hpp **** {
GAS LISTING /tmp/ccmr2duw.s 			page 10


 197:src/../h/riscv.hpp ****     __asm__ volatile("csrw stval, %0" :: "r"(stval));
 198:src/../h/riscv.hpp **** }
 199:src/../h/riscv.hpp **** 
 200:src/../h/riscv.hpp **** inline void Riscv::mc_sip(uint64 mask)
 201:src/../h/riscv.hpp **** {
 202:src/../h/riscv.hpp ****     __asm__ volatile("csrc sip, %0" :: "r"(mask));
 203:src/../h/riscv.hpp **** }
 204:src/../h/riscv.hpp **** 
 205:src/../h/riscv.hpp **** inline uint64 Riscv::r_sip()
 206:src/../h/riscv.hpp **** {
 207:src/../h/riscv.hpp ****     uint64 volatile sip;
 208:src/../h/riscv.hpp ****     __asm__ volatile("csrr %0, sip" : "=r"(sip));
 209:src/../h/riscv.hpp ****     return sip;
 210:src/../h/riscv.hpp **** }
 211:src/../h/riscv.hpp **** 
 212:src/../h/riscv.hpp **** inline void Riscv::w_sip(uint64 sip)
 213:src/../h/riscv.hpp **** {
 214:src/../h/riscv.hpp ****     __asm__ volatile("csrw sip, %0" :: "r"(sip));
 215:src/../h/riscv.hpp **** }
 216:src/../h/riscv.hpp **** 
 217:src/../h/riscv.hpp **** inline void Riscv::ms_sstatus(uint64 mask)
 218:src/../h/riscv.hpp **** {
 219:src/../h/riscv.hpp ****     __asm__ volatile("csrs sstatus, %0" :: "r"(mask));
 220:src/../h/riscv.hpp **** }
 221:src/../h/riscv.hpp **** 
 222:src/../h/riscv.hpp **** inline void Riscv::mc_sstatus(uint64 mask)
 223:src/../h/riscv.hpp **** {
 224:src/../h/riscv.hpp ****     __asm__ volatile("csrc sstatus, %0" :: "r"(mask));
 225:src/../h/riscv.hpp **** }
 226:src/../h/riscv.hpp **** 
 227:src/../h/riscv.hpp **** inline uint64 Riscv::r_sstatus()
 228:src/../h/riscv.hpp **** {
 229:src/../h/riscv.hpp ****     uint64 volatile sstatus;
 267              		.loc 2 229 5
 230:src/../h/riscv.hpp ****     __asm__ volatile("csrr %0, sstatus" : "=r"(sstatus));
 268              		.loc 2 230 5
 269              		.loc 2 230 57 is_stmt 0
 270              	#APP
 271              	# 230 "src/../h/riscv.hpp" 1
 231              	    return sstatus;
 272              		csrr a5, sstatus
 273              	# 0 "" 2
 274              	#NO_APP
 275 019c 2334F4FE 		sd	a5,-24(s0)
 276              		.loc 2 231 5 is_stmt 1
 277              		.loc 2 231 12 is_stmt 0
 278 01a0 833684FE 		ld	a3,-24(s0)
 279              	.LVL14:
 280              	.LBE10:
 281              	.LBE9:
  47:src/consoleKernel.cpp ****     Riscv::mc_sstatus(Riscv::SSTATUS_SIE);
 282              		.loc 1 47 5 is_stmt 1
 283              	.LBB11:
 284              	.LBB12:
 224:src/../h/riscv.hpp **** }
 285              		.loc 2 224 5
 224:src/../h/riscv.hpp **** }
GAS LISTING /tmp/ccmr2duw.s 			page 11


 286              		.loc 2 224 54 is_stmt 0
 287 01a4 93072000 		li	a5,2
 288              	#APP
 289              	# 224 "src/../h/riscv.hpp" 1
 290              		csrc sstatus, a5
 291              	# 0 "" 2
 292              	.LVL15:
 293              	#NO_APP
 294              	.LBE12:
 295              	.LBE11:
  48:src/consoleKernel.cpp **** 
  49:src/consoleKernel.cpp ****     volatile uint8* status_reg = (volatile uint8*)CONSOLE_STATUS;
 296              		.loc 1 49 5 is_stmt 1
 297              		.loc 1 49 21 is_stmt 0
 298 01ac 97070000 		la	a5,CONSOLE_STATUS
 298      83B70700 
 299 01b4 03B70700 		ld	a4,0(a5)
 300              	.LVL16:
  50:src/consoleKernel.cpp ****     volatile uint8* tx_data_reg = (volatile uint8*)CONSOLE_TX_DATA;
 301              		.loc 1 50 5 is_stmt 1
 302              		.loc 1 50 21 is_stmt 0
 303 01b8 97070000 		la	a5,CONSOLE_TX_DATA
 303      83B70700 
 304 01c0 03B60700 		ld	a2,0(a5)
 305              	.LVL17:
 306              	.L14:
  51:src/consoleKernel.cpp **** 
  52:src/consoleKernel.cpp ****     while (!(*status_reg & 0x20));
 307              		.loc 1 52 5 is_stmt 1
 308              		.loc 1 52 12
 309              		.loc 1 52 14 is_stmt 0
 310 01c4 83470700 		lbu	a5,0(a4)
 311 01c8 93F7F70F 		andi	a5,a5,0xff
 312              		.loc 1 52 12
 313 01cc 93F70702 		andi	a5,a5,32
 314 01d0 E38A07FE 		beqz	a5,.L14
  53:src/consoleKernel.cpp **** 
  54:src/consoleKernel.cpp ****     *tx_data_reg = (uint8)chr;
 315              		.loc 1 54 5 is_stmt 1
 316              		.loc 1 54 18 is_stmt 0
 317 01d4 2300A600 		sb	a0,0(a2)
  55:src/consoleKernel.cpp **** 
  56:src/consoleKernel.cpp ****     if (sstatus & Riscv::SSTATUS_SIE) {
 318              		.loc 1 56 5 is_stmt 1
 319              		.loc 1 56 17 is_stmt 0
 320 01d8 93F72600 		andi	a5,a3,2
 321              		.loc 1 56 5
 322 01dc 63860700 		beqz	a5,.L13
  57:src/consoleKernel.cpp ****         Riscv::ms_sstatus(Riscv::SSTATUS_SIE);
 323              		.loc 1 57 9 is_stmt 1
 324              	.LVL18:
 325              	.LBB13:
 326              	.LBB14:
 219:src/../h/riscv.hpp **** }
 327              		.loc 2 219 5
 219:src/../h/riscv.hpp **** }
 328              		.loc 2 219 54 is_stmt 0
GAS LISTING /tmp/ccmr2duw.s 			page 12


 329 01e0 93072000 		li	a5,2
 330              	#APP
 331              	# 219 "src/../h/riscv.hpp" 1
 332              		csrs sstatus, a5
 333              	# 0 "" 2
 334              	.LVL19:
 335              	#NO_APP
 336              	.L13:
 337              	.LBE14:
 338              	.LBE13:
  58:src/consoleKernel.cpp ****     }
  59:src/consoleKernel.cpp **** }...
 339              		.loc 1 59 1
 340 01e8 03348101 		ld	s0,24(sp)
 341              		.cfi_restore 8
 342              		.cfi_def_cfa 2, 32
 343 01ec 13010102 		addi	sp,sp,32
 344              		.cfi_def_cfa_offset 0
 345 01f0 67800000 		jr	ra
 346              		.cfi_endproc
 347              	.LFE59:
 349              		.globl	sem_rx
 350              		.bss
 351              		.align	3
 352              		.set	.LANCHOR0,. + 0
 355              	sem_rx:
 356 0000 00000000 		.zero	8
 356      00000000 
 359              	_ZL7rx_tail:
 360 0008 00000000 		.zero	4
 363              	_ZL7rx_head:
 364 000c 00000000 		.zero	4
 367              	_ZL9rx_buffer:
 368 0010 00000000 		.zero	256
 368      00000000 
 368      00000000 
 368      00000000 
 368      00000000 
 369              		.text
 370              	.Letext0:
 371              		.file 3 "src/../h/../lib/hw.h"
 372              		.file 4 "src/../h/semkernel.hpp"
 373              		.file 5 "src/../h/consoleKernel.hpp"
 374              		.file 6 "src/../h/list.hpp"
 375              		.file 7 "src/../h/tcb.hpp"
 376              		.file 8 "src/../h/syscall_c.h"
 3564              		.align	3
 3567              	DW.ref.__gxx_personality_v0:
 3568 0000 00000000 		.dword	__gxx_personality_v0
 3568      00000000 
 3569              		.ident	"GCC: (Ubuntu 9.4.0-1ubuntu1~20.04) 9.4.0"
 3570              		.section	.note.GNU-stack,"",@progbits
GAS LISTING /tmp/ccmr2duw.s 			page 13


DEFINED SYMBOLS
                            *ABS*:0000000000000000 consoleKernel.cpp
     /tmp/ccmr2duw.s:9      .text:0000000000000000 _Z12init_consolev
     /tmp/ccmr2duw.s:13     .text:0000000000000000 .L0 
     /tmp/ccmr2duw.s:3567   .data.rel.local.DW.ref.__gxx_personality_v0:0000000000000000 DW.ref.__gxx_personality_v0
     /tmp/ccmr2duw.s:16     .text:0000000000000000 .L0 
     /tmp/ccmr2duw.s:17     .text:0000000000000004 .L0 
     /tmp/ccmr2duw.s:22     .text:0000000000000014 .L0 
     /tmp/ccmr2duw.s:23     .text:0000000000000014 .L0 
     /tmp/ccmr2duw.s:24     .text:0000000000000014 .L0 
     /tmp/ccmr2duw.s:25     .text:0000000000000014 .L0 
     /tmp/ccmr2duw.s:27     .text:0000000000000018 .L0 
     /tmp/ccmr2duw.s:29     .text:0000000000000018 .L0 
     /tmp/ccmr2duw.s:30     .text:0000000000000018 .L0 
     /tmp/ccmr2duw.s:42     .text:0000000000000034 .L0 
     /tmp/ccmr2duw.s:44     .text:000000000000003c .L0 
     /tmp/ccmr2duw.s:45     .text:0000000000000040 .L0 
     /tmp/ccmr2duw.s:46     .text:0000000000000040 .L0 
     /tmp/ccmr2duw.s:48     .text:0000000000000044 .L0 
     /tmp/ccmr2duw.s:49     .text:0000000000000044 .L0 
     /tmp/ccmr2duw.s:51     .text:0000000000000048 .L0 
     /tmp/ccmr2duw.s:53     .text:000000000000004c .L0 
     /tmp/ccmr2duw.s:55     .text:0000000000000050 .L0 
     /tmp/ccmr2duw.s:58     .text:0000000000000054 .L0 
     /tmp/ccmr2duw.s:61     .text:0000000000000058 .L0 
     /tmp/ccmr2duw.s:69     .text:0000000000000070 .L0 
     /tmp/ccmr2duw.s:95     .text:0000000000000070 _Z22kernel_console_handlerv
     /tmp/ccmr2duw.s:98     .text:0000000000000070 .L0 
     /tmp/ccmr2duw.s:99     .text:0000000000000070 .L0 
     /tmp/ccmr2duw.s:100    .text:0000000000000074 .L0 
     /tmp/ccmr2duw.s:105    .text:0000000000000084 .L0 
     /tmp/ccmr2duw.s:106    .text:0000000000000084 .L0 
     /tmp/ccmr2duw.s:107    .text:0000000000000084 .L0 
     /tmp/ccmr2duw.s:108    .text:0000000000000084 .L0 
     /tmp/ccmr2duw.s:110    .text:0000000000000088 .L0 
     /tmp/ccmr2duw.s:112    .text:0000000000000088 .L0 
     /tmp/ccmr2duw.s:113    .text:0000000000000088 .L0 
     /tmp/ccmr2duw.s:117    .text:0000000000000094 .L0 
     /tmp/ccmr2duw.s:118    .text:0000000000000094 .L0 
     /tmp/ccmr2duw.s:123    .text:00000000000000a0 .L0 
     /tmp/ccmr2duw.s:124    .text:00000000000000a0 .L0 
     /tmp/ccmr2duw.s:125    .text:00000000000000a0 .L0 
     /tmp/ccmr2duw.s:127    .text:00000000000000a4 .L0 
     /tmp/ccmr2duw.s:131    .text:00000000000000ac .L0 
     /tmp/ccmr2duw.s:132    .text:00000000000000ac .L0 
     /tmp/ccmr2duw.s:136    .text:00000000000000b4 .L0 
     /tmp/ccmr2duw.s:137    .text:00000000000000b4 .L0 
     /tmp/ccmr2duw.s:140    .text:00000000000000c0 .L0 
     /tmp/ccmr2duw.s:142    .text:00000000000000c4 .L0 
     /tmp/ccmr2duw.s:149    .text:00000000000000d8 .L0 
     /tmp/ccmr2duw.s:150    .text:00000000000000d8 .L0 
     /tmp/ccmr2duw.s:153    .text:00000000000000e0 .L0 
     /tmp/ccmr2duw.s:155    .text:00000000000000e4 .L0 
     /tmp/ccmr2duw.s:156    .text:00000000000000e4 .L0 
     /tmp/ccmr2duw.s:159    .text:00000000000000ec .L0 
     /tmp/ccmr2duw.s:162    .text:00000000000000f4 .L0 
     /tmp/ccmr2duw.s:163    .text:00000000000000f4 .L0 
GAS LISTING /tmp/ccmr2duw.s 			page 14


     /tmp/ccmr2duw.s:165    .text:00000000000000f8 .L0 
     /tmp/ccmr2duw.s:166    .text:00000000000000f8 .L0 
     /tmp/ccmr2duw.s:173    .text:0000000000000108 .L0 
     /tmp/ccmr2duw.s:174    .text:000000000000010c .L0 
     /tmp/ccmr2duw.s:176    .text:0000000000000110 .L0 
     /tmp/ccmr2duw.s:177    .text:0000000000000110 .L0 
     /tmp/ccmr2duw.s:179    .text:0000000000000114 .L0 
     /tmp/ccmr2duw.s:182    .text:0000000000000118 .L0 
     /tmp/ccmr2duw.s:185    .text:000000000000011c .L0 
     /tmp/ccmr2duw.s:187    .text:0000000000000120 .L0 
     /tmp/ccmr2duw.s:193    .text:0000000000000120 _Z11kernel_getcv
     /tmp/ccmr2duw.s:196    .text:0000000000000120 .L0 
     /tmp/ccmr2duw.s:197    .text:0000000000000120 .L0 
     /tmp/ccmr2duw.s:198    .text:0000000000000124 .L0 
     /tmp/ccmr2duw.s:202    .text:0000000000000130 .L0 
     /tmp/ccmr2duw.s:203    .text:0000000000000130 .L0 
     /tmp/ccmr2duw.s:204    .text:0000000000000130 .L0 
     /tmp/ccmr2duw.s:206    .text:0000000000000134 .L0 
     /tmp/ccmr2duw.s:208    .text:0000000000000134 .L0 
     /tmp/ccmr2duw.s:209    .text:0000000000000134 .L0 
     /tmp/ccmr2duw.s:214    .text:0000000000000148 .L0 
     /tmp/ccmr2duw.s:215    .text:0000000000000148 .L0 
     /tmp/ccmr2duw.s:218    .text:0000000000000150 .L0 
     /tmp/ccmr2duw.s:221    .text:0000000000000154 .L0 
     /tmp/ccmr2duw.s:222    .text:0000000000000154 .L0 
     /tmp/ccmr2duw.s:224    .text:0000000000000158 .L0 
     /tmp/ccmr2duw.s:226    .text:000000000000015c .L0 
     /tmp/ccmr2duw.s:232    .text:0000000000000170 .L0 
     /tmp/ccmr2duw.s:234    .text:0000000000000174 .L0 
     /tmp/ccmr2duw.s:235    .text:0000000000000174 .L0 
     /tmp/ccmr2duw.s:237    .text:000000000000017c .L0 
     /tmp/ccmr2duw.s:239    .text:0000000000000180 .L0 
     /tmp/ccmr2duw.s:240    .text:0000000000000180 .L0 
     /tmp/ccmr2duw.s:242    .text:0000000000000184 .L0 
     /tmp/ccmr2duw.s:244    .text:0000000000000188 .L0 
     /tmp/ccmr2duw.s:246    .text:000000000000018c .L0 
     /tmp/ccmr2duw.s:252    .text:000000000000018c _Z11kernel_putcc
     /tmp/ccmr2duw.s:255    .text:000000000000018c .L0 
     /tmp/ccmr2duw.s:257    .text:000000000000018c .L0 
     /tmp/ccmr2duw.s:258    .text:0000000000000190 .L0 
     /tmp/ccmr2duw.s:260    .text:0000000000000194 .L0 
     /tmp/ccmr2duw.s:262    .text:0000000000000198 .L0 
     /tmp/ccmr2duw.s:267    .text:0000000000000198 .L0 
     /tmp/ccmr2duw.s:268    .text:0000000000000198 .L0 
     /tmp/ccmr2duw.s:269    .text:0000000000000198 .L0 
  src/../h/riscv.hpp:230    .text:0000000000000198 .L0 
     /tmp/ccmr2duw.s:277    .text:00000000000001a0 .L0 
     /tmp/ccmr2duw.s:278    .text:00000000000001a0 .L0 
     /tmp/ccmr2duw.s:285    .text:00000000000001a4 .L0 
     /tmp/ccmr2duw.s:286    .text:00000000000001a4 .L0 
     /tmp/ccmr2duw.s:287    .text:00000000000001a4 .L0 
     /tmp/ccmr2duw.s:297    .text:00000000000001ac .L0 
     /tmp/ccmr2duw.s:298    .text:00000000000001ac .L0 
     /tmp/ccmr2duw.s:302    .text:00000000000001b8 .L0 
     /tmp/ccmr2duw.s:303    .text:00000000000001b8 .L0 
     /tmp/ccmr2duw.s:308    .text:00000000000001c4 .L0 
     /tmp/ccmr2duw.s:309    .text:00000000000001c4 .L0 
GAS LISTING /tmp/ccmr2duw.s 			page 15


     /tmp/ccmr2duw.s:310    .text:00000000000001c4 .L0 
     /tmp/ccmr2duw.s:313    .text:00000000000001cc .L0 
     /tmp/ccmr2duw.s:316    .text:00000000000001d4 .L0 
     /tmp/ccmr2duw.s:317    .text:00000000000001d4 .L0 
     /tmp/ccmr2duw.s:319    .text:00000000000001d8 .L0 
     /tmp/ccmr2duw.s:320    .text:00000000000001d8 .L0 
     /tmp/ccmr2duw.s:322    .text:00000000000001dc .L0 
     /tmp/ccmr2duw.s:327    .text:00000000000001e0 .L0 
     /tmp/ccmr2duw.s:328    .text:00000000000001e0 .L0 
     /tmp/ccmr2duw.s:329    .text:00000000000001e0 .L0 
     /tmp/ccmr2duw.s:340    .text:00000000000001e8 .L0 
     /tmp/ccmr2duw.s:341    .text:00000000000001ec .L0 
     /tmp/ccmr2duw.s:342    .text:00000000000001ec .L0 
     /tmp/ccmr2duw.s:344    .text:00000000000001f0 .L0 
     /tmp/ccmr2duw.s:346    .text:00000000000001f4 .L0 
     /tmp/ccmr2duw.s:355    .bss:0000000000000000 sem_rx
     /tmp/ccmr2duw.s:352    .bss:0000000000000000 .LANCHOR0
     /tmp/ccmr2duw.s:359    .bss:0000000000000008 _ZL7rx_tail
     /tmp/ccmr2duw.s:363    .bss:000000000000000c _ZL7rx_head
     /tmp/ccmr2duw.s:367    .bss:0000000000000010 _ZL9rx_buffer
     /tmp/ccmr2duw.s:377    .text:00000000000001f4 .L0 
     /tmp/ccmr2duw.s:42     .text:0000000000000034 .L0 
     /tmp/ccmr2duw.s:113    .text:0000000000000088 .L0 
     /tmp/ccmr2duw.s:118    .text:0000000000000094 .L0 
     /tmp/ccmr2duw.s:137    .text:00000000000000b4 .L0 
     /tmp/ccmr2duw.s:209    .text:0000000000000134 .L0 
     /tmp/ccmr2duw.s:298    .text:00000000000001ac .L0 
     /tmp/ccmr2duw.s:303    .text:00000000000001b8 .L0 
     /tmp/ccmr2duw.s:170    .text:0000000000000108 .L6
     /tmp/ccmr2duw.s:121    .text:00000000000000a0 .L8
     /tmp/ccmr2duw.s:306    .text:00000000000001c4 .L14
     /tmp/ccmr2duw.s:336    .text:00000000000001e8 .L13
     /tmp/ccmr2duw.s:31     .text:000000000000001c .LEHB0
     /tmp/ccmr2duw.s:10     .text:0000000000000000 .LFB56
     /tmp/ccmr2duw.s:34     .text:0000000000000024 .LEHE0
     /tmp/ccmr2duw.s:37     .text:000000000000002c .LEHB1
     /tmp/ccmr2duw.s:40     .text:0000000000000034 .LEHE1
     /tmp/ccmr2duw.s:57     .text:0000000000000054 .L3
     /tmp/ccmr2duw.s:65     .text:0000000000000068 .LEHB2
     /tmp/ccmr2duw.s:68     .text:0000000000000070 .LEHE2
     /tmp/ccmr2duw.s:1959   .debug_abbrev:0000000000000000 .Ldebug_abbrev0
     /tmp/ccmr2duw.s:3455   .debug_str:000000000000097b .LASF208
     /tmp/ccmr2duw.s:3505   .debug_str:0000000000000bc5 .LASF209
     /tmp/ccmr2duw.s:3225   .debug_str:000000000000033c .LASF210
     /tmp/ccmr2duw.s:5      .text:0000000000000000 .Ltext0
     /tmp/ccmr2duw.s:370    .text:00000000000001f4 .Letext0
     /tmp/ccmr2duw.s:3123   .debug_line:0000000000000000 .Ldebug_line0
     /tmp/ccmr2duw.s:3251   .debug_str:0000000000000421 .LASF0
     /tmp/ccmr2duw.s:3287   .debug_str:0000000000000531 .LASF1
     /tmp/ccmr2duw.s:3379   .debug_str:000000000000079e .LASF2
     /tmp/ccmr2duw.s:3211   .debug_str:00000000000002e1 .LASF3
     /tmp/ccmr2duw.s:3389   .debug_str:00000000000007ea .LASF4
     /tmp/ccmr2duw.s:3263   .debug_str:000000000000047b .LASF5
     /tmp/ccmr2duw.s:3137   .debug_str:000000000000006b .LASF6
     /tmp/ccmr2duw.s:3355   .debug_str:0000000000000702 .LASF7
     /tmp/ccmr2duw.s:3347   .debug_str:00000000000006c5 .LASF8
     /tmp/ccmr2duw.s:3279   .debug_str:00000000000004f6 .LASF9
GAS LISTING /tmp/ccmr2duw.s 			page 16


     /tmp/ccmr2duw.s:3227   .debug_str:000000000000034a .LASF10
     /tmp/ccmr2duw.s:3233   .debug_str:0000000000000381 .LASF11
     /tmp/ccmr2duw.s:3171   .debug_str:000000000000018f .LASF12
     /tmp/ccmr2duw.s:3219   .debug_str:0000000000000310 .LASF13
     /tmp/ccmr2duw.s:3183   .debug_str:00000000000001f9 .LASF14
     /tmp/ccmr2duw.s:3169   .debug_str:000000000000017f .LASF15
     /tmp/ccmr2duw.s:3425   .debug_str:00000000000008ce .LASF16
     /tmp/ccmr2duw.s:3205   .debug_str:0000000000000294 .LASF17
     /tmp/ccmr2duw.s:3413   .debug_str:000000000000086e .LASF18
     /tmp/ccmr2duw.s:3333   .debug_str:0000000000000683 .LASF19
     /tmp/ccmr2duw.s:3125   .debug_str:0000000000000000 .LASF21
     /tmp/ccmr2duw.s:3229   .debug_str:000000000000035a .LASF20
     /tmp/ccmr2duw.s:3525   .debug_str:0000000000000c29 .LASF22
     /tmp/ccmr2duw.s:3197   .debug_str:000000000000025d .LASF23
     /tmp/ccmr2duw.s:3449   .debug_str:0000000000000951 .LASF25
     /tmp/ccmr2duw.s:3427   .debug_str:00000000000008da .LASF24
     /tmp/ccmr2duw.s:3399   .debug_str:0000000000000819 .LASF26
     /tmp/ccmr2duw.s:3531   .debug_str:0000000000000c52 .LASF27
     /tmp/ccmr2duw.s:3325   .debug_str:0000000000000652 .LASF28
     /tmp/ccmr2duw.s:3223   .debug_str:0000000000000333 .LASF29
     /tmp/ccmr2duw.s:3467   .debug_str:0000000000000a82 .LASF30
     /tmp/ccmr2duw.s:3249   .debug_str:000000000000041b .LASF31
     /tmp/ccmr2duw.s:3245   .debug_str:00000000000003ed .LASF32
     /tmp/ccmr2duw.s:3539   .debug_str:0000000000000c8c .LASF33
     /tmp/ccmr2duw.s:3145   .debug_str:00000000000000a9 .LASF34
     /tmp/ccmr2duw.s:3435   .debug_str:00000000000008f9 .LASF35
     /tmp/ccmr2duw.s:3547   .debug_str:0000000000000ce2 .LASF36
     /tmp/ccmr2duw.s:3527   .debug_str:0000000000000c3b .LASF37
     /tmp/ccmr2duw.s:3341   .debug_str:00000000000006aa .LASF38
     /tmp/ccmr2duw.s:3497   .debug_str:0000000000000b8d .LASF39
     /tmp/ccmr2duw.s:3481   .debug_str:0000000000000afe .LASF211
     /tmp/ccmr2duw.s:3419   .debug_str:00000000000008a8 .LASF40
     /tmp/ccmr2duw.s:3301   .debug_str:00000000000005b3 .LASF41
     /tmp/ccmr2duw.s:3317   .debug_str:0000000000000624 .LASF42
     /tmp/ccmr2duw.s:3415   .debug_str:0000000000000884 .LASF43
     /tmp/ccmr2duw.s:3215   .debug_str:00000000000002f3 .LASF44
     /tmp/ccmr2duw.s:3383   .debug_str:00000000000007b8 .LASF191
     /tmp/ccmr2duw.s:3371   .debug_str:0000000000000768 .LASF193
     /tmp/ccmr2duw.s:3201   .debug_str:0000000000000273 .LASF45
     /tmp/ccmr2duw.s:3203   .debug_str:000000000000027b .LASF46
     /tmp/ccmr2duw.s:3283   .debug_str:000000000000051c .LASF47
     /tmp/ccmr2duw.s:3161   .debug_str:000000000000012d .LASF48
     /tmp/ccmr2duw.s:3299   .debug_str:00000000000005ab .LASF49
     /tmp/ccmr2duw.s:3207   .debug_str:00000000000002aa .LASF50
     /tmp/ccmr2duw.s:3343   .debug_str:00000000000006b1 .LASF51
     /tmp/ccmr2duw.s:3499   .debug_str:0000000000000b97 .LASF52
     /tmp/ccmr2duw.s:3557   .debug_str:0000000000000d34 .LASF53
     /tmp/ccmr2duw.s:3541   .debug_str:0000000000000c94 .LASF54
     /tmp/ccmr2duw.s:3405   .debug_str:0000000000000849 .LASF55
     /tmp/ccmr2duw.s:3277   .debug_str:00000000000004d9 .LASF56
     /tmp/ccmr2duw.s:3367   .debug_str:0000000000000759 .LASF57
     /tmp/ccmr2duw.s:3131   .debug_str:000000000000001d .LASF58
     /tmp/ccmr2duw.s:3129   .debug_str:0000000000000017 .LASF59
     /tmp/ccmr2duw.s:3559   .debug_str:0000000000000d3e .LASF60
     /tmp/ccmr2duw.s:3303   .debug_str:00000000000005b8 .LASF61
     /tmp/ccmr2duw.s:3291   .debug_str:000000000000055a .LASF62
     /tmp/ccmr2duw.s:3431   .debug_str:00000000000008e6 .LASF212
GAS LISTING /tmp/ccmr2duw.s 			page 17


     /tmp/ccmr2duw.s:3433   .debug_str:00000000000008ee .LASF63
     /tmp/ccmr2duw.s:3321   .debug_str:0000000000000633 .LASF64
     /tmp/ccmr2duw.s:3153   .debug_str:00000000000000f0 .LASF65
     /tmp/ccmr2duw.s:3473   .debug_str:0000000000000ab8 .LASF66
     /tmp/ccmr2duw.s:3437   .debug_str:0000000000000901 .LASF67
     /tmp/ccmr2duw.s:3179   .debug_str:00000000000001da .LASF68
     /tmp/ccmr2duw.s:3521   .debug_str:0000000000000c17 .LASF69
     /tmp/ccmr2duw.s:3165   .debug_str:0000000000000150 .LASF70
     /tmp/ccmr2duw.s:3477   .debug_str:0000000000000ae7 .LASF71
     /tmp/ccmr2duw.s:3149   .debug_str:00000000000000d2 .LASF72
     /tmp/ccmr2duw.s:3361   .debug_str:0000000000000725 .LASF73
     /tmp/ccmr2duw.s:3447   .debug_str:0000000000000939 .LASF74
     /tmp/ccmr2duw.s:3393   .debug_str:00000000000007f6 .LASF75
     /tmp/ccmr2duw.s:3167   .debug_str:0000000000000165 .LASF76
     /tmp/ccmr2duw.s:3465   .debug_str:0000000000000a75 .LASF77
     /tmp/ccmr2duw.s:3551   .debug_str:0000000000000d02 .LASF78
     /tmp/ccmr2duw.s:3293   .debug_str:000000000000057d .LASF79
     /tmp/ccmr2duw.s:3483   .debug_str:0000000000000b03 .LASF80
     /tmp/ccmr2duw.s:3157   .debug_str:000000000000010d .LASF81
     /tmp/ccmr2duw.s:3385   .debug_str:00000000000007c2 .LASF82
     /tmp/ccmr2duw.s:3345   .debug_str:00000000000006bd .LASF83
     /tmp/ccmr2duw.s:3537   .debug_str:0000000000000c7a .LASF84
     /tmp/ccmr2duw.s:3445   .debug_str:000000000000092e .LASF85
     /tmp/ccmr2duw.s:3289   .debug_str:0000000000000544 .LASF86
     /tmp/ccmr2duw.s:3335   .debug_str:000000000000068d .LASF87
     /tmp/ccmr2duw.s:3417   .debug_str:0000000000000897 .LASF88
     /tmp/ccmr2duw.s:3163   .debug_str:000000000000014a .LASF95
     /tmp/ccmr2duw.s:3457   .debug_str:0000000000000a3f .LASF97
     /tmp/ccmr2duw.s:3423   .debug_str:00000000000008c1 .LASF89
     /tmp/ccmr2duw.s:3485   .debug_str:0000000000000b1c .LASF90
     /tmp/ccmr2duw.s:3337   .debug_str:0000000000000694 .LASF213
     /tmp/ccmr2duw.s:3451   .debug_str:0000000000000966 .LASF91
     /tmp/ccmr2duw.s:3391   .debug_str:00000000000007f1 .LASF92
     /tmp/ccmr2duw.s:3135   .debug_str:000000000000005f .LASF93
     /tmp/ccmr2duw.s:3401   .debug_str:0000000000000830 .LASF94
     /tmp/ccmr2duw.s:3195   .debug_str:0000000000000254 .LASF96
     /tmp/ccmr2duw.s:3175   .debug_str:00000000000001b1 .LASF98
     /tmp/ccmr2duw.s:3373   .debug_str:000000000000077f .LASF101
     /tmp/ccmr2duw.s:3177   .debug_str:00000000000001c4 .LASF103
     /tmp/ccmr2duw.s:3307   .debug_str:00000000000005ce .LASF99
     /tmp/ccmr2duw.s:3241   .debug_str:00000000000003b8 .LASF100
     /tmp/ccmr2duw.s:3329   .debug_str:0000000000000670 .LASF102
     /tmp/ccmr2duw.s:3545   .debug_str:0000000000000cc7 .LASF104
     /tmp/ccmr2duw.s:3127   .debug_str:0000000000000012 .LASF105
     /tmp/ccmr2duw.s:3407   .debug_str:0000000000000854 .LASF106
     /tmp/ccmr2duw.s:3469   .debug_str:0000000000000a9b .LASF107
     /tmp/ccmr2duw.s:3459   .debug_str:0000000000000a4f .LASF108
     /tmp/ccmr2duw.s:3461   .debug_str:0000000000000a59 .LASF109
     /tmp/ccmr2duw.s:3411   .debug_str:0000000000000865 .LASF110
     /tmp/ccmr2duw.s:3331   .debug_str:000000000000067b .LASF111
     /tmp/ccmr2duw.s:3409   .debug_str:000000000000085a .LASF112
     /tmp/ccmr2duw.s:3319   .debug_str:0000000000000629 .LASF113
     /tmp/ccmr2duw.s:3181   .debug_str:00000000000001f0 .LASF114
     /tmp/ccmr2duw.s:3429   .debug_str:00000000000008e1 .LASF115
     /tmp/ccmr2duw.s:3549   .debug_str:0000000000000cfa .LASF116
     /tmp/ccmr2duw.s:3159   .debug_str:000000000000011f .LASF214
     /tmp/ccmr2duw.s:3295   .debug_str:000000000000058a .LASF215
GAS LISTING /tmp/ccmr2duw.s 			page 18


     /tmp/ccmr2duw.s:3187   .debug_str:0000000000000211 .LASF119
     /tmp/ccmr2duw.s:3133   .debug_str:0000000000000037 .LASF180
     /tmp/ccmr2duw.s:3387   .debug_str:00000000000007df .LASF117
     /tmp/ccmr2duw.s:3529   .debug_str:0000000000000c47 .LASF118
     /tmp/ccmr2duw.s:3357   .debug_str:0000000000000709 .LASF216
     /tmp/ccmr2duw.s:3439   .debug_str:000000000000090c .LASF120
     /tmp/ccmr2duw.s:3501   .debug_str:0000000000000bb5 .LASF121
     /tmp/ccmr2duw.s:3487   .debug_str:0000000000000b3c .LASF217
     /tmp/ccmr2duw.s:3213   .debug_str:00000000000002e7 .LASF122
     /tmp/ccmr2duw.s:3453   .debug_str:000000000000096e .LASF123
     /tmp/ccmr2duw.s:3189   .debug_str:000000000000021f .LASF124
     /tmp/ccmr2duw.s:3239   .debug_str:00000000000003ad .LASF125
     /tmp/ccmr2duw.s:3247   .debug_str:0000000000000403 .LASF126
     /tmp/ccmr2duw.s:3353   .debug_str:00000000000006ed .LASF127
     /tmp/ccmr2duw.s:3273   .debug_str:00000000000004ad .LASF128
     /tmp/ccmr2duw.s:3517   .debug_str:0000000000000bf7 .LASF129
     /tmp/ccmr2duw.s:3231   .debug_str:0000000000000365 .LASF130
     /tmp/ccmr2duw.s:3397   .debug_str:000000000000080b .LASF131
     /tmp/ccmr2duw.s:3209   .debug_str:00000000000002c6 .LASF132
     /tmp/ccmr2duw.s:3255   .debug_str:000000000000043e .LASF133
     /tmp/ccmr2duw.s:3489   .debug_str:0000000000000b4b .LASF134
     /tmp/ccmr2duw.s:3479   .debug_str:0000000000000af5 .LASF137
     /tmp/ccmr2duw.s:3471   .debug_str:0000000000000aa3 .LASF139
     /tmp/ccmr2duw.s:3375   .debug_str:000000000000078a .LASF135
     /tmp/ccmr2duw.s:3143   .debug_str:0000000000000094 .LASF136
     /tmp/ccmr2duw.s:3359   .debug_str:000000000000071e .LASF138
     /tmp/ccmr2duw.s:3363   .debug_str:0000000000000732 .LASF140
     /tmp/ccmr2duw.s:3327   .debug_str:0000000000000669 .LASF141
     /tmp/ccmr2duw.s:3281   .debug_str:0000000000000509 .LASF142
     /tmp/ccmr2duw.s:3523   .debug_str:0000000000000c21 .LASF143
     /tmp/ccmr2duw.s:3421   .debug_str:00000000000008ad .LASF144
     /tmp/ccmr2duw.s:3323   .debug_str:000000000000064a .LASF145
     /tmp/ccmr2duw.s:3221   .debug_str:000000000000031f .LASF146
     /tmp/ccmr2duw.s:3297   .debug_str:00000000000005a3 .LASF147
     /tmp/ccmr2duw.s:3365   .debug_str:0000000000000745 .LASF148
     /tmp/ccmr2duw.s:3553   .debug_str:0000000000000d1b .LASF149
     /tmp/ccmr2duw.s:3259   .debug_str:0000000000000451 .LASF150
     /tmp/ccmr2duw.s:3509   .debug_str:0000000000000be3 .LASF151
     /tmp/ccmr2duw.s:3339   .debug_str:0000000000000699 .LASF152
     /tmp/ccmr2duw.s:3511   .debug_str:0000000000000be8 .LASF153
     /tmp/ccmr2duw.s:3265   .debug_str:000000000000048d .LASF154
     /tmp/ccmr2duw.s:3513   .debug_str:0000000000000bed .LASF155
     /tmp/ccmr2duw.s:3193   .debug_str:0000000000000243 .LASF156
     /tmp/ccmr2duw.s:3515   .debug_str:0000000000000bf2 .LASF157
     /tmp/ccmr2duw.s:3555   .debug_str:0000000000000d23 .LASF158
     /tmp/ccmr2duw.s:3267   .debug_str:000000000000049e .LASF159
     /tmp/ccmr2duw.s:3311   .debug_str:00000000000005f3 .LASF160
     /tmp/ccmr2duw.s:3269   .debug_str:00000000000004a3 .LASF161
     /tmp/ccmr2duw.s:3155   .debug_str:00000000000000fc .LASF162
     /tmp/ccmr2duw.s:3271   .debug_str:00000000000004a8 .LASF163
     /tmp/ccmr2duw.s:3441   .debug_str:0000000000000911 .LASF164
     /tmp/ccmr2duw.s:3151   .debug_str:00000000000000eb .LASF165
     /tmp/ccmr2duw.s:3199   .debug_str:0000000000000262 .LASF166
     /tmp/ccmr2duw.s:3395   .debug_str:0000000000000804 .LASF167
     /tmp/ccmr2duw.s:3173   .debug_str:000000000000019e .LASF168
     /tmp/ccmr2duw.s:3369   .debug_str:0000000000000762 .LASF169
     /tmp/ccmr2duw.s:3243   .debug_str:00000000000003db .LASF170
GAS LISTING /tmp/ccmr2duw.s 			page 19


     /tmp/ccmr2duw.s:3257   .debug_str:000000000000044b .LASF171
     /tmp/ccmr2duw.s:3237   .debug_str:000000000000039b .LASF172
     /tmp/ccmr2duw.s:3139   .debug_str:0000000000000072 .LASF173
     /tmp/ccmr2duw.s:3475   .debug_str:0000000000000acf .LASF174
     /tmp/ccmr2duw.s:3377   .debug_str:0000000000000793 .LASF175
     /tmp/ccmr2duw.s:3543   .debug_str:0000000000000caf .LASF176
     /tmp/ccmr2duw.s:3503   .debug_str:0000000000000bbb .LASF177
     /tmp/ccmr2duw.s:3261   .debug_str:0000000000000465 .LASF178
     /tmp/ccmr2duw.s:3275   .debug_str:00000000000004cf .LASF179
     /tmp/ccmr2duw.s:3313   .debug_str:0000000000000604 .LASF181
     /tmp/ccmr2duw.s:3305   .debug_str:00000000000005c9 .LASF182
     /tmp/ccmr2duw.s:3351   .debug_str:00000000000006e3 .LASF183
     /tmp/ccmr2duw.s:3403   .debug_str:0000000000000841 .LASF184
     /tmp/ccmr2duw.s:3185   .debug_str:0000000000000209 .LASF185
     /tmp/ccmr2duw.s:3443   .debug_str:0000000000000922 .LASF186
     /tmp/ccmr2duw.s:3519   .debug_str:0000000000000c06 .LASF187
     /tmp/ccmr2duw.s:253    .text:000000000000018c .LFB59
     /tmp/ccmr2duw.s:347    .text:00000000000001f4 .LFE59
     /tmp/ccmr2duw.s:3507   .debug_str:0000000000000bdb .LASF188
     /tmp/ccmr2duw.s:3349   .debug_str:00000000000006d8 .LASF189
     /tmp/ccmr2duw.s:3235   .debug_str:000000000000038f .LASF190
     /tmp/ccmr2duw.s:264    .text:0000000000000198 .LBB9
     /tmp/ccmr2duw.s:281    .text:00000000000001a4 .LBE9
     /tmp/ccmr2duw.s:283    .text:00000000000001a4 .LBB11
     /tmp/ccmr2duw.s:295    .text:00000000000001ac .LBE11
     /tmp/ccmr2duw.s:3073   .debug_loc:0000000000000000 .LLST3
     /tmp/ccmr2duw.s:325    .text:00000000000001e0 .LBB13
     /tmp/ccmr2duw.s:338    .text:00000000000001e8 .LBE13
     /tmp/ccmr2duw.s:3081   .debug_loc:0000000000000024 .LLST4
     /tmp/ccmr2duw.s:3381   .debug_str:00000000000007ac .LASF192
     /tmp/ccmr2duw.s:3147   .debug_str:00000000000000c1 .LASF194
     /tmp/ccmr2duw.s:194    .text:0000000000000120 .LFB58
     /tmp/ccmr2duw.s:247    .text:000000000000018c .LFE58
     /tmp/ccmr2duw.s:212    .text:0000000000000148 .LVL11
     /tmp/ccmr2duw.s:3141   .debug_str:000000000000007d .LASF195
     /tmp/ccmr2duw.s:3491   .debug_str:0000000000000b65 .LASF196
     /tmp/ccmr2duw.s:96     .text:0000000000000070 .LFB57
     /tmp/ccmr2duw.s:188    .text:0000000000000120 .LFE57
     /tmp/ccmr2duw.s:3089   .debug_loc:0000000000000048 .LLST0
     /tmp/ccmr2duw.s:3285   .debug_str:0000000000000525 .LASF197
     /tmp/ccmr2duw.s:3096   .debug_loc:000000000000006b .LLST1
     /tmp/ccmr2duw.s:129    .text:00000000000000ac .LBB8
     /tmp/ccmr2duw.s:171    .text:0000000000000108 .LBE8
     /tmp/ccmr2duw.s:3103   .debug_loc:000000000000008e .LLST2
     /tmp/ccmr2duw.s:3315   .debug_str:000000000000061a .LASF200
     /tmp/ccmr2duw.s:168    .text:0000000000000104 .LVL8
     /tmp/ccmr2duw.s:3463   .debug_str:0000000000000a68 .LASF198
     /tmp/ccmr2duw.s:3533   .debug_str:0000000000000c59 .LASF199
     /tmp/ccmr2duw.s:70     .text:0000000000000070 .LFE56
     /tmp/ccmr2duw.s:33     .text:0000000000000024 .LVL0
     /tmp/ccmr2duw.s:39     .text:0000000000000034 .LVL1
     /tmp/ccmr2duw.s:63     .text:0000000000000064 .LVL2
     /tmp/ccmr2duw.s:67     .text:0000000000000070 .LVL3
     /tmp/ccmr2duw.s:3493   .debug_str:0000000000000b81 .LASF201
     /tmp/ccmr2duw.s:3217   .debug_str:000000000000030a .LASF202
     /tmp/ccmr2duw.s:3309   .debug_str:00000000000005e6 .LASF204
     /tmp/ccmr2duw.s:3495   .debug_str:0000000000000b86 .LASF203
GAS LISTING /tmp/ccmr2duw.s 			page 20


     /tmp/ccmr2duw.s:3253   .debug_str:000000000000042e .LASF205
     /tmp/ccmr2duw.s:3535   .debug_str:0000000000000c6b .LASF206
     /tmp/ccmr2duw.s:3191   .debug_str:000000000000022b .LASF207
     /tmp/ccmr2duw.s:279    .text:00000000000001a4 .LVL14
     /tmp/ccmr2duw.s:292    .text:00000000000001ac .LVL15
     /tmp/ccmr2duw.s:324    .text:00000000000001e0 .LVL18
     /tmp/ccmr2duw.s:334    .text:00000000000001e8 .LVL19
     /tmp/ccmr2duw.s:115    .text:0000000000000094 .LVL4
     /tmp/ccmr2duw.s:180    .text:0000000000000114 .LVL9
     /tmp/ccmr2duw.s:120    .text:00000000000000a0 .LVL5
     /tmp/ccmr2duw.s:183    .text:0000000000000118 .LVL10
     /tmp/ccmr2duw.s:134    .text:00000000000000b4 .LVL6
     /tmp/ccmr2duw.s:378    .debug_info:0000000000000000 .Ldebug_info0
     /tmp/ccmr2duw.s:73     .gcc_except_table:0000000000000000 .LLSDA56

UNDEFINED SYMBOLS
_Znwm
_ZN9SemKernelC1Ei
_ZdlPv
_Unwind_Resume
__gxx_personality_v0
CONSOLE_STATUS
CONSOLE_RX_DATA
_ZN9SemKernel6signalEv
_ZN9SemKernel4waitEv
CONSOLE_TX_DATA
