GAS LISTING /tmp/cc1Z3wyD.s 			page 1


   1              		.file	"main.cpp"
   2              		.option pic
   3              		.option norelax
   4              		.text
   5              	.Ltext0:
   6              		.align	2
   7              		.globl	main
   9              	main:
  10              	.LFB57:
  11              		.file 1 "src/main.cpp"
   1:src/main.cpp  **** #include "../h/tcb.hpp"
   2:src/main.cpp  **** 
   3:src/main.cpp  **** #include "../h/memory_allocator.hpp"
   4:src/main.cpp  **** 
   5:src/main.cpp  **** #include "../h/riscv.hpp"
   6:src/main.cpp  **** #include "../h/syscall_c.h"
   7:src/main.cpp  **** #include "../lib/hw.h"
   8:src/main.cpp  **** #include "../h/thread.hpp"
   9:src/main.cpp  **** 
  10:src/main.cpp  **** 
  11:src/main.cpp  **** void userMain(void* arg);
  12:src/main.cpp  **** 
  13:src/main.cpp  **** 
  14:src/main.cpp  **** 
  15:src/main.cpp  **** int main() {
  12              		.loc 1 15 12
  13              		.cfi_startproc
  14 0000 130101FE 		addi	sp,sp,-32
  15              		.cfi_def_cfa_offset 32
  16 0004 233C1100 		sd	ra,24(sp)
  17 0008 23388100 		sd	s0,16(sp)
  18              		.cfi_offset 1, -8
  19              		.cfi_offset 8, -16
  20 000c 13040102 		addi	s0,sp,32
  21              		.cfi_def_cfa 8, 0
  16:src/main.cpp  ****     MemoryAllocator::initialize();
  22              		.loc 1 16 5
  23              		.loc 1 16 32 is_stmt 0
  24 0010 97000000 		call	_ZN15MemoryAllocator10initializeEv@plt
  24      E7800000 
  25              	.LVL0:
  17:src/main.cpp  ****     init_console();
  26              		.loc 1 17 5 is_stmt 1
  27              		.loc 1 17 17 is_stmt 0
  28 0018 97000000 		call	_Z12init_consolev@plt
  28      E7800000 
  29              	.LVL1:
  18:src/main.cpp  ****     Riscv::w_stvec((uint64)&Riscv::supervisorTrap);
  30              		.loc 1 18 5 is_stmt 1
  31              		.loc 1 18 19 is_stmt 0
  32 0020 97070000 		la	a5,_ZN5Riscv14supervisorTrapEv
  32      83B70700 
  33              	.LVL2:
  34              	.LBB8:
  35              	.LBB9:
  36              		.file 2 "src/../h/riscv.hpp"
   1:src/../h/riscv.hpp **** //
GAS LISTING /tmp/cc1Z3wyD.s 			page 2


   2:src/../h/riscv.hpp **** // Created by marko on 20.4.22.
   3:src/../h/riscv.hpp **** //
   4:src/../h/riscv.hpp **** 
   5:src/../h/riscv.hpp **** #ifndef OS1_RISCV_CONTEXT_SWITCH_SYNCHORNOUS_RISCV_HPP
   6:src/../h/riscv.hpp **** #define OS1_RISCV_CONTEXT_SWITCH_SYNCHORNOUS_RISCV_HPP
   7:src/../h/riscv.hpp **** 
   8:src/../h/riscv.hpp **** #include "../h/tcb.hpp"
   9:src/../h/riscv.hpp **** #include "../h/memory_allocator.hpp"
  10:src/../h/riscv.hpp **** #include "../lib/hw.h"
  11:src/../h/riscv.hpp **** #include "syscall_abi.h"
  12:src/../h/riscv.hpp **** #include "../h/consoleKernel.hpp"
  13:src/../h/riscv.hpp **** #include "../h/console.hpp"
  14:src/../h/riscv.hpp **** 
  15:src/../h/riscv.hpp **** class Riscv
  16:src/../h/riscv.hpp **** {
  17:src/../h/riscv.hpp **** public:
  18:src/../h/riscv.hpp ****     static void popSppSpie();
  19:src/../h/riscv.hpp ****     static void handleSupervisorTrap();
  20:src/../h/riscv.hpp ****     static void supervisorTrap();
  21:src/../h/riscv.hpp ****     static void pushRegisters();
  22:src/../h/riscv.hpp ****     static void popRegisters();
  23:src/../h/riscv.hpp **** 
  24:src/../h/riscv.hpp ****     // read register scause
  25:src/../h/riscv.hpp ****     static uint64 r_scause();
  26:src/../h/riscv.hpp **** 
  27:src/../h/riscv.hpp ****     // write register scause
  28:src/../h/riscv.hpp ****     static void w_scause(uint64 scause);
  29:src/../h/riscv.hpp **** 
  30:src/../h/riscv.hpp ****     // read register sepc
  31:src/../h/riscv.hpp ****     static uint64 r_sepc();
  32:src/../h/riscv.hpp **** 
  33:src/../h/riscv.hpp ****     // write register sepc
  34:src/../h/riscv.hpp ****     static void w_sepc(uint64 sepc);
  35:src/../h/riscv.hpp **** 
  36:src/../h/riscv.hpp ****     // read register stvec
  37:src/../h/riscv.hpp ****     static uint64 r_stvec();
  38:src/../h/riscv.hpp **** 
  39:src/../h/riscv.hpp ****     // write register stvec
  40:src/../h/riscv.hpp ****     static void w_stvec(uint64 stvec);
  41:src/../h/riscv.hpp **** 
  42:src/../h/riscv.hpp ****     // read register stval
  43:src/../h/riscv.hpp ****     static uint64 r_stval();
  44:src/../h/riscv.hpp **** 
  45:src/../h/riscv.hpp ****     // write register stvalhandleSupervisorTrap()
  46:src/../h/riscv.hpp ****     static void w_stval(uint64 stval);
  47:src/../h/riscv.hpp **** 
  48:src/../h/riscv.hpp ****     // read register a0 (System Call Code - call)
  49:src/../h/riscv.hpp ****     static uint64 r_a0();
  50:src/../h/riscv.hpp **** 
  51:src/../h/riscv.hpp ****     static uint64 r_a1();
  52:src/../h/riscv.hpp **** 
  53:src/../h/riscv.hpp ****     static uint64 r_a2();
  54:src/../h/riscv.hpp **** 
  55:src/../h/riscv.hpp ****     static uint64 r_a3();
  56:src/../h/riscv.hpp **** 
  57:src/../h/riscv.hpp **** 
  58:src/../h/riscv.hpp **** 
GAS LISTING /tmp/cc1Z3wyD.s 			page 3


  59:src/../h/riscv.hpp ****     static void w_a0(uint64 val);
  60:src/../h/riscv.hpp **** 
  61:src/../h/riscv.hpp ****     static void w_a1(uint64 val);
  62:src/../h/riscv.hpp **** 
  63:src/../h/riscv.hpp ****     static void w_a2(uint64 val);
  64:src/../h/riscv.hpp **** 
  65:src/../h/riscv.hpp ****     static void w_a3(uint64 val);
  66:src/../h/riscv.hpp **** 
  67:src/../h/riscv.hpp ****     enum BitMaskSip
  68:src/../h/riscv.hpp ****     {
  69:src/../h/riscv.hpp ****         SIP_SSIP = (1 << 1),
  70:src/../h/riscv.hpp ****         SIP_STIP = (1 << 5),
  71:src/../h/riscv.hpp ****         SIP_SEIP = (1 << 9),
  72:src/../h/riscv.hpp ****     };
  73:src/../h/riscv.hpp **** 
  74:src/../h/riscv.hpp **** // mask set register sip
  75:src/../h/riscv.hpp ****     static void mc_sip(uint64 mask);
  76:src/../h/riscv.hpp **** 
  77:src/../h/riscv.hpp ****     // read register sip
  78:src/../h/riscv.hpp ****     static uint64 r_sip();
  79:src/../h/riscv.hpp **** 
  80:src/../h/riscv.hpp ****     // write register sip
  81:src/../h/riscv.hpp ****     static void w_sip(uint64 sip);
  82:src/../h/riscv.hpp **** 
  83:src/../h/riscv.hpp ****     enum BitMaskSstatus
  84:src/../h/riscv.hpp ****     {
  85:src/../h/riscv.hpp ****         SSTATUS_SIE  = (1 << 1),
  86:src/../h/riscv.hpp ****         SSTATUS_SPIE = (1 << 5),
  87:src/../h/riscv.hpp ****         SSTATUS_SPP  = (1 << 8),
  88:src/../h/riscv.hpp ****     };
  89:src/../h/riscv.hpp **** 
  90:src/../h/riscv.hpp ****     // mask set register sstatus
  91:src/../h/riscv.hpp ****     static void ms_sstatus(uint64 mask);
  92:src/../h/riscv.hpp **** 
  93:src/../h/riscv.hpp ****     // mask clear register sstatus
  94:src/../h/riscv.hpp ****     static void mc_sstatus(uint64 mask);
  95:src/../h/riscv.hpp **** 
  96:src/../h/riscv.hpp ****     // read register sstatus
  97:src/../h/riscv.hpp ****     static uint64 r_sstatus();
  98:src/../h/riscv.hpp **** 
  99:src/../h/riscv.hpp ****     // write register sstatus
 100:src/../h/riscv.hpp ****     static void w_sstatus(uint64 sstatus);
 101:src/../h/riscv.hpp **** 
 102:src/../h/riscv.hpp **** private:
 103:src/../h/riscv.hpp **** 
 104:src/../h/riscv.hpp **** };
 105:src/../h/riscv.hpp **** 
 106:src/../h/riscv.hpp **** 
 107:src/../h/riscv.hpp **** ////////////////////////////////////////////////////
 108:src/../h/riscv.hpp **** 
 109:src/../h/riscv.hpp **** 
 110:src/../h/riscv.hpp **** inline uint64 Riscv::r_a0() {
 111:src/../h/riscv.hpp ****     uint64 volatile a0;
 112:src/../h/riscv.hpp ****     asm volatile("mv %0, a0" : "=r"(a0));
 113:src/../h/riscv.hpp ****     return a0;
 114:src/../h/riscv.hpp **** }
 115:src/../h/riscv.hpp **** 
GAS LISTING /tmp/cc1Z3wyD.s 			page 4


 116:src/../h/riscv.hpp **** inline uint64 Riscv::r_a1() {
 117:src/../h/riscv.hpp ****     uint64 volatile a1;
 118:src/../h/riscv.hpp ****     asm volatile("mv %0, a1" : "=r"(a1));
 119:src/../h/riscv.hpp ****     return a1;
 120:src/../h/riscv.hpp **** }
 121:src/../h/riscv.hpp **** 
 122:src/../h/riscv.hpp **** inline uint64 Riscv::r_a2() {
 123:src/../h/riscv.hpp ****     uint64 volatile a2;
 124:src/../h/riscv.hpp ****     asm volatile("mv %0, a2" : "=r"(a2));
 125:src/../h/riscv.hpp ****     return a2;
 126:src/../h/riscv.hpp **** }
 127:src/../h/riscv.hpp **** 
 128:src/../h/riscv.hpp **** inline uint64 Riscv::r_a3() {
 129:src/../h/riscv.hpp ****     uint64 volatile a3;
 130:src/../h/riscv.hpp ****     asm volatile("mv %0, a3" : "=r"(a3));
 131:src/../h/riscv.hpp ****     return a3;
 132:src/../h/riscv.hpp **** }
 133:src/../h/riscv.hpp **** 
 134:src/../h/riscv.hpp **** inline void Riscv::w_a0(uint64 val) {
 135:src/../h/riscv.hpp ****     asm volatile ("mv a0, %0" :: "r"(val));
 136:src/../h/riscv.hpp **** }
 137:src/../h/riscv.hpp **** 
 138:src/../h/riscv.hpp **** inline void Riscv::w_a1(uint64 val) {
 139:src/../h/riscv.hpp ****     asm volatile ("mv a1, %0" :: "r"(val));
 140:src/../h/riscv.hpp **** }
 141:src/../h/riscv.hpp **** 
 142:src/../h/riscv.hpp **** inline void Riscv::w_a2(uint64 val) {
 143:src/../h/riscv.hpp ****     asm volatile ("mv a2, %0" :: "r"(val));
 144:src/../h/riscv.hpp **** }
 145:src/../h/riscv.hpp **** 
 146:src/../h/riscv.hpp **** inline void Riscv::w_a3(uint64 val) {
 147:src/../h/riscv.hpp ****     asm volatile ("mv a3, %0" :: "r"(val));
 148:src/../h/riscv.hpp **** }
 149:src/../h/riscv.hpp **** 
 150:src/../h/riscv.hpp **** inline uint64 Riscv::r_scause()
 151:src/../h/riscv.hpp **** {
 152:src/../h/riscv.hpp ****     uint64 volatile scause;
 153:src/../h/riscv.hpp ****     __asm__ volatile ("csrr %[scause], scause"
 154:src/../h/riscv.hpp ****     : [scause] "=r"(scause));
 155:src/../h/riscv.hpp ****     return scause;
 156:src/../h/riscv.hpp **** }
 157:src/../h/riscv.hpp **** 
 158:src/../h/riscv.hpp **** inline void Riscv::w_scause(uint64 scause)
 159:src/../h/riscv.hpp **** {
 160:src/../h/riscv.hpp ****     __asm__ volatile ("csrw scause, %[scause]"
 161:src/../h/riscv.hpp ****     :
 162:src/../h/riscv.hpp ****     : [scause] "r"(scause));
 163:src/../h/riscv.hpp **** }
 164:src/../h/riscv.hpp **** inline uint64 Riscv::r_sepc()
 165:src/../h/riscv.hpp **** {
 166:src/../h/riscv.hpp ****     uint64 volatile sepc;
 167:src/../h/riscv.hpp ****     __asm__ volatile("csrr %0, sepc" : "=r"(sepc));
 168:src/../h/riscv.hpp ****     return sepc;
 169:src/../h/riscv.hpp **** }
 170:src/../h/riscv.hpp **** 
 171:src/../h/riscv.hpp **** inline void Riscv::w_sepc(uint64 sepc)
 172:src/../h/riscv.hpp **** {
GAS LISTING /tmp/cc1Z3wyD.s 			page 5


 173:src/../h/riscv.hpp ****     __asm__ volatile("csrw sepc, %0" :: "r"(sepc));
 174:src/../h/riscv.hpp **** }
 175:src/../h/riscv.hpp **** 
 176:src/../h/riscv.hpp **** inline uint64 Riscv::r_stvec()
 177:src/../h/riscv.hpp **** {
 178:src/../h/riscv.hpp ****     uint64 volatile stvec;
 179:src/../h/riscv.hpp ****     __asm__ volatile("csrr %0, stvec" : "=r"(stvec));
 180:src/../h/riscv.hpp ****     return stvec;
 181:src/../h/riscv.hpp **** }
 182:src/../h/riscv.hpp **** 
 183:src/../h/riscv.hpp **** inline void Riscv::w_stvec(uint64 stvec)
 184:src/../h/riscv.hpp **** {
 185:src/../h/riscv.hpp ****     __asm__ volatile("csrw stvec, %0" :: "r"(stvec));
  37              		.loc 2 185 5 is_stmt 1
  38              		.loc 2 185 53 is_stmt 0
  39              	#APP
  40              	# 185 "src/../h/riscv.hpp" 1
 186              	}
  41              		csrw stvec, a5
  42              	# 0 "" 2
  43              	.LVL3:
  44              	#NO_APP
  45              	.LBE9:
  46              	.LBE8:
  19:src/main.cpp  ****     TCB::running = TCB::createThread(nullptr, nullptr);
  47              		.loc 1 19 5 is_stmt 1
  48              		.loc 1 19 37 is_stmt 0
  49 002c 93050000 		li	a1,0
  50 0030 13050000 		li	a0,0
  51 0034 97000000 		call	_ZN3TCB12createThreadEPFvPvES0_@plt
  51      E7800000 
  52              	.LVL4:
  53              		.loc 1 19 18
  54 003c 97070000 		la	a5,_ZN3TCB7runningE
  54      83B70700 
  55 0044 23B0A700 		sd	a0,0(a5)
  20:src/main.cpp  ****     thread_t userm = 0;
  56              		.loc 1 20 5 is_stmt 1
  57              		.loc 1 20 14 is_stmt 0
  58 0048 233404FE 		sd	zero,-24(s0)
  21:src/main.cpp  ****     //Thread* mainWorker = new Thread(userMain, nullptr);
  22:src/main.cpp  ****     thread_create(&userm, userMain, nullptr);
  59              		.loc 1 22 5 is_stmt 1
  60              		.loc 1 22 18 is_stmt 0
  61 004c 13060000 		li	a2,0
  62 0050 97050000 		la	a1,_Z8userMainPv
  62      83B50500 
  63 0058 130584FE 		addi	a0,s0,-24
  64 005c 97000000 		call	_Z13thread_createPP7_threadPFvPvES2_@plt
  64      E7800000 
  65              	.LVL5:
  23:src/main.cpp  ****     Riscv::ms_sstatus(Riscv::SSTATUS_SIE);
  66              		.loc 1 23 5 is_stmt 1
  67              	.LBB10:
  68              	.LBB11:
 187:src/../h/riscv.hpp **** 
 188:src/../h/riscv.hpp **** inline uint64 Riscv::r_stval()
GAS LISTING /tmp/cc1Z3wyD.s 			page 6


 189:src/../h/riscv.hpp **** {
 190:src/../h/riscv.hpp ****     uint64 volatile stval;
 191:src/../h/riscv.hpp ****     __asm__ volatile("csrr %0, stval" : "=r"(stval));
 192:src/../h/riscv.hpp ****     return stval;
 193:src/../h/riscv.hpp **** }
 194:src/../h/riscv.hpp **** 
 195:src/../h/riscv.hpp **** inline void Riscv::w_stval(uint64 stval)
 196:src/../h/riscv.hpp **** {
 197:src/../h/riscv.hpp ****     __asm__ volatile("csrw stval, %0" :: "r"(stval));
 198:src/../h/riscv.hpp **** }
 199:src/../h/riscv.hpp **** 
 200:src/../h/riscv.hpp **** inline void Riscv::mc_sip(uint64 mask)
 201:src/../h/riscv.hpp **** {
 202:src/../h/riscv.hpp ****     __asm__ volatile("csrc sip, %0" :: "r"(mask));
 203:src/../h/riscv.hpp **** }
 204:src/../h/riscv.hpp **** 
 205:src/../h/riscv.hpp **** inline uint64 Riscv::r_sip()
 206:src/../h/riscv.hpp **** {
 207:src/../h/riscv.hpp ****     uint64 volatile sip;
 208:src/../h/riscv.hpp ****     __asm__ volatile("csrr %0, sip" : "=r"(sip));
 209:src/../h/riscv.hpp ****     return sip;
 210:src/../h/riscv.hpp **** }
 211:src/../h/riscv.hpp **** 
 212:src/../h/riscv.hpp **** inline void Riscv::w_sip(uint64 sip)
 213:src/../h/riscv.hpp **** {
 214:src/../h/riscv.hpp ****     __asm__ volatile("csrw sip, %0" :: "r"(sip));
 215:src/../h/riscv.hpp **** }
 216:src/../h/riscv.hpp **** 
 217:src/../h/riscv.hpp **** inline void Riscv::ms_sstatus(uint64 mask)
 218:src/../h/riscv.hpp **** {
 219:src/../h/riscv.hpp ****     __asm__ volatile("csrs sstatus, %0" :: "r"(mask));
  69              		.loc 2 219 5
  70              		.loc 2 219 54 is_stmt 0
  71 0064 93072000 		li	a5,2
  72              	#APP
  73              	# 219 "src/../h/riscv.hpp" 1
 220              	}
  74              		csrs sstatus, a5
  75              	# 0 "" 2
  76              	.LVL6:
  77              	#NO_APP
  78              	.L3:
  79              	.LBE11:
  80              	.LBE10:
  24:src/main.cpp  ****     //mainWorker->start();
  25:src/main.cpp  ****     while (!(((TCB*)userm)->isFinished())) {
  81              		.loc 1 25 5 is_stmt 1
  82              		.loc 1 25 12
  83              		.loc 1 25 39 is_stmt 0
  84 006c 833784FE 		ld	a5,-24(s0)
  85              	.LVL7:
  86              	.LBB12:
  87              	.LBB13:
  88              		.file 3 "src/../h/tcb.hpp"
   1:src/../h/tcb.hpp **** //
   2:src/../h/tcb.hpp **** // Created by os on 6/8/26.
   3:src/../h/tcb.hpp **** //
GAS LISTING /tmp/cc1Z3wyD.s 			page 7


   4:src/../h/tcb.hpp **** 
   5:src/../h/tcb.hpp **** #ifndef PROJECT_BASE_V1_1_CCB_HPP
   6:src/../h/tcb.hpp **** #define PROJECT_BASE_V1_1_CCB_HPP
   7:src/../h/tcb.hpp **** #include "printing.hpp"
   8:src/../h/tcb.hpp **** #include "../lib/hw.h"
   9:src/../h/tcb.hpp **** #include "scheduler.hpp"
  10:src/../h/tcb.hpp **** #include "riscv.hpp"
  11:src/../h/tcb.hpp **** #include "semkernel.hpp"
  12:src/../h/tcb.hpp **** 
  13:src/../h/tcb.hpp **** 
  14:src/../h/tcb.hpp **** class TCB {
  15:src/../h/tcb.hpp **** public:
  16:src/../h/tcb.hpp ****     static int ID;
  17:src/../h/tcb.hpp ****     int id;
  18:src/../h/tcb.hpp **** 
  19:src/../h/tcb.hpp ****     bool isFinished() const {
  20:src/../h/tcb.hpp ****         return finished;
  89              		.loc 3 20 9 is_stmt 1
  90              		.loc 3 20 16 is_stmt 0
  91 0070 83C78703 		lbu	a5,56(a5)
  92              	.LVL8:
  93 0074 93F7F70F 		andi	a5,a5,0xff
  94              	.LVL9:
  95              	.LBE13:
  96              	.LBE12:
  97              		.loc 1 25 12
  98 0078 63980700 		bnez	a5,.L2
  26:src/main.cpp  ****         thread_dispatch();
  99              		.loc 1 26 9 is_stmt 1
 100              		.loc 1 26 24 is_stmt 0
 101 007c 97000000 		call	_Z15thread_dispatchv@plt
 101      E7800000 
 102              	.LVL10:
 103 0084 6FF09FFE 		j	.L3
 104              	.L2:
  27:src/main.cpp  ****     }
  28:src/main.cpp  ****     asm volatile (
 105              		.loc 1 28 5 is_stmt 1
  29:src/main.cpp  ****     "li t0, 0x100000\n\t"
  30:src/main.cpp  ****     "li t1, 0x5555\n\t"
  31:src/main.cpp  ****     "sw t1, 0(t0)\n\t"
  32:src/main.cpp  ****     ::: "t0", "t1"
  33:src/main.cpp  **** );
 106              		.loc 1 33 2 is_stmt 0
 107              	#APP
 108              	# 33 "src/main.cpp" 1
  34 008c 37530000 	    return 0;
  34      1B035355 
  35 0094 23A06200 	}
  36              	
  37              	...
  34:src/main.cpp  ****     return 0;
 109              		li t0, 0x100000
 110              		li t1, 0x5555
 111              		sw t1, 0(t0)
 112              		
 113              	# 0 "" 2
GAS LISTING /tmp/cc1Z3wyD.s 			page 8


 114              		.loc 1 34 5 is_stmt 1
  35:src/main.cpp  **** }
 115              		.loc 1 35 1 is_stmt 0
 116              	#NO_APP
 117 0098 13050000 		li	a0,0
 118 009c 83308101 		ld	ra,24(sp)
 119              		.cfi_restore 1
 120 00a0 03340101 		ld	s0,16(sp)
 121              		.cfi_restore 8
 122              		.cfi_def_cfa 2, 32
 123 00a4 13010102 		addi	sp,sp,32
 124              		.cfi_def_cfa_offset 0
 125 00a8 67800000 		jr	ra
 126              		.cfi_endproc
 127              	.LFE57:
 129              	.Letext0:
 130              		.file 4 "src/../h/../lib/hw.h"
 131              		.file 5 "src/../h/list.hpp"
 132              		.file 6 "src/../h/syscall_c.h"
 133              		.file 7 "src/../h/../h/memory_allocator.hpp"
 134              		.file 8 "src/../h/semkernel.hpp"
 135              		.file 9 "src/../h/../h/consoleKernel.hpp"
GAS LISTING /tmp/cc1Z3wyD.s 			page 9


DEFINED SYMBOLS
                            *ABS*:0000000000000000 main.cpp
     /tmp/cc1Z3wyD.s:9      .text:0000000000000000 main
     /tmp/cc1Z3wyD.s:13     .text:0000000000000000 .L0 
     /tmp/cc1Z3wyD.s:14     .text:0000000000000000 .L0 
     /tmp/cc1Z3wyD.s:15     .text:0000000000000004 .L0 
     /tmp/cc1Z3wyD.s:18     .text:000000000000000c .L0 
     /tmp/cc1Z3wyD.s:19     .text:000000000000000c .L0 
     /tmp/cc1Z3wyD.s:21     .text:0000000000000010 .L0 
     /tmp/cc1Z3wyD.s:23     .text:0000000000000010 .L0 
     /tmp/cc1Z3wyD.s:24     .text:0000000000000010 .L0 
     /tmp/cc1Z3wyD.s:27     .text:0000000000000018 .L0 
     /tmp/cc1Z3wyD.s:28     .text:0000000000000018 .L0 
     /tmp/cc1Z3wyD.s:31     .text:0000000000000020 .L0 
     /tmp/cc1Z3wyD.s:32     .text:0000000000000020 .L0 
     /tmp/cc1Z3wyD.s:38     .text:0000000000000028 .L0 
  src/../h/riscv.hpp:185    .text:0000000000000028 .L0 
     /tmp/cc1Z3wyD.s:48     .text:000000000000002c .L0 
     /tmp/cc1Z3wyD.s:49     .text:000000000000002c .L0 
     /tmp/cc1Z3wyD.s:54     .text:000000000000003c .L0 
     /tmp/cc1Z3wyD.s:57     .text:0000000000000048 .L0 
     /tmp/cc1Z3wyD.s:58     .text:0000000000000048 .L0 
     /tmp/cc1Z3wyD.s:60     .text:000000000000004c .L0 
     /tmp/cc1Z3wyD.s:61     .text:000000000000004c .L0 
     /tmp/cc1Z3wyD.s:69     .text:0000000000000064 .L0 
     /tmp/cc1Z3wyD.s:70     .text:0000000000000064 .L0 
     /tmp/cc1Z3wyD.s:71     .text:0000000000000064 .L0 
     /tmp/cc1Z3wyD.s:82     .text:000000000000006c .L0 
     /tmp/cc1Z3wyD.s:83     .text:000000000000006c .L0 
     /tmp/cc1Z3wyD.s:84     .text:000000000000006c .L0 
     /tmp/cc1Z3wyD.s:90     .text:0000000000000070 .L0 
     /tmp/cc1Z3wyD.s:91     .text:0000000000000070 .L0 
     /tmp/cc1Z3wyD.s:98     .text:0000000000000078 .L0 
     /tmp/cc1Z3wyD.s:100    .text:000000000000007c .L0 
     /tmp/cc1Z3wyD.s:101    .text:000000000000007c .L0 
     /tmp/cc1Z3wyD.s:106    .text:0000000000000088 .L0 
        src/main.cpp:33     .text:0000000000000088 .L0 
     /tmp/cc1Z3wyD.s:115    .text:0000000000000098 .L0 
     /tmp/cc1Z3wyD.s:117    .text:0000000000000098 .L0 
     /tmp/cc1Z3wyD.s:119    .text:00000000000000a0 .L0 
     /tmp/cc1Z3wyD.s:121    .text:00000000000000a4 .L0 
     /tmp/cc1Z3wyD.s:122    .text:00000000000000a4 .L0 
     /tmp/cc1Z3wyD.s:124    .text:00000000000000a8 .L0 
     /tmp/cc1Z3wyD.s:126    .text:00000000000000ac .L0 
     /tmp/cc1Z3wyD.s:136    .text:00000000000000ac .L0 
     /tmp/cc1Z3wyD.s:32     .text:0000000000000020 .L0 
     /tmp/cc1Z3wyD.s:54     .text:000000000000003c .L0 
     /tmp/cc1Z3wyD.s:62     .text:0000000000000050 .L0 
     /tmp/cc1Z3wyD.s:104    .text:0000000000000088 .L2
     /tmp/cc1Z3wyD.s:78     .text:000000000000006c .L3
     /tmp/cc1Z3wyD.s:1649   .debug_abbrev:0000000000000000 .Ldebug_abbrev0
     /tmp/cc1Z3wyD.s:3026   .debug_str:00000000000009f6 .LASF205
     /tmp/cc1Z3wyD.s:2784   .debug_str:000000000000031f .LASF206
     /tmp/cc1Z3wyD.s:2794   .debug_str:0000000000000353 .LASF207
     /tmp/cc1Z3wyD.s:5      .text:0000000000000000 .Ltext0
     /tmp/cc1Z3wyD.s:129    .text:00000000000000ac .Letext0
     /tmp/cc1Z3wyD.s:2686   .debug_line:0000000000000000 .Ldebug_line0
GAS LISTING /tmp/cc1Z3wyD.s 			page 10


     /tmp/cc1Z3wyD.s:2818   .debug_str:0000000000000430 .LASF0
     /tmp/cc1Z3wyD.s:2856   .debug_str:000000000000055d .LASF1
     /tmp/cc1Z3wyD.s:2952   .debug_str:0000000000000802 .LASF2
     /tmp/cc1Z3wyD.s:2960   .debug_str:0000000000000842 .LASF4
     /tmp/cc1Z3wyD.s:2830   .debug_str:0000000000000491 .LASF3
     /tmp/cc1Z3wyD.s:2700   .debug_str:000000000000006b .LASF5
     /tmp/cc1Z3wyD.s:2922   .debug_str:0000000000000746 .LASF6
     /tmp/cc1Z3wyD.s:2918   .debug_str:000000000000071e .LASF7
     /tmp/cc1Z3wyD.s:2848   .debug_str:0000000000000529 .LASF8
     /tmp/cc1Z3wyD.s:2796   .debug_str:0000000000000361 .LASF9
     /tmp/cc1Z3wyD.s:2802   .debug_str:000000000000039c .LASF10
     /tmp/cc1Z3wyD.s:2738   .debug_str:00000000000001ac .LASF11
     /tmp/cc1Z3wyD.s:2782   .debug_str:0000000000000310 .LASF12
     /tmp/cc1Z3wyD.s:2752   .debug_str:000000000000021b .LASF13
     /tmp/cc1Z3wyD.s:2736   .debug_str:000000000000019c .LASF14
     /tmp/cc1Z3wyD.s:2998   .debug_str:000000000000094c .LASF15
     /tmp/cc1Z3wyD.s:2770   .debug_str:0000000000000296 .LASF16
     /tmp/cc1Z3wyD.s:2984   .debug_str:00000000000008c9 .LASF17
     /tmp/cc1Z3wyD.s:3068   .debug_str:0000000000000bec .LASF41
     /tmp/cc1Z3wyD.s:3052   .debug_str:0000000000000b69 .LASF208
     /tmp/cc1Z3wyD.s:2992   .debug_str:0000000000000926 .LASF18
     /tmp/cc1Z3wyD.s:2894   .debug_str:00000000000006ad .LASF19
     /tmp/cc1Z3wyD.s:2888   .debug_str:0000000000000689 .LASF20
     /tmp/cc1Z3wyD.s:2986   .debug_str:00000000000008df .LASF25
     /tmp/cc1Z3wyD.s:2780   .debug_str:00000000000002f9 .LASF22
     /tmp/cc1Z3wyD.s:2954   .debug_str:0000000000000810 .LASF209
     /tmp/cc1Z3wyD.s:2942   .debug_str:00000000000007c2 .LASF210
     /tmp/cc1Z3wyD.s:2766   .debug_str:0000000000000275 .LASF21
     /tmp/cc1Z3wyD.s:2768   .debug_str:000000000000027d .LASF23
     /tmp/cc1Z3wyD.s:2852   .debug_str:000000000000054f .LASF24
     /tmp/cc1Z3wyD.s:2728   .debug_str:000000000000014a .LASF26
     /tmp/cc1Z3wyD.s:2872   .debug_str:0000000000000602 .LASF27
     /tmp/cc1Z3wyD.s:2772   .debug_str:00000000000002ac .LASF28
     /tmp/cc1Z3wyD.s:2914   .debug_str:000000000000070a .LASF29
     /tmp/cc1Z3wyD.s:3070   .debug_str:0000000000000bf6 .LASF30
     /tmp/cc1Z3wyD.s:3120   .debug_str:0000000000000d4d .LASF31
     /tmp/cc1Z3wyD.s:3104   .debug_str:0000000000000cb5 .LASF32
     /tmp/cc1Z3wyD.s:2974   .debug_str:0000000000000899 .LASF33
     /tmp/cc1Z3wyD.s:2846   .debug_str:000000000000050c .LASF34
     /tmp/cc1Z3wyD.s:2936   .debug_str:00000000000007a3 .LASF35
     /tmp/cc1Z3wyD.s:2694   .debug_str:000000000000001d .LASF36
     /tmp/cc1Z3wyD.s:2692   .debug_str:0000000000000017 .LASF37
     /tmp/cc1Z3wyD.s:3122   .debug_str:0000000000000d57 .LASF38
     /tmp/cc1Z3wyD.s:2876   .debug_str:000000000000061f .LASF39
     /tmp/cc1Z3wyD.s:2860   .debug_str:0000000000000586 .LASF40
     /tmp/cc1Z3wyD.s:3004   .debug_str:0000000000000964 .LASF101
     /tmp/cc1Z3wyD.s:3006   .debug_str:000000000000096c .LASF42
     /tmp/cc1Z3wyD.s:2890   .debug_str:000000000000068e .LASF43
     /tmp/cc1Z3wyD.s:2720   .debug_str:000000000000010d .LASF44
     /tmp/cc1Z3wyD.s:3044   .debug_str:0000000000000b23 .LASF45
     /tmp/cc1Z3wyD.s:3008   .debug_str:0000000000000977 .LASF46
     /tmp/cc1Z3wyD.s:2748   .debug_str:00000000000001fc .LASF47
     /tmp/cc1Z3wyD.s:3086   .debug_str:0000000000000c47 .LASF48
     /tmp/cc1Z3wyD.s:2732   .debug_str:000000000000016d .LASF49
     /tmp/cc1Z3wyD.s:3048   .debug_str:0000000000000b52 .LASF50
     /tmp/cc1Z3wyD.s:2716   .debug_str:00000000000000ef .LASF51
     /tmp/cc1Z3wyD.s:2930   .debug_str:000000000000076f .LASF52
GAS LISTING /tmp/cc1Z3wyD.s 			page 11


     /tmp/cc1Z3wyD.s:3018   .debug_str:00000000000009b4 .LASF53
     /tmp/cc1Z3wyD.s:2964   .debug_str:000000000000084e .LASF54
     /tmp/cc1Z3wyD.s:2734   .debug_str:0000000000000182 .LASF55
     /tmp/cc1Z3wyD.s:3036   .debug_str:0000000000000af0 .LASF56
     /tmp/cc1Z3wyD.s:3114   .debug_str:0000000000000d23 .LASF57
     /tmp/cc1Z3wyD.s:2862   .debug_str:00000000000005a9 .LASF58
     /tmp/cc1Z3wyD.s:3056   .debug_str:0000000000000b7c .LASF59
     /tmp/cc1Z3wyD.s:2724   .debug_str:000000000000012a .LASF60
     /tmp/cc1Z3wyD.s:2956   .debug_str:000000000000081a .LASF61
     /tmp/cc1Z3wyD.s:2916   .debug_str:0000000000000716 .LASF62
     /tmp/cc1Z3wyD.s:3100   .debug_str:0000000000000c9b .LASF63
     /tmp/cc1Z3wyD.s:3016   .debug_str:00000000000009a9 .LASF64
     /tmp/cc1Z3wyD.s:2858   .debug_str:0000000000000570 .LASF65
     /tmp/cc1Z3wyD.s:2904   .debug_str:00000000000006d6 .LASF66
     /tmp/cc1Z3wyD.s:2988   .debug_str:00000000000008f2 .LASF67
     /tmp/cc1Z3wyD.s:2730   .debug_str:0000000000000167 .LASF74
     /tmp/cc1Z3wyD.s:3028   .debug_str:0000000000000aba .LASF76
     /tmp/cc1Z3wyD.s:2996   .debug_str:000000000000093f .LASF68
     /tmp/cc1Z3wyD.s:3058   .debug_str:0000000000000b95 .LASF69
     /tmp/cc1Z3wyD.s:2906   .debug_str:00000000000006dd .LASF211
     /tmp/cc1Z3wyD.s:3022   .debug_str:00000000000009e1 .LASF70
     /tmp/cc1Z3wyD.s:2962   .debug_str:0000000000000849 .LASF71
     /tmp/cc1Z3wyD.s:2698   .debug_str:000000000000005f .LASF72
     /tmp/cc1Z3wyD.s:2972   .debug_str:0000000000000888 .LASF73
     /tmp/cc1Z3wyD.s:2760   .debug_str:0000000000000256 .LASF75
     /tmp/cc1Z3wyD.s:2744   .debug_str:00000000000001d3 .LASF77
     /tmp/cc1Z3wyD.s:2944   .debug_str:00000000000007d9 .LASF80
     /tmp/cc1Z3wyD.s:2746   .debug_str:00000000000001e6 .LASF82
     /tmp/cc1Z3wyD.s:2880   .debug_str:0000000000000635 .LASF78
     /tmp/cc1Z3wyD.s:2808   .debug_str:00000000000003c7 .LASF79
     /tmp/cc1Z3wyD.s:2898   .debug_str:00000000000006b9 .LASF81
     /tmp/cc1Z3wyD.s:3108   .debug_str:0000000000000ce8 .LASF83
     /tmp/cc1Z3wyD.s:2690   .debug_str:0000000000000012 .LASF84
     /tmp/cc1Z3wyD.s:2976   .debug_str:00000000000008a4 .LASF85
     /tmp/cc1Z3wyD.s:3040   .debug_str:0000000000000b16 .LASF86
     /tmp/cc1Z3wyD.s:3030   .debug_str:0000000000000aca .LASF87
     /tmp/cc1Z3wyD.s:3032   .debug_str:0000000000000ad4 .LASF88
     /tmp/cc1Z3wyD.s:2982   .debug_str:00000000000008c0 .LASF89
     /tmp/cc1Z3wyD.s:2900   .debug_str:00000000000006c4 .LASF90
     /tmp/cc1Z3wyD.s:2978   .debug_str:00000000000008aa .LASF91
     /tmp/cc1Z3wyD.s:2776   .debug_str:00000000000002e3 .LASF92
     /tmp/cc1Z3wyD.s:2750   .debug_str:0000000000000212 .LASF93
     /tmp/cc1Z3wyD.s:3002   .debug_str:000000000000095f .LASF94
     /tmp/cc1Z3wyD.s:3112   .debug_str:0000000000000d1b .LASF95
     /tmp/cc1Z3wyD.s:2726   .debug_str:000000000000013c .LASF212
     /tmp/cc1Z3wyD.s:2864   .debug_str:00000000000005b6 .LASF213
     /tmp/cc1Z3wyD.s:2754   .debug_str:000000000000022b .LASF98
     /tmp/cc1Z3wyD.s:2696   .debug_str:0000000000000037 .LASF192
     /tmp/cc1Z3wyD.s:2958   .debug_str:0000000000000837 .LASF96
     /tmp/cc1Z3wyD.s:3094   .debug_str:0000000000000c77 .LASF97
     /tmp/cc1Z3wyD.s:2926   .debug_str:0000000000000753 .LASF214
     /tmp/cc1Z3wyD.s:3066   .debug_str:0000000000000be3 .LASF99
     /tmp/cc1Z3wyD.s:2714   .debug_str:00000000000000e7 .LASF215
     /tmp/cc1Z3wyD.s:2912   .debug_str:00000000000006fa .LASF100
     /tmp/cc1Z3wyD.s:2946   .debug_str:00000000000007e4 .LASF102
     /tmp/cc1Z3wyD.s:2854   .debug_str:0000000000000558 .LASF103
     /tmp/cc1Z3wyD.s:2740   .debug_str:00000000000001bb .LASF104
GAS LISTING /tmp/cc1Z3wyD.s 			page 12


     /tmp/cc1Z3wyD.s:3118   .debug_str:0000000000000d44 .LASF105
     /tmp/cc1Z3wyD.s:2800   .debug_str:000000000000037c .LASF106
     /tmp/cc1Z3wyD.s:3042   .debug_str:0000000000000b1e .LASF107
     /tmp/cc1Z3wyD.s:2834   .debug_str:00000000000004b4 .LASF108
     /tmp/cc1Z3wyD.s:2980   .debug_str:00000000000008b5 .LASF109
     /tmp/cc1Z3wyD.s:2990   .debug_str:0000000000000903 .LASF110
     /tmp/cc1Z3wyD.s:2712   .debug_str:00000000000000ce .LASF111
     /tmp/cc1Z3wyD.s:2902   .debug_str:00000000000006cc .LASF112
     /tmp/cc1Z3wyD.s:2688   .debug_str:0000000000000000 .LASF113
     /tmp/cc1Z3wyD.s:2798   .debug_str:0000000000000371 .LASF114
     /tmp/cc1Z3wyD.s:3090   .debug_str:0000000000000c59 .LASF115
     /tmp/cc1Z3wyD.s:2762   .debug_str:000000000000025f .LASF116
     /tmp/cc1Z3wyD.s:3020   .debug_str:00000000000009cc .LASF117
     /tmp/cc1Z3wyD.s:3000   .debug_str:0000000000000958 .LASF118
     /tmp/cc1Z3wyD.s:2970   .debug_str:0000000000000871 .LASF119
     /tmp/cc1Z3wyD.s:3096   .debug_str:0000000000000c82 .LASF120
     /tmp/cc1Z3wyD.s:2826   .debug_str:0000000000000464 .LASF121
     /tmp/cc1Z3wyD.s:2792   .debug_str:000000000000034a .LASF122
     /tmp/cc1Z3wyD.s:3038   .debug_str:0000000000000afd .LASF123
     /tmp/cc1Z3wyD.s:2816   .debug_str:000000000000042a .LASF124
     /tmp/cc1Z3wyD.s:2812   .debug_str:00000000000003fc .LASF125
     /tmp/cc1Z3wyD.s:3102   .debug_str:0000000000000cad .LASF126
     /tmp/cc1Z3wyD.s:2710   .debug_str:00000000000000b6 .LASF127
     /tmp/cc1Z3wyD.s:2704   .debug_str:000000000000007d .LASF128
     /tmp/cc1Z3wyD.s:3110   .debug_str:0000000000000d03 .LASF129
     /tmp/cc1Z3wyD.s:3092   .debug_str:0000000000000c6b .LASF130
     /tmp/cc1Z3wyD.s:2910   .debug_str:00000000000006f3 .LASF131
     /tmp/cc1Z3wyD.s:3010   .debug_str:0000000000000982 .LASF132
     /tmp/cc1Z3wyD.s:3072   .debug_str:0000000000000c14 .LASF133
     /tmp/cc1Z3wyD.s:3060   .debug_str:0000000000000bb5 .LASF216
     /tmp/cc1Z3wyD.s:2778   .debug_str:00000000000002ed .LASF134
     /tmp/cc1Z3wyD.s:3024   .debug_str:00000000000009e9 .LASF135
     /tmp/cc1Z3wyD.s:2756   .debug_str:0000000000000239 .LASF136
     /tmp/cc1Z3wyD.s:2806   .debug_str:00000000000003bc .LASF137
     /tmp/cc1Z3wyD.s:2814   .debug_str:0000000000000412 .LASF138
     /tmp/cc1Z3wyD.s:2920   .debug_str:0000000000000731 .LASF139
     /tmp/cc1Z3wyD.s:2842   .debug_str:00000000000004e0 .LASF140
     /tmp/cc1Z3wyD.s:3084   .debug_str:0000000000000c38 .LASF141
     /tmp/cc1Z3wyD.s:2708   .debug_str:000000000000009a .LASF142
     /tmp/cc1Z3wyD.s:2968   .debug_str:0000000000000863 .LASF143
     /tmp/cc1Z3wyD.s:2774   .debug_str:00000000000002c8 .LASF144
     /tmp/cc1Z3wyD.s:2820   .debug_str:000000000000043d .LASF145
     /tmp/cc1Z3wyD.s:3062   .debug_str:0000000000000bc4 .LASF146
     /tmp/cc1Z3wyD.s:3050   .debug_str:0000000000000b60 .LASF149
     /tmp/cc1Z3wyD.s:2874   .debug_str:000000000000060a .LASF151
     /tmp/cc1Z3wyD.s:2948   .debug_str:00000000000007ee .LASF147
     /tmp/cc1Z3wyD.s:2706   .debug_str:0000000000000085 .LASF148
     /tmp/cc1Z3wyD.s:2928   .debug_str:0000000000000768 .LASF150
     /tmp/cc1Z3wyD.s:2932   .debug_str:000000000000077c .LASF152
     /tmp/cc1Z3wyD.s:2896   .debug_str:00000000000006b2 .LASF153
     /tmp/cc1Z3wyD.s:2850   .debug_str:000000000000053c .LASF154
     /tmp/cc1Z3wyD.s:3088   .debug_str:0000000000000c51 .LASF155
     /tmp/cc1Z3wyD.s:2994   .debug_str:000000000000092b .LASF156
     /tmp/cc1Z3wyD.s:2892   .debug_str:00000000000006a5 .LASF157
     /tmp/cc1Z3wyD.s:2786   .debug_str:000000000000032c .LASF158
     /tmp/cc1Z3wyD.s:2866   .debug_str:00000000000005cf .LASF159
     /tmp/cc1Z3wyD.s:2934   .debug_str:000000000000078f .LASF160
GAS LISTING /tmp/cc1Z3wyD.s 			page 13


     /tmp/cc1Z3wyD.s:3116   .debug_str:0000000000000d3c .LASF161
     /tmp/cc1Z3wyD.s:2824   .debug_str:0000000000000450 .LASF162
     /tmp/cc1Z3wyD.s:3076   .debug_str:0000000000000c24 .LASF163
     /tmp/cc1Z3wyD.s:2908   .debug_str:00000000000006e2 .LASF164
     /tmp/cc1Z3wyD.s:3078   .debug_str:0000000000000c29 .LASF165
     /tmp/cc1Z3wyD.s:2832   .debug_str:00000000000004a3 .LASF166
     /tmp/cc1Z3wyD.s:3080   .debug_str:0000000000000c2e .LASF167
     /tmp/cc1Z3wyD.s:2758   .debug_str:0000000000000245 .LASF168
     /tmp/cc1Z3wyD.s:3082   .debug_str:0000000000000c33 .LASF169
     /tmp/cc1Z3wyD.s:3014   .debug_str:0000000000000998 .LASF170
     /tmp/cc1Z3wyD.s:2836   .debug_str:00000000000004d1 .LASF171
     /tmp/cc1Z3wyD.s:2882   .debug_str:000000000000064d .LASF172
     /tmp/cc1Z3wyD.s:2838   .debug_str:00000000000004d6 .LASF173
     /tmp/cc1Z3wyD.s:2722   .debug_str:0000000000000119 .LASF174
     /tmp/cc1Z3wyD.s:2840   .debug_str:00000000000004db .LASF175
     /tmp/cc1Z3wyD.s:3012   .debug_str:0000000000000987 .LASF176
     /tmp/cc1Z3wyD.s:2718   .debug_str:0000000000000108 .LASF177
     /tmp/cc1Z3wyD.s:2764   .debug_str:0000000000000264 .LASF178
     /tmp/cc1Z3wyD.s:2966   .debug_str:000000000000085c .LASF179
     /tmp/cc1Z3wyD.s:2742   .debug_str:00000000000001c0 .LASF180
     /tmp/cc1Z3wyD.s:2938   .debug_str:00000000000007ac .LASF181
     /tmp/cc1Z3wyD.s:2810   .debug_str:00000000000003ea .LASF182
     /tmp/cc1Z3wyD.s:2822   .debug_str:000000000000044a .LASF183
     /tmp/cc1Z3wyD.s:2804   .debug_str:00000000000003aa .LASF184
     /tmp/cc1Z3wyD.s:2702   .debug_str:0000000000000072 .LASF185
     /tmp/cc1Z3wyD.s:3046   .debug_str:0000000000000b3a .LASF186
     /tmp/cc1Z3wyD.s:2950   .debug_str:00000000000007f7 .LASF187
     /tmp/cc1Z3wyD.s:3106   .debug_str:0000000000000cd0 .LASF188
     /tmp/cc1Z3wyD.s:3074   .debug_str:0000000000000c1a .LASF189
     /tmp/cc1Z3wyD.s:2828   .debug_str:000000000000047b .LASF190
     /tmp/cc1Z3wyD.s:2844   .debug_str:0000000000000502 .LASF191
     /tmp/cc1Z3wyD.s:2884   .debug_str:000000000000065e .LASF193
     /tmp/cc1Z3wyD.s:2878   .debug_str:0000000000000630 .LASF194
     /tmp/cc1Z3wyD.s:2790   .debug_str:0000000000000345 .LASF195
     /tmp/cc1Z3wyD.s:10     .text:0000000000000000 .LFB57
     /tmp/cc1Z3wyD.s:127    .text:00000000000000ac .LFE57
     /tmp/cc1Z3wyD.s:2924   .debug_str:000000000000074d .LASF196
     /tmp/cc1Z3wyD.s:34     .text:0000000000000028 .LBB8
     /tmp/cc1Z3wyD.s:46     .text:000000000000002c .LBE8
     /tmp/cc1Z3wyD.s:67     .text:0000000000000064 .LBB10
     /tmp/cc1Z3wyD.s:80     .text:000000000000006c .LBE10
     /tmp/cc1Z3wyD.s:2653   .debug_loc:0000000000000000 .LLST0
     /tmp/cc1Z3wyD.s:86     .text:0000000000000070 .LBB12
     /tmp/cc1Z3wyD.s:96     .text:0000000000000078 .LBE12
     /tmp/cc1Z3wyD.s:2661   .debug_loc:0000000000000024 .LLST1
     /tmp/cc1Z3wyD.s:25     .text:0000000000000018 .LVL0
     /tmp/cc1Z3wyD.s:29     .text:0000000000000020 .LVL1
     /tmp/cc1Z3wyD.s:52     .text:000000000000003c .LVL4
     /tmp/cc1Z3wyD.s:65     .text:0000000000000064 .LVL5
     /tmp/cc1Z3wyD.s:102    .text:0000000000000084 .LVL10
     /tmp/cc1Z3wyD.s:2788   .debug_str:0000000000000340 .LASF217
     /tmp/cc1Z3wyD.s:3064   .debug_str:0000000000000bde .LASF197
     /tmp/cc1Z3wyD.s:2868   .debug_str:00000000000005d7 .LASF198
     /tmp/cc1Z3wyD.s:3098   .debug_str:0000000000000c89 .LASF199
     /tmp/cc1Z3wyD.s:3034   .debug_str:0000000000000ae3 .LASF201
     /tmp/cc1Z3wyD.s:2870   .debug_str:00000000000005dd .LASF200
     /tmp/cc1Z3wyD.s:3054   .debug_str:0000000000000b6e .LASF202
GAS LISTING /tmp/cc1Z3wyD.s 			page 14


     /tmp/cc1Z3wyD.s:2886   .debug_str:0000000000000674 .LASF203
     /tmp/cc1Z3wyD.s:2940   .debug_str:00000000000007b2 .LASF204
     /tmp/cc1Z3wyD.s:76     .text:000000000000006c .LVL6
     /tmp/cc1Z3wyD.s:85     .text:0000000000000070 .LVL7
     /tmp/cc1Z3wyD.s:92     .text:0000000000000074 .LVL8
     /tmp/cc1Z3wyD.s:94     .text:0000000000000078 .LVL9
     /tmp/cc1Z3wyD.s:137    .debug_info:0000000000000000 .Ldebug_info0

UNDEFINED SYMBOLS
_ZN15MemoryAllocator10initializeEv
_Z12init_consolev
_ZN5Riscv14supervisorTrapEv
_ZN3TCB12createThreadEPFvPvES0_
_ZN3TCB7runningE
_Z8userMainPv
_Z13thread_createPP7_threadPFvPvES2_
_Z15thread_dispatchv
