GAS LISTING /tmp/cc9fXMzI.s 			page 1


   1              		.file	"memory_allocator.cpp"
   2              		.option pic
   3              		.option norelax
   4              		.text
   5              	.Ltext0:
   6              		.align	2
   7              		.globl	_ZN15MemoryAllocator8allocateEm
   9              	_ZN15MemoryAllocator8allocateEm:
  10              	.LFB56:
  11              		.file 1 "src/memory_allocator.cpp"
   1:src/memory_allocator.cpp **** #include "../h/memory_allocator.hpp"
   2:src/memory_allocator.cpp **** #include "../lib/mem.h"
   3:src/memory_allocator.cpp **** #include "../h/riscv.hpp"
   4:src/memory_allocator.cpp **** 
   5:src/memory_allocator.cpp **** 
   6:src/memory_allocator.cpp **** MemoryAllocator::FreeBlock* MemoryAllocator::head = nullptr;
   7:src/memory_allocator.cpp **** 
   8:src/memory_allocator.cpp **** void* MemoryAllocator::allocate(size_t blocks) {
  12              		.loc 1 8 48
  13              		.cfi_startproc
  14              	.LVL0:
  15 0000 130101FF 		addi	sp,sp,-16
  16              		.cfi_def_cfa_offset 16
  17 0004 23348100 		sd	s0,8(sp)
  18              		.cfi_offset 8, -8
  19 0008 13040101 		addi	s0,sp,16
  20              		.cfi_def_cfa 8, 0
   9:src/memory_allocator.cpp ****     size_t req_blocks = blocks + 1;
  21              		.loc 1 9 5
  22              		.loc 1 9 12 is_stmt 0
  23 000c 13071500 		addi	a4,a0,1
  24              	.LVL1:
  10:src/memory_allocator.cpp **** 
  11:src/memory_allocator.cpp ****     FreeBlock* curr = head;
  25              		.loc 1 11 5 is_stmt 1
  26              		.loc 1 11 16 is_stmt 0
  27 0010 17050000 		ld	a0,.LANCHOR0
  27      03350500 
  28              	.LVL2:
  12:src/memory_allocator.cpp ****     FreeBlock* prev = nullptr;
  29              		.loc 1 12 5 is_stmt 1
  30              		.loc 1 12 16 is_stmt 0
  31 0018 93060000 		li	a3,0
  32              	.LVL3:
  33              	.L3:
  13:src/memory_allocator.cpp ****     while (curr) {
  34              		.loc 1 13 5 is_stmt 1
  35              		.loc 1 13 12
  36 001c 630C0500 		beqz	a0,.L2
  14:src/memory_allocator.cpp ****         if (curr->size >= req_blocks) { break; }
  37              		.loc 1 14 9
  38              		.loc 1 14 19 is_stmt 0
  39 0020 83370500 		ld	a5,0(a0)
  40              		.loc 1 14 9
  41 0024 63F8E700 		bgeu	a5,a4,.L2
  15:src/memory_allocator.cpp ****         prev = curr;
  42              		.loc 1 15 9 is_stmt 1
GAS LISTING /tmp/cc9fXMzI.s 			page 2


  43              	.LVL4:
  16:src/memory_allocator.cpp ****         curr = curr->next;
  44              		.loc 1 16 9
  15:src/memory_allocator.cpp ****         prev = curr;
  45              		.loc 1 15 14 is_stmt 0
  46 0028 93060500 		mv	a3,a0
  47              		.loc 1 16 14
  48 002c 03358500 		ld	a0,8(a0)
  49              	.LVL5:
  13:src/memory_allocator.cpp ****         if (curr->size >= req_blocks) { break; }
  50              		.loc 1 13 5
  51 0030 6FF0DFFE 		j	.L3
  52              	.L2:
  17:src/memory_allocator.cpp ****     }
  18:src/memory_allocator.cpp **** 
  19:src/memory_allocator.cpp ****     if (!curr) { return nullptr; }
  53              		.loc 1 19 5 is_stmt 1
  54 0034 630C0502 		beqz	a0,.L1
  20:src/memory_allocator.cpp **** 
  21:src/memory_allocator.cpp ****     if (curr->size == req_blocks) {
  55              		.loc 1 21 5
  56              	.LBB2:
  57              		.loc 1 21 15 is_stmt 0
  58 0038 83370500 		ld	a5,0(a0)
  59              		.loc 1 21 5
  60 003c 638EE702 		beq	a5,a4,.L10
  61              	.LBB3:
  22:src/memory_allocator.cpp ****         if (prev) {
  23:src/memory_allocator.cpp ****             prev->next = curr->next;
  24:src/memory_allocator.cpp ****         } else {
  25:src/memory_allocator.cpp ****             head = curr->next;
  26:src/memory_allocator.cpp ****         }
  27:src/memory_allocator.cpp ****     } else {
  28:src/memory_allocator.cpp ****         FreeBlock* newBlock = (FreeBlock*)((char*)curr + req_blocks * MEM_BLOCK_SIZE);
  62              		.loc 1 28 9 is_stmt 1
  63              		.loc 1 28 69 is_stmt 0
  64 0040 13166700 		slli	a2,a4,6
  65              		.loc 1 28 20
  66 0044 3306C500 		add	a2,a0,a2
  67              	.LVL6:
  29:src/memory_allocator.cpp ****         newBlock->size = curr->size - req_blocks;
  68              		.loc 1 29 9 is_stmt 1
  69              		.loc 1 29 37 is_stmt 0
  70 0048 B387E740 		sub	a5,a5,a4
  71              		.loc 1 29 24
  72 004c 2330F600 		sd	a5,0(a2)
  30:src/memory_allocator.cpp ****         newBlock->next = curr->next;
  73              		.loc 1 30 9 is_stmt 1
  74              		.loc 1 30 32 is_stmt 0
  75 0050 83378500 		ld	a5,8(a0)
  76              		.loc 1 30 24
  77 0054 2334F600 		sd	a5,8(a2)
  31:src/memory_allocator.cpp **** 
  32:src/memory_allocator.cpp ****         if (prev) {
  78              		.loc 1 32 9 is_stmt 1
  79 0058 63800604 		beqz	a3,.L8
  33:src/memory_allocator.cpp ****             prev->next = newBlock;
GAS LISTING /tmp/cc9fXMzI.s 			page 3


  80              		.loc 1 33 13
  81              		.loc 1 33 24 is_stmt 0
  82 005c 23B4C600 		sd	a2,8(a3)
  83              	.LVL7:
  84              	.L7:
  85              	.LBE3:
  86              	.LBE2:
  34:src/memory_allocator.cpp ****         } else {
  35:src/memory_allocator.cpp ****             head = newBlock;
  36:src/memory_allocator.cpp ****         }
  37:src/memory_allocator.cpp ****     }
  38:src/memory_allocator.cpp **** 
  39:src/memory_allocator.cpp ****     curr->size = req_blocks;
  87              		.loc 1 39 5 is_stmt 1
  88              		.loc 1 39 16 is_stmt 0
  89 0060 2330E500 		sd	a4,0(a0)
  40:src/memory_allocator.cpp ****     curr->next = nullptr;
  90              		.loc 1 40 5 is_stmt 1
  91              		.loc 1 40 16 is_stmt 0
  92 0064 23340500 		sd	zero,8(a0)
  41:src/memory_allocator.cpp ****     return (void*)((char*)curr + MEM_BLOCK_SIZE);
  93              		.loc 1 41 5 is_stmt 1
  94              		.loc 1 41 48 is_stmt 0
  95 0068 13050504 		addi	a0,a0,64
  96              	.LVL8:
  97              	.L1:
  42:src/memory_allocator.cpp **** }
  98              		.loc 1 42 1
  99 006c 03348100 		ld	s0,8(sp)
 100              		.cfi_remember_state
 101              		.cfi_restore 8
 102              		.cfi_def_cfa 2, 16
 103 0070 13010101 		addi	sp,sp,16
 104              		.cfi_def_cfa_offset 0
 105 0074 67800000 		jr	ra
 106              	.LVL9:
 107              	.L10:
 108              		.cfi_restore_state
 109              	.LBB5:
  22:src/memory_allocator.cpp ****             prev->next = curr->next;
 110              		.loc 1 22 9 is_stmt 1
 111 0078 63880600 		beqz	a3,.L6
  23:src/memory_allocator.cpp ****         } else {
 112              		.loc 1 23 13
  23:src/memory_allocator.cpp ****         } else {
 113              		.loc 1 23 32 is_stmt 0
 114 007c 83378500 		ld	a5,8(a0)
  23:src/memory_allocator.cpp ****         } else {
 115              		.loc 1 23 24
 116 0080 23B4F600 		sd	a5,8(a3)
 117 0084 6FF0DFFD 		j	.L7
 118              	.L6:
  25:src/memory_allocator.cpp ****         }
 119              		.loc 1 25 13 is_stmt 1
  25:src/memory_allocator.cpp ****         }
 120              		.loc 1 25 26 is_stmt 0
 121 0088 83378500 		ld	a5,8(a0)
GAS LISTING /tmp/cc9fXMzI.s 			page 4


  25:src/memory_allocator.cpp ****         }
 122              		.loc 1 25 18
 123 008c 97060000 		sd	a5,.LANCHOR0,a3
 123      23B0F600 
 124              	.LVL10:
 125 0094 6FF0DFFC 		j	.L7
 126              	.LVL11:
 127              	.L8:
 128              	.LBB4:
  35:src/memory_allocator.cpp ****         }
 129              		.loc 1 35 13 is_stmt 1
  35:src/memory_allocator.cpp ****         }
 130              		.loc 1 35 18 is_stmt 0
 131 0098 97070000 		sd	a2,.LANCHOR0,a5
 131      23B0C700 
 132 00a0 6FF01FFC 		j	.L7
 133              	.LBE4:
 134              	.LBE5:
 135              		.cfi_endproc
 136              	.LFE56:
 138              		.align	2
 139              		.globl	_ZN15MemoryAllocator4freeEPv
 141              	_ZN15MemoryAllocator4freeEPv:
 142              	.LFB57:
  43:src/memory_allocator.cpp **** int MemoryAllocator::free(void* ptr) {
 143              		.loc 1 43 38 is_stmt 1
 144              		.cfi_startproc
 145              	.LVL12:
 146 00a4 130101FF 		addi	sp,sp,-16
 147              		.cfi_def_cfa_offset 16
 148 00a8 23348100 		sd	s0,8(sp)
 149              		.cfi_offset 8, -8
 150 00ac 13040101 		addi	s0,sp,16
 151              		.cfi_def_cfa 8, 0
  44:src/memory_allocator.cpp ****     if (!ptr) return -1;
 152              		.loc 1 44 5
 153 00b0 6306050A 		beqz	a0,.L18
  45:src/memory_allocator.cpp ****     FreeBlock* newFree = (FreeBlock*)((char*)ptr - MEM_BLOCK_SIZE);
 154              		.loc 1 45 5
 155              		.loc 1 45 16 is_stmt 0
 156 00b4 930605FC 		addi	a3,a0,-64
 157              	.LVL13:
  46:src/memory_allocator.cpp **** 
  47:src/memory_allocator.cpp ****     FreeBlock* prev = nullptr;
 158              		.loc 1 47 5 is_stmt 1
  48:src/memory_allocator.cpp ****     FreeBlock* curr = head;
 159              		.loc 1 48 5
 160              		.loc 1 48 16 is_stmt 0
 161 00b8 97070000 		ld	a5,.LANCHOR0
 161      83B70700 
 162              	.LVL14:
  47:src/memory_allocator.cpp ****     FreeBlock* curr = head;
 163              		.loc 1 47 16
 164 00c0 13070000 		li	a4,0
 165              	.LVL15:
 166              	.L14:
  49:src/memory_allocator.cpp **** 
GAS LISTING /tmp/cc9fXMzI.s 			page 5


  50:src/memory_allocator.cpp ****     while (curr && curr < newFree) {
 167              		.loc 1 50 5 is_stmt 1
 168              		.loc 1 50 17
 169 00c4 638A0700 		beqz	a5,.L13
 170              		.loc 1 50 17 is_stmt 0 discriminator 1
 171 00c8 63F8D700 		bgeu	a5,a3,.L13
  51:src/memory_allocator.cpp ****         prev = curr;
 172              		.loc 1 51 9 is_stmt 1
 173              	.LVL16:
  52:src/memory_allocator.cpp ****         curr = curr->next;
 174              		.loc 1 52 9
  51:src/memory_allocator.cpp ****         prev = curr;
 175              		.loc 1 51 14 is_stmt 0
 176 00cc 13870700 		mv	a4,a5
 177              		.loc 1 52 14
 178 00d0 83B78700 		ld	a5,8(a5)
 179              	.LVL17:
  50:src/memory_allocator.cpp ****         prev = curr;
 180              		.loc 1 50 5
 181 00d4 6FF01FFF 		j	.L14
 182              	.L13:
  53:src/memory_allocator.cpp ****     }
  54:src/memory_allocator.cpp **** 
  55:src/memory_allocator.cpp ****     newFree->next = curr;
 183              		.loc 1 55 5 is_stmt 1
 184              		.loc 1 55 19 is_stmt 0
 185 00d8 2334F5FC 		sd	a5,-56(a0)
  56:src/memory_allocator.cpp **** 
  57:src/memory_allocator.cpp ****     if (prev) {
 186              		.loc 1 57 5 is_stmt 1
 187 00dc 63000704 		beqz	a4,.L15
  58:src/memory_allocator.cpp ****         prev->next = newFree;
 188              		.loc 1 58 9
 189              		.loc 1 58 20 is_stmt 0
 190 00e0 2334D700 		sd	a3,8(a4)
 191              	.L16:
  59:src/memory_allocator.cpp ****     } else {
  60:src/memory_allocator.cpp ****         head = newFree;
  61:src/memory_allocator.cpp ****     }
  62:src/memory_allocator.cpp **** 
  63:src/memory_allocator.cpp ****     if (curr && (char*)newFree + newFree->size * MEM_BLOCK_SIZE == (char*)curr) {
 192              		.loc 1 63 5 is_stmt 1
 193 00e4 638A0700 		beqz	a5,.L17
 194              		.loc 1 63 43 is_stmt 0 discriminator 1
 195 00e8 833505FC 		ld	a1,-64(a0)
 196              		.loc 1 63 48 discriminator 1
 197 00ec 13966500 		slli	a2,a1,6
 198              		.loc 1 63 32 discriminator 1
 199 00f0 3386C600 		add	a2,a3,a2
 200              		.loc 1 63 14 discriminator 1
 201 00f4 630AF602 		beq	a2,a5,.L22
 202              	.LVL18:
 203              	.L17:
  64:src/memory_allocator.cpp ****         newFree->size += curr->size;
  65:src/memory_allocator.cpp ****         newFree->next = curr->next;
  66:src/memory_allocator.cpp ****     }
  67:src/memory_allocator.cpp **** 
GAS LISTING /tmp/cc9fXMzI.s 			page 6


  68:src/memory_allocator.cpp ****     if (prev && (char*)prev + prev->size * MEM_BLOCK_SIZE == (char*)newFree) {
 204              		.loc 1 68 5 is_stmt 1
 205 00f8 63060706 		beqz	a4,.L19
 206              		.loc 1 68 37 is_stmt 0 discriminator 1
 207 00fc 03360700 		ld	a2,0(a4)
 208              		.loc 1 68 42 discriminator 1
 209 0100 93176600 		slli	a5,a2,6
 210              		.loc 1 68 29 discriminator 1
 211 0104 B307F700 		add	a5,a4,a5
 212              		.loc 1 68 14 discriminator 1
 213 0108 638CD702 		beq	a5,a3,.L23
  69:src/memory_allocator.cpp ****         prev->size += newFree->size;
  70:src/memory_allocator.cpp ****         prev->next = newFree->next;
  71:src/memory_allocator.cpp ****     }
  72:src/memory_allocator.cpp **** 
  73:src/memory_allocator.cpp ****     return 0;
 214              		.loc 1 73 12
 215 010c 13050000 		li	a0,0
 216              	.LVL19:
 217              	.L12:
  74:src/memory_allocator.cpp **** }
 218              		.loc 1 74 1
 219 0110 03348100 		ld	s0,8(sp)
 220              		.cfi_remember_state
 221              		.cfi_restore 8
 222              		.cfi_def_cfa 2, 16
 223 0114 13010101 		addi	sp,sp,16
 224              		.cfi_def_cfa_offset 0
 225 0118 67800000 		jr	ra
 226              	.LVL20:
 227              	.L15:
 228              		.cfi_restore_state
  60:src/memory_allocator.cpp ****     }
 229              		.loc 1 60 9 is_stmt 1
  60:src/memory_allocator.cpp ****     }
 230              		.loc 1 60 14 is_stmt 0
 231 011c 17060000 		sd	a3,.LANCHOR0,a2
 231      2330D600 
 232 0124 6FF01FFC 		j	.L16
 233              	.L22:
  64:src/memory_allocator.cpp ****         newFree->next = curr->next;
 234              		.loc 1 64 9 is_stmt 1
  64:src/memory_allocator.cpp ****         newFree->next = curr->next;
 235              		.loc 1 64 32 is_stmt 0
 236 0128 03B60700 		ld	a2,0(a5)
  64:src/memory_allocator.cpp ****         newFree->next = curr->next;
 237              		.loc 1 64 23
 238 012c B385C500 		add	a1,a1,a2
 239 0130 2330B5FC 		sd	a1,-64(a0)
  65:src/memory_allocator.cpp ****     }
 240              		.loc 1 65 9 is_stmt 1
  65:src/memory_allocator.cpp ****     }
 241              		.loc 1 65 31 is_stmt 0
 242 0134 83B78700 		ld	a5,8(a5)
 243              	.LVL21:
  65:src/memory_allocator.cpp ****     }
 244              		.loc 1 65 23
GAS LISTING /tmp/cc9fXMzI.s 			page 7


 245 0138 2334F5FC 		sd	a5,-56(a0)
 246 013c 6FF0DFFB 		j	.L17
 247              	.L23:
  69:src/memory_allocator.cpp ****         prev->next = newFree->next;
 248              		.loc 1 69 9 is_stmt 1
  69:src/memory_allocator.cpp ****         prev->next = newFree->next;
 249              		.loc 1 69 32 is_stmt 0
 250 0140 833705FC 		ld	a5,-64(a0)
  69:src/memory_allocator.cpp ****         prev->next = newFree->next;
 251              		.loc 1 69 20
 252 0144 3306F600 		add	a2,a2,a5
 253 0148 2330C700 		sd	a2,0(a4)
  70:src/memory_allocator.cpp ****     }
 254              		.loc 1 70 9 is_stmt 1
  70:src/memory_allocator.cpp ****     }
 255              		.loc 1 70 31 is_stmt 0
 256 014c 833785FC 		ld	a5,-56(a0)
  70:src/memory_allocator.cpp ****     }
 257              		.loc 1 70 20
 258 0150 2334F700 		sd	a5,8(a4)
  73:src/memory_allocator.cpp **** }
 259              		.loc 1 73 12
 260 0154 13050000 		li	a0,0
 261              	.LVL22:
 262 0158 6FF09FFB 		j	.L12
 263              	.LVL23:
 264              	.L18:
  44:src/memory_allocator.cpp ****     FreeBlock* newFree = (FreeBlock*)((char*)ptr - MEM_BLOCK_SIZE);
 265              		.loc 1 44 23
 266 015c 1305F0FF 		li	a0,-1
 267              	.LVL24:
 268 0160 6FF01FFB 		j	.L12
 269              	.LVL25:
 270              	.L19:
  73:src/memory_allocator.cpp **** }
 271              		.loc 1 73 12
 272 0164 13050000 		li	a0,0
 273              	.LVL26:
 274 0168 6FF09FFA 		j	.L12
 275              		.cfi_endproc
 276              	.LFE57:
 278              		.align	2
 279              		.globl	_ZN15MemoryAllocator10initializeEv
 281              	_ZN15MemoryAllocator10initializeEv:
 282              	.LFB58:
  75:src/memory_allocator.cpp **** 
  76:src/memory_allocator.cpp **** void MemoryAllocator::initialize() {
 283              		.loc 1 76 36 is_stmt 1
 284              		.cfi_startproc
 285 016c 130101FF 		addi	sp,sp,-16
 286              		.cfi_def_cfa_offset 16
 287 0170 23348100 		sd	s0,8(sp)
 288              		.cfi_offset 8, -8
 289 0174 13040101 		addi	s0,sp,16
 290              		.cfi_def_cfa 8, 0
  77:src/memory_allocator.cpp ****     MemoryAllocator::head = (FreeBlock*)HEAP_START_ADDR;
 291              		.loc 1 77 5
GAS LISTING /tmp/cc9fXMzI.s 			page 8


 292              		.loc 1 77 27 is_stmt 0
 293 0178 97070000 		la	a5,HEAP_START_ADDR
 293      83B70700 
 294 0180 03B70700 		ld	a4,0(a5)
 295 0184 97060000 		lla	a3,.LANCHOR0
 295      93860600 
 296 018c 23B0E600 		sd	a4,0(a3)
  78:src/memory_allocator.cpp ****     MemoryAllocator::head->size =((char*)HEAP_END_ADDR - (char*)HEAP_START_ADDR) / MEM_BLOCK_SIZE;
 297              		.loc 1 78 5 is_stmt 1
 298              		.loc 1 78 35 is_stmt 0
 299 0190 97070000 		la	a5,HEAP_END_ADDR
 299      83B70700 
 300 0198 83B70700 		ld	a5,0(a5)
 301              		.loc 1 78 56
 302 019c B387E740 		sub	a5,a5,a4
 303              		.loc 1 78 82
 304 01a0 93D76700 		srli	a5,a5,6
 305              		.loc 1 78 33
 306 01a4 2330F700 		sd	a5,0(a4)
  79:src/memory_allocator.cpp ****     MemoryAllocator::head->next = nullptr;
 307              		.loc 1 79 5 is_stmt 1
 308              		.loc 1 79 28 is_stmt 0
 309 01a8 83B70600 		ld	a5,0(a3)
 310              		.loc 1 79 33
 311 01ac 23B40700 		sd	zero,8(a5)
  80:src/memory_allocator.cpp **** }
 312              		.loc 1 80 1
 313 01b0 03348100 		ld	s0,8(sp)
 314              		.cfi_restore 8
 315              		.cfi_def_cfa 2, 16
 316 01b4 13010101 		addi	sp,sp,16
 317              		.cfi_def_cfa_offset 0
 318 01b8 67800000 		jr	ra
 319              		.cfi_endproc
 320              	.LFE58:
 322              		.globl	_ZN15MemoryAllocator4headE
 323              		.bss
 324              		.align	3
 325              		.set	.LANCHOR0,. + 0
 328              	_ZN15MemoryAllocator4headE:
 329 0000 00000000 		.zero	8
 329      00000000 
 330              		.text
 331              	.Letext0:
 332              		.file 2 "src/../h/../lib/hw.h"
 333              		.file 3 "src/../h/memory_allocator.hpp"
 334              		.file 4 "src/../h/list.hpp"
 335              		.file 5 "src/../h/../h/tcb.hpp"
 336              		.file 6 "src/../h/../h/semkernel.hpp"
 337              		.file 7 "src/../h/../h/consoleKernel.hpp"
 338              		.file 8 "src/../h/../h/syscall_c.h"
GAS LISTING /tmp/cc9fXMzI.s 			page 9


DEFINED SYMBOLS
                            *ABS*:0000000000000000 memory_allocator.cpp
     /tmp/cc9fXMzI.s:9      .text:0000000000000000 _ZN15MemoryAllocator8allocateEm
     /tmp/cc9fXMzI.s:13     .text:0000000000000000 .L0 
     /tmp/cc9fXMzI.s:15     .text:0000000000000000 .L0 
     /tmp/cc9fXMzI.s:16     .text:0000000000000004 .L0 
     /tmp/cc9fXMzI.s:18     .text:0000000000000008 .L0 
     /tmp/cc9fXMzI.s:20     .text:000000000000000c .L0 
     /tmp/cc9fXMzI.s:22     .text:000000000000000c .L0 
     /tmp/cc9fXMzI.s:23     .text:000000000000000c .L0 
     /tmp/cc9fXMzI.s:26     .text:0000000000000010 .L0 
     /tmp/cc9fXMzI.s:27     .text:0000000000000010 .L0 
     /tmp/cc9fXMzI.s:30     .text:0000000000000018 .L0 
     /tmp/cc9fXMzI.s:31     .text:0000000000000018 .L0 
     /tmp/cc9fXMzI.s:35     .text:000000000000001c .L0 
     /tmp/cc9fXMzI.s:36     .text:000000000000001c .L0 
     /tmp/cc9fXMzI.s:38     .text:0000000000000020 .L0 
     /tmp/cc9fXMzI.s:39     .text:0000000000000020 .L0 
     /tmp/cc9fXMzI.s:41     .text:0000000000000024 .L0 
     /tmp/cc9fXMzI.s:44     .text:0000000000000028 .L0 
     /tmp/cc9fXMzI.s:45     .text:0000000000000028 .L0 
     /tmp/cc9fXMzI.s:46     .text:0000000000000028 .L0 
     /tmp/cc9fXMzI.s:48     .text:000000000000002c .L0 
     /tmp/cc9fXMzI.s:51     .text:0000000000000030 .L0 
     /tmp/cc9fXMzI.s:54     .text:0000000000000034 .L0 
     /tmp/cc9fXMzI.s:57     .text:0000000000000038 .L0 
     /tmp/cc9fXMzI.s:58     .text:0000000000000038 .L0 
     /tmp/cc9fXMzI.s:60     .text:000000000000003c .L0 
     /tmp/cc9fXMzI.s:63     .text:0000000000000040 .L0 
     /tmp/cc9fXMzI.s:64     .text:0000000000000040 .L0 
     /tmp/cc9fXMzI.s:66     .text:0000000000000044 .L0 
     /tmp/cc9fXMzI.s:69     .text:0000000000000048 .L0 
     /tmp/cc9fXMzI.s:70     .text:0000000000000048 .L0 
     /tmp/cc9fXMzI.s:72     .text:000000000000004c .L0 
     /tmp/cc9fXMzI.s:74     .text:0000000000000050 .L0 
     /tmp/cc9fXMzI.s:75     .text:0000000000000050 .L0 
     /tmp/cc9fXMzI.s:77     .text:0000000000000054 .L0 
     /tmp/cc9fXMzI.s:79     .text:0000000000000058 .L0 
     /tmp/cc9fXMzI.s:81     .text:000000000000005c .L0 
     /tmp/cc9fXMzI.s:82     .text:000000000000005c .L0 
     /tmp/cc9fXMzI.s:88     .text:0000000000000060 .L0 
     /tmp/cc9fXMzI.s:89     .text:0000000000000060 .L0 
     /tmp/cc9fXMzI.s:91     .text:0000000000000064 .L0 
     /tmp/cc9fXMzI.s:92     .text:0000000000000064 .L0 
     /tmp/cc9fXMzI.s:94     .text:0000000000000068 .L0 
     /tmp/cc9fXMzI.s:95     .text:0000000000000068 .L0 
     /tmp/cc9fXMzI.s:99     .text:000000000000006c .L0 
     /tmp/cc9fXMzI.s:100    .text:0000000000000070 .L0 
     /tmp/cc9fXMzI.s:101    .text:0000000000000070 .L0 
     /tmp/cc9fXMzI.s:102    .text:0000000000000070 .L0 
     /tmp/cc9fXMzI.s:104    .text:0000000000000074 .L0 
     /tmp/cc9fXMzI.s:108    .text:0000000000000078 .L0 
     /tmp/cc9fXMzI.s:111    .text:0000000000000078 .L0 
     /tmp/cc9fXMzI.s:113    .text:000000000000007c .L0 
     /tmp/cc9fXMzI.s:114    .text:000000000000007c .L0 
     /tmp/cc9fXMzI.s:116    .text:0000000000000080 .L0 
     /tmp/cc9fXMzI.s:120    .text:0000000000000088 .L0 
GAS LISTING /tmp/cc9fXMzI.s 			page 10


     /tmp/cc9fXMzI.s:121    .text:0000000000000088 .L0 
     /tmp/cc9fXMzI.s:123    .text:000000000000008c .L0 
     /tmp/cc9fXMzI.s:130    .text:0000000000000098 .L0 
     /tmp/cc9fXMzI.s:131    .text:0000000000000098 .L0 
     /tmp/cc9fXMzI.s:135    .text:00000000000000a4 .L0 
     /tmp/cc9fXMzI.s:141    .text:00000000000000a4 _ZN15MemoryAllocator4freeEPv
     /tmp/cc9fXMzI.s:144    .text:00000000000000a4 .L0 
     /tmp/cc9fXMzI.s:146    .text:00000000000000a4 .L0 
     /tmp/cc9fXMzI.s:147    .text:00000000000000a8 .L0 
     /tmp/cc9fXMzI.s:149    .text:00000000000000ac .L0 
     /tmp/cc9fXMzI.s:151    .text:00000000000000b0 .L0 
     /tmp/cc9fXMzI.s:153    .text:00000000000000b0 .L0 
     /tmp/cc9fXMzI.s:155    .text:00000000000000b4 .L0 
     /tmp/cc9fXMzI.s:156    .text:00000000000000b4 .L0 
     /tmp/cc9fXMzI.s:159    .text:00000000000000b8 .L0 
     /tmp/cc9fXMzI.s:160    .text:00000000000000b8 .L0 
     /tmp/cc9fXMzI.s:161    .text:00000000000000b8 .L0 
     /tmp/cc9fXMzI.s:164    .text:00000000000000c0 .L0 
     /tmp/cc9fXMzI.s:168    .text:00000000000000c4 .L0 
     /tmp/cc9fXMzI.s:169    .text:00000000000000c4 .L0 
     /tmp/cc9fXMzI.s:171    .text:00000000000000c8 .L0 
     /tmp/cc9fXMzI.s:174    .text:00000000000000cc .L0 
     /tmp/cc9fXMzI.s:175    .text:00000000000000cc .L0 
     /tmp/cc9fXMzI.s:176    .text:00000000000000cc .L0 
     /tmp/cc9fXMzI.s:178    .text:00000000000000d0 .L0 
     /tmp/cc9fXMzI.s:181    .text:00000000000000d4 .L0 
     /tmp/cc9fXMzI.s:184    .text:00000000000000d8 .L0 
     /tmp/cc9fXMzI.s:185    .text:00000000000000d8 .L0 
     /tmp/cc9fXMzI.s:187    .text:00000000000000dc .L0 
     /tmp/cc9fXMzI.s:189    .text:00000000000000e0 .L0 
     /tmp/cc9fXMzI.s:190    .text:00000000000000e0 .L0 
     /tmp/cc9fXMzI.s:193    .text:00000000000000e4 .L0 
     /tmp/cc9fXMzI.s:195    .text:00000000000000e8 .L0 
     /tmp/cc9fXMzI.s:197    .text:00000000000000ec .L0 
     /tmp/cc9fXMzI.s:199    .text:00000000000000f0 .L0 
     /tmp/cc9fXMzI.s:201    .text:00000000000000f4 .L0 
     /tmp/cc9fXMzI.s:205    .text:00000000000000f8 .L0 
     /tmp/cc9fXMzI.s:207    .text:00000000000000fc .L0 
     /tmp/cc9fXMzI.s:209    .text:0000000000000100 .L0 
     /tmp/cc9fXMzI.s:211    .text:0000000000000104 .L0 
     /tmp/cc9fXMzI.s:213    .text:0000000000000108 .L0 
     /tmp/cc9fXMzI.s:215    .text:000000000000010c .L0 
     /tmp/cc9fXMzI.s:219    .text:0000000000000110 .L0 
     /tmp/cc9fXMzI.s:220    .text:0000000000000114 .L0 
     /tmp/cc9fXMzI.s:221    .text:0000000000000114 .L0 
     /tmp/cc9fXMzI.s:222    .text:0000000000000114 .L0 
     /tmp/cc9fXMzI.s:224    .text:0000000000000118 .L0 
     /tmp/cc9fXMzI.s:228    .text:000000000000011c .L0 
     /tmp/cc9fXMzI.s:230    .text:000000000000011c .L0 
     /tmp/cc9fXMzI.s:231    .text:000000000000011c .L0 
     /tmp/cc9fXMzI.s:235    .text:0000000000000128 .L0 
     /tmp/cc9fXMzI.s:236    .text:0000000000000128 .L0 
     /tmp/cc9fXMzI.s:238    .text:000000000000012c .L0 
     /tmp/cc9fXMzI.s:241    .text:0000000000000134 .L0 
     /tmp/cc9fXMzI.s:242    .text:0000000000000134 .L0 
     /tmp/cc9fXMzI.s:245    .text:0000000000000138 .L0 
     /tmp/cc9fXMzI.s:249    .text:0000000000000140 .L0 
GAS LISTING /tmp/cc9fXMzI.s 			page 11


     /tmp/cc9fXMzI.s:250    .text:0000000000000140 .L0 
     /tmp/cc9fXMzI.s:252    .text:0000000000000144 .L0 
     /tmp/cc9fXMzI.s:255    .text:000000000000014c .L0 
     /tmp/cc9fXMzI.s:256    .text:000000000000014c .L0 
     /tmp/cc9fXMzI.s:258    .text:0000000000000150 .L0 
     /tmp/cc9fXMzI.s:260    .text:0000000000000154 .L0 
     /tmp/cc9fXMzI.s:266    .text:000000000000015c .L0 
     /tmp/cc9fXMzI.s:272    .text:0000000000000164 .L0 
     /tmp/cc9fXMzI.s:275    .text:000000000000016c .L0 
     /tmp/cc9fXMzI.s:281    .text:000000000000016c _ZN15MemoryAllocator10initializeEv
     /tmp/cc9fXMzI.s:284    .text:000000000000016c .L0 
     /tmp/cc9fXMzI.s:285    .text:000000000000016c .L0 
     /tmp/cc9fXMzI.s:286    .text:0000000000000170 .L0 
     /tmp/cc9fXMzI.s:288    .text:0000000000000174 .L0 
     /tmp/cc9fXMzI.s:290    .text:0000000000000178 .L0 
     /tmp/cc9fXMzI.s:292    .text:0000000000000178 .L0 
     /tmp/cc9fXMzI.s:293    .text:0000000000000178 .L0 
     /tmp/cc9fXMzI.s:298    .text:0000000000000190 .L0 
     /tmp/cc9fXMzI.s:299    .text:0000000000000190 .L0 
     /tmp/cc9fXMzI.s:302    .text:000000000000019c .L0 
     /tmp/cc9fXMzI.s:304    .text:00000000000001a0 .L0 
     /tmp/cc9fXMzI.s:306    .text:00000000000001a4 .L0 
     /tmp/cc9fXMzI.s:308    .text:00000000000001a8 .L0 
     /tmp/cc9fXMzI.s:309    .text:00000000000001a8 .L0 
     /tmp/cc9fXMzI.s:311    .text:00000000000001ac .L0 
     /tmp/cc9fXMzI.s:313    .text:00000000000001b0 .L0 
     /tmp/cc9fXMzI.s:314    .text:00000000000001b4 .L0 
     /tmp/cc9fXMzI.s:315    .text:00000000000001b4 .L0 
     /tmp/cc9fXMzI.s:317    .text:00000000000001b8 .L0 
     /tmp/cc9fXMzI.s:319    .text:00000000000001bc .L0 
     /tmp/cc9fXMzI.s:328    .bss:0000000000000000 _ZN15MemoryAllocator4headE
     /tmp/cc9fXMzI.s:325    .bss:0000000000000000 .LANCHOR0
     /tmp/cc9fXMzI.s:339    .text:00000000000001bc .L0 
     /tmp/cc9fXMzI.s:27     .text:0000000000000010 .L0 
     /tmp/cc9fXMzI.s:123    .text:000000000000008c .L0 
     /tmp/cc9fXMzI.s:131    .text:0000000000000098 .L0 
     /tmp/cc9fXMzI.s:161    .text:00000000000000b8 .L0 
     /tmp/cc9fXMzI.s:231    .text:000000000000011c .L0 
     /tmp/cc9fXMzI.s:293    .text:0000000000000178 .L0 
     /tmp/cc9fXMzI.s:295    .text:0000000000000184 .L0 
     /tmp/cc9fXMzI.s:299    .text:0000000000000190 .L0 
     /tmp/cc9fXMzI.s:52     .text:0000000000000034 .L2
     /tmp/cc9fXMzI.s:33     .text:000000000000001c .L3
     /tmp/cc9fXMzI.s:97     .text:000000000000006c .L1
     /tmp/cc9fXMzI.s:107    .text:0000000000000078 .L10
     /tmp/cc9fXMzI.s:127    .text:0000000000000098 .L8
     /tmp/cc9fXMzI.s:118    .text:0000000000000088 .L6
     /tmp/cc9fXMzI.s:84     .text:0000000000000060 .L7
     /tmp/cc9fXMzI.s:264    .text:000000000000015c .L18
     /tmp/cc9fXMzI.s:182    .text:00000000000000d8 .L13
     /tmp/cc9fXMzI.s:166    .text:00000000000000c4 .L14
     /tmp/cc9fXMzI.s:227    .text:000000000000011c .L15
     /tmp/cc9fXMzI.s:203    .text:00000000000000f8 .L17
     /tmp/cc9fXMzI.s:233    .text:0000000000000128 .L22
     /tmp/cc9fXMzI.s:270    .text:0000000000000164 .L19
     /tmp/cc9fXMzI.s:247    .text:0000000000000140 .L23
     /tmp/cc9fXMzI.s:191    .text:00000000000000e4 .L16
GAS LISTING /tmp/cc9fXMzI.s 			page 12


     /tmp/cc9fXMzI.s:217    .text:0000000000000110 .L12
     /tmp/cc9fXMzI.s:1512   .debug_abbrev:0000000000000000 .Ldebug_abbrev0
     /tmp/cc9fXMzI.s:2843   .debug_str:000000000000070f .LASF139
     /tmp/cc9fXMzI.s:2695   .debug_str:0000000000000306 .LASF140
     /tmp/cc9fXMzI.s:2681   .debug_str:0000000000000276 .LASF141
     /tmp/cc9fXMzI.s:5      .text:0000000000000000 .Ltext0
     /tmp/cc9fXMzI.s:331    .text:00000000000001bc .Letext0
     /tmp/cc9fXMzI.s:2601   .debug_line:0000000000000000 .Ldebug_line0
     /tmp/cc9fXMzI.s:2699   .debug_str:0000000000000325 .LASF0
     /tmp/cc9fXMzI.s:2715   .debug_str:00000000000003b6 .LASF1
     /tmp/cc9fXMzI.s:2779   .debug_str:0000000000000559 .LASF2
     /tmp/cc9fXMzI.s:2787   .debug_str:0000000000000599 .LASF4
     /tmp/cc9fXMzI.s:2703   .debug_str:0000000000000349 .LASF3
     /tmp/cc9fXMzI.s:2617   .debug_str:0000000000000070 .LASF5
     /tmp/cc9fXMzI.s:2765   .debug_str:00000000000004fb .LASF6
     /tmp/cc9fXMzI.s:2763   .debug_str:00000000000004e8 .LASF7
     /tmp/cc9fXMzI.s:2709   .debug_str:0000000000000395 .LASF8
     /tmp/cc9fXMzI.s:2683   .debug_str:0000000000000284 .LASF9
     /tmp/cc9fXMzI.s:2689   .debug_str:00000000000002bf .LASF10
     /tmp/cc9fXMzI.s:2643   .debug_str:0000000000000157 .LASF11
     /tmp/cc9fXMzI.s:2677   .debug_str:000000000000025e .LASF12
     /tmp/cc9fXMzI.s:2657   .debug_str:00000000000001be .LASF13
     /tmp/cc9fXMzI.s:2641   .debug_str:0000000000000147 .LASF14
     /tmp/cc9fXMzI.s:2821   .debug_str:0000000000000694 .LASF15
     /tmp/cc9fXMzI.s:2669   .debug_str:000000000000020b .LASF16
     /tmp/cc9fXMzI.s:2807   .debug_str:000000000000060a .LASF17
     /tmp/cc9fXMzI.s:2757   .debug_str:00000000000004c4 .LASF24
     /tmp/cc9fXMzI.s:2777   .debug_str:000000000000054f .LASF49
     /tmp/cc9fXMzI.s:2713   .debug_str:00000000000003b1 .LASF18
     /tmp/cc9fXMzI.s:2645   .debug_str:0000000000000166 .LASF19
     /tmp/cc9fXMzI.s:2899   .debug_str:0000000000000986 .LASF20
     /tmp/cc9fXMzI.s:2687   .debug_str:000000000000029f .LASF22
     /tmp/cc9fXMzI.s:2857   .debug_str:000000000000082a .LASF21
     /tmp/cc9fXMzI.s:2705   .debug_str:000000000000035b .LASF23
     /tmp/cc9fXMzI.s:2801   .debug_str:00000000000005eb .LASF77
     /tmp/cc9fXMzI.s:2813   .debug_str:0000000000000644 .LASF79
     /tmp/cc9fXMzI.s:2623   .debug_str:0000000000000097 .LASF90
     /tmp/cc9fXMzI.s:2815   .debug_str:0000000000000667 .LASF26
     /tmp/cc9fXMzI.s:2869   .debug_str:0000000000000892 .LASF25
     /tmp/cc9fXMzI.s:2863   .debug_str:0000000000000854 .LASF142
     /tmp/cc9fXMzI.s:2741   .debug_str:0000000000000487 .LASF27
     /tmp/cc9fXMzI.s:2737   .debug_str:000000000000046b .LASF28
     /tmp/cc9fXMzI.s:2809   .debug_str:0000000000000620 .LASF29
     /tmp/cc9fXMzI.s:2675   .debug_str:0000000000000247 .LASF31
     /tmp/cc9fXMzI.s:2781   .debug_str:0000000000000567 .LASF143
     /tmp/cc9fXMzI.s:2773   .debug_str:000000000000052d .LASF144
     /tmp/cc9fXMzI.s:2665   .debug_str:00000000000001ea .LASF30
     /tmp/cc9fXMzI.s:2667   .debug_str:00000000000001f2 .LASF32
     /tmp/cc9fXMzI.s:2711   .debug_str:00000000000003a8 .LASF33
     /tmp/cc9fXMzI.s:2633   .debug_str:00000000000000f5 .LASF34
     /tmp/cc9fXMzI.s:2725   .debug_str:0000000000000428 .LASF35
     /tmp/cc9fXMzI.s:2671   .debug_str:0000000000000221 .LASF36
     /tmp/cc9fXMzI.s:2759   .debug_str:00000000000004d4 .LASF37
     /tmp/cc9fXMzI.s:2871   .debug_str:000000000000089c .LASF38
     /tmp/cc9fXMzI.s:2901   .debug_str:000000000000098f .LASF39
     /tmp/cc9fXMzI.s:2887   .debug_str:000000000000090e .LASF40
     /tmp/cc9fXMzI.s:2797   .debug_str:00000000000005db .LASF41
GAS LISTING /tmp/cc9fXMzI.s 			page 13


     /tmp/cc9fXMzI.s:2707   .debug_str:0000000000000378 .LASF42
     /tmp/cc9fXMzI.s:2771   .debug_str:0000000000000524 .LASF43
     /tmp/cc9fXMzI.s:2611   .debug_str:0000000000000022 .LASF44
     /tmp/cc9fXMzI.s:2609   .debug_str:000000000000001c .LASF45
     /tmp/cc9fXMzI.s:2903   .debug_str:0000000000000999 .LASF46
     /tmp/cc9fXMzI.s:2727   .debug_str:0000000000000430 .LASF47
     /tmp/cc9fXMzI.s:2719   .debug_str:00000000000003df .LASF48
     /tmp/cc9fXMzI.s:2827   .debug_str:00000000000006ac .LASF50
     /tmp/cc9fXMzI.s:2829   .debug_str:00000000000006b4 .LASF51
     /tmp/cc9fXMzI.s:2739   .debug_str:0000000000000470 .LASF52
     /tmp/cc9fXMzI.s:2627   .debug_str:00000000000000c9 .LASF53
     /tmp/cc9fXMzI.s:2859   .debug_str:000000000000082f .LASF54
     /tmp/cc9fXMzI.s:2831   .debug_str:00000000000006bf .LASF55
     /tmp/cc9fXMzI.s:2653   .debug_str:000000000000019f .LASF56
     /tmp/cc9fXMzI.s:2873   .debug_str:00000000000008ba .LASF57
     /tmp/cc9fXMzI.s:2637   .debug_str:0000000000000118 .LASF58
     /tmp/cc9fXMzI.s:2861   .debug_str:0000000000000846 .LASF59
     /tmp/cc9fXMzI.s:2625   .debug_str:00000000000000b0 .LASF60
     /tmp/cc9fXMzI.s:2769   .debug_str:0000000000000517 .LASF61
     /tmp/cc9fXMzI.s:2837   .debug_str:00000000000006da .LASF62
     /tmp/cc9fXMzI.s:2791   .debug_str:00000000000005a5 .LASF63
     /tmp/cc9fXMzI.s:2639   .debug_str:000000000000012d .LASF64
     /tmp/cc9fXMzI.s:2851   .debug_str:00000000000007fc .LASF65
     /tmp/cc9fXMzI.s:2897   .debug_str:000000000000096d .LASF66
     /tmp/cc9fXMzI.s:2721   .debug_str:0000000000000402 .LASF67
     /tmp/cc9fXMzI.s:2865   .debug_str:0000000000000859 .LASF68
     /tmp/cc9fXMzI.s:2629   .debug_str:00000000000000d5 .LASF69
     /tmp/cc9fXMzI.s:2783   .debug_str:0000000000000571 .LASF70
     /tmp/cc9fXMzI.s:2761   .debug_str:00000000000004e0 .LASF71
     /tmp/cc9fXMzI.s:2883   .debug_str:00000000000008f4 .LASF72
     /tmp/cc9fXMzI.s:2835   .debug_str:00000000000006cf .LASF73
     /tmp/cc9fXMzI.s:2717   .debug_str:00000000000003c9 .LASF74
     /tmp/cc9fXMzI.s:2751   .debug_str:00000000000004b1 .LASF75
     /tmp/cc9fXMzI.s:2811   .debug_str:0000000000000633 .LASF76
     /tmp/cc9fXMzI.s:2635   .debug_str:0000000000000112 .LASF78
     /tmp/cc9fXMzI.s:2845   .debug_str:00000000000007d3 .LASF80
     /tmp/cc9fXMzI.s:2819   .debug_str:0000000000000687 .LASF81
     /tmp/cc9fXMzI.s:2867   .debug_str:0000000000000872 .LASF82
     /tmp/cc9fXMzI.s:2753   .debug_str:00000000000004b8 .LASF145
     /tmp/cc9fXMzI.s:2841   .debug_str:0000000000000707 .LASF83
     /tmp/cc9fXMzI.s:2789   .debug_str:00000000000005a0 .LASF84
     /tmp/cc9fXMzI.s:2615   .debug_str:0000000000000064 .LASF85
     /tmp/cc9fXMzI.s:2795   .debug_str:00000000000005ca .LASF86
     /tmp/cc9fXMzI.s:2661   .debug_str:00000000000001dc .LASF87
     /tmp/cc9fXMzI.s:2649   .debug_str:0000000000000176 .LASF88
     /tmp/cc9fXMzI.s:2775   .debug_str:0000000000000544 .LASF89
     /tmp/cc9fXMzI.s:2651   .debug_str:0000000000000189 .LASF91
     /tmp/cc9fXMzI.s:2733   .debug_str:000000000000044c .LASF92
     /tmp/cc9fXMzI.s:2691   .debug_str:00000000000002cd .LASF93
     /tmp/cc9fXMzI.s:2745   .debug_str:0000000000000494 .LASF94
     /tmp/cc9fXMzI.s:2891   .debug_str:0000000000000932 .LASF95
     /tmp/cc9fXMzI.s:2607   .debug_str:0000000000000017 .LASF96
     /tmp/cc9fXMzI.s:2731   .debug_str:0000000000000446 .LASF97
     /tmp/cc9fXMzI.s:2855   .debug_str:0000000000000822 .LASF98
     /tmp/cc9fXMzI.s:2847   .debug_str:00000000000007e3 .LASF99
     /tmp/cc9fXMzI.s:2849   .debug_str:00000000000007ed .LASF100
     /tmp/cc9fXMzI.s:2805   .debug_str:0000000000000601 .LASF101
GAS LISTING /tmp/cc9fXMzI.s 			page 14


     /tmp/cc9fXMzI.s:2747   .debug_str:000000000000049f .LASF102
     /tmp/cc9fXMzI.s:2803   .debug_str:00000000000005f6 .LASF103
     /tmp/cc9fXMzI.s:2673   .debug_str:000000000000023d .LASF104
     /tmp/cc9fXMzI.s:2655   .debug_str:00000000000001b5 .LASF105
     /tmp/cc9fXMzI.s:2825   .debug_str:00000000000006a7 .LASF106
     /tmp/cc9fXMzI.s:2895   .debug_str:0000000000000965 .LASF107
     /tmp/cc9fXMzI.s:2631   .debug_str:00000000000000e7 .LASF146
     /tmp/cc9fXMzI.s:2723   .debug_str:000000000000040f .LASF147
     /tmp/cc9fXMzI.s:2659   .debug_str:00000000000001ce .LASF110
     /tmp/cc9fXMzI.s:2613   .debug_str:000000000000003c .LASF148
     /tmp/cc9fXMzI.s:2785   .debug_str:000000000000058e .LASF108
     /tmp/cc9fXMzI.s:2879   .debug_str:00000000000008e2 .LASF109
     /tmp/cc9fXMzI.s:2767   .debug_str:0000000000000502 .LASF149
     /tmp/cc9fXMzI.s:2729   .debug_str:0000000000000441 .LASF111
     /tmp/cc9fXMzI.s:2749   .debug_str:00000000000004a7 .LASF112
     /tmp/cc9fXMzI.s:2605   .debug_str:0000000000000005 .LASF113
     /tmp/cc9fXMzI.s:2685   .debug_str:0000000000000294 .LASF114
     /tmp/cc9fXMzI.s:2875   .debug_str:00000000000008c4 .LASF115
     /tmp/cc9fXMzI.s:2663   .debug_str:00000000000001e5 .LASF116
     /tmp/cc9fXMzI.s:2839   .debug_str:00000000000006f2 .LASF117
     /tmp/cc9fXMzI.s:2823   .debug_str:00000000000006a0 .LASF118
     /tmp/cc9fXMzI.s:2793   .debug_str:00000000000005b3 .LASF119
     /tmp/cc9fXMzI.s:2881   .debug_str:00000000000008ed .LASF120
     /tmp/cc9fXMzI.s:2701   .debug_str:0000000000000332 .LASF121
     /tmp/cc9fXMzI.s:2679   .debug_str:000000000000026d .LASF122
     /tmp/cc9fXMzI.s:2853   .debug_str:0000000000000809 .LASF123
     /tmp/cc9fXMzI.s:2697   .debug_str:000000000000031f .LASF124
     /tmp/cc9fXMzI.s:2693   .debug_str:00000000000002f0 .LASF125
     /tmp/cc9fXMzI.s:2885   .debug_str:0000000000000906 .LASF126
     /tmp/cc9fXMzI.s:2621   .debug_str:000000000000007f .LASF127
     /tmp/cc9fXMzI.s:2619   .debug_str:0000000000000077 .LASF128
     /tmp/cc9fXMzI.s:2893   .debug_str:000000000000094d .LASF129
     /tmp/cc9fXMzI.s:2877   .debug_str:00000000000008d6 .LASF130
     /tmp/cc9fXMzI.s:2755   .debug_str:00000000000004bd .LASF131
     /tmp/cc9fXMzI.s:2833   .debug_str:00000000000006ca .LASF132
     /tmp/cc9fXMzI.s:2817   .debug_str:000000000000066c .LASF150
     /tmp/cc9fXMzI.s:282    .text:000000000000016c .LFB58
     /tmp/cc9fXMzI.s:320    .text:00000000000001bc .LFE58
     /tmp/cc9fXMzI.s:142    .text:00000000000000a4 .LFB57
     /tmp/cc9fXMzI.s:276    .text:000000000000016c .LFE57
     /tmp/cc9fXMzI.s:2400   .debug_loc:0000000000000000 .LLST4
     /tmp/cc9fXMzI.s:2743   .debug_str:000000000000048c .LASF133
     /tmp/cc9fXMzI.s:2445   .debug_loc:00000000000000b4 .LLST5
     /tmp/cc9fXMzI.s:2603   .debug_str:0000000000000000 .LASF134
     /tmp/cc9fXMzI.s:2460   .debug_loc:00000000000000fd .LLST6
     /tmp/cc9fXMzI.s:2799   .debug_str:00000000000005e6 .LASF135
     /tmp/cc9fXMzI.s:2488   .debug_loc:0000000000000180 .LLST7
     /tmp/cc9fXMzI.s:10     .text:0000000000000000 .LFB56
     /tmp/cc9fXMzI.s:136    .text:00000000000000a4 .LFE56
     /tmp/cc9fXMzI.s:2735   .debug_str:0000000000000464 .LASF136
     /tmp/cc9fXMzI.s:2508   .debug_loc:00000000000001dd .LLST0
     /tmp/cc9fXMzI.s:2647   .debug_str:000000000000016b .LASF137
     /tmp/cc9fXMzI.s:2521   .debug_loc:0000000000000215 .LLST1
     /tmp/cc9fXMzI.s:2541   .debug_loc:0000000000000272 .LLST2
     /tmp/cc9fXMzI.s:2593   .debug_ranges:0000000000000000 .Ldebug_ranges0
     /tmp/cc9fXMzI.s:2889   .debug_str:0000000000000929 .LASF138
     /tmp/cc9fXMzI.s:2569   .debug_loc:00000000000002f5 .LLST3
GAS LISTING /tmp/cc9fXMzI.s 			page 15


     /tmp/cc9fXMzI.s:145    .text:00000000000000a4 .LVL12
     /tmp/cc9fXMzI.s:216    .text:0000000000000110 .LVL19
     /tmp/cc9fXMzI.s:226    .text:000000000000011c .LVL20
     /tmp/cc9fXMzI.s:261    .text:0000000000000158 .LVL22
     /tmp/cc9fXMzI.s:263    .text:000000000000015c .LVL23
     /tmp/cc9fXMzI.s:267    .text:0000000000000160 .LVL24
     /tmp/cc9fXMzI.s:269    .text:0000000000000164 .LVL25
     /tmp/cc9fXMzI.s:273    .text:0000000000000168 .LVL26
     /tmp/cc9fXMzI.s:157    .text:00000000000000b8 .LVL13
     /tmp/cc9fXMzI.s:165    .text:00000000000000c4 .LVL15
     /tmp/cc9fXMzI.s:173    .text:00000000000000cc .LVL16
     /tmp/cc9fXMzI.s:179    .text:00000000000000d4 .LVL17
     /tmp/cc9fXMzI.s:162    .text:00000000000000c0 .LVL14
     /tmp/cc9fXMzI.s:202    .text:00000000000000f8 .LVL18
     /tmp/cc9fXMzI.s:243    .text:0000000000000138 .LVL21
     /tmp/cc9fXMzI.s:14     .text:0000000000000000 .LVL0
     /tmp/cc9fXMzI.s:28     .text:0000000000000018 .LVL2
     /tmp/cc9fXMzI.s:43     .text:0000000000000028 .LVL4
     /tmp/cc9fXMzI.s:49     .text:0000000000000030 .LVL5
     /tmp/cc9fXMzI.s:96     .text:000000000000006c .LVL8
     /tmp/cc9fXMzI.s:106    .text:0000000000000078 .LVL9
     /tmp/cc9fXMzI.s:32     .text:000000000000001c .LVL3
     /tmp/cc9fXMzI.s:83     .text:0000000000000060 .LVL7
     /tmp/cc9fXMzI.s:124    .text:0000000000000094 .LVL10
     /tmp/cc9fXMzI.s:126    .text:0000000000000098 .LVL11
     /tmp/cc9fXMzI.s:67     .text:0000000000000048 .LVL6
     /tmp/cc9fXMzI.s:340    .debug_info:0000000000000000 .Ldebug_info0
     /tmp/cc9fXMzI.s:61     .text:0000000000000040 .LBB3
     /tmp/cc9fXMzI.s:85     .text:0000000000000060 .LBE3
     /tmp/cc9fXMzI.s:128    .text:0000000000000098 .LBB4
     /tmp/cc9fXMzI.s:133    .text:00000000000000a4 .LBE4

UNDEFINED SYMBOLS
HEAP_START_ADDR
HEAP_END_ADDR
