GAS LISTING /tmp/cc2czJ5d.s 			page 1


   1              		.file	"periodicthread.cpp"
   2              		.option pic
   3              		.option norelax
   4              		.text
   5              	.Ltext0:
   6              		.section	.text._ZN14PeriodicThread18periodicActivationEv,"axG",@progbits,_ZN14PeriodicThread18peri
   7              		.align	2
   8              		.weak	_ZN14PeriodicThread18periodicActivationEv
  10              	_ZN14PeriodicThread18periodicActivationEv:
  11              	.LFB57:
  12              		.file 1 "src/../h/periodicthread.hpp"
   1:src/../h/periodicthread.hpp **** #pragma once
   2:src/../h/periodicthread.hpp **** #include "../lib/hw.h"
   3:src/../h/periodicthread.hpp **** #include "thread.hpp"
   4:src/../h/periodicthread.hpp **** 
   5:src/../h/periodicthread.hpp **** class PeriodicThread : public Thread {
   6:src/../h/periodicthread.hpp **** public:
   7:src/../h/periodicthread.hpp ****     void terminate ();
   8:src/../h/periodicthread.hpp **** protected:
   9:src/../h/periodicthread.hpp ****     PeriodicThread (time_t period);
  10:src/../h/periodicthread.hpp ****     virtual void periodicActivation () {}
  13              		.loc 1 10 18
  14              		.cfi_startproc
  15              	.LVL0:
  16 0000 130101FF 		addi	sp,sp,-16
  17              		.cfi_def_cfa_offset 16
  18 0004 23348100 		sd	s0,8(sp)
  19              		.cfi_offset 8, -8
  20 0008 13040101 		addi	s0,sp,16
  21              		.cfi_def_cfa 8, 0
  22              		.loc 1 10 41 is_stmt 0
  23 000c 03348100 		ld	s0,8(sp)
  24              		.cfi_restore 8
  25              		.cfi_def_cfa 2, 16
  26 0010 13010101 		addi	sp,sp,16
  27              		.cfi_def_cfa_offset 0
  28 0014 67800000 		jr	ra
  29              		.cfi_endproc
  30              	.LFE57:
  32              		.text
  33              		.align	2
  34              		.globl	_ZN14PeriodicThread3runEv
  36              	_ZN14PeriodicThread3runEv:
  37              	.LFB62:
  38              		.file 2 "src/periodicthread.cpp"
   1:src/periodicthread.cpp **** #include "../h/periodicthread.hpp"
   2:src/periodicthread.cpp **** 
   3:src/periodicthread.cpp **** #include "../h/tcb.hpp"
   4:src/periodicthread.cpp **** 
   5:src/periodicthread.cpp **** PeriodicThread::PeriodicThread (time_t period) : Thread(), period(period) {
   6:src/periodicthread.cpp **** 
   7:src/periodicthread.cpp **** }
   8:src/periodicthread.cpp **** 
   9:src/periodicthread.cpp **** void PeriodicThread::terminate () {
  10:src/periodicthread.cpp ****     TCB * t = (TCB*) myHandle;
  11:src/periodicthread.cpp ****     if (myHandle == nullptr) {
  12:src/periodicthread.cpp ****         return;
GAS LISTING /tmp/cc2czJ5d.s 			page 2


  13:src/periodicthread.cpp ****     }
  14:src/periodicthread.cpp ****     if (t) {
  15:src/periodicthread.cpp ****         t->setTerminated(true);
  16:src/periodicthread.cpp ****     }
  17:src/periodicthread.cpp **** }
  18:src/periodicthread.cpp **** 
  19:src/periodicthread.cpp **** void PeriodicThread::run () {
  39              		.loc 2 19 29 is_stmt 1
  40              		.cfi_startproc
  41              	.LVL1:
  42 0000 130101FE 		addi	sp,sp,-32
  43              		.cfi_def_cfa_offset 32
  44 0004 233C1100 		sd	ra,24(sp)
  45 0008 23388100 		sd	s0,16(sp)
  46 000c 23349100 		sd	s1,8(sp)
  47 0010 23302101 		sd	s2,0(sp)
  48              		.cfi_offset 1, -8
  49              		.cfi_offset 8, -16
  50              		.cfi_offset 9, -24
  51              		.cfi_offset 18, -32
  52 0014 13040102 		addi	s0,sp,32
  53              		.cfi_def_cfa 8, 0
  54 0018 93040500 		mv	s1,a0
  20:src/periodicthread.cpp ****     time_t p = this->period;
  55              		.loc 2 20 5
  56              		.loc 2 20 12 is_stmt 0
  57 001c 03390502 		ld	s2,32(a0)
  58              	.LVL2:
  59              	.L5:
  21:src/periodicthread.cpp ****     while (1) {
  60              		.loc 2 21 5 is_stmt 1
  22:src/periodicthread.cpp ****         if (((TCB*)myHandle)->getTerminated()) { break; }
  61              		.loc 2 22 9
  62              		.loc 2 22 20 is_stmt 0
  63 0020 83B78400 		ld	a5,8(s1)
  64              	.LVL3:
  65              	.LBB13:
  66              	.LBB14:
  67              		.file 3 "src/../h/../h/tcb.hpp"
   1:src/../h/../h/tcb.hpp **** //
   2:src/../h/../h/tcb.hpp **** // Created by os on 6/8/26.
   3:src/../h/../h/tcb.hpp **** //
   4:src/../h/../h/tcb.hpp **** 
   5:src/../h/../h/tcb.hpp **** #ifndef PROJECT_BASE_V1_1_CCB_HPP
   6:src/../h/../h/tcb.hpp **** #define PROJECT_BASE_V1_1_CCB_HPP
   7:src/../h/../h/tcb.hpp **** #include "printing.hpp"
   8:src/../h/../h/tcb.hpp **** #include "../lib/hw.h"
   9:src/../h/../h/tcb.hpp **** #include "scheduler.hpp"
  10:src/../h/../h/tcb.hpp **** #include "riscv.hpp"
  11:src/../h/../h/tcb.hpp **** #include "semkernel.hpp"
  12:src/../h/../h/tcb.hpp **** 
  13:src/../h/../h/tcb.hpp **** 
  14:src/../h/../h/tcb.hpp **** class TCB {
  15:src/../h/../h/tcb.hpp **** public:
  16:src/../h/../h/tcb.hpp ****     static int ID;
  17:src/../h/../h/tcb.hpp ****     int id;
  18:src/../h/../h/tcb.hpp **** 
GAS LISTING /tmp/cc2czJ5d.s 			page 3


  19:src/../h/../h/tcb.hpp ****     bool isFinished() const {
  20:src/../h/../h/tcb.hpp ****         return finished;
  21:src/../h/../h/tcb.hpp ****     }
  22:src/../h/../h/tcb.hpp ****     void setFinished(bool stat) {
  23:src/../h/../h/tcb.hpp ****         this->finished = stat;
  24:src/../h/../h/tcb.hpp ****     }
  25:src/../h/../h/tcb.hpp **** 
  26:src/../h/../h/tcb.hpp ****     void setBlocked(bool stat) {
  27:src/../h/../h/tcb.hpp ****         this->blocked = stat;
  28:src/../h/../h/tcb.hpp ****     }
  29:src/../h/../h/tcb.hpp **** 
  30:src/../h/../h/tcb.hpp ****     bool isBlocked() const {
  31:src/../h/../h/tcb.hpp ****         return blocked;
  32:src/../h/../h/tcb.hpp ****     }
  33:src/../h/../h/tcb.hpp **** 
  34:src/../h/../h/tcb.hpp ****     void setTerminated(bool stat) {
  35:src/../h/../h/tcb.hpp ****         this->terminated = stat;
  36:src/../h/../h/tcb.hpp ****     }
  37:src/../h/../h/tcb.hpp **** 
  38:src/../h/../h/tcb.hpp ****     void setSemStatus(int status) {
  39:src/../h/../h/tcb.hpp ****         this->semStatus = status;
  40:src/../h/../h/tcb.hpp ****     }
  41:src/../h/../h/tcb.hpp **** 
  42:src/../h/../h/tcb.hpp ****     bool getTerminated() const {
  43:src/../h/../h/tcb.hpp ****         return terminated;
  68              		.loc 3 43 9 is_stmt 1
  69              		.loc 3 43 16 is_stmt 0
  70 0024 83C7A703 		lbu	a5,58(a5)
  71              	.LVL4:
  72              	.LBE14:
  73              	.LBE13:
  74              		.loc 2 22 9
  75 0028 639C0706 		bnez	a5,.L4
  23:src/periodicthread.cpp ****         periodicActivation();
  76              		.loc 2 23 9 is_stmt 1
  77              		.loc 2 23 28 is_stmt 0
  78 002c 83B70400 		ld	a5,0(s1)
  79 0030 83B78701 		ld	a5,24(a5)
  80              		.loc 2 23 27
  81 0034 13850400 		mv	a0,s1
  82 0038 E7800700 		jalr	a5
  83              	.LVL5:
  24:src/periodicthread.cpp ****         if (((TCB*)myHandle)->getTerminated()) { break; }
  84              		.loc 2 24 9 is_stmt 1
  85              		.loc 2 24 20 is_stmt 0
  86 003c 83B78400 		ld	a5,8(s1)
  87              	.LVL6:
  88              	.LBB15:
  89              	.LBB16:
  90              		.loc 3 43 9 is_stmt 1
  91              		.loc 3 43 16 is_stmt 0
  92 0040 83C7A703 		lbu	a5,58(a5)
  93              	.LVL7:
  94              	.LBE16:
  95              	.LBE15:
  96              		.loc 2 24 9
  97 0044 639E0704 		bnez	a5,.L4
GAS LISTING /tmp/cc2czJ5d.s 			page 4


  25:src/periodicthread.cpp ****         Console::putc('s');
  98              		.loc 2 25 9 is_stmt 1
  99              		.loc 2 25 22 is_stmt 0
 100 0048 13053007 		li	a0,115
 101 004c 97000000 		call	_ZN7Console4putcEc@plt
 101      E7800000 
 102              	.LVL8:
  26:src/periodicthread.cpp ****         Console::putc('l');
 103              		.loc 2 26 9 is_stmt 1
 104              		.loc 2 26 22 is_stmt 0
 105 0054 1305C006 		li	a0,108
 106 0058 97000000 		call	_ZN7Console4putcEc@plt
 106      E7800000 
 107              	.LVL9:
  27:src/periodicthread.cpp ****         Console::putc('e');
 108              		.loc 2 27 9 is_stmt 1
 109              		.loc 2 27 22 is_stmt 0
 110 0060 13055006 		li	a0,101
 111 0064 97000000 		call	_ZN7Console4putcEc@plt
 111      E7800000 
 112              	.LVL10:
  28:src/periodicthread.cpp ****         Console::putc('e');
 113              		.loc 2 28 9 is_stmt 1
 114              		.loc 2 28 22 is_stmt 0
 115 006c 13055006 		li	a0,101
 116 0070 97000000 		call	_ZN7Console4putcEc@plt
 116      E7800000 
 117              	.LVL11:
  29:src/periodicthread.cpp ****         Console::putc('p');
 118              		.loc 2 29 9 is_stmt 1
 119              		.loc 2 29 22 is_stmt 0
 120 0078 13050007 		li	a0,112
 121 007c 97000000 		call	_ZN7Console4putcEc@plt
 121      E7800000 
 122              	.LVL12:
  30:src/periodicthread.cpp ****         Console::putc('\n');
 123              		.loc 2 30 9 is_stmt 1
 124              		.loc 2 30 22 is_stmt 0
 125 0084 1305A000 		li	a0,10
 126 0088 97000000 		call	_ZN7Console4putcEc@plt
 126      E7800000 
 127              	.LVL13:
  31:src/periodicthread.cpp ****         time_sleep(p);
 128              		.loc 2 31 9 is_stmt 1
 129              		.loc 2 31 19 is_stmt 0
 130 0090 13050900 		mv	a0,s2
 131 0094 97000000 		call	_Z10time_sleepm@plt
 131      E7800000 
 132              	.LVL14:
  21:src/periodicthread.cpp ****         if (((TCB*)myHandle)->getTerminated()) { break; }
 133              		.loc 2 21 5 is_stmt 1
  22:src/periodicthread.cpp ****         periodicActivation();
 134              		.loc 2 22 9 is_stmt 0
 135 009c 6FF05FF8 		j	.L5
 136              	.L4:
  32:src/periodicthread.cpp ****     }
  33:src/periodicthread.cpp ****     Console::putc('b');
GAS LISTING /tmp/cc2czJ5d.s 			page 5


 137              		.loc 2 33 5 is_stmt 1
 138              		.loc 2 33 18 is_stmt 0
 139 00a0 13052006 		li	a0,98
 140 00a4 97000000 		call	_ZN7Console4putcEc@plt
 140      E7800000 
 141              	.LVL15:
  34:src/periodicthread.cpp ****     Console::putc('r');
 142              		.loc 2 34 5 is_stmt 1
 143              		.loc 2 34 18 is_stmt 0
 144 00ac 13052007 		li	a0,114
 145 00b0 97000000 		call	_ZN7Console4putcEc@plt
 145      E7800000 
 146              	.LVL16:
  35:src/periodicthread.cpp ****     Console::putc('e');
 147              		.loc 2 35 5 is_stmt 1
 148              		.loc 2 35 18 is_stmt 0
 149 00b8 13055006 		li	a0,101
 150 00bc 97000000 		call	_ZN7Console4putcEc@plt
 150      E7800000 
 151              	.LVL17:
  36:src/periodicthread.cpp ****     Console::putc('a');
 152              		.loc 2 36 5 is_stmt 1
 153              		.loc 2 36 18 is_stmt 0
 154 00c4 13051006 		li	a0,97
 155 00c8 97000000 		call	_ZN7Console4putcEc@plt
 155      E7800000 
 156              	.LVL18:
  37:src/periodicthread.cpp ****     Console::putc('k');
 157              		.loc 2 37 5 is_stmt 1
 158              		.loc 2 37 18 is_stmt 0
 159 00d0 1305B006 		li	a0,107
 160 00d4 97000000 		call	_ZN7Console4putcEc@plt
 160      E7800000 
 161              	.LVL19:
  38:src/periodicthread.cpp ****     Console::putc('\n');
 162              		.loc 2 38 5 is_stmt 1
 163              		.loc 2 38 18 is_stmt 0
 164 00dc 1305A000 		li	a0,10
 165 00e0 97000000 		call	_ZN7Console4putcEc@plt
 165      E7800000 
 166              	.LVL20:
  39:src/periodicthread.cpp ****     ((TCB*)myHandle)->setFinished(true);
 167              		.loc 2 39 5 is_stmt 1
 168              		.loc 2 39 12 is_stmt 0
 169 00e8 83B78400 		ld	a5,8(s1)
 170              	.LVL21:
 171              	.LBB17:
 172              	.LBB18:
  23:src/../h/../h/tcb.hpp ****     }
 173              		.loc 3 23 9 is_stmt 1
  23:src/../h/../h/tcb.hpp ****     }
 174              		.loc 3 23 24 is_stmt 0
 175 00ec 13071000 		li	a4,1
 176 00f0 238CE702 		sb	a4,56(a5)
 177              	.LVL22:
 178              	.LBE18:
 179              	.LBE17:
GAS LISTING /tmp/cc2czJ5d.s 			page 6


  40:src/periodicthread.cpp **** }...
 180              		.loc 2 40 1
 181 00f4 83308101 		ld	ra,24(sp)
 182              		.cfi_restore 1
 183 00f8 03340101 		ld	s0,16(sp)
 184              		.cfi_restore 8
 185              		.cfi_def_cfa 2, 32
 186 00fc 83348100 		ld	s1,8(sp)
 187              		.cfi_restore 9
 188              	.LVL23:
 189 0100 03390100 		ld	s2,0(sp)
 190              		.cfi_restore 18
 191              	.LVL24:
 192 0104 13010102 		addi	sp,sp,32
 193              		.cfi_def_cfa_offset 0
 194 0108 67800000 		jr	ra
 195              		.cfi_endproc
 196              	.LFE62:
 198              		.section	.text._ZN14PeriodicThreadD2Ev,"axG",@progbits,_ZN14PeriodicThreadD5Ev,comdat
 199              		.align	2
 200              		.weak	_ZN14PeriodicThreadD2Ev
 202              	_ZN14PeriodicThreadD2Ev:
 203              	.LFB64:
   5:src/../h/periodicthread.hpp **** public:
 204              		.loc 1 5 7 is_stmt 1
 205              		.cfi_startproc
 206              	.LVL25:
 207 0000 130101FF 		addi	sp,sp,-16
 208              		.cfi_def_cfa_offset 16
 209 0004 23341100 		sd	ra,8(sp)
 210 0008 23308100 		sd	s0,0(sp)
 211              		.cfi_offset 1, -8
 212              		.cfi_offset 8, -16
 213 000c 13040101 		addi	s0,sp,16
 214              		.cfi_def_cfa 8, 0
 215              	.LBB19:
   5:src/../h/periodicthread.hpp **** public:
 216              		.loc 1 5 7 is_stmt 0
 217 0010 97070000 		lla	a5,_ZTV14PeriodicThread+16
 217      93870700 
 218 0018 2330F500 		sd	a5,0(a0)
 219 001c 97000000 		call	_ZN6ThreadD2Ev@plt
 219      E7800000 
 220              	.LVL26:
 221              	.LBE19:
 222 0024 83308100 		ld	ra,8(sp)
 223              		.cfi_restore 1
 224 0028 03340100 		ld	s0,0(sp)
 225              		.cfi_restore 8
 226              		.cfi_def_cfa 2, 16
 227 002c 13010101 		addi	sp,sp,16
 228              		.cfi_def_cfa_offset 0
 229 0030 67800000 		jr	ra
 230              		.cfi_endproc
 231              	.LFE64:
 233              		.weak	_ZN14PeriodicThreadD1Ev
 234              		.set	_ZN14PeriodicThreadD1Ev,_ZN14PeriodicThreadD2Ev
GAS LISTING /tmp/cc2czJ5d.s 			page 7


 235              		.section	.text._ZN14PeriodicThreadD0Ev,"axG",@progbits,_ZN14PeriodicThreadD5Ev,comdat
 236              		.align	2
 237              		.weak	_ZN14PeriodicThreadD0Ev
 239              	_ZN14PeriodicThreadD0Ev:
 240              	.LFB66:
   5:src/../h/periodicthread.hpp **** public:
 241              		.loc 1 5 7 is_stmt 1
 242              		.cfi_startproc
 243              	.LVL27:
 244 0000 130101FE 		addi	sp,sp,-32
 245              		.cfi_def_cfa_offset 32
 246 0004 233C1100 		sd	ra,24(sp)
 247 0008 23388100 		sd	s0,16(sp)
 248 000c 23349100 		sd	s1,8(sp)
 249              		.cfi_offset 1, -8
 250              		.cfi_offset 8, -16
 251              		.cfi_offset 9, -24
 252 0010 13040102 		addi	s0,sp,32
 253              		.cfi_def_cfa 8, 0
 254 0014 93040500 		mv	s1,a0
 255              	.LVL28:
 256              	.LBB20:
 257              	.LBB21:
   5:src/../h/periodicthread.hpp **** public:
 258              		.loc 1 5 7 is_stmt 0
 259 0018 97070000 		lla	a5,_ZTV14PeriodicThread+16
 259      93870700 
 260 0020 2330F500 		sd	a5,0(a0)
 261 0024 97000000 		call	_ZN6ThreadD2Ev@plt
 261      E7800000 
 262              	.LVL29:
 263              	.LBE21:
 264              	.LBE20:
 265 002c 13850400 		mv	a0,s1
 266 0030 97000000 		call	_ZdlPv@plt
 266      E7800000 
 267              	.LVL30:
 268 0038 83308101 		ld	ra,24(sp)
 269              		.cfi_restore 1
 270 003c 03340101 		ld	s0,16(sp)
 271              		.cfi_restore 8
 272              		.cfi_def_cfa 2, 32
 273 0040 83348100 		ld	s1,8(sp)
 274              		.cfi_restore 9
 275              	.LVL31:
 276 0044 13010102 		addi	sp,sp,32
 277              		.cfi_def_cfa_offset 0
 278 0048 67800000 		jr	ra
 279              		.cfi_endproc
 280              	.LFE66:
 282              		.text
 283              		.align	2
 284              		.globl	_ZN14PeriodicThreadC2Em
 286              	_ZN14PeriodicThreadC2Em:
 287              	.LFB59:
   5:src/periodicthread.cpp **** PeriodicThread::PeriodicThread (time_t period) : Thread(), period(period) {
 288              		.loc 2 5 1 is_stmt 1
GAS LISTING /tmp/cc2czJ5d.s 			page 8


 289              		.cfi_startproc
 290              	.LVL32:
 291 010c 130101FE 		addi	sp,sp,-32
 292              		.cfi_def_cfa_offset 32
 293 0110 233C1100 		sd	ra,24(sp)
 294 0114 23388100 		sd	s0,16(sp)
 295 0118 23349100 		sd	s1,8(sp)
 296 011c 23302101 		sd	s2,0(sp)
 297              		.cfi_offset 1, -8
 298              		.cfi_offset 8, -16
 299              		.cfi_offset 9, -24
 300              		.cfi_offset 18, -32
 301 0120 13040102 		addi	s0,sp,32
 302              		.cfi_def_cfa 8, 0
 303 0124 93040500 		mv	s1,a0
 304 0128 13890500 		mv	s2,a1
 305              	.LBB22:
   5:src/periodicthread.cpp **** PeriodicThread::PeriodicThread (time_t period) : Thread(), period(period) {
 306              		.loc 2 5 73 is_stmt 0
 307 012c 97000000 		call	_ZN6ThreadC2Ev@plt
 307      E7800000 
 308              	.LVL33:
 309 0134 97070000 		lla	a5,_ZTV14PeriodicThread+16
 309      93870700 
 310 013c 23B0F400 		sd	a5,0(s1)
 311 0140 23B02403 		sd	s2,32(s1)
 312              	.LBE22:
   7:src/periodicthread.cpp **** }
 313              		.loc 2 7 1
 314 0144 83308101 		ld	ra,24(sp)
 315              		.cfi_restore 1
 316 0148 03340101 		ld	s0,16(sp)
 317              		.cfi_restore 8
 318              		.cfi_def_cfa 2, 32
 319 014c 83348100 		ld	s1,8(sp)
 320              		.cfi_restore 9
 321              	.LVL34:
 322 0150 03390100 		ld	s2,0(sp)
 323              		.cfi_restore 18
 324              	.LVL35:
 325 0154 13010102 		addi	sp,sp,32
 326              		.cfi_def_cfa_offset 0
 327 0158 67800000 		jr	ra
 328              		.cfi_endproc
 329              	.LFE59:
 331              		.globl	_ZN14PeriodicThreadC1Em
 332              		.set	_ZN14PeriodicThreadC1Em,_ZN14PeriodicThreadC2Em
 333              		.align	2
 334              		.globl	_ZN14PeriodicThread9terminateEv
 336              	_ZN14PeriodicThread9terminateEv:
 337              	.LFB61:
   9:src/periodicthread.cpp **** void PeriodicThread::terminate () {
 338              		.loc 2 9 35 is_stmt 1
 339              		.cfi_startproc
 340              	.LVL36:
 341 015c 130101FF 		addi	sp,sp,-16
 342              		.cfi_def_cfa_offset 16
GAS LISTING /tmp/cc2czJ5d.s 			page 9


 343 0160 23348100 		sd	s0,8(sp)
 344              		.cfi_offset 8, -8
 345 0164 13040101 		addi	s0,sp,16
 346              		.cfi_def_cfa 8, 0
  10:src/periodicthread.cpp ****     TCB * t = (TCB*) myHandle;
 347              		.loc 2 10 5
  10:src/periodicthread.cpp ****     TCB * t = (TCB*) myHandle;
 348              		.loc 2 10 11 is_stmt 0
 349 0168 83378500 		ld	a5,8(a0)
 350              	.LVL37:
  11:src/periodicthread.cpp ****     if (myHandle == nullptr) {
 351              		.loc 2 11 5 is_stmt 1
 352 016c 63860700 		beqz	a5,.L13
  14:src/periodicthread.cpp ****     if (t) {
 353              		.loc 2 14 5
  15:src/periodicthread.cpp ****         t->setTerminated(true);
 354              		.loc 2 15 9
 355              	.LVL38:
 356              	.LBB23:
 357              	.LBB24:
  35:src/../h/../h/tcb.hpp ****     }
 358              		.loc 3 35 9
  35:src/../h/../h/tcb.hpp ****     }
 359              		.loc 3 35 26 is_stmt 0
 360 0170 13071000 		li	a4,1
 361 0174 238DE702 		sb	a4,58(a5)
 362              	.LVL39:
 363              	.L13:
 364              	.LBE24:
 365              	.LBE23:
  17:src/periodicthread.cpp **** }
 366              		.loc 2 17 1
 367 0178 03348100 		ld	s0,8(sp)
 368              		.cfi_restore 8
 369              		.cfi_def_cfa 2, 16
 370 017c 13010101 		addi	sp,sp,16
 371              		.cfi_def_cfa_offset 0
 372 0180 67800000 		jr	ra
 373              		.cfi_endproc
 374              	.LFE61:
 376              		.weak	_ZTV14PeriodicThread
 377              		.section	.data.rel.ro.local._ZTV14PeriodicThread,"awG",@progbits,_ZTV14PeriodicThread,comdat
 378              		.align	3
 381              	_ZTV14PeriodicThread:
 382 0000 00000000 		.dword	0
 382      00000000 
 383 0008 00000000 		.dword	0
 383      00000000 
 384 0010 00000000 		.dword	_ZN14PeriodicThreadD1Ev
 384      00000000 
 385 0018 00000000 		.dword	_ZN14PeriodicThreadD0Ev
 385      00000000 
 386 0020 00000000 		.dword	_ZN14PeriodicThread3runEv
 386      00000000 
 387 0028 00000000 		.dword	_ZN14PeriodicThread18periodicActivationEv
 387      00000000 
 388              		.text
GAS LISTING /tmp/cc2czJ5d.s 			page 10


 389              	.Letext0:
 390              		.file 4 "src/../h/../lib/hw.h"
 391              		.file 5 "src/../h/list.hpp"
 392              		.file 6 "src/../h/../h/semkernel.hpp"
 393              		.file 7 "src/../h/../h/../h/consoleKernel.hpp"
 394              		.file 8 "src/../h/../h/../h/console.hpp"
 395              		.file 9 "src/../h/syscall_c.h"
GAS LISTING /tmp/cc2czJ5d.s 			page 11


DEFINED SYMBOLS
                            *ABS*:0000000000000000 periodicthread.cpp
     /tmp/cc2czJ5d.s:10     .text._ZN14PeriodicThread18periodicActivationEv:0000000000000000 _ZN14PeriodicThread18periodicActivationEv
     /tmp/cc2czJ5d.s:14     .text._ZN14PeriodicThread18periodicActivationEv:0000000000000000 .L0 
     /tmp/cc2czJ5d.s:16     .text._ZN14PeriodicThread18periodicActivationEv:0000000000000000 .L0 
     /tmp/cc2czJ5d.s:17     .text._ZN14PeriodicThread18periodicActivationEv:0000000000000004 .L0 
     /tmp/cc2czJ5d.s:19     .text._ZN14PeriodicThread18periodicActivationEv:0000000000000008 .L0 
     /tmp/cc2czJ5d.s:21     .text._ZN14PeriodicThread18periodicActivationEv:000000000000000c .L0 
     /tmp/cc2czJ5d.s:23     .text._ZN14PeriodicThread18periodicActivationEv:000000000000000c .L0 
     /tmp/cc2czJ5d.s:24     .text._ZN14PeriodicThread18periodicActivationEv:0000000000000010 .L0 
     /tmp/cc2czJ5d.s:25     .text._ZN14PeriodicThread18periodicActivationEv:0000000000000010 .L0 
     /tmp/cc2czJ5d.s:27     .text._ZN14PeriodicThread18periodicActivationEv:0000000000000014 .L0 
     /tmp/cc2czJ5d.s:29     .text._ZN14PeriodicThread18periodicActivationEv:0000000000000018 .L0 
     /tmp/cc2czJ5d.s:36     .text:0000000000000000 _ZN14PeriodicThread3runEv
     /tmp/cc2czJ5d.s:40     .text:0000000000000000 .L0 
     /tmp/cc2czJ5d.s:42     .text:0000000000000000 .L0 
     /tmp/cc2czJ5d.s:43     .text:0000000000000004 .L0 
     /tmp/cc2czJ5d.s:48     .text:0000000000000014 .L0 
     /tmp/cc2czJ5d.s:49     .text:0000000000000014 .L0 
     /tmp/cc2czJ5d.s:50     .text:0000000000000014 .L0 
     /tmp/cc2czJ5d.s:51     .text:0000000000000014 .L0 
     /tmp/cc2czJ5d.s:53     .text:0000000000000018 .L0 
     /tmp/cc2czJ5d.s:56     .text:000000000000001c .L0 
     /tmp/cc2czJ5d.s:57     .text:000000000000001c .L0 
     /tmp/cc2czJ5d.s:61     .text:0000000000000020 .L0 
     /tmp/cc2czJ5d.s:62     .text:0000000000000020 .L0 
     /tmp/cc2czJ5d.s:63     .text:0000000000000020 .L0 
     /tmp/cc2czJ5d.s:69     .text:0000000000000024 .L0 
     /tmp/cc2czJ5d.s:70     .text:0000000000000024 .L0 
     /tmp/cc2czJ5d.s:75     .text:0000000000000028 .L0 
     /tmp/cc2czJ5d.s:77     .text:000000000000002c .L0 
     /tmp/cc2czJ5d.s:78     .text:000000000000002c .L0 
     /tmp/cc2czJ5d.s:81     .text:0000000000000034 .L0 
     /tmp/cc2czJ5d.s:85     .text:000000000000003c .L0 
     /tmp/cc2czJ5d.s:86     .text:000000000000003c .L0 
     /tmp/cc2czJ5d.s:91     .text:0000000000000040 .L0 
     /tmp/cc2czJ5d.s:92     .text:0000000000000040 .L0 
     /tmp/cc2czJ5d.s:97     .text:0000000000000044 .L0 
     /tmp/cc2czJ5d.s:99     .text:0000000000000048 .L0 
     /tmp/cc2czJ5d.s:100    .text:0000000000000048 .L0 
     /tmp/cc2czJ5d.s:104    .text:0000000000000054 .L0 
     /tmp/cc2czJ5d.s:105    .text:0000000000000054 .L0 
     /tmp/cc2czJ5d.s:109    .text:0000000000000060 .L0 
     /tmp/cc2czJ5d.s:110    .text:0000000000000060 .L0 
     /tmp/cc2czJ5d.s:114    .text:000000000000006c .L0 
     /tmp/cc2czJ5d.s:115    .text:000000000000006c .L0 
     /tmp/cc2czJ5d.s:119    .text:0000000000000078 .L0 
     /tmp/cc2czJ5d.s:120    .text:0000000000000078 .L0 
     /tmp/cc2czJ5d.s:124    .text:0000000000000084 .L0 
     /tmp/cc2czJ5d.s:125    .text:0000000000000084 .L0 
     /tmp/cc2czJ5d.s:129    .text:0000000000000090 .L0 
     /tmp/cc2czJ5d.s:130    .text:0000000000000090 .L0 
     /tmp/cc2czJ5d.s:134    .text:000000000000009c .L0 
     /tmp/cc2czJ5d.s:135    .text:000000000000009c .L0 
     /tmp/cc2czJ5d.s:138    .text:00000000000000a0 .L0 
     /tmp/cc2czJ5d.s:139    .text:00000000000000a0 .L0 
     /tmp/cc2czJ5d.s:143    .text:00000000000000ac .L0 
GAS LISTING /tmp/cc2czJ5d.s 			page 12


     /tmp/cc2czJ5d.s:144    .text:00000000000000ac .L0 
     /tmp/cc2czJ5d.s:148    .text:00000000000000b8 .L0 
     /tmp/cc2czJ5d.s:149    .text:00000000000000b8 .L0 
     /tmp/cc2czJ5d.s:153    .text:00000000000000c4 .L0 
     /tmp/cc2czJ5d.s:154    .text:00000000000000c4 .L0 
     /tmp/cc2czJ5d.s:158    .text:00000000000000d0 .L0 
     /tmp/cc2czJ5d.s:159    .text:00000000000000d0 .L0 
     /tmp/cc2czJ5d.s:163    .text:00000000000000dc .L0 
     /tmp/cc2czJ5d.s:164    .text:00000000000000dc .L0 
     /tmp/cc2czJ5d.s:168    .text:00000000000000e8 .L0 
     /tmp/cc2czJ5d.s:169    .text:00000000000000e8 .L0 
     /tmp/cc2czJ5d.s:174    .text:00000000000000ec .L0 
     /tmp/cc2czJ5d.s:175    .text:00000000000000ec .L0 
     /tmp/cc2czJ5d.s:181    .text:00000000000000f4 .L0 
     /tmp/cc2czJ5d.s:182    .text:00000000000000f8 .L0 
     /tmp/cc2czJ5d.s:184    .text:00000000000000fc .L0 
     /tmp/cc2czJ5d.s:185    .text:00000000000000fc .L0 
     /tmp/cc2czJ5d.s:187    .text:0000000000000100 .L0 
     /tmp/cc2czJ5d.s:190    .text:0000000000000104 .L0 
     /tmp/cc2czJ5d.s:193    .text:0000000000000108 .L0 
     /tmp/cc2czJ5d.s:195    .text:000000000000010c .L0 
     /tmp/cc2czJ5d.s:202    .text._ZN14PeriodicThreadD2Ev:0000000000000000 _ZN14PeriodicThreadD2Ev
     /tmp/cc2czJ5d.s:205    .text._ZN14PeriodicThreadD2Ev:0000000000000000 .L0 
     /tmp/cc2czJ5d.s:207    .text._ZN14PeriodicThreadD2Ev:0000000000000000 .L0 
     /tmp/cc2czJ5d.s:208    .text._ZN14PeriodicThreadD2Ev:0000000000000004 .L0 
     /tmp/cc2czJ5d.s:211    .text._ZN14PeriodicThreadD2Ev:000000000000000c .L0 
     /tmp/cc2czJ5d.s:212    .text._ZN14PeriodicThreadD2Ev:000000000000000c .L0 
     /tmp/cc2czJ5d.s:214    .text._ZN14PeriodicThreadD2Ev:0000000000000010 .L0 
     /tmp/cc2czJ5d.s:381    .data.rel.ro.local._ZTV14PeriodicThread:0000000000000000 _ZTV14PeriodicThread
     /tmp/cc2czJ5d.s:217    .text._ZN14PeriodicThreadD2Ev:0000000000000010 .L0 
     /tmp/cc2czJ5d.s:223    .text._ZN14PeriodicThreadD2Ev:0000000000000028 .L0 
     /tmp/cc2czJ5d.s:225    .text._ZN14PeriodicThreadD2Ev:000000000000002c .L0 
     /tmp/cc2czJ5d.s:226    .text._ZN14PeriodicThreadD2Ev:000000000000002c .L0 
     /tmp/cc2czJ5d.s:228    .text._ZN14PeriodicThreadD2Ev:0000000000000030 .L0 
     /tmp/cc2czJ5d.s:230    .text._ZN14PeriodicThreadD2Ev:0000000000000034 .L0 
     /tmp/cc2czJ5d.s:202    .text._ZN14PeriodicThreadD2Ev:0000000000000000 _ZN14PeriodicThreadD1Ev
     /tmp/cc2czJ5d.s:239    .text._ZN14PeriodicThreadD0Ev:0000000000000000 _ZN14PeriodicThreadD0Ev
     /tmp/cc2czJ5d.s:242    .text._ZN14PeriodicThreadD0Ev:0000000000000000 .L0 
     /tmp/cc2czJ5d.s:244    .text._ZN14PeriodicThreadD0Ev:0000000000000000 .L0 
     /tmp/cc2czJ5d.s:245    .text._ZN14PeriodicThreadD0Ev:0000000000000004 .L0 
     /tmp/cc2czJ5d.s:249    .text._ZN14PeriodicThreadD0Ev:0000000000000010 .L0 
     /tmp/cc2czJ5d.s:250    .text._ZN14PeriodicThreadD0Ev:0000000000000010 .L0 
     /tmp/cc2czJ5d.s:251    .text._ZN14PeriodicThreadD0Ev:0000000000000010 .L0 
     /tmp/cc2czJ5d.s:253    .text._ZN14PeriodicThreadD0Ev:0000000000000014 .L0 
     /tmp/cc2czJ5d.s:259    .text._ZN14PeriodicThreadD0Ev:0000000000000018 .L0 
     /tmp/cc2czJ5d.s:269    .text._ZN14PeriodicThreadD0Ev:000000000000003c .L0 
     /tmp/cc2czJ5d.s:271    .text._ZN14PeriodicThreadD0Ev:0000000000000040 .L0 
     /tmp/cc2czJ5d.s:272    .text._ZN14PeriodicThreadD0Ev:0000000000000040 .L0 
     /tmp/cc2czJ5d.s:274    .text._ZN14PeriodicThreadD0Ev:0000000000000044 .L0 
     /tmp/cc2czJ5d.s:277    .text._ZN14PeriodicThreadD0Ev:0000000000000048 .L0 
     /tmp/cc2czJ5d.s:279    .text._ZN14PeriodicThreadD0Ev:000000000000004c .L0 
     /tmp/cc2czJ5d.s:286    .text:000000000000010c _ZN14PeriodicThreadC2Em
     /tmp/cc2czJ5d.s:289    .text:000000000000010c .L0 
     /tmp/cc2czJ5d.s:291    .text:000000000000010c .L0 
     /tmp/cc2czJ5d.s:292    .text:0000000000000110 .L0 
     /tmp/cc2czJ5d.s:297    .text:0000000000000120 .L0 
     /tmp/cc2czJ5d.s:298    .text:0000000000000120 .L0 
GAS LISTING /tmp/cc2czJ5d.s 			page 13


     /tmp/cc2czJ5d.s:299    .text:0000000000000120 .L0 
     /tmp/cc2czJ5d.s:300    .text:0000000000000120 .L0 
     /tmp/cc2czJ5d.s:302    .text:0000000000000124 .L0 
     /tmp/cc2czJ5d.s:307    .text:000000000000012c .L0 
     /tmp/cc2czJ5d.s:314    .text:0000000000000144 .L0 
     /tmp/cc2czJ5d.s:315    .text:0000000000000148 .L0 
     /tmp/cc2czJ5d.s:317    .text:000000000000014c .L0 
     /tmp/cc2czJ5d.s:318    .text:000000000000014c .L0 
     /tmp/cc2czJ5d.s:320    .text:0000000000000150 .L0 
     /tmp/cc2czJ5d.s:323    .text:0000000000000154 .L0 
     /tmp/cc2czJ5d.s:326    .text:0000000000000158 .L0 
     /tmp/cc2czJ5d.s:328    .text:000000000000015c .L0 
     /tmp/cc2czJ5d.s:286    .text:000000000000010c _ZN14PeriodicThreadC1Em
     /tmp/cc2czJ5d.s:336    .text:000000000000015c _ZN14PeriodicThread9terminateEv
     /tmp/cc2czJ5d.s:339    .text:000000000000015c .L0 
     /tmp/cc2czJ5d.s:341    .text:000000000000015c .L0 
     /tmp/cc2czJ5d.s:342    .text:0000000000000160 .L0 
     /tmp/cc2czJ5d.s:344    .text:0000000000000164 .L0 
     /tmp/cc2czJ5d.s:346    .text:0000000000000168 .L0 
     /tmp/cc2czJ5d.s:348    .text:0000000000000168 .L0 
     /tmp/cc2czJ5d.s:349    .text:0000000000000168 .L0 
     /tmp/cc2czJ5d.s:352    .text:000000000000016c .L0 
     /tmp/cc2czJ5d.s:354    .text:0000000000000170 .L0 
     /tmp/cc2czJ5d.s:358    .text:0000000000000170 .L0 
     /tmp/cc2czJ5d.s:359    .text:0000000000000170 .L0 
     /tmp/cc2czJ5d.s:360    .text:0000000000000170 .L0 
     /tmp/cc2czJ5d.s:367    .text:0000000000000178 .L0 
     /tmp/cc2czJ5d.s:368    .text:000000000000017c .L0 
     /tmp/cc2czJ5d.s:369    .text:000000000000017c .L0 
     /tmp/cc2czJ5d.s:371    .text:0000000000000180 .L0 
     /tmp/cc2czJ5d.s:373    .text:0000000000000184 .L0 
     /tmp/cc2czJ5d.s:32     .text._ZN14PeriodicThread18periodicActivationEv:0000000000000018 .L0 
     /tmp/cc2czJ5d.s:396    .text:0000000000000184 .L0 
     /tmp/cc2czJ5d.s:235    .text._ZN14PeriodicThreadD2Ev:0000000000000034 .L0 
     /tmp/cc2czJ5d.s:282    .text._ZN14PeriodicThreadD0Ev:000000000000004c .L0 
     /tmp/cc2czJ5d.s:309    .text:0000000000000134 .L0 
     /tmp/cc2czJ5d.s:136    .text:00000000000000a0 .L4
     /tmp/cc2czJ5d.s:59     .text:0000000000000020 .L5
     /tmp/cc2czJ5d.s:363    .text:0000000000000178 .L13
     /tmp/cc2czJ5d.s:217    .text._ZN14PeriodicThreadD2Ev:0000000000000010 .L0 
     /tmp/cc2czJ5d.s:259    .text._ZN14PeriodicThreadD0Ev:0000000000000018 .L0 
     /tmp/cc2czJ5d.s:1966   .debug_abbrev:0000000000000000 .Ldebug_abbrev0
     /tmp/cc2czJ5d.s:3571   .debug_str:00000000000007bb .LASF140
     /tmp/cc2czJ5d.s:3463   .debug_str:00000000000004f6 .LASF141
     /tmp/cc2czJ5d.s:3401   .debug_str:00000000000002da .LASF142
     /tmp/cc2czJ5d.s:3299   .debug_ranges:0000000000000000 .Ldebug_ranges0
     /tmp/cc2czJ5d.s:3311   .debug_line:0000000000000000 .Ldebug_line0
     /tmp/cc2czJ5d.s:3421   .debug_str:000000000000038a .LASF0
     /tmp/cc2czJ5d.s:3441   .debug_str:0000000000000441 .LASF1
     /tmp/cc2czJ5d.s:3507   .debug_str:0000000000000611 .LASF2
     /tmp/cc2czJ5d.s:3515   .debug_str:0000000000000651 .LASF4
     /tmp/cc2czJ5d.s:3431   .debug_str:00000000000003de .LASF3
     /tmp/cc2czJ5d.s:3329   .debug_str:000000000000009f .LASF5
     /tmp/cc2czJ5d.s:3493   .debug_str:00000000000005a5 .LASF6
     /tmp/cc2czJ5d.s:3489   .debug_str:0000000000000582 .LASF7
     /tmp/cc2czJ5d.s:3437   .debug_str:0000000000000425 .LASF8
     /tmp/cc2czJ5d.s:3403   .debug_str:00000000000002e8 .LASF9
GAS LISTING /tmp/cc2czJ5d.s 			page 14


     /tmp/cc2czJ5d.s:3411   .debug_str:0000000000000336 .LASF10
     /tmp/cc2czJ5d.s:3355   .debug_str:0000000000000174 .LASF11
     /tmp/cc2czJ5d.s:3395   .debug_str:00000000000002bd .LASF12
     /tmp/cc2czJ5d.s:3369   .debug_str:00000000000001df .LASF13
     /tmp/cc2czJ5d.s:3353   .debug_str:0000000000000164 .LASF14
     /tmp/cc2czJ5d.s:3547   .debug_str:0000000000000736 .LASF15
     /tmp/cc2czJ5d.s:3387   .debug_str:000000000000026a .LASF16
     /tmp/cc2czJ5d.s:3535   .debug_str:00000000000006d2 .LASF17
     /tmp/cc2czJ5d.s:3601   .debug_str:0000000000000972 .LASF41
     /tmp/cc2czJ5d.s:3591   .debug_str:0000000000000915 .LASF143
     /tmp/cc2czJ5d.s:3541   .debug_str:000000000000070c .LASF18
     /tmp/cc2czJ5d.s:3469   .debug_str:0000000000000529 .LASF19
     /tmp/cc2czJ5d.s:3465   .debug_str:000000000000050d .LASF20
     /tmp/cc2czJ5d.s:3537   .debug_str:00000000000006e8 .LASF25
     /tmp/cc2czJ5d.s:3393   .debug_str:00000000000002a6 .LASF22
     /tmp/cc2czJ5d.s:3509   .debug_str:000000000000061f .LASF144
     /tmp/cc2czJ5d.s:3501   .debug_str:00000000000005d7 .LASF145
     /tmp/cc2czJ5d.s:3381   .debug_str:0000000000000236 .LASF21
     /tmp/cc2czJ5d.s:3385   .debug_str:0000000000000251 .LASF23
     /tmp/cc2czJ5d.s:3439   .debug_str:0000000000000438 .LASF24
     /tmp/cc2czJ5d.s:3345   .debug_str:0000000000000112 .LASF26
     /tmp/cc2czJ5d.s:3451   .debug_str:00000000000004b3 .LASF27
     /tmp/cc2czJ5d.s:3389   .debug_str:0000000000000280 .LASF28
     /tmp/cc2czJ5d.s:3485   .debug_str:000000000000056e .LASF29
     /tmp/cc2czJ5d.s:3603   .debug_str:000000000000097c .LASF30
     /tmp/cc2czJ5d.s:3629   .debug_str:0000000000000a5d .LASF31
     /tmp/cc2czJ5d.s:3619   .debug_str:00000000000009ee .LASF32
     /tmp/cc2czJ5d.s:3527   .debug_str:00000000000006ad .LASF33
     /tmp/cc2czJ5d.s:3435   .debug_str:0000000000000408 .LASF34
     /tmp/cc2czJ5d.s:3499   .debug_str:00000000000005ce .LASF35
     /tmp/cc2czJ5d.s:3321   .debug_str:0000000000000047 .LASF36
     /tmp/cc2czJ5d.s:3319   .debug_str:0000000000000041 .LASF37
     /tmp/cc2czJ5d.s:3631   .debug_str:0000000000000a67 .LASF38
     /tmp/cc2czJ5d.s:3453   .debug_str:00000000000004bb .LASF39
     /tmp/cc2czJ5d.s:3445   .debug_str:000000000000046a .LASF40
     /tmp/cc2czJ5d.s:3553   .debug_str:000000000000074e .LASF146
     /tmp/cc2czJ5d.s:3555   .debug_str:0000000000000756 .LASF42
     /tmp/cc2czJ5d.s:3467   .debug_str:0000000000000512 .LASF43
     /tmp/cc2czJ5d.s:3339   .debug_str:00000000000000e6 .LASF44
     /tmp/cc2czJ5d.s:3585   .debug_str:00000000000008d6 .LASF45
     /tmp/cc2czJ5d.s:3557   .debug_str:0000000000000761 .LASF46
     /tmp/cc2czJ5d.s:3365   .debug_str:00000000000001c0 .LASF47
     /tmp/cc2czJ5d.s:3605   .debug_str:000000000000099a .LASF48
     /tmp/cc2czJ5d.s:3349   .debug_str:0000000000000135 .LASF49
     /tmp/cc2czJ5d.s:3589   .debug_str:0000000000000907 .LASF50
     /tmp/cc2czJ5d.s:3335   .debug_str:00000000000000c6 .LASF51
     /tmp/cc2czJ5d.s:3497   .debug_str:00000000000005c1 .LASF52
     /tmp/cc2czJ5d.s:3565   .debug_str:0000000000000786 .LASF53
     /tmp/cc2czJ5d.s:3519   .debug_str:000000000000065d .LASF54
     /tmp/cc2czJ5d.s:3351   .debug_str:000000000000014a .LASF55
     /tmp/cc2czJ5d.s:3579   .debug_str:00000000000008a8 .LASF56
     /tmp/cc2czJ5d.s:3627   .debug_str:0000000000000a44 .LASF57
     /tmp/cc2czJ5d.s:3447   .debug_str:000000000000048d .LASF58
     /tmp/cc2czJ5d.s:3595   .debug_str:0000000000000932 .LASF59
     /tmp/cc2czJ5d.s:3341   .debug_str:00000000000000f2 .LASF60
     /tmp/cc2czJ5d.s:3511   .debug_str:0000000000000629 .LASF61
     /tmp/cc2czJ5d.s:3487   .debug_str:000000000000057a .LASF62
GAS LISTING /tmp/cc2czJ5d.s 			page 15


     /tmp/cc2czJ5d.s:3615   .debug_str:00000000000009d4 .LASF63
     /tmp/cc2czJ5d.s:3563   .debug_str:000000000000077b .LASF64
     /tmp/cc2czJ5d.s:3443   .debug_str:0000000000000454 .LASF65
     /tmp/cc2czJ5d.s:3479   .debug_str:000000000000055b .LASF66
     /tmp/cc2czJ5d.s:3539   .debug_str:00000000000006fb .LASF67
     /tmp/cc2czJ5d.s:3347   .debug_str:000000000000012f .LASF74
     /tmp/cc2czJ5d.s:3573   .debug_str:000000000000087f .LASF76
     /tmp/cc2czJ5d.s:3545   .debug_str:0000000000000729 .LASF68
     /tmp/cc2czJ5d.s:3597   .debug_str:000000000000094b .LASF69
     /tmp/cc2czJ5d.s:3481   .debug_str:0000000000000562 .LASF147
     /tmp/cc2czJ5d.s:3569   .debug_str:00000000000007b3 .LASF70
     /tmp/cc2czJ5d.s:3517   .debug_str:0000000000000658 .LASF71
     /tmp/cc2czJ5d.s:3325   .debug_str:0000000000000089 .LASF72
     /tmp/cc2czJ5d.s:3525   .debug_str:000000000000069c .LASF73
     /tmp/cc2czJ5d.s:3377   .debug_str:0000000000000228 .LASF75
     /tmp/cc2czJ5d.s:3359   .debug_str:0000000000000192 .LASF77
     /tmp/cc2czJ5d.s:3503   .debug_str:00000000000005ee .LASF80
     /tmp/cc2czJ5d.s:3361   .debug_str:00000000000001a5 .LASF82
     /tmp/cc2czJ5d.s:3459   .debug_str:00000000000004d9 .LASF78
     /tmp/cc2czJ5d.s:3415   .debug_str:000000000000034b .LASF79
     /tmp/cc2czJ5d.s:3473   .debug_str:000000000000053e .LASF81
     /tmp/cc2czJ5d.s:3621   .debug_str:0000000000000a09 .LASF83
     /tmp/cc2czJ5d.s:3317   .debug_str:000000000000003c .LASF84
     /tmp/cc2czJ5d.s:3529   .debug_str:00000000000006b8 .LASF85
     /tmp/cc2czJ5d.s:3583   .debug_str:00000000000008ce .LASF86
     /tmp/cc2czJ5d.s:3575   .debug_str:000000000000088f .LASF87
     /tmp/cc2czJ5d.s:3577   .debug_str:0000000000000899 .LASF88
     /tmp/cc2czJ5d.s:3533   .debug_str:00000000000006c9 .LASF89
     /tmp/cc2czJ5d.s:3475   .debug_str:0000000000000549 .LASF90
     /tmp/cc2czJ5d.s:3531   .debug_str:00000000000006be .LASF91
     /tmp/cc2czJ5d.s:3391   .debug_str:000000000000029c .LASF92
     /tmp/cc2czJ5d.s:3367   .debug_str:00000000000001d6 .LASF93
     /tmp/cc2czJ5d.s:3551   .debug_str:0000000000000749 .LASF94
     /tmp/cc2czJ5d.s:3625   .debug_str:0000000000000a3c .LASF95
     /tmp/cc2czJ5d.s:3343   .debug_str:0000000000000104 .LASF148
     /tmp/cc2czJ5d.s:3449   .debug_str:000000000000049a .LASF149
     /tmp/cc2czJ5d.s:3371   .debug_str:00000000000001ef .LASF98
     /tmp/cc2czJ5d.s:3323   .debug_str:0000000000000061 .LASF121
     /tmp/cc2czJ5d.s:3513   .debug_str:0000000000000646 .LASF96
     /tmp/cc2czJ5d.s:3611   .debug_str:00000000000009c2 .LASF97
     /tmp/cc2czJ5d.s:3495   .debug_str:00000000000005ac .LASF150
     /tmp/cc2czJ5d.s:3477   .debug_str:0000000000000551 .LASF99
     /tmp/cc2czJ5d.s:3315   .debug_str:000000000000002a .LASF100
     /tmp/cc2czJ5d.s:3407   .debug_str:0000000000000318 .LASF101
     /tmp/cc2czJ5d.s:3607   .debug_str:00000000000009a4 .LASF102
     /tmp/cc2czJ5d.s:3379   .debug_str:0000000000000231 .LASF103
     /tmp/cc2czJ5d.s:3567   .debug_str:000000000000079e .LASF104
     /tmp/cc2czJ5d.s:3549   .debug_str:0000000000000742 .LASF105
     /tmp/cc2czJ5d.s:3523   .debug_str:0000000000000685 .LASF106
     /tmp/cc2czJ5d.s:3613   .debug_str:00000000000009cd .LASF107
     /tmp/cc2czJ5d.s:3427   .debug_str:00000000000003ac .LASF108
     /tmp/cc2czJ5d.s:3399   .debug_str:00000000000002d1 .LASF109
     /tmp/cc2czJ5d.s:3581   .debug_str:00000000000008b5 .LASF110
     /tmp/cc2czJ5d.s:3419   .debug_str:0000000000000384 .LASF111
     /tmp/cc2czJ5d.s:3417   .debug_str:000000000000036e .LASF112
     /tmp/cc2czJ5d.s:3617   .debug_str:00000000000009e6 .LASF113
     /tmp/cc2czJ5d.s:3333   .debug_str:00000000000000ae .LASF114
GAS LISTING /tmp/cc2czJ5d.s 			page 16


     /tmp/cc2czJ5d.s:3331   .debug_str:00000000000000a6 .LASF115
     /tmp/cc2czJ5d.s:3623   .debug_str:0000000000000a24 .LASF116
     /tmp/cc2czJ5d.s:3609   .debug_str:00000000000009b6 .LASF117
     /tmp/cc2czJ5d.s:3483   .debug_str:0000000000000567 .LASF118
     /tmp/cc2czJ5d.s:3457   .debug_str:00000000000004d1 .LASF119
     /tmp/cc2czJ5d.s:3425   .debug_str:00000000000003a7 .LASF151
     /tmp/cc2czJ5d.s:3375   .debug_str:0000000000000215 .LASF152
     /tmp/cc2czJ5d.s:3461   .debug_str:00000000000004f1 .LASF120
     /tmp/cc2czJ5d.s:3383   .debug_str:000000000000023e .LASF122
     /tmp/cc2czJ5d.s:3559   .debug_str:000000000000076c .LASF123
     /tmp/cc2czJ5d.s:3455   .debug_str:00000000000004cc .LASF124
     /tmp/cc2czJ5d.s:3357   .debug_str:0000000000000183 .LASF125
     /tmp/cc2czJ5d.s:3587   .debug_str:00000000000008ed .LASF126
     /tmp/cc2czJ5d.s:3429   .debug_str:00000000000003c3 .LASF127
     /tmp/cc2czJ5d.s:3561   .debug_str:0000000000000771 .LASF128
     /tmp/cc2czJ5d.s:3405   .debug_str:00000000000002f8 .LASF129
     /tmp/cc2czJ5d.s:3433   .debug_str:00000000000003f0 .LASF130
     /tmp/cc2czJ5d.s:3409   .debug_str:0000000000000323 .LASF131
     /tmp/cc2czJ5d.s:3313   .debug_str:0000000000000000 .LASF153
     /tmp/cc2czJ5d.s:3521   .debug_str:000000000000066b .LASF154
     /tmp/cc2czJ5d.s:3337   .debug_str:00000000000000df .LASF132
     /tmp/cc2czJ5d.s:3471   .debug_str:000000000000052e .LASF133
     /tmp/cc2czJ5d.s:3593   .debug_str:000000000000091a .LASF155
     /tmp/cc2czJ5d.s:3413   .debug_str:0000000000000344 .LASF156
     /tmp/cc2czJ5d.s:3397   .debug_str:00000000000002cc .LASF134
     /tmp/cc2czJ5d.s:3327   .debug_str:0000000000000095 .LASF135
     /tmp/cc2czJ5d.s:3373   .debug_str:00000000000001fd .LASF136
     /tmp/cc2czJ5d.s:240    .text._ZN14PeriodicThreadD0Ev:0000000000000000 .LFB66
     /tmp/cc2czJ5d.s:280    .text._ZN14PeriodicThreadD0Ev:000000000000004c .LFE66
     /tmp/cc2czJ5d.s:3131   .debug_loc:0000000000000000 .LLST7
     /tmp/cc2czJ5d.s:256    .text._ZN14PeriodicThreadD0Ev:0000000000000018 .LBB20
     /tmp/cc2czJ5d.s:264    .text._ZN14PeriodicThreadD0Ev:000000000000002c .LBE20
     /tmp/cc2czJ5d.s:3149   .debug_loc:000000000000004c .LLST8
     /tmp/cc2czJ5d.s:262    .text._ZN14PeriodicThreadD0Ev:000000000000002c .LVL29
     /tmp/cc2czJ5d.s:267    .text._ZN14PeriodicThreadD0Ev:0000000000000038 .LVL30
     /tmp/cc2czJ5d.s:3505   .debug_str:00000000000005f9 .LASF137
     /tmp/cc2czJ5d.s:203    .text._ZN14PeriodicThreadD2Ev:0000000000000000 .LFB64
     /tmp/cc2czJ5d.s:231    .text._ZN14PeriodicThreadD2Ev:0000000000000034 .LFE64
     /tmp/cc2czJ5d.s:3160   .debug_loc:0000000000000082 .LLST6
     /tmp/cc2czJ5d.s:220    .text._ZN14PeriodicThreadD2Ev:0000000000000024 .LVL26
     /tmp/cc2czJ5d.s:37     .text:0000000000000000 .LFB62
     /tmp/cc2czJ5d.s:196    .text:000000000000010c .LFE62
     /tmp/cc2czJ5d.s:3174   .debug_loc:00000000000000bb .LLST0
     /tmp/cc2czJ5d.s:3192   .debug_loc:0000000000000107 .LLST1
     /tmp/cc2czJ5d.s:65     .text:0000000000000024 .LBB13
     /tmp/cc2czJ5d.s:73     .text:0000000000000028 .LBE13
     /tmp/cc2czJ5d.s:3199   .debug_loc:000000000000012a .LLST2
     /tmp/cc2czJ5d.s:88     .text:0000000000000040 .LBB15
     /tmp/cc2czJ5d.s:95     .text:0000000000000044 .LBE15
     /tmp/cc2czJ5d.s:3206   .debug_loc:000000000000014d .LLST3
     /tmp/cc2czJ5d.s:171    .text:00000000000000ec .LBB17
     /tmp/cc2czJ5d.s:179    .text:00000000000000f4 .LBE17
     /tmp/cc2czJ5d.s:3213   .debug_loc:0000000000000170 .LLST4
     /tmp/cc2czJ5d.s:3221   .debug_loc:0000000000000194 .LLST5
     /tmp/cc2czJ5d.s:83     .text:000000000000003c .LVL5
     /tmp/cc2czJ5d.s:102    .text:0000000000000054 .LVL8
     /tmp/cc2czJ5d.s:107    .text:0000000000000060 .LVL9
GAS LISTING /tmp/cc2czJ5d.s 			page 17


     /tmp/cc2czJ5d.s:112    .text:000000000000006c .LVL10
     /tmp/cc2czJ5d.s:117    .text:0000000000000078 .LVL11
     /tmp/cc2czJ5d.s:122    .text:0000000000000084 .LVL12
     /tmp/cc2czJ5d.s:127    .text:0000000000000090 .LVL13
     /tmp/cc2czJ5d.s:132    .text:000000000000009c .LVL14
     /tmp/cc2czJ5d.s:141    .text:00000000000000ac .LVL15
     /tmp/cc2czJ5d.s:146    .text:00000000000000b8 .LVL16
     /tmp/cc2czJ5d.s:151    .text:00000000000000c4 .LVL17
     /tmp/cc2czJ5d.s:156    .text:00000000000000d0 .LVL18
     /tmp/cc2czJ5d.s:161    .text:00000000000000dc .LVL19
     /tmp/cc2czJ5d.s:166    .text:00000000000000e8 .LVL20
     /tmp/cc2czJ5d.s:337    .text:000000000000015c .LFB61
     /tmp/cc2czJ5d.s:374    .text:0000000000000184 .LFE61
     /tmp/cc2czJ5d.s:356    .text:0000000000000170 .LBB23
     /tmp/cc2czJ5d.s:365    .text:0000000000000178 .LBE23
     /tmp/cc2czJ5d.s:3228   .debug_loc:00000000000001b7 .LLST11
     /tmp/cc2czJ5d.s:3236   .debug_loc:00000000000001db .LLST12
     /tmp/cc2czJ5d.s:3543   .debug_str:0000000000000711 .LASF138
     /tmp/cc2czJ5d.s:287    .text:000000000000010c .LFB59
     /tmp/cc2czJ5d.s:329    .text:000000000000015c .LFE59
     /tmp/cc2czJ5d.s:3243   .debug_loc:00000000000001fe .LLST9
     /tmp/cc2czJ5d.s:3261   .debug_loc:000000000000024a .LLST10
     /tmp/cc2czJ5d.s:308    .text:0000000000000134 .LVL33
     /tmp/cc2czJ5d.s:11     .text._ZN14PeriodicThread18periodicActivationEv:0000000000000000 .LFB57
     /tmp/cc2czJ5d.s:30     .text._ZN14PeriodicThread18periodicActivationEv:0000000000000018 .LFE57
     /tmp/cc2czJ5d.s:3363   .debug_str:00000000000001bb .LASF139
     /tmp/cc2czJ5d.s:3599   .debug_str:000000000000096b .LASF157
     /tmp/cc2czJ5d.s:3423   .debug_str:0000000000000397 .LASF158
     /tmp/cc2czJ5d.s:3491   .debug_str:0000000000000595 .LASF159
     /tmp/cc2czJ5d.s:243    .text._ZN14PeriodicThreadD0Ev:0000000000000000 .LVL27
     /tmp/cc2czJ5d.s:275    .text._ZN14PeriodicThreadD0Ev:0000000000000044 .LVL31
     /tmp/cc2czJ5d.s:255    .text._ZN14PeriodicThreadD0Ev:0000000000000018 .LVL28
     /tmp/cc2czJ5d.s:206    .text._ZN14PeriodicThreadD2Ev:0000000000000000 .LVL25
     /tmp/cc2czJ5d.s:41     .text:0000000000000000 .LVL1
     /tmp/cc2czJ5d.s:58     .text:0000000000000020 .LVL2
     /tmp/cc2czJ5d.s:188    .text:0000000000000100 .LVL23
     /tmp/cc2czJ5d.s:191    .text:0000000000000104 .LVL24
     /tmp/cc2czJ5d.s:64     .text:0000000000000024 .LVL3
     /tmp/cc2czJ5d.s:71     .text:0000000000000028 .LVL4
     /tmp/cc2czJ5d.s:87     .text:0000000000000040 .LVL6
     /tmp/cc2czJ5d.s:93     .text:0000000000000044 .LVL7
     /tmp/cc2czJ5d.s:170    .text:00000000000000ec .LVL21
     /tmp/cc2czJ5d.s:177    .text:00000000000000f4 .LVL22
     /tmp/cc2czJ5d.s:355    .text:0000000000000170 .LVL38
     /tmp/cc2czJ5d.s:362    .text:0000000000000178 .LVL39
     /tmp/cc2czJ5d.s:290    .text:000000000000010c .LVL32
     /tmp/cc2czJ5d.s:321    .text:0000000000000150 .LVL34
     /tmp/cc2czJ5d.s:324    .text:0000000000000154 .LVL35
     /tmp/cc2czJ5d.s:397    .debug_info:0000000000000000 .Ldebug_info0
     /tmp/cc2czJ5d.s:5      .text:0000000000000000 .Ltext0
     /tmp/cc2czJ5d.s:389    .text:0000000000000184 .Letext0
                           .group:0000000000000000 _ZN14PeriodicThreadD5Ev

UNDEFINED SYMBOLS
_ZN7Console4putcEc
_Z10time_sleepm
_ZN6ThreadD2Ev
GAS LISTING /tmp/cc2czJ5d.s 			page 18


_ZdlPv
_ZN6ThreadC2Ev
