GAS LISTING /tmp/ccxyLEYS.s 			page 1


   1              		.file	"printing.cpp"
   2              		.option pic
   3              		.option norelax
   4              		.text
   5              	.Ltext0:
   6              		.align	2
   7              		.globl	_Z11printStringPKc
   9              	_Z11printStringPKc:
  10              	.LFB11:
  11              		.file 1 "src/printing.cpp"
   1:src/printing.cpp **** //
   2:src/printing.cpp **** // Created by os on 5/18/22.
   3:src/printing.cpp **** //
   4:src/printing.cpp **** 
   5:src/printing.cpp **** #include "../h/printing.hpp"
   6:src/printing.cpp **** #include "../lib/hw.h"
   7:src/printing.cpp **** #include "../h/syscall_c.h"
   8:src/printing.cpp **** uint64 lockPrint = 0;
   9:src/printing.cpp **** 
  10:src/printing.cpp **** #define LOCK() while(copy_and_swap(lockPrint, 0, 1)) thread_dispatch()
  11:src/printing.cpp **** #define UNLOCK() lockPrint = 0
  12:src/printing.cpp **** 
  13:src/printing.cpp **** void printString(char const *string)
  14:src/printing.cpp **** {
  12              		.loc 1 14 1
  13              		.cfi_startproc
  14              	.LVL0:
  15 0000 130101FE 		addi	sp,sp,-32
  16              		.cfi_def_cfa_offset 32
  17 0004 233C1100 		sd	ra,24(sp)
  18 0008 23388100 		sd	s0,16(sp)
  19 000c 23349100 		sd	s1,8(sp)
  20              		.cfi_offset 1, -8
  21              		.cfi_offset 8, -16
  22              		.cfi_offset 9, -24
  23 0010 13040102 		addi	s0,sp,32
  24              		.cfi_def_cfa 8, 0
  25 0014 93040500 		mv	s1,a0
  26              	.LVL1:
  27              	.L3:
  15:src/printing.cpp ****     LOCK();
  28              		.loc 1 15 5 discriminator 2
  29              		.loc 1 15 5 discriminator 2
  30 0018 13061000 		li	a2,1
  31 001c 93050000 		li	a1,0
  32 0020 17050000 		lla	a0,.LANCHOR0
  32      13050500 
  33 0028 97000000 		call	copy_and_swap@plt
  33      E7800000 
  34              	.LVL2:
  35 0030 63080500 		beqz	a0,.L2
  36              		.loc 1 15 5 discriminator 1
  37 0034 97000000 		call	_Z15thread_dispatchv@plt
  37      E7800000 
  38              	.LVL3:
  39 003c 6FF0DFFD 		j	.L3
  40              	.L2:
GAS LISTING /tmp/ccxyLEYS.s 			page 2


  16:src/printing.cpp ****     if (!string) return;
  41              		.loc 1 16 5
  42 0040 63820402 		beqz	s1,.L1
  43              	.L6:
  17:src/printing.cpp ****     while (*string != '\0')
  44              		.loc 1 17 5
  45              		.loc 1 17 20
  46              		.loc 1 17 12 is_stmt 0
  47 0044 03C50400 		lbu	a0,0(s1)
  48              		.loc 1 17 20
  49 0048 630A0500 		beqz	a0,.L5
  18:src/printing.cpp ****     {
  19:src/printing.cpp ****         putc(*string);
  50              		.loc 1 19 9 is_stmt 1
  51              		.loc 1 19 13 is_stmt 0
  52 004c 97000000 		call	_Z4putcc@plt
  52      E7800000 
  53              	.LVL4:
  20:src/printing.cpp ****         string++;
  54              		.loc 1 20 9 is_stmt 1
  55              		.loc 1 20 15 is_stmt 0
  56 0054 93841400 		addi	s1,s1,1
  57              	.LVL5:
  17:src/printing.cpp ****     while (*string != '\0')
  58              		.loc 1 17 5
  59 0058 6FF0DFFE 		j	.L6
  60              	.L5:
  21:src/printing.cpp ****     }
  22:src/printing.cpp ****     UNLOCK();
  61              		.loc 1 22 5 is_stmt 1
  62 005c 97070000 		sd	zero,.LANCHOR0,a5
  62      23B00700 
  63              	.L1:
  23:src/printing.cpp **** }
  64              		.loc 1 23 1 is_stmt 0
  65 0064 83308101 		ld	ra,24(sp)
  66              		.cfi_restore 1
  67 0068 03340101 		ld	s0,16(sp)
  68              		.cfi_restore 8
  69              		.cfi_def_cfa 2, 32
  70 006c 83348100 		ld	s1,8(sp)
  71              		.cfi_restore 9
  72              	.LVL6:
  73 0070 13010102 		addi	sp,sp,32
  74              		.cfi_def_cfa_offset 0
  75 0074 67800000 		jr	ra
  76              		.cfi_endproc
  77              	.LFE11:
  79              		.align	2
  80              		.globl	_Z9getStringPci
  82              	_Z9getStringPci:
  83              	.LFB12:
  24:src/printing.cpp **** 
  25:src/printing.cpp **** char* getString(char *buf, int max) {
  84              		.loc 1 25 37 is_stmt 1
  85              		.cfi_startproc
  86              	.LVL7:
GAS LISTING /tmp/ccxyLEYS.s 			page 3


  87 0078 130101FD 		addi	sp,sp,-48
  88              		.cfi_def_cfa_offset 48
  89 007c 23341102 		sd	ra,40(sp)
  90 0080 23308102 		sd	s0,32(sp)
  91 0084 233C9100 		sd	s1,24(sp)
  92 0088 23382101 		sd	s2,16(sp)
  93 008c 23343101 		sd	s3,8(sp)
  94 0090 23304101 		sd	s4,0(sp)
  95              		.cfi_offset 1, -8
  96              		.cfi_offset 8, -16
  97              		.cfi_offset 9, -24
  98              		.cfi_offset 18, -32
  99              		.cfi_offset 19, -40
 100              		.cfi_offset 20, -48
 101 0094 13040103 		addi	s0,sp,48
 102              		.cfi_def_cfa 8, 0
 103 0098 93090500 		mv	s3,a0
 104 009c 138A0500 		mv	s4,a1
  26:src/printing.cpp ****     int i, cc;
 105              		.loc 1 26 5
  27:src/printing.cpp ****     char c;
 106              		.loc 1 27 5
  28:src/printing.cpp **** 
  29:src/printing.cpp ****     for(i = 0; i + 1 < max; ){
 107              		.loc 1 29 5
 108              	.LVL8:
 109              		.loc 1 29 11 is_stmt 0
 110 00a0 13090000 		li	s2,0
 111              	.LVL9:
 112              	.L10:
 113              		.loc 1 29 22 is_stmt 1 discriminator 1
 114 00a4 93040900 		mv	s1,s2
 115              		.loc 1 29 18 is_stmt 0 discriminator 1
 116 00a8 1B091900 		addiw	s2,s2,1
 117              	.LVL10:
 118              		.loc 1 29 22 discriminator 1
 119 00ac 635A4903 		bge	s2,s4,.L9
  30:src/printing.cpp ****         cc = getc();
 120              		.loc 1 30 9 is_stmt 1
 121              		.loc 1 30 18 is_stmt 0
 122 00b0 97000000 		call	_Z4getcv@plt
 122      E7800000 
 123              	.LVL11:
  31:src/printing.cpp ****         if(cc < 1)
 124              		.loc 1 31 9 is_stmt 1
 125 00b8 63040502 		beqz	a0,.L9
  32:src/printing.cpp ****             break;
  33:src/printing.cpp ****         c = (char)cc;
 126              		.loc 1 33 9
 127              	.LVL12:
  34:src/printing.cpp ****         buf[i++] = c;
 128              		.loc 1 34 9
 129              		.loc 1 34 16 is_stmt 0
 130 00bc B3849900 		add	s1,s3,s1
 131              		.loc 1 34 18
 132 00c0 2380A400 		sb	a0,0(s1)
  35:src/printing.cpp ****         if(c == '\n' || c == '\r')
GAS LISTING /tmp/ccxyLEYS.s 			page 4


 133              		.loc 1 35 9 is_stmt 1
 134 00c4 9307A000 		li	a5,10
 135 00c8 630AF500 		beq	a0,a5,.L11
 136              		.loc 1 35 22 is_stmt 0 discriminator 1
 137 00cc 9307D000 		li	a5,13
 138 00d0 E31AF5FC 		bne	a0,a5,.L10
  34:src/printing.cpp ****         buf[i++] = c;
 139              		.loc 1 34 14
 140 00d4 93040900 		mv	s1,s2
 141 00d8 6F008000 		j	.L9
 142              	.L11:
 143 00dc 93040900 		mv	s1,s2
 144              	.LVL13:
 145              	.L9:
  36:src/printing.cpp ****             break;
  37:src/printing.cpp ****     }
  38:src/printing.cpp ****     buf[i] = '\0';
 146              		.loc 1 38 5 is_stmt 1
 147              		.loc 1 38 10 is_stmt 0
 148 00e0 B3849900 		add	s1,s3,s1
 149              	.LVL14:
 150              		.loc 1 38 12
 151 00e4 23800400 		sb	zero,0(s1)
  39:src/printing.cpp **** 
  40:src/printing.cpp ****     return buf;
 152              		.loc 1 40 5 is_stmt 1
  41:src/printing.cpp **** }
 153              		.loc 1 41 1 is_stmt 0
 154 00e8 13850900 		mv	a0,s3
 155 00ec 83308102 		ld	ra,40(sp)
 156              		.cfi_restore 1
 157 00f0 03340102 		ld	s0,32(sp)
 158              		.cfi_restore 8
 159              		.cfi_def_cfa 2, 48
 160 00f4 83348101 		ld	s1,24(sp)
 161              		.cfi_restore 9
 162 00f8 03390101 		ld	s2,16(sp)
 163              		.cfi_restore 18
 164 00fc 83398100 		ld	s3,8(sp)
 165              		.cfi_restore 19
 166              	.LVL15:
 167 0100 033A0100 		ld	s4,0(sp)
 168              		.cfi_restore 20
 169 0104 13010103 		addi	sp,sp,48
 170              		.cfi_def_cfa_offset 0
 171 0108 67800000 		jr	ra
 172              		.cfi_endproc
 173              	.LFE12:
 175              		.align	2
 176              		.globl	_Z11stringToIntPKc
 178              	_Z11stringToIntPKc:
 179              	.LFB13:
  42:src/printing.cpp **** 
  43:src/printing.cpp **** int stringToInt(const char *s) {
 180              		.loc 1 43 32 is_stmt 1
 181              		.cfi_startproc
 182              	.LVL16:
GAS LISTING /tmp/ccxyLEYS.s 			page 5


 183 010c 130101FF 		addi	sp,sp,-16
 184              		.cfi_def_cfa_offset 16
 185 0110 23348100 		sd	s0,8(sp)
 186              		.cfi_offset 8, -8
 187 0114 13040101 		addi	s0,sp,16
 188              		.cfi_def_cfa 8, 0
 189 0118 93060500 		mv	a3,a0
  44:src/printing.cpp ****     int n = 0;
 190              		.loc 1 44 5
 191              	.LVL17:
 192              		.loc 1 44 9 is_stmt 0
 193 011c 13050000 		li	a0,0
 194              	.LVL18:
 195              	.L15:
  45:src/printing.cpp ****     while ('0' <= *s && *s <= '9')
 196              		.loc 1 45 5 is_stmt 1
 197              		.loc 1 45 22
 198              		.loc 1 45 19 is_stmt 0
 199 0120 03C60600 		lbu	a2,0(a3)
 200              		.loc 1 45 22
 201 0124 1B0706FD 		addiw	a4,a2,-48
 202 0128 1377F70F 		andi	a4,a4,0xff
 203 012c 93079000 		li	a5,9
 204 0130 63E0E702 		bgtu	a4,a5,.L14
  46:src/printing.cpp ****         n = n * 10 + *s++ - '0';
 205              		.loc 1 46 9 is_stmt 1
 206              		.loc 1 46 15 is_stmt 0
 207 0134 9B172500 		slliw	a5,a0,2
 208 0138 BB87A700 		addw	a5,a5,a0
 209 013c 9B971700 		slliw	a5,a5,1
 210              		.loc 1 46 24
 211 0140 93861600 		addi	a3,a3,1
 212              	.LVL19:
 213              		.loc 1 46 20
 214 0144 BB87C700 		addw	a5,a5,a2
 215              		.loc 1 46 11
 216 0148 1B8507FD 		addiw	a0,a5,-48
 217              	.LVL20:
  45:src/printing.cpp ****     while ('0' <= *s && *s <= '9')
 218              		.loc 1 45 5
 219 014c 6FF05FFD 		j	.L15
 220              	.LVL21:
 221              	.L14:
  47:src/printing.cpp ****     return n;
 222              		.loc 1 47 5 is_stmt 1
  48:src/printing.cpp **** }
 223              		.loc 1 48 1 is_stmt 0
 224 0150 03348100 		ld	s0,8(sp)
 225              		.cfi_restore 8
 226              		.cfi_def_cfa 2, 16
 227 0154 13010101 		addi	sp,sp,16
 228              		.cfi_def_cfa_offset 0
 229 0158 67800000 		jr	ra
 230              		.cfi_endproc
 231              	.LFE13:
 233              		.align	2
 234              		.globl	_Z8printIntmhh
GAS LISTING /tmp/ccxyLEYS.s 			page 6


 236              	_Z8printIntmhh:
 237              	.LFB14:
  49:src/printing.cpp **** 
  50:src/printing.cpp **** char digits[] = "0123456789ABCDEF";
  51:src/printing.cpp **** 
  52:src/printing.cpp **** void printInt(unsigned long xx, unsigned char base, unsigned char sgn)
  53:src/printing.cpp **** {
 238              		.loc 1 53 1 is_stmt 1
 239              		.cfi_startproc
 240              	.LVL22:
 241 015c 130101FB 		addi	sp,sp,-80
 242              		.cfi_def_cfa_offset 80
 243 0160 23341104 		sd	ra,72(sp)
 244 0164 23308104 		sd	s0,64(sp)
 245 0168 233C9102 		sd	s1,56(sp)
 246 016c 23382103 		sd	s2,48(sp)
 247 0170 23343103 		sd	s3,40(sp)
 248              		.cfi_offset 1, -8
 249              		.cfi_offset 8, -16
 250              		.cfi_offset 9, -24
 251              		.cfi_offset 18, -32
 252              		.cfi_offset 19, -40
 253 0174 13040105 		addi	s0,sp,80
 254              		.cfi_def_cfa 8, 0
 255 0178 13090500 		mv	s2,a0
 256 017c 93890500 		mv	s3,a1
 257 0180 93040600 		mv	s1,a2
 258              	.LVL23:
 259              	.L19:
  54:src/printing.cpp ****     LOCK();
 260              		.loc 1 54 5
 261              		.loc 1 54 5
 262 0184 13061000 		li	a2,1
 263 0188 93050000 		li	a1,0
 264 018c 17050000 		lla	a0,.LANCHOR0
 264      13050500 
 265 0194 97000000 		call	copy_and_swap@plt
 265      E7800000 
 266              	.LVL24:
 267 019c 63080500 		beqz	a0,.L18
 268              		.loc 1 54 5 discriminator 2
 269 01a0 97000000 		call	_Z15thread_dispatchv@plt
 269      E7800000 
 270              	.LVL25:
 271 01a8 6FF0DFFD 		j	.L19
 272              	.L18:
  55:src/printing.cpp ****     char buf[32];
 273              		.loc 1 55 5
  56:src/printing.cpp ****     int i;
 274              		.loc 1 56 5
  57:src/printing.cpp ****     long neg = 0;
 275              		.loc 1 57 5
 276              	.LVL26:
  58:src/printing.cpp ****     unsigned long x;
 277              		.loc 1 58 5
  59:src/printing.cpp **** 
  60:src/printing.cpp **** 
GAS LISTING /tmp/ccxyLEYS.s 			page 7


  61:src/printing.cpp ****     if(sgn && (long)xx < 0){
 278              		.loc 1 61 5
 279 01ac 638E0400 		beqz	s1,.L25
 280              		.loc 1 61 12 is_stmt 0 discriminator 1
 281 01b0 63460900 		bltz	s2,.L28
  57:src/printing.cpp ****     unsigned long x;
 282              		.loc 1 57 10
 283 01b4 13060000 		li	a2,0
 284 01b8 6F004001 		j	.L20
 285              	.L28:
  62:src/printing.cpp ****         neg = 1;
 286              		.loc 1 62 9 is_stmt 1
 287              	.LVL27:
  63:src/printing.cpp ****         x = (unsigned long)(-(long)xx);
 288              		.loc 1 63 9
 289              		.loc 1 63 29 is_stmt 0
 290 01bc 33092041 		neg	s2,s2
 291              	.LVL28:
  62:src/printing.cpp ****         neg = 1;
 292              		.loc 1 62 13
 293 01c0 13061000 		li	a2,1
 294              		.loc 1 63 11
 295 01c4 6F008000 		j	.L20
 296              	.LVL29:
 297              	.L25:
  57:src/printing.cpp ****     unsigned long x;
 298              		.loc 1 57 10
 299 01c8 13060000 		li	a2,0
 300              	.LVL30:
 301              	.L20:
  64:src/printing.cpp ****     } else {
  65:src/printing.cpp ****         x = xx;
  66:src/printing.cpp ****     }
  67:src/printing.cpp **** 
  68:src/printing.cpp ****     i = 0;
 302              		.loc 1 68 5 is_stmt 1
 303              		.loc 1 68 7 is_stmt 0
 304 01cc 93040000 		li	s1,0
 305              	.LVL31:
 306              	.L21:
  69:src/printing.cpp ****     do{
 307              		.loc 1 69 5 is_stmt 1
  70:src/printing.cpp ****         buf[i++] = digits[x % base];
 308              		.loc 1 70 9
 309              		.loc 1 70 29 is_stmt 0
 310 01d0 B3763903 		remu	a3,s2,s3
 311 01d4 13870400 		mv	a4,s1
 312              		.loc 1 70 14
 313 01d8 9B841400 		addiw	s1,s1,1
 314              	.LVL32:
 315              		.loc 1 70 35
 316 01dc 97070000 		lla	a5,.LANCHOR1
 316      93870700 
 317 01e4 B387D700 		add	a5,a5,a3
 318 01e8 83C60700 		lbu	a3,0(a5)
 319              		.loc 1 70 18
 320 01ec 930704FD 		addi	a5,s0,-48
GAS LISTING /tmp/ccxyLEYS.s 			page 8


 321 01f0 B387E700 		add	a5,a5,a4
 322 01f4 2380D7FE 		sb	a3,-32(a5)
  71:src/printing.cpp ****     } while((x /= base) != 0);
 323              		.loc 1 71 25 is_stmt 1
 324 01f8 93070900 		mv	a5,s2
 325              		.loc 1 71 16 is_stmt 0
 326 01fc 33593903 		divu	s2,s2,s3
 327              	.LVL33:
 328              		.loc 1 71 25
 329 0200 E3F837FD 		bleu	s3,a5,.L21
  72:src/printing.cpp **** 
  73:src/printing.cpp ****     if(neg)
 330              		.loc 1 73 5 is_stmt 1
 331 0204 630C0600 		beqz	a2,.L24
  74:src/printing.cpp ****         buf[i++] = '-';
 332              		.loc 1 74 9
 333              	.LVL34:
 334              		.loc 1 74 18 is_stmt 0
 335 0208 930704FD 		addi	a5,s0,-48
 336 020c B3849700 		add	s1,a5,s1
 337 0210 9307D002 		li	a5,45
 338 0214 2380F4FE 		sb	a5,-32(s1)
 339              		.loc 1 74 14
 340 0218 9B042700 		addiw	s1,a4,2
 341              	.LVL35:
 342              	.L24:
  75:src/printing.cpp **** 
  76:src/printing.cpp ****     while(--i >= 0)
 343              		.loc 1 76 5 is_stmt 1
 344              		.loc 1 76 15
 345 021c 9B84F4FF 		addiw	s1,s1,-1
 346              	.LVL36:
 347 0220 63CE0400 		bltz	s1,.L23
  77:src/printing.cpp ****         putc(buf[i]);
 348              		.loc 1 77 9
 349              		.loc 1 77 13 is_stmt 0
 350 0224 930704FD 		addi	a5,s0,-48
 351 0228 B3879700 		add	a5,a5,s1
 352 022c 03C507FE 		lbu	a0,-32(a5)
 353 0230 97000000 		call	_Z4putcc@plt
 353      E7800000 
 354              	.LVL37:
 355 0238 6FF05FFE 		j	.L24
 356              	.L23:
  78:src/printing.cpp **** 
  79:src/printing.cpp ****     UNLOCK();
 357              		.loc 1 79 5 is_stmt 1
 358 023c 97070000 		sd	zero,.LANCHOR0,a5
 358      23B00700 
  80:src/printing.cpp **** }...
 359              		.loc 1 80 1 is_stmt 0
 360 0244 83308104 		ld	ra,72(sp)
 361              		.cfi_restore 1
 362 0248 03340104 		ld	s0,64(sp)
 363              		.cfi_restore 8
 364              		.cfi_def_cfa 2, 80
 365 024c 83348103 		ld	s1,56(sp)
GAS LISTING /tmp/ccxyLEYS.s 			page 9


 366              		.cfi_restore 9
 367 0250 03390103 		ld	s2,48(sp)
 368              		.cfi_restore 18
 369              	.LVL38:
 370 0254 83398102 		ld	s3,40(sp)
 371              		.cfi_restore 19
 372 0258 13010105 		addi	sp,sp,80
 373              		.cfi_def_cfa_offset 0
 374 025c 67800000 		jr	ra
 375              		.cfi_endproc
 376              	.LFE14:
 378              		.globl	digits
 379              		.globl	lockPrint
 380              		.data
 381              		.align	3
 382              		.set	.LANCHOR1,. + 0
 385              	digits:
 386 0000 30313233 		.string	"0123456789ABCDEF"
 386      34353637 
 386      38394142 
 386      43444546 
 386      00
 387              		.bss
 388              		.align	3
 389              		.set	.LANCHOR0,. + 0
 392              	lockPrint:
 393 0000 00000000 		.zero	8
 393      00000000 
 394              		.text
 395              	.Letext0:
 396              		.file 2 "src/../h/../lib/hw.h"
 397              		.file 3 "src/../h/syscall_c.h"
 398              		.file 4 "src/../h/printing.hpp"
GAS LISTING /tmp/ccxyLEYS.s 			page 10


DEFINED SYMBOLS
                            *ABS*:0000000000000000 printing.cpp
     /tmp/ccxyLEYS.s:9      .text:0000000000000000 _Z11printStringPKc
     /tmp/ccxyLEYS.s:13     .text:0000000000000000 .L0 
     /tmp/ccxyLEYS.s:15     .text:0000000000000000 .L0 
     /tmp/ccxyLEYS.s:16     .text:0000000000000004 .L0 
     /tmp/ccxyLEYS.s:20     .text:0000000000000010 .L0 
     /tmp/ccxyLEYS.s:21     .text:0000000000000010 .L0 
     /tmp/ccxyLEYS.s:22     .text:0000000000000010 .L0 
     /tmp/ccxyLEYS.s:24     .text:0000000000000014 .L0 
     /tmp/ccxyLEYS.s:29     .text:0000000000000018 .L0 
     /tmp/ccxyLEYS.s:30     .text:0000000000000018 .L0 
     /tmp/ccxyLEYS.s:37     .text:0000000000000034 .L0 
     /tmp/ccxyLEYS.s:42     .text:0000000000000040 .L0 
     /tmp/ccxyLEYS.s:45     .text:0000000000000044 .L0 
     /tmp/ccxyLEYS.s:46     .text:0000000000000044 .L0 
     /tmp/ccxyLEYS.s:47     .text:0000000000000044 .L0 
     /tmp/ccxyLEYS.s:49     .text:0000000000000048 .L0 
     /tmp/ccxyLEYS.s:51     .text:000000000000004c .L0 
     /tmp/ccxyLEYS.s:52     .text:000000000000004c .L0 
     /tmp/ccxyLEYS.s:55     .text:0000000000000054 .L0 
     /tmp/ccxyLEYS.s:56     .text:0000000000000054 .L0 
     /tmp/ccxyLEYS.s:59     .text:0000000000000058 .L0 
     /tmp/ccxyLEYS.s:62     .text:000000000000005c .L0 
     /tmp/ccxyLEYS.s:65     .text:0000000000000064 .L0 
     /tmp/ccxyLEYS.s:66     .text:0000000000000068 .L0 
     /tmp/ccxyLEYS.s:68     .text:000000000000006c .L0 
     /tmp/ccxyLEYS.s:69     .text:000000000000006c .L0 
     /tmp/ccxyLEYS.s:71     .text:0000000000000070 .L0 
     /tmp/ccxyLEYS.s:74     .text:0000000000000074 .L0 
     /tmp/ccxyLEYS.s:76     .text:0000000000000078 .L0 
     /tmp/ccxyLEYS.s:82     .text:0000000000000078 _Z9getStringPci
     /tmp/ccxyLEYS.s:85     .text:0000000000000078 .L0 
     /tmp/ccxyLEYS.s:87     .text:0000000000000078 .L0 
     /tmp/ccxyLEYS.s:88     .text:000000000000007c .L0 
     /tmp/ccxyLEYS.s:95     .text:0000000000000094 .L0 
     /tmp/ccxyLEYS.s:96     .text:0000000000000094 .L0 
     /tmp/ccxyLEYS.s:97     .text:0000000000000094 .L0 
     /tmp/ccxyLEYS.s:98     .text:0000000000000094 .L0 
     /tmp/ccxyLEYS.s:99     .text:0000000000000094 .L0 
     /tmp/ccxyLEYS.s:100    .text:0000000000000094 .L0 
     /tmp/ccxyLEYS.s:102    .text:0000000000000098 .L0 
     /tmp/ccxyLEYS.s:106    .text:00000000000000a0 .L0 
     /tmp/ccxyLEYS.s:107    .text:00000000000000a0 .L0 
     /tmp/ccxyLEYS.s:109    .text:00000000000000a0 .L0 
     /tmp/ccxyLEYS.s:110    .text:00000000000000a0 .L0 
     /tmp/ccxyLEYS.s:114    .text:00000000000000a4 .L0 
     /tmp/ccxyLEYS.s:116    .text:00000000000000a8 .L0 
     /tmp/ccxyLEYS.s:119    .text:00000000000000ac .L0 
     /tmp/ccxyLEYS.s:121    .text:00000000000000b0 .L0 
     /tmp/ccxyLEYS.s:122    .text:00000000000000b0 .L0 
     /tmp/ccxyLEYS.s:125    .text:00000000000000b8 .L0 
     /tmp/ccxyLEYS.s:128    .text:00000000000000bc .L0 
     /tmp/ccxyLEYS.s:129    .text:00000000000000bc .L0 
     /tmp/ccxyLEYS.s:130    .text:00000000000000bc .L0 
     /tmp/ccxyLEYS.s:132    .text:00000000000000c0 .L0 
     /tmp/ccxyLEYS.s:134    .text:00000000000000c4 .L0 
GAS LISTING /tmp/ccxyLEYS.s 			page 11


     /tmp/ccxyLEYS.s:137    .text:00000000000000cc .L0 
     /tmp/ccxyLEYS.s:140    .text:00000000000000d4 .L0 
     /tmp/ccxyLEYS.s:147    .text:00000000000000e0 .L0 
     /tmp/ccxyLEYS.s:148    .text:00000000000000e0 .L0 
     /tmp/ccxyLEYS.s:151    .text:00000000000000e4 .L0 
     /tmp/ccxyLEYS.s:153    .text:00000000000000e8 .L0 
     /tmp/ccxyLEYS.s:154    .text:00000000000000e8 .L0 
     /tmp/ccxyLEYS.s:156    .text:00000000000000f0 .L0 
     /tmp/ccxyLEYS.s:158    .text:00000000000000f4 .L0 
     /tmp/ccxyLEYS.s:159    .text:00000000000000f4 .L0 
     /tmp/ccxyLEYS.s:161    .text:00000000000000f8 .L0 
     /tmp/ccxyLEYS.s:163    .text:00000000000000fc .L0 
     /tmp/ccxyLEYS.s:165    .text:0000000000000100 .L0 
     /tmp/ccxyLEYS.s:168    .text:0000000000000104 .L0 
     /tmp/ccxyLEYS.s:170    .text:0000000000000108 .L0 
     /tmp/ccxyLEYS.s:172    .text:000000000000010c .L0 
     /tmp/ccxyLEYS.s:178    .text:000000000000010c _Z11stringToIntPKc
     /tmp/ccxyLEYS.s:181    .text:000000000000010c .L0 
     /tmp/ccxyLEYS.s:183    .text:000000000000010c .L0 
     /tmp/ccxyLEYS.s:184    .text:0000000000000110 .L0 
     /tmp/ccxyLEYS.s:186    .text:0000000000000114 .L0 
     /tmp/ccxyLEYS.s:188    .text:0000000000000118 .L0 
     /tmp/ccxyLEYS.s:192    .text:000000000000011c .L0 
     /tmp/ccxyLEYS.s:193    .text:000000000000011c .L0 
     /tmp/ccxyLEYS.s:197    .text:0000000000000120 .L0 
     /tmp/ccxyLEYS.s:198    .text:0000000000000120 .L0 
     /tmp/ccxyLEYS.s:199    .text:0000000000000120 .L0 
     /tmp/ccxyLEYS.s:201    .text:0000000000000124 .L0 
     /tmp/ccxyLEYS.s:206    .text:0000000000000134 .L0 
     /tmp/ccxyLEYS.s:207    .text:0000000000000134 .L0 
     /tmp/ccxyLEYS.s:211    .text:0000000000000140 .L0 
     /tmp/ccxyLEYS.s:214    .text:0000000000000144 .L0 
     /tmp/ccxyLEYS.s:216    .text:0000000000000148 .L0 
     /tmp/ccxyLEYS.s:219    .text:000000000000014c .L0 
     /tmp/ccxyLEYS.s:223    .text:0000000000000150 .L0 
     /tmp/ccxyLEYS.s:224    .text:0000000000000150 .L0 
     /tmp/ccxyLEYS.s:225    .text:0000000000000154 .L0 
     /tmp/ccxyLEYS.s:226    .text:0000000000000154 .L0 
     /tmp/ccxyLEYS.s:228    .text:0000000000000158 .L0 
     /tmp/ccxyLEYS.s:230    .text:000000000000015c .L0 
     /tmp/ccxyLEYS.s:236    .text:000000000000015c _Z8printIntmhh
     /tmp/ccxyLEYS.s:239    .text:000000000000015c .L0 
     /tmp/ccxyLEYS.s:241    .text:000000000000015c .L0 
     /tmp/ccxyLEYS.s:242    .text:0000000000000160 .L0 
     /tmp/ccxyLEYS.s:248    .text:0000000000000174 .L0 
     /tmp/ccxyLEYS.s:249    .text:0000000000000174 .L0 
     /tmp/ccxyLEYS.s:250    .text:0000000000000174 .L0 
     /tmp/ccxyLEYS.s:251    .text:0000000000000174 .L0 
     /tmp/ccxyLEYS.s:252    .text:0000000000000174 .L0 
     /tmp/ccxyLEYS.s:254    .text:0000000000000178 .L0 
     /tmp/ccxyLEYS.s:261    .text:0000000000000184 .L0 
     /tmp/ccxyLEYS.s:262    .text:0000000000000184 .L0 
     /tmp/ccxyLEYS.s:269    .text:00000000000001a0 .L0 
     /tmp/ccxyLEYS.s:274    .text:00000000000001ac .L0 
     /tmp/ccxyLEYS.s:275    .text:00000000000001ac .L0 
     /tmp/ccxyLEYS.s:277    .text:00000000000001ac .L0 
     /tmp/ccxyLEYS.s:278    .text:00000000000001ac .L0 
GAS LISTING /tmp/ccxyLEYS.s 			page 12


     /tmp/ccxyLEYS.s:279    .text:00000000000001ac .L0 
     /tmp/ccxyLEYS.s:281    .text:00000000000001b0 .L0 
     /tmp/ccxyLEYS.s:283    .text:00000000000001b4 .L0 
     /tmp/ccxyLEYS.s:288    .text:00000000000001bc .L0 
     /tmp/ccxyLEYS.s:289    .text:00000000000001bc .L0 
     /tmp/ccxyLEYS.s:290    .text:00000000000001bc .L0 
     /tmp/ccxyLEYS.s:293    .text:00000000000001c0 .L0 
     /tmp/ccxyLEYS.s:295    .text:00000000000001c4 .L0 
     /tmp/ccxyLEYS.s:299    .text:00000000000001c8 .L0 
     /tmp/ccxyLEYS.s:303    .text:00000000000001cc .L0 
     /tmp/ccxyLEYS.s:304    .text:00000000000001cc .L0 
     /tmp/ccxyLEYS.s:308    .text:00000000000001d0 .L0 
     /tmp/ccxyLEYS.s:309    .text:00000000000001d0 .L0 
     /tmp/ccxyLEYS.s:310    .text:00000000000001d0 .L0 
     /tmp/ccxyLEYS.s:313    .text:00000000000001d8 .L0 
     /tmp/ccxyLEYS.s:316    .text:00000000000001dc .L0 
     /tmp/ccxyLEYS.s:320    .text:00000000000001ec .L0 
     /tmp/ccxyLEYS.s:324    .text:00000000000001f8 .L0 
     /tmp/ccxyLEYS.s:326    .text:00000000000001fc .L0 
     /tmp/ccxyLEYS.s:329    .text:0000000000000200 .L0 
     /tmp/ccxyLEYS.s:331    .text:0000000000000204 .L0 
     /tmp/ccxyLEYS.s:334    .text:0000000000000208 .L0 
     /tmp/ccxyLEYS.s:335    .text:0000000000000208 .L0 
     /tmp/ccxyLEYS.s:340    .text:0000000000000218 .L0 
     /tmp/ccxyLEYS.s:344    .text:000000000000021c .L0 
     /tmp/ccxyLEYS.s:345    .text:000000000000021c .L0 
     /tmp/ccxyLEYS.s:349    .text:0000000000000224 .L0 
     /tmp/ccxyLEYS.s:350    .text:0000000000000224 .L0 
     /tmp/ccxyLEYS.s:358    .text:000000000000023c .L0 
     /tmp/ccxyLEYS.s:360    .text:0000000000000244 .L0 
     /tmp/ccxyLEYS.s:361    .text:0000000000000248 .L0 
     /tmp/ccxyLEYS.s:363    .text:000000000000024c .L0 
     /tmp/ccxyLEYS.s:364    .text:000000000000024c .L0 
     /tmp/ccxyLEYS.s:366    .text:0000000000000250 .L0 
     /tmp/ccxyLEYS.s:368    .text:0000000000000254 .L0 
     /tmp/ccxyLEYS.s:371    .text:0000000000000258 .L0 
     /tmp/ccxyLEYS.s:373    .text:000000000000025c .L0 
     /tmp/ccxyLEYS.s:375    .text:0000000000000260 .L0 
     /tmp/ccxyLEYS.s:385    .data:0000000000000000 digits
     /tmp/ccxyLEYS.s:392    .bss:0000000000000000 lockPrint
     /tmp/ccxyLEYS.s:382    .data:0000000000000000 .LANCHOR1
     /tmp/ccxyLEYS.s:389    .bss:0000000000000000 .LANCHOR0
     /tmp/ccxyLEYS.s:399    .text:0000000000000260 .L0 
     /tmp/ccxyLEYS.s:32     .text:0000000000000020 .L0 
     /tmp/ccxyLEYS.s:62     .text:000000000000005c .L0 
     /tmp/ccxyLEYS.s:264    .text:000000000000018c .L0 
     /tmp/ccxyLEYS.s:316    .text:00000000000001dc .L0 
     /tmp/ccxyLEYS.s:358    .text:000000000000023c .L0 
     /tmp/ccxyLEYS.s:40     .text:0000000000000040 .L2
     /tmp/ccxyLEYS.s:27     .text:0000000000000018 .L3
     /tmp/ccxyLEYS.s:63     .text:0000000000000064 .L1
     /tmp/ccxyLEYS.s:60     .text:000000000000005c .L5
     /tmp/ccxyLEYS.s:43     .text:0000000000000044 .L6
     /tmp/ccxyLEYS.s:145    .text:00000000000000e0 .L9
     /tmp/ccxyLEYS.s:142    .text:00000000000000dc .L11
     /tmp/ccxyLEYS.s:112    .text:00000000000000a4 .L10
     /tmp/ccxyLEYS.s:221    .text:0000000000000150 .L14
GAS LISTING /tmp/ccxyLEYS.s 			page 13


     /tmp/ccxyLEYS.s:195    .text:0000000000000120 .L15
     /tmp/ccxyLEYS.s:272    .text:00000000000001ac .L18
     /tmp/ccxyLEYS.s:259    .text:0000000000000184 .L19
     /tmp/ccxyLEYS.s:297    .text:00000000000001c8 .L25
     /tmp/ccxyLEYS.s:285    .text:00000000000001bc .L28
     /tmp/ccxyLEYS.s:301    .text:00000000000001cc .L20
     /tmp/ccxyLEYS.s:306    .text:00000000000001d0 .L21
     /tmp/ccxyLEYS.s:342    .text:000000000000021c .L24
     /tmp/ccxyLEYS.s:356    .text:000000000000023c .L23
     /tmp/ccxyLEYS.s:837    .debug_abbrev:0000000000000000 .Ldebug_abbrev0
     /tmp/ccxyLEYS.s:1483   .debug_str:000000000000011c .LASF38
     /tmp/ccxyLEYS.s:1447   .debug_str:0000000000000028 .LASF39
     /tmp/ccxyLEYS.s:1501   .debug_str:0000000000000244 .LASF40
     /tmp/ccxyLEYS.s:5      .text:0000000000000000 .Ltext0
     /tmp/ccxyLEYS.s:395    .text:0000000000000260 .Letext0
     /tmp/ccxyLEYS.s:1439   .debug_line:0000000000000000 .Ldebug_line0
     /tmp/ccxyLEYS.s:1489   .debug_str:00000000000001f8 .LASF0
     /tmp/ccxyLEYS.s:1477   .debug_str:00000000000000f4 .LASF1
     /tmp/ccxyLEYS.s:1469   .debug_str:00000000000000c5 .LASF2
     /tmp/ccxyLEYS.s:1449   .debug_str:0000000000000039 .LASF4
     /tmp/ccxyLEYS.s:1475   .debug_str:00000000000000e2 .LASF3
     /tmp/ccxyLEYS.s:1443   .debug_str:0000000000000013 .LASF5
     /tmp/ccxyLEYS.s:1441   .debug_str:0000000000000000 .LASF6
     /tmp/ccxyLEYS.s:1463   .debug_str:0000000000000099 .LASF7
     /tmp/ccxyLEYS.s:1497   .debug_str:000000000000021e .LASF8
     /tmp/ccxyLEYS.s:1445   .debug_str:000000000000001a .LASF9
     /tmp/ccxyLEYS.s:1521   .debug_str:00000000000002c6 .LASF10
     /tmp/ccxyLEYS.s:1465   .debug_str:00000000000000ac .LASF11
     /tmp/ccxyLEYS.s:1515   .debug_str:00000000000002a1 .LASF12
     /tmp/ccxyLEYS.s:1503   .debug_str:0000000000000252 .LASF13
     /tmp/ccxyLEYS.s:1481   .debug_str:0000000000000110 .LASF14
     /tmp/ccxyLEYS.s:1455   .debug_str:0000000000000059 .LASF15
     /tmp/ccxyLEYS.s:1499   .debug_str:000000000000022e .LASF16
     /tmp/ccxyLEYS.s:1467   .debug_str:00000000000000bb .LASF17
     /tmp/ccxyLEYS.s:1495   .debug_str:0000000000000219 .LASF18
     /tmp/ccxyLEYS.s:1509   .debug_str:000000000000027e .LASF19
     /tmp/ccxyLEYS.s:1453   .debug_str:0000000000000050 .LASF26
     /tmp/ccxyLEYS.s:1491   .debug_str:0000000000000205 .LASF28
     /tmp/ccxyLEYS.s:237    .text:000000000000015c .LFB14
     /tmp/ccxyLEYS.s:376    .text:0000000000000260 .LFE14
     /tmp/ccxyLEYS.s:1206   .debug_loc:0000000000000000 .LLST8
     /tmp/ccxyLEYS.s:1487   .debug_str:00000000000001f3 .LASF20
     /tmp/ccxyLEYS.s:1235   .debug_loc:0000000000000075 .LLST9
     /tmp/ccxyLEYS.s:1249   .debug_loc:00000000000000ae .LLST10
     /tmp/ccxyLEYS.s:1263   .debug_loc:00000000000000e7 .LLST11
     /tmp/ccxyLEYS.s:1285   .debug_loc:0000000000000146 .LLST12
     /tmp/ccxyLEYS.s:1307   .debug_loc:00000000000001a5 .LLST13
     /tmp/ccxyLEYS.s:266    .text:000000000000019c .LVL24
     /tmp/ccxyLEYS.s:270    .text:00000000000001a8 .LVL25
     /tmp/ccxyLEYS.s:354    .text:0000000000000238 .LVL37
     /tmp/ccxyLEYS.s:1513   .debug_str:0000000000000298 .LASF21
     /tmp/ccxyLEYS.s:1505   .debug_str:0000000000000262 .LASF22
     /tmp/ccxyLEYS.s:1511   .debug_str:0000000000000285 .LASF24
     /tmp/ccxyLEYS.s:179    .text:000000000000010c .LFB13
     /tmp/ccxyLEYS.s:231    .text:000000000000015c .LFE13
     /tmp/ccxyLEYS.s:1318   .debug_loc:00000000000001db .LLST6
     /tmp/ccxyLEYS.s:1329   .debug_loc:0000000000000211 .LLST7
GAS LISTING /tmp/ccxyLEYS.s 			page 14


     /tmp/ccxyLEYS.s:1473   .debug_str:00000000000000d8 .LASF23
     /tmp/ccxyLEYS.s:1451   .debug_str:0000000000000040 .LASF25
     /tmp/ccxyLEYS.s:83     .text:0000000000000078 .LFB12
     /tmp/ccxyLEYS.s:173    .text:000000000000010c .LFE12
     /tmp/ccxyLEYS.s:1351   .debug_loc:0000000000000270 .LLST1
     /tmp/ccxyLEYS.s:1366   .debug_loc:00000000000002b9 .LLST2
     /tmp/ccxyLEYS.s:1380   .debug_loc:00000000000002f2 .LLST3
     /tmp/ccxyLEYS.s:1396   .debug_loc:000000000000033c .LLST4
     /tmp/ccxyLEYS.s:1408   .debug_loc:0000000000000364 .LLST5
     /tmp/ccxyLEYS.s:123    .text:00000000000000b8 .LVL11
     /tmp/ccxyLEYS.s:1519   .debug_str:00000000000002ba .LASF27
     /tmp/ccxyLEYS.s:1485   .debug_str:00000000000001e0 .LASF29
     /tmp/ccxyLEYS.s:10     .text:0000000000000000 .LFB11
     /tmp/ccxyLEYS.s:77     .text:0000000000000078 .LFE11
     /tmp/ccxyLEYS.s:1459   .debug_str:000000000000007d .LASF30
     /tmp/ccxyLEYS.s:1415   .debug_loc:0000000000000387 .LLST0
     /tmp/ccxyLEYS.s:34     .text:0000000000000030 .LVL2
     /tmp/ccxyLEYS.s:38     .text:000000000000003c .LVL3
     /tmp/ccxyLEYS.s:53     .text:0000000000000054 .LVL4
     /tmp/ccxyLEYS.s:1457   .debug_str:000000000000006f .LASF31
     /tmp/ccxyLEYS.s:1461   .debug_str:0000000000000084 .LASF32
     /tmp/ccxyLEYS.s:1507   .debug_str:000000000000026e .LASF33
     /tmp/ccxyLEYS.s:1479   .debug_str:0000000000000107 .LASF34
     /tmp/ccxyLEYS.s:1493   .debug_str:0000000000000214 .LASF35
     /tmp/ccxyLEYS.s:1517   .debug_str:00000000000002b1 .LASF36
     /tmp/ccxyLEYS.s:1471   .debug_str:00000000000000d3 .LASF37
     /tmp/ccxyLEYS.s:240    .text:000000000000015c .LVL22
     /tmp/ccxyLEYS.s:258    .text:0000000000000184 .LVL23
     /tmp/ccxyLEYS.s:291    .text:00000000000001c0 .LVL28
     /tmp/ccxyLEYS.s:296    .text:00000000000001c8 .LVL29
     /tmp/ccxyLEYS.s:300    .text:00000000000001cc .LVL30
     /tmp/ccxyLEYS.s:305    .text:00000000000001d0 .LVL31
     /tmp/ccxyLEYS.s:314    .text:00000000000001dc .LVL32
     /tmp/ccxyLEYS.s:333    .text:0000000000000208 .LVL34
     /tmp/ccxyLEYS.s:341    .text:000000000000021c .LVL35
     /tmp/ccxyLEYS.s:346    .text:0000000000000220 .LVL36
     /tmp/ccxyLEYS.s:276    .text:00000000000001ac .LVL26
     /tmp/ccxyLEYS.s:287    .text:00000000000001bc .LVL27
     /tmp/ccxyLEYS.s:369    .text:0000000000000254 .LVL38
     /tmp/ccxyLEYS.s:182    .text:000000000000010c .LVL16
     /tmp/ccxyLEYS.s:194    .text:0000000000000120 .LVL18
     /tmp/ccxyLEYS.s:191    .text:000000000000011c .LVL17
     /tmp/ccxyLEYS.s:217    .text:000000000000014c .LVL20
     /tmp/ccxyLEYS.s:220    .text:0000000000000150 .LVL21
     /tmp/ccxyLEYS.s:86     .text:0000000000000078 .LVL7
     /tmp/ccxyLEYS.s:111    .text:00000000000000a4 .LVL9
     /tmp/ccxyLEYS.s:166    .text:0000000000000100 .LVL15
     /tmp/ccxyLEYS.s:108    .text:00000000000000a0 .LVL8
     /tmp/ccxyLEYS.s:117    .text:00000000000000ac .LVL10
     /tmp/ccxyLEYS.s:144    .text:00000000000000e0 .LVL13
     /tmp/ccxyLEYS.s:149    .text:00000000000000e4 .LVL14
     /tmp/ccxyLEYS.s:127    .text:00000000000000bc .LVL12
     /tmp/ccxyLEYS.s:14     .text:0000000000000000 .LVL0
     /tmp/ccxyLEYS.s:26     .text:0000000000000018 .LVL1
     /tmp/ccxyLEYS.s:72     .text:0000000000000070 .LVL6
     /tmp/ccxyLEYS.s:400    .debug_info:0000000000000000 .Ldebug_info0

GAS LISTING /tmp/ccxyLEYS.s 			page 15


UNDEFINED SYMBOLS
copy_and_swap
_Z15thread_dispatchv
_Z4putcc
_Z4getcv
