GAS LISTING /tmp/ccE3Wqlv.s 			page 1


   1              		.file	"scheduler.cpp"
   2              		.option pic
   3              		.option norelax
   4              		.text
   5              	.Ltext0:
   6              		.align	2
   8              	_Z41__static_initialization_and_destruction_0ii:
   9              	.LFB23:
  10              		.file 1 "src/scheduler.cpp"
   1:src/scheduler.cpp **** // Created by marko on 20.4.22..
   2:src/scheduler.cpp **** //
   3:src/scheduler.cpp **** 
   4:src/scheduler.cpp **** #include "../h/scheduler.hpp"
   5:src/scheduler.cpp **** #include "../h/printing.hpp"
   6:src/scheduler.cpp **** 
   7:src/scheduler.cpp **** List<TCB> Scheduler::readyCoroutineQueue;
   8:src/scheduler.cpp **** List<TCB> Scheduler::sleepingThreads;
   9:src/scheduler.cpp **** 
  10:src/scheduler.cpp **** TCB *Scheduler::get()
  11:src/scheduler.cpp **** {
  12:src/scheduler.cpp ****     return readyCoroutineQueue.removeFirst();
  13:src/scheduler.cpp **** }
  14:src/scheduler.cpp **** 
  15:src/scheduler.cpp **** void Scheduler::put(TCB *ccb)
  16:src/scheduler.cpp **** {
  17:src/scheduler.cpp ****     readyCoroutineQueue.addLast(ccb);
  18:src/scheduler.cpp **** }
  19:src/scheduler.cpp **** 
  20:src/scheduler.cpp **** TCB *Scheduler::getS() {
  21:src/scheduler.cpp ****     return sleepingThreads.removeFirst();
  22:src/scheduler.cpp **** }
  23:src/scheduler.cpp **** 
  24:src/scheduler.cpp **** void Scheduler::putS(TCB *ccb) {
  25:src/scheduler.cpp ****     sleepingThreads.addLast(ccb);
  26:src/scheduler.cpp **** }
  11              		.loc 1 26 1
  12              		.cfi_startproc
  13              	.LVL0:
  14 0000 130101FF 		addi	sp,sp,-16
  15              		.cfi_def_cfa_offset 16
  16 0004 23348100 		sd	s0,8(sp)
  17              		.cfi_offset 8, -8
  18 0008 13040101 		addi	s0,sp,16
  19              		.cfi_def_cfa 8, 0
  20              		.loc 1 26 1 is_stmt 0
  21 000c 93071000 		li	a5,1
  22 0010 6308F500 		beq	a0,a5,.L4
  23              	.L1:
  24 0014 03348100 		ld	s0,8(sp)
  25              		.cfi_remember_state
  26              		.cfi_restore 8
  27              		.cfi_def_cfa 2, 16
  28 0018 13010101 		addi	sp,sp,16
  29              		.cfi_def_cfa_offset 0
  30 001c 67800000 		jr	ra
  31              	.L4:
  32              		.cfi_restore_state
GAS LISTING /tmp/ccE3Wqlv.s 			page 2


  33              		.loc 1 26 1 discriminator 1
  34 0020 B7070100 		li	a5,65536
  35 0024 9387F7FF 		addi	a5,a5,-1
  36 0028 E396F5FE 		bne	a1,a5,.L1
  37              	.LVL1:
  38              	.LBB25:
  39              	.LBB26:
  40              	.LBB27:
  41              		.file 2 "src/../h/list.hpp"
   1:src/../h/list.hpp **** #ifndef OS1_RISCV_CONTEXT_SWITCH_SYNCHORNOUS_LIST_HPP
   2:src/../h/list.hpp **** #define OS1_RISCV_CONTEXT_SWITCH_SYNCHORNOUS_LIST_HPP
   3:src/../h/list.hpp **** 
   4:src/../h/list.hpp **** #include "../lib/hw.h"
   5:src/../h/list.hpp **** 
   6:src/../h/list.hpp **** typedef unsigned long uint64;
   7:src/../h/list.hpp **** void printString(char const* string);
   8:src/../h/list.hpp **** void printInt(unsigned long xx, unsigned char base = 10, unsigned char sgn = 0);
   9:src/../h/list.hpp **** template<typename T>
  10:src/../h/list.hpp **** class List
  11:src/../h/list.hpp **** {
  12:src/../h/list.hpp **** private:
  13:src/../h/list.hpp ****     struct Elem
  14:src/../h/list.hpp ****     {
  15:src/../h/list.hpp ****         T* data;
  16:src/../h/list.hpp ****         Elem* next;
  17:src/../h/list.hpp **** 
  18:src/../h/list.hpp ****         Elem(T* data, Elem* next) : data(data), next(next) {}
  19:src/../h/list.hpp ****     };
  20:src/../h/list.hpp **** 
  21:src/../h/list.hpp ****     Elem* head;
  22:src/../h/list.hpp ****     Elem* tail;
  23:src/../h/list.hpp **** 
  24:src/../h/list.hpp **** public:
  25:src/../h/list.hpp ****     List() : head(nullptr), tail(nullptr) {}
  42              		.loc 2 25 41
  43 002c 97070000 		lla	a5,.LANCHOR0
  43      93870700 
  44 0034 23B00700 		sd	zero,0(a5)
  45 0038 23B40700 		sd	zero,8(a5)
  46              	.LVL2:
  47              	.LBE27:
  48              	.LBE26:
  49              	.LBE25:
  50              	.LBB28:
  51              	.LBB29:
  52              	.LBB30:
  53 003c 23B80700 		sd	zero,16(a5)
  54 0040 23BC0700 		sd	zero,24(a5)
  55              	.LVL3:
  56              	.LBE30:
  57              	.LBE29:
  58              	.LBE28:
  59              		.loc 1 26 1
  60 0044 6FF01FFD 		j	.L1
  61              		.cfi_endproc
  62              	.LFE23:
  64              		.align	2
GAS LISTING /tmp/ccE3Wqlv.s 			page 3


  65              		.globl	_ZN9Scheduler3getEv
  67              	_ZN9Scheduler3getEv:
  68              	.LFB11:
  11:src/scheduler.cpp ****     return readyCoroutineQueue.removeFirst();
  69              		.loc 1 11 1 is_stmt 1
  70              		.cfi_startproc
  71 0048 130101FE 		addi	sp,sp,-32
  72              		.cfi_def_cfa_offset 32
  73 004c 233C1100 		sd	ra,24(sp)
  74 0050 23388100 		sd	s0,16(sp)
  75 0054 23349100 		sd	s1,8(sp)
  76              		.cfi_offset 1, -8
  77              		.cfi_offset 8, -16
  78              		.cfi_offset 9, -24
  79 0058 13040102 		addi	s0,sp,32
  80              		.cfi_def_cfa 8, 0
  12:src/scheduler.cpp **** }
  81              		.loc 1 12 5
  82              	.LVL4:
  83              	.LBB31:
  84              	.LBB32:
  26:src/../h/list.hpp **** 
  27:src/../h/list.hpp ****     List(const List<T>&) = delete;
  28:src/../h/list.hpp ****     List<T>& operator=(const List<T>&) = delete;
  29:src/../h/list.hpp **** 
  30:src/../h/list.hpp ****     bool isEmpty() {
  31:src/../h/list.hpp ****         return head == 0;
  32:src/../h/list.hpp ****     }
  33:src/../h/list.hpp **** 
  34:src/../h/list.hpp ****     void addFirst(T* data)
  35:src/../h/list.hpp ****     {
  36:src/../h/list.hpp ****         Elem* elem = new Elem(data, head);
  37:src/../h/list.hpp ****         head = elem;
  38:src/../h/list.hpp **** 
  39:src/../h/list.hpp ****         if (!tail)
  40:src/../h/list.hpp ****         {
  41:src/../h/list.hpp ****             tail = head;
  42:src/../h/list.hpp ****         }
  43:src/../h/list.hpp ****     }
  44:src/../h/list.hpp **** 
  45:src/../h/list.hpp ****     void addLast(T* data)
  46:src/../h/list.hpp ****     {
  47:src/../h/list.hpp ****         Elem* elem = new Elem(data, nullptr);
  48:src/../h/list.hpp **** 
  49:src/../h/list.hpp ****         if (tail)
  50:src/../h/list.hpp ****         {
  51:src/../h/list.hpp ****             tail->next = elem;
  52:src/../h/list.hpp ****             tail = elem;
  53:src/../h/list.hpp ****         }
  54:src/../h/list.hpp ****         else
  55:src/../h/list.hpp ****         {
  56:src/../h/list.hpp ****             head = tail = elem;
  57:src/../h/list.hpp ****         }
  58:src/../h/list.hpp ****     }
  59:src/../h/list.hpp **** 
  60:src/../h/list.hpp ****     T* removeFirst()
  61:src/../h/list.hpp ****     {
GAS LISTING /tmp/ccE3Wqlv.s 			page 4


  62:src/../h/list.hpp ****         if (!head)
  85              		.loc 2 62 14 is_stmt 0
  86 005c 17050000 		ld	a0,.LANCHOR0
  86      03350500 
  87              		.loc 2 62 9
  88 0064 63020504 		beqz	a0,.L8
  89              	.LVL5:
  63:src/../h/list.hpp ****         {
  64:src/../h/list.hpp ****             return nullptr;
  65:src/../h/list.hpp ****         }
  66:src/../h/list.hpp **** 
  67:src/../h/list.hpp ****         Elem* elem = head;
  68:src/../h/list.hpp ****         head = head->next;
  90              		.loc 2 68 22
  91 0068 83378500 		ld	a5,8(a0)
  92              		.loc 2 68 9
  93 006c 17070000 		sd	a5,.LANCHOR0,a4
  93      2330F700 
  69:src/../h/list.hpp **** 
  70:src/../h/list.hpp ****         if (!head)
  94              		.loc 2 70 9
  95 0074 63840702 		beqz	a5,.L10
  96              	.L7:
  71:src/../h/list.hpp ****         {
  72:src/../h/list.hpp ****             tail = nullptr;
  73:src/../h/list.hpp ****         }
  74:src/../h/list.hpp **** 
  75:src/../h/list.hpp ****         T* ret = elem->data;
  97              		.loc 2 75 12
  98 0078 83340500 		ld	s1,0(a0)
  99              	.LVL6:
  76:src/../h/list.hpp **** 
  77:src/../h/list.hpp ****         delete elem;
 100              		.loc 2 77 9
 101 007c 97000000 		call	_ZdlPv@plt
 101      E7800000 
 102              	.LVL7:
 103              	.L5:
 104              	.LBE32:
 105              	.LBE31:
  13:src/scheduler.cpp **** 
 106              		.loc 1 13 1
 107 0084 13850400 		mv	a0,s1
 108 0088 83308101 		ld	ra,24(sp)
 109              		.cfi_remember_state
 110              		.cfi_restore 1
 111 008c 03340101 		ld	s0,16(sp)
 112              		.cfi_restore 8
 113              		.cfi_def_cfa 2, 32
 114 0090 83348100 		ld	s1,8(sp)
 115              		.cfi_restore 9
 116 0094 13010102 		addi	sp,sp,32
 117              		.cfi_def_cfa_offset 0
 118 0098 67800000 		jr	ra
 119              	.LVL8:
 120              	.L10:
 121              		.cfi_restore_state
GAS LISTING /tmp/ccE3Wqlv.s 			page 5


 122              	.LBB34:
 123              	.LBB33:
  72:src/../h/list.hpp ****         }
 124              		.loc 2 72 13
 125 009c 97070000 		sd	zero,.LANCHOR0+8,a5
 125      23B00700 
 126 00a4 6FF05FFD 		j	.L7
 127              	.LVL9:
 128              	.L8:
  64:src/../h/list.hpp ****         }
 129              		.loc 2 64 20
 130 00a8 93040500 		mv	s1,a0
 131              	.LVL10:
 132              	.LBE33:
 133              	.LBE34:
  12:src/scheduler.cpp **** }
 134              		.loc 1 12 44
 135 00ac 6FF09FFD 		j	.L5
 136              		.cfi_endproc
 137              	.LFE11:
 139              		.align	2
 140              		.globl	_ZN9Scheduler3putEP3TCB
 142              	_ZN9Scheduler3putEP3TCB:
 143              	.LFB12:
  16:src/scheduler.cpp ****     readyCoroutineQueue.addLast(ccb);
 144              		.loc 1 16 1 is_stmt 1
 145              		.cfi_startproc
 146              	.LVL11:
 147 00b0 130101FE 		addi	sp,sp,-32
 148              		.cfi_def_cfa_offset 32
 149 00b4 233C1100 		sd	ra,24(sp)
 150 00b8 23388100 		sd	s0,16(sp)
 151 00bc 23349100 		sd	s1,8(sp)
 152              		.cfi_offset 1, -8
 153              		.cfi_offset 8, -16
 154              		.cfi_offset 9, -24
 155 00c0 13040102 		addi	s0,sp,32
 156              		.cfi_def_cfa 8, 0
 157 00c4 93040500 		mv	s1,a0
  17:src/scheduler.cpp **** }
 158              		.loc 1 17 5
 159              	.LVL12:
 160              	.LBB35:
 161              	.LBB36:
  47:src/../h/list.hpp **** 
 162              		.loc 2 47 22 is_stmt 0
 163 00c8 13050001 		li	a0,16
 164              	.LVL13:
 165 00cc 97000000 		call	_Znwm@plt
 165      E7800000 
 166              	.LVL14:
 167              	.LBB37:
 168              	.LBB38:
  18:src/../h/list.hpp ****     };
 169              		.loc 2 18 58
 170 00d4 23309500 		sd	s1,0(a0)
 171 00d8 23340500 		sd	zero,8(a0)
GAS LISTING /tmp/ccE3Wqlv.s 			page 6


 172              	.LVL15:
 173              	.LBE38:
 174              	.LBE37:
  49:src/../h/list.hpp ****         {
 175              		.loc 2 49 13
 176 00dc 97070000 		ld	a5,.LANCHOR0+8
 176      83B70700 
  49:src/../h/list.hpp ****         {
 177              		.loc 2 49 9
 178 00e4 63820702 		beqz	a5,.L12
  51:src/../h/list.hpp ****             tail = elem;
 179              		.loc 2 51 13
 180 00e8 23B4A700 		sd	a0,8(a5)
  52:src/../h/list.hpp ****         }
 181              		.loc 2 52 13
 182 00ec 97070000 		sd	a0,.LANCHOR0+8,a5
 182      23B0A700 
 183              	.LVL16:
 184              	.L11:
 185              	.LBE36:
 186              	.LBE35:
  18:src/scheduler.cpp **** 
 187              		.loc 1 18 1
 188 00f4 83308101 		ld	ra,24(sp)
 189              		.cfi_remember_state
 190              		.cfi_restore 1
 191 00f8 03340101 		ld	s0,16(sp)
 192              		.cfi_restore 8
 193              		.cfi_def_cfa 2, 32
 194 00fc 83348100 		ld	s1,8(sp)
 195              		.cfi_restore 9
 196              	.LVL17:
 197 0100 13010102 		addi	sp,sp,32
 198              		.cfi_def_cfa_offset 0
 199 0104 67800000 		jr	ra
 200              	.LVL18:
 201              	.L12:
 202              		.cfi_restore_state
 203              	.LBB40:
 204              	.LBB39:
  56:src/../h/list.hpp ****         }
 205              		.loc 2 56 13
 206 0108 97070000 		lla	a5,.LANCHOR0
 206      93870700 
 207 0110 23B4A700 		sd	a0,8(a5)
 208 0114 23B0A700 		sd	a0,0(a5)
 209              	.LVL19:
 210              	.LBE39:
 211              	.LBE40:
  18:src/scheduler.cpp **** 
 212              		.loc 1 18 1
 213 0118 6FF0DFFD 		j	.L11
 214              		.cfi_endproc
 215              	.LFE12:
 217              		.align	2
 218              		.globl	_ZN9Scheduler4getSEv
 220              	_ZN9Scheduler4getSEv:
GAS LISTING /tmp/ccE3Wqlv.s 			page 7


 221              	.LFB13:
  20:src/scheduler.cpp ****     return sleepingThreads.removeFirst();
 222              		.loc 1 20 24 is_stmt 1
 223              		.cfi_startproc
 224 011c 130101FE 		addi	sp,sp,-32
 225              		.cfi_def_cfa_offset 32
 226 0120 233C1100 		sd	ra,24(sp)
 227 0124 23388100 		sd	s0,16(sp)
 228 0128 23349100 		sd	s1,8(sp)
 229              		.cfi_offset 1, -8
 230              		.cfi_offset 8, -16
 231              		.cfi_offset 9, -24
 232 012c 13040102 		addi	s0,sp,32
 233              		.cfi_def_cfa 8, 0
  21:src/scheduler.cpp **** }
 234              		.loc 1 21 5
 235              	.LVL20:
 236              	.LBB41:
 237              	.LBB42:
  62:src/../h/list.hpp ****         {
 238              		.loc 2 62 14 is_stmt 0
 239 0130 17050000 		ld	a0,.LANCHOR0+16
 239      03350500 
  62:src/../h/list.hpp ****         {
 240              		.loc 2 62 9
 241 0138 63020504 		beqz	a0,.L18
 242              	.LVL21:
  68:src/../h/list.hpp **** 
 243              		.loc 2 68 22
 244 013c 83378500 		ld	a5,8(a0)
  68:src/../h/list.hpp **** 
 245              		.loc 2 68 9
 246 0140 17070000 		sd	a5,.LANCHOR0+16,a4
 246      2330F700 
  70:src/../h/list.hpp ****         {
 247              		.loc 2 70 9
 248 0148 63840702 		beqz	a5,.L20
 249              	.L17:
  75:src/../h/list.hpp **** 
 250              		.loc 2 75 12
 251 014c 83340500 		ld	s1,0(a0)
 252              	.LVL22:
 253              		.loc 2 77 9
 254 0150 97000000 		call	_ZdlPv@plt
 254      E7800000 
 255              	.LVL23:
 256              	.L15:
 257              	.LBE42:
 258              	.LBE41:
  22:src/scheduler.cpp **** 
 259              		.loc 1 22 1
 260 0158 13850400 		mv	a0,s1
 261 015c 83308101 		ld	ra,24(sp)
 262              		.cfi_remember_state
 263              		.cfi_restore 1
 264 0160 03340101 		ld	s0,16(sp)
 265              		.cfi_restore 8
GAS LISTING /tmp/ccE3Wqlv.s 			page 8


 266              		.cfi_def_cfa 2, 32
 267 0164 83348100 		ld	s1,8(sp)
 268              		.cfi_restore 9
 269 0168 13010102 		addi	sp,sp,32
 270              		.cfi_def_cfa_offset 0
 271 016c 67800000 		jr	ra
 272              	.LVL24:
 273              	.L20:
 274              		.cfi_restore_state
 275              	.LBB44:
 276              	.LBB43:
  72:src/../h/list.hpp ****         }
 277              		.loc 2 72 13
 278 0170 97070000 		sd	zero,.LANCHOR0+24,a5
 278      23B00700 
 279 0178 6FF05FFD 		j	.L17
 280              	.LVL25:
 281              	.L18:
  64:src/../h/list.hpp ****         }
 282              		.loc 2 64 20
 283 017c 93040500 		mv	s1,a0
 284              	.LVL26:
 285              	.LBE43:
 286              	.LBE44:
  21:src/scheduler.cpp **** }
 287              		.loc 1 21 40
 288 0180 6FF09FFD 		j	.L15
 289              		.cfi_endproc
 290              	.LFE13:
 292              		.align	2
 293              		.globl	_ZN9Scheduler4putSEP3TCB
 295              	_ZN9Scheduler4putSEP3TCB:
 296              	.LFB14:
  24:src/scheduler.cpp ****     sleepingThreads.addLast(ccb);
 297              		.loc 1 24 32 is_stmt 1
 298              		.cfi_startproc
 299              	.LVL27:
 300 0184 130101FE 		addi	sp,sp,-32
 301              		.cfi_def_cfa_offset 32
 302 0188 233C1100 		sd	ra,24(sp)
 303 018c 23388100 		sd	s0,16(sp)
 304 0190 23349100 		sd	s1,8(sp)
 305              		.cfi_offset 1, -8
 306              		.cfi_offset 8, -16
 307              		.cfi_offset 9, -24
 308 0194 13040102 		addi	s0,sp,32
 309              		.cfi_def_cfa 8, 0
 310 0198 93040500 		mv	s1,a0
  25:src/scheduler.cpp **** }
 311              		.loc 1 25 5
 312              	.LVL28:
 313              	.LBB45:
 314              	.LBB46:
  47:src/../h/list.hpp **** 
 315              		.loc 2 47 22 is_stmt 0
 316 019c 13050001 		li	a0,16
 317              	.LVL29:
GAS LISTING /tmp/ccE3Wqlv.s 			page 9


 318 01a0 97000000 		call	_Znwm@plt
 318      E7800000 
 319              	.LVL30:
 320              	.LBB47:
 321              	.LBB48:
  18:src/../h/list.hpp ****     };
 322              		.loc 2 18 58
 323 01a8 23309500 		sd	s1,0(a0)
 324 01ac 23340500 		sd	zero,8(a0)
 325              	.LVL31:
 326              	.LBE48:
 327              	.LBE47:
  49:src/../h/list.hpp ****         {
 328              		.loc 2 49 13
 329 01b0 97070000 		ld	a5,.LANCHOR0+24
 329      83B70700 
  49:src/../h/list.hpp ****         {
 330              		.loc 2 49 9
 331 01b8 63820702 		beqz	a5,.L22
  51:src/../h/list.hpp ****             tail = elem;
 332              		.loc 2 51 13
 333 01bc 23B4A700 		sd	a0,8(a5)
  52:src/../h/list.hpp ****         }
 334              		.loc 2 52 13
 335 01c0 97070000 		sd	a0,.LANCHOR0+24,a5
 335      23B0A700 
 336              	.LVL32:
 337              	.L21:
 338              	.LBE46:
 339              	.LBE45:
 340              		.loc 1 26 1
 341 01c8 83308101 		ld	ra,24(sp)
 342              		.cfi_remember_state
 343              		.cfi_restore 1
 344 01cc 03340101 		ld	s0,16(sp)
 345              		.cfi_restore 8
 346              		.cfi_def_cfa 2, 32
 347 01d0 83348100 		ld	s1,8(sp)
 348              		.cfi_restore 9
 349              	.LVL33:
 350 01d4 13010102 		addi	sp,sp,32
 351              		.cfi_def_cfa_offset 0
 352 01d8 67800000 		jr	ra
 353              	.LVL34:
 354              	.L22:
 355              		.cfi_restore_state
 356              	.LBB50:
 357              	.LBB49:
  56:src/../h/list.hpp ****         }
 358              		.loc 2 56 13
 359 01dc 97070000 		lla	a5,.LANCHOR0
 359      93870700 
 360 01e4 23BCA700 		sd	a0,24(a5)
 361 01e8 23B8A700 		sd	a0,16(a5)
 362              	.LVL35:
 363              	.LBE49:
 364              	.LBE50:
GAS LISTING /tmp/ccE3Wqlv.s 			page 10


 365              		.loc 1 26 1
 366 01ec 6FF0DFFD 		j	.L21
 367              		.cfi_endproc
 368              	.LFE14:
 370              		.align	2
 372              	_GLOBAL__sub_I__ZN9Scheduler19readyCoroutineQueueE:
 373              	.LFB24:
 374              		.loc 1 26 1 is_stmt 1
 375              		.cfi_startproc
 376 01f0 130101FF 		addi	sp,sp,-16
 377              		.cfi_def_cfa_offset 16
 378 01f4 23341100 		sd	ra,8(sp)
 379 01f8 23308100 		sd	s0,0(sp)
 380              		.cfi_offset 1, -8
 381              		.cfi_offset 8, -16
 382 01fc 13040101 		addi	s0,sp,16
 383              		.cfi_def_cfa 8, 0
 384              		.loc 1 26 1 is_stmt 0
 385 0200 B7050100 		li	a1,65536
 386 0204 9385F5FF 		addi	a1,a1,-1
 387 0208 13051000 		li	a0,1
 388 020c 97000000 		call	_Z41__static_initialization_and_destruction_0ii
 388      E7800000 
 389              	.LVL36:
 390 0214 83308100 		ld	ra,8(sp)
 391              		.cfi_restore 1
 392 0218 03340100 		ld	s0,0(sp)
 393              		.cfi_restore 8
 394              		.cfi_def_cfa 2, 16
 395 021c 13010101 		addi	sp,sp,16
 396              		.cfi_def_cfa_offset 0
 397 0220 67800000 		jr	ra
 398              		.cfi_endproc
 399              	.LFE24:
 401              		.section	.init_array,"aw"
 402              		.align	3
 403 0000 00000000 		.dword	_GLOBAL__sub_I__ZN9Scheduler19readyCoroutineQueueE
 403      00000000 
 404              		.globl	_ZN9Scheduler15sleepingThreadsE
 405              		.globl	_ZN9Scheduler19readyCoroutineQueueE
 406              		.bss
 407              		.align	3
 408              		.set	.LANCHOR0,. + 0
 411              	_ZN9Scheduler19readyCoroutineQueueE:
 412 0000 00000000 		.zero	16
 412      00000000 
 412      00000000 
 412      00000000 
 415              	_ZN9Scheduler15sleepingThreadsE:
 416 0010 00000000 		.zero	16
 416      00000000 
 416      00000000 
 416      00000000 
 417              		.text
 418              	.Letext0:
 419              		.file 3 "src/../h/../lib/hw.h"
 420              		.file 4 "src/../h/scheduler.hpp"
GAS LISTING /tmp/ccE3Wqlv.s 			page 11


 421              		.file 5 "src/../h/syscall_c.h"
GAS LISTING /tmp/ccE3Wqlv.s 			page 12


DEFINED SYMBOLS
                            *ABS*:0000000000000000 scheduler.cpp
     /tmp/ccE3Wqlv.s:8      .text:0000000000000000 _Z41__static_initialization_and_destruction_0ii
     /tmp/ccE3Wqlv.s:12     .text:0000000000000000 .L0 
     /tmp/ccE3Wqlv.s:14     .text:0000000000000000 .L0 
     /tmp/ccE3Wqlv.s:15     .text:0000000000000004 .L0 
     /tmp/ccE3Wqlv.s:17     .text:0000000000000008 .L0 
     /tmp/ccE3Wqlv.s:19     .text:000000000000000c .L0 
     /tmp/ccE3Wqlv.s:21     .text:000000000000000c .L0 
     /tmp/ccE3Wqlv.s:25     .text:0000000000000018 .L0 
     /tmp/ccE3Wqlv.s:26     .text:0000000000000018 .L0 
     /tmp/ccE3Wqlv.s:27     .text:0000000000000018 .L0 
     /tmp/ccE3Wqlv.s:29     .text:000000000000001c .L0 
     /tmp/ccE3Wqlv.s:32     .text:0000000000000020 .L0 
     /tmp/ccE3Wqlv.s:34     .text:0000000000000020 .L0 
     /tmp/ccE3Wqlv.s:43     .text:000000000000002c .L0 
     /tmp/ccE3Wqlv.s:60     .text:0000000000000044 .L0 
     /tmp/ccE3Wqlv.s:61     .text:0000000000000048 .L0 
     /tmp/ccE3Wqlv.s:67     .text:0000000000000048 _ZN9Scheduler3getEv
     /tmp/ccE3Wqlv.s:70     .text:0000000000000048 .L0 
     /tmp/ccE3Wqlv.s:71     .text:0000000000000048 .L0 
     /tmp/ccE3Wqlv.s:72     .text:000000000000004c .L0 
     /tmp/ccE3Wqlv.s:76     .text:0000000000000058 .L0 
     /tmp/ccE3Wqlv.s:77     .text:0000000000000058 .L0 
     /tmp/ccE3Wqlv.s:78     .text:0000000000000058 .L0 
     /tmp/ccE3Wqlv.s:80     .text:000000000000005c .L0 
     /tmp/ccE3Wqlv.s:85     .text:000000000000005c .L0 
     /tmp/ccE3Wqlv.s:86     .text:000000000000005c .L0 
     /tmp/ccE3Wqlv.s:88     .text:0000000000000064 .L0 
     /tmp/ccE3Wqlv.s:91     .text:0000000000000068 .L0 
     /tmp/ccE3Wqlv.s:93     .text:000000000000006c .L0 
     /tmp/ccE3Wqlv.s:95     .text:0000000000000074 .L0 
     /tmp/ccE3Wqlv.s:98     .text:0000000000000078 .L0 
     /tmp/ccE3Wqlv.s:101    .text:000000000000007c .L0 
     /tmp/ccE3Wqlv.s:107    .text:0000000000000084 .L0 
     /tmp/ccE3Wqlv.s:109    .text:000000000000008c .L0 
     /tmp/ccE3Wqlv.s:110    .text:000000000000008c .L0 
     /tmp/ccE3Wqlv.s:112    .text:0000000000000090 .L0 
     /tmp/ccE3Wqlv.s:113    .text:0000000000000090 .L0 
     /tmp/ccE3Wqlv.s:115    .text:0000000000000094 .L0 
     /tmp/ccE3Wqlv.s:117    .text:0000000000000098 .L0 
     /tmp/ccE3Wqlv.s:121    .text:000000000000009c .L0 
     /tmp/ccE3Wqlv.s:125    .text:000000000000009c .L0 
     /tmp/ccE3Wqlv.s:130    .text:00000000000000a8 .L0 
     /tmp/ccE3Wqlv.s:135    .text:00000000000000ac .L0 
     /tmp/ccE3Wqlv.s:136    .text:00000000000000b0 .L0 
     /tmp/ccE3Wqlv.s:142    .text:00000000000000b0 _ZN9Scheduler3putEP3TCB
     /tmp/ccE3Wqlv.s:145    .text:00000000000000b0 .L0 
     /tmp/ccE3Wqlv.s:147    .text:00000000000000b0 .L0 
     /tmp/ccE3Wqlv.s:148    .text:00000000000000b4 .L0 
     /tmp/ccE3Wqlv.s:152    .text:00000000000000c0 .L0 
     /tmp/ccE3Wqlv.s:153    .text:00000000000000c0 .L0 
     /tmp/ccE3Wqlv.s:154    .text:00000000000000c0 .L0 
     /tmp/ccE3Wqlv.s:156    .text:00000000000000c4 .L0 
     /tmp/ccE3Wqlv.s:162    .text:00000000000000c8 .L0 
     /tmp/ccE3Wqlv.s:163    .text:00000000000000c8 .L0 
     /tmp/ccE3Wqlv.s:170    .text:00000000000000d4 .L0 
GAS LISTING /tmp/ccE3Wqlv.s 			page 13


     /tmp/ccE3Wqlv.s:176    .text:00000000000000dc .L0 
     /tmp/ccE3Wqlv.s:178    .text:00000000000000e4 .L0 
     /tmp/ccE3Wqlv.s:180    .text:00000000000000e8 .L0 
     /tmp/ccE3Wqlv.s:182    .text:00000000000000ec .L0 
     /tmp/ccE3Wqlv.s:188    .text:00000000000000f4 .L0 
     /tmp/ccE3Wqlv.s:189    .text:00000000000000f8 .L0 
     /tmp/ccE3Wqlv.s:190    .text:00000000000000f8 .L0 
     /tmp/ccE3Wqlv.s:192    .text:00000000000000fc .L0 
     /tmp/ccE3Wqlv.s:193    .text:00000000000000fc .L0 
     /tmp/ccE3Wqlv.s:195    .text:0000000000000100 .L0 
     /tmp/ccE3Wqlv.s:198    .text:0000000000000104 .L0 
     /tmp/ccE3Wqlv.s:202    .text:0000000000000108 .L0 
     /tmp/ccE3Wqlv.s:206    .text:0000000000000108 .L0 
     /tmp/ccE3Wqlv.s:213    .text:0000000000000118 .L0 
     /tmp/ccE3Wqlv.s:214    .text:000000000000011c .L0 
     /tmp/ccE3Wqlv.s:220    .text:000000000000011c _ZN9Scheduler4getSEv
     /tmp/ccE3Wqlv.s:223    .text:000000000000011c .L0 
     /tmp/ccE3Wqlv.s:224    .text:000000000000011c .L0 
     /tmp/ccE3Wqlv.s:225    .text:0000000000000120 .L0 
     /tmp/ccE3Wqlv.s:229    .text:000000000000012c .L0 
     /tmp/ccE3Wqlv.s:230    .text:000000000000012c .L0 
     /tmp/ccE3Wqlv.s:231    .text:000000000000012c .L0 
     /tmp/ccE3Wqlv.s:233    .text:0000000000000130 .L0 
     /tmp/ccE3Wqlv.s:238    .text:0000000000000130 .L0 
     /tmp/ccE3Wqlv.s:239    .text:0000000000000130 .L0 
     /tmp/ccE3Wqlv.s:241    .text:0000000000000138 .L0 
     /tmp/ccE3Wqlv.s:244    .text:000000000000013c .L0 
     /tmp/ccE3Wqlv.s:246    .text:0000000000000140 .L0 
     /tmp/ccE3Wqlv.s:248    .text:0000000000000148 .L0 
     /tmp/ccE3Wqlv.s:251    .text:000000000000014c .L0 
     /tmp/ccE3Wqlv.s:254    .text:0000000000000150 .L0 
     /tmp/ccE3Wqlv.s:260    .text:0000000000000158 .L0 
     /tmp/ccE3Wqlv.s:262    .text:0000000000000160 .L0 
     /tmp/ccE3Wqlv.s:263    .text:0000000000000160 .L0 
     /tmp/ccE3Wqlv.s:265    .text:0000000000000164 .L0 
     /tmp/ccE3Wqlv.s:266    .text:0000000000000164 .L0 
     /tmp/ccE3Wqlv.s:268    .text:0000000000000168 .L0 
     /tmp/ccE3Wqlv.s:270    .text:000000000000016c .L0 
     /tmp/ccE3Wqlv.s:274    .text:0000000000000170 .L0 
     /tmp/ccE3Wqlv.s:278    .text:0000000000000170 .L0 
     /tmp/ccE3Wqlv.s:283    .text:000000000000017c .L0 
     /tmp/ccE3Wqlv.s:288    .text:0000000000000180 .L0 
     /tmp/ccE3Wqlv.s:289    .text:0000000000000184 .L0 
     /tmp/ccE3Wqlv.s:295    .text:0000000000000184 _ZN9Scheduler4putSEP3TCB
     /tmp/ccE3Wqlv.s:298    .text:0000000000000184 .L0 
     /tmp/ccE3Wqlv.s:300    .text:0000000000000184 .L0 
     /tmp/ccE3Wqlv.s:301    .text:0000000000000188 .L0 
     /tmp/ccE3Wqlv.s:305    .text:0000000000000194 .L0 
     /tmp/ccE3Wqlv.s:306    .text:0000000000000194 .L0 
     /tmp/ccE3Wqlv.s:307    .text:0000000000000194 .L0 
     /tmp/ccE3Wqlv.s:309    .text:0000000000000198 .L0 
     /tmp/ccE3Wqlv.s:315    .text:000000000000019c .L0 
     /tmp/ccE3Wqlv.s:316    .text:000000000000019c .L0 
     /tmp/ccE3Wqlv.s:323    .text:00000000000001a8 .L0 
     /tmp/ccE3Wqlv.s:329    .text:00000000000001b0 .L0 
     /tmp/ccE3Wqlv.s:331    .text:00000000000001b8 .L0 
     /tmp/ccE3Wqlv.s:333    .text:00000000000001bc .L0 
GAS LISTING /tmp/ccE3Wqlv.s 			page 14


     /tmp/ccE3Wqlv.s:335    .text:00000000000001c0 .L0 
     /tmp/ccE3Wqlv.s:341    .text:00000000000001c8 .L0 
     /tmp/ccE3Wqlv.s:342    .text:00000000000001cc .L0 
     /tmp/ccE3Wqlv.s:343    .text:00000000000001cc .L0 
     /tmp/ccE3Wqlv.s:345    .text:00000000000001d0 .L0 
     /tmp/ccE3Wqlv.s:346    .text:00000000000001d0 .L0 
     /tmp/ccE3Wqlv.s:348    .text:00000000000001d4 .L0 
     /tmp/ccE3Wqlv.s:351    .text:00000000000001d8 .L0 
     /tmp/ccE3Wqlv.s:355    .text:00000000000001dc .L0 
     /tmp/ccE3Wqlv.s:359    .text:00000000000001dc .L0 
     /tmp/ccE3Wqlv.s:366    .text:00000000000001ec .L0 
     /tmp/ccE3Wqlv.s:367    .text:00000000000001f0 .L0 
     /tmp/ccE3Wqlv.s:372    .text:00000000000001f0 _GLOBAL__sub_I__ZN9Scheduler19readyCoroutineQueueE
     /tmp/ccE3Wqlv.s:375    .text:00000000000001f0 .L0 
     /tmp/ccE3Wqlv.s:376    .text:00000000000001f0 .L0 
     /tmp/ccE3Wqlv.s:377    .text:00000000000001f4 .L0 
     /tmp/ccE3Wqlv.s:380    .text:00000000000001fc .L0 
     /tmp/ccE3Wqlv.s:381    .text:00000000000001fc .L0 
     /tmp/ccE3Wqlv.s:383    .text:0000000000000200 .L0 
     /tmp/ccE3Wqlv.s:385    .text:0000000000000200 .L0 
     /tmp/ccE3Wqlv.s:391    .text:0000000000000218 .L0 
     /tmp/ccE3Wqlv.s:393    .text:000000000000021c .L0 
     /tmp/ccE3Wqlv.s:394    .text:000000000000021c .L0 
     /tmp/ccE3Wqlv.s:396    .text:0000000000000220 .L0 
     /tmp/ccE3Wqlv.s:398    .text:0000000000000224 .L0 
     /tmp/ccE3Wqlv.s:415    .bss:0000000000000010 _ZN9Scheduler15sleepingThreadsE
     /tmp/ccE3Wqlv.s:411    .bss:0000000000000000 _ZN9Scheduler19readyCoroutineQueueE
     /tmp/ccE3Wqlv.s:408    .bss:0000000000000000 .LANCHOR0
     /tmp/ccE3Wqlv.s:422    .text:0000000000000224 .L0 
     /tmp/ccE3Wqlv.s:43     .text:000000000000002c .L0 
     /tmp/ccE3Wqlv.s:86     .text:000000000000005c .L0 
     /tmp/ccE3Wqlv.s:93     .text:000000000000006c .L0 
     /tmp/ccE3Wqlv.s:125    .text:000000000000009c .L0 
     /tmp/ccE3Wqlv.s:176    .text:00000000000000dc .L0 
     /tmp/ccE3Wqlv.s:182    .text:00000000000000ec .L0 
     /tmp/ccE3Wqlv.s:206    .text:0000000000000108 .L0 
     /tmp/ccE3Wqlv.s:239    .text:0000000000000130 .L0 
     /tmp/ccE3Wqlv.s:246    .text:0000000000000140 .L0 
     /tmp/ccE3Wqlv.s:278    .text:0000000000000170 .L0 
     /tmp/ccE3Wqlv.s:329    .text:00000000000001b0 .L0 
     /tmp/ccE3Wqlv.s:335    .text:00000000000001c0 .L0 
     /tmp/ccE3Wqlv.s:359    .text:00000000000001dc .L0 
     /tmp/ccE3Wqlv.s:31     .text:0000000000000020 .L4
     /tmp/ccE3Wqlv.s:23     .text:0000000000000014 .L1
     /tmp/ccE3Wqlv.s:128    .text:00000000000000a8 .L8
     /tmp/ccE3Wqlv.s:120    .text:000000000000009c .L10
     /tmp/ccE3Wqlv.s:96     .text:0000000000000078 .L7
     /tmp/ccE3Wqlv.s:103    .text:0000000000000084 .L5
     /tmp/ccE3Wqlv.s:201    .text:0000000000000108 .L12
     /tmp/ccE3Wqlv.s:184    .text:00000000000000f4 .L11
     /tmp/ccE3Wqlv.s:281    .text:000000000000017c .L18
     /tmp/ccE3Wqlv.s:273    .text:0000000000000170 .L20
     /tmp/ccE3Wqlv.s:249    .text:000000000000014c .L17
     /tmp/ccE3Wqlv.s:256    .text:0000000000000158 .L15
     /tmp/ccE3Wqlv.s:354    .text:00000000000001dc .L22
     /tmp/ccE3Wqlv.s:337    .text:00000000000001c8 .L21
     /tmp/ccE3Wqlv.s:1249   .debug_abbrev:0000000000000000 .Ldebug_abbrev0
GAS LISTING /tmp/ccE3Wqlv.s 			page 15


     /tmp/ccE3Wqlv.s:2378   .debug_str:00000000000001ff .LASF66
     /tmp/ccE3Wqlv.s:2364   .debug_str:0000000000000180 .LASF67
     /tmp/ccE3Wqlv.s:2408   .debug_str:00000000000003a9 .LASF68
     /tmp/ccE3Wqlv.s:5      .text:0000000000000000 .Ltext0
     /tmp/ccE3Wqlv.s:418    .text:0000000000000224 .Letext0
     /tmp/ccE3Wqlv.s:2312   .debug_line:0000000000000000 .Ldebug_line0
     /tmp/ccE3Wqlv.s:2390   .debug_str:0000000000000311 .LASF0
     /tmp/ccE3Wqlv.s:2368   .debug_str:00000000000001a4 .LASF1
     /tmp/ccE3Wqlv.s:2358   .debug_str:0000000000000150 .LASF2
     /tmp/ccE3Wqlv.s:2330   .debug_str:0000000000000086 .LASF4
     /tmp/ccE3Wqlv.s:2366   .debug_str:0000000000000192 .LASF3
     /tmp/ccE3Wqlv.s:2320   .debug_str:000000000000002e .LASF5
     /tmp/ccE3Wqlv.s:2314   .debug_str:0000000000000000 .LASF6
     /tmp/ccE3Wqlv.s:2346   .debug_str:00000000000000f4 .LASF7
     /tmp/ccE3Wqlv.s:2404   .debug_str:0000000000000383 .LASF8
     /tmp/ccE3Wqlv.s:2328   .debug_str:0000000000000078 .LASF9
     /tmp/ccE3Wqlv.s:2460   .debug_str:000000000000057d .LASF10
     /tmp/ccE3Wqlv.s:2352   .debug_str:000000000000012a .LASF11
     /tmp/ccE3Wqlv.s:2444   .debug_str:00000000000004ef .LASF12
     /tmp/ccE3Wqlv.s:2410   .debug_str:00000000000003b7 .LASF13
     /tmp/ccE3Wqlv.s:2370   .debug_str:00000000000001b7 .LASF14
     /tmp/ccE3Wqlv.s:2338   .debug_str:00000000000000c4 .LASF15
     /tmp/ccE3Wqlv.s:2406   .debug_str:0000000000000393 .LASF16
     /tmp/ccE3Wqlv.s:2344   .debug_str:00000000000000ea .LASF20
     /tmp/ccE3Wqlv.s:2452   .debug_str:0000000000000513 .LASF17
     /tmp/ccE3Wqlv.s:2316   .debug_str:0000000000000013 .LASF18
     /tmp/ccE3Wqlv.s:2326   .debug_str:0000000000000064 .LASF69
     /tmp/ccE3Wqlv.s:2336   .debug_str:00000000000000ac .LASF70
     /tmp/ccE3Wqlv.s:2450   .debug_str:000000000000050e .LASF19
     /tmp/ccE3Wqlv.s:2416   .debug_str:00000000000003f8 .LASF71
     /tmp/ccE3Wqlv.s:2448   .debug_str:0000000000000509 .LASF24
     /tmp/ccE3Wqlv.s:2386   .debug_str:00000000000002ef .LASF26
     /tmp/ccE3Wqlv.s:2436   .debug_str:00000000000004a5 .LASF21
     /tmp/ccE3Wqlv.s:2374   .debug_str:00000000000001e7 .LASF25
     /tmp/ccE3Wqlv.s:2350   .debug_str:0000000000000125 .LASF22
     /tmp/ccE3Wqlv.s:2322   .debug_str:0000000000000035 .LASF23
     /tmp/ccE3Wqlv.s:2438   .debug_str:00000000000004af .LASF27
     /tmp/ccE3Wqlv.s:2384   .debug_str:00000000000002ea .LASF28
     /tmp/ccE3Wqlv.s:2434   .debug_str:00000000000004a0 .LASF29
     /tmp/ccE3Wqlv.s:2340   .debug_str:00000000000000da .LASF30
     /tmp/ccE3Wqlv.s:2332   .debug_str:000000000000008d .LASF35
     /tmp/ccE3Wqlv.s:2398   .debug_str:0000000000000343 .LASF32
     /tmp/ccE3Wqlv.s:2446   .debug_str:00000000000004ff .LASF72
     /tmp/ccE3Wqlv.s:2412   .debug_str:00000000000003c7 .LASF73
     /tmp/ccE3Wqlv.s:2426   .debug_str:0000000000000454 .LASF31
     /tmp/ccE3Wqlv.s:2432   .debug_str:0000000000000487 .LASF33
     /tmp/ccE3Wqlv.s:2388   .debug_str:0000000000000308 .LASF34
     /tmp/ccE3Wqlv.s:2458   .debug_str:0000000000000560 .LASF36
     /tmp/ccE3Wqlv.s:2380   .debug_str:00000000000002c3 .LASF37
     /tmp/ccE3Wqlv.s:2440   .debug_str:00000000000004ce .LASF38
     /tmp/ccE3Wqlv.s:2334   .debug_str:00000000000000a0 .LASF39
     /tmp/ccE3Wqlv.s:2348   .debug_str:0000000000000107 .LASF40
     /tmp/ccE3Wqlv.s:2354   .debug_str:0000000000000139 .LASF41
     /tmp/ccE3Wqlv.s:2428   .debug_str:000000000000045c .LASF42
     /tmp/ccE3Wqlv.s:2342   .debug_str:00000000000000df .LASF43
     /tmp/ccE3Wqlv.s:2362   .debug_str:0000000000000163 .LASF44
     /tmp/ccE3Wqlv.s:2400   .debug_str:000000000000035a .LASF45
GAS LISTING /tmp/ccE3Wqlv.s 			page 16


     /tmp/ccE3Wqlv.s:2414   .debug_str:00000000000003de .LASF46
     /tmp/ccE3Wqlv.s:2422   .debug_str:000000000000042b .LASF47
     /tmp/ccE3Wqlv.s:2420   .debug_str:0000000000000414 .LASF48
     /tmp/ccE3Wqlv.s:2394   .debug_str:0000000000000323 .LASF49
     /tmp/ccE3Wqlv.s:2424   .debug_str:0000000000000431 .LASF50
     /tmp/ccE3Wqlv.s:2442   .debug_str:00000000000004ea .LASF51
     /tmp/ccE3Wqlv.s:2372   .debug_str:00000000000001c3 .LASF52
     /tmp/ccE3Wqlv.s:2402   .debug_str:0000000000000363 .LASF53
     /tmp/ccE3Wqlv.s:2456   .debug_str:000000000000052d .LASF54
     /tmp/ccE3Wqlv.s:373    .text:00000000000001f0 .LFB24
     /tmp/ccE3Wqlv.s:399    .text:0000000000000224 .LFE24
     /tmp/ccE3Wqlv.s:389    .text:0000000000000214 .LVL36
     /tmp/ccE3Wqlv.s:2324   .debug_str:000000000000003a .LASF55
     /tmp/ccE3Wqlv.s:9      .text:0000000000000000 .LFB23
     /tmp/ccE3Wqlv.s:62     .text:0000000000000048 .LFE23
     /tmp/ccE3Wqlv.s:2396   .debug_str:0000000000000334 .LASF56
     /tmp/ccE3Wqlv.s:2318   .debug_str:0000000000000023 .LASF57
     /tmp/ccE3Wqlv.s:38     .text:000000000000002c .LBB25
     /tmp/ccE3Wqlv.s:49     .text:000000000000003c .LBE25
     /tmp/ccE3Wqlv.s:2041   .debug_loc:0000000000000000 .LLST0
     /tmp/ccE3Wqlv.s:50     .text:000000000000003c .LBB28
     /tmp/ccE3Wqlv.s:58     .text:0000000000000044 .LBE28
     /tmp/ccE3Wqlv.s:2050   .debug_loc:000000000000002c .LLST1
     /tmp/ccE3Wqlv.s:2360   .debug_str:000000000000015e .LASF58
     /tmp/ccE3Wqlv.s:2382   .debug_str:00000000000002cb .LASF60
     /tmp/ccE3Wqlv.s:2392   .debug_str:000000000000031e .LASF59
     /tmp/ccE3Wqlv.s:2376   .debug_str:00000000000001ec .LASF61
     /tmp/ccE3Wqlv.s:296    .text:0000000000000184 .LFB14
     /tmp/ccE3Wqlv.s:368    .text:00000000000001f0 .LFE14
     /tmp/ccE3Wqlv.s:2059   .debug_loc:0000000000000058 .LLST14
     /tmp/ccE3Wqlv.s:313    .text:000000000000019c .LBB45
     /tmp/ccE3Wqlv.s:2286   .debug_ranges:0000000000000000 .Ldebug_ranges0
     /tmp/ccE3Wqlv.s:2081   .debug_loc:00000000000000b7 .LLST15
     /tmp/ccE3Wqlv.s:2096   .debug_loc:0000000000000100 .LLST16
     /tmp/ccE3Wqlv.s:320    .text:00000000000001a8 .LBB47
     /tmp/ccE3Wqlv.s:327    .text:00000000000001b0 .LBE47
     /tmp/ccE3Wqlv.s:2111   .debug_loc:0000000000000148 .LLST17
     /tmp/ccE3Wqlv.s:2119   .debug_loc:000000000000016c .LLST18
     /tmp/ccE3Wqlv.s:2126   .debug_loc:000000000000018f .LLST19
     /tmp/ccE3Wqlv.s:319    .text:00000000000001a8 .LVL30
     /tmp/ccE3Wqlv.s:221    .text:000000000000011c .LFB13
     /tmp/ccE3Wqlv.s:290    .text:0000000000000184 .LFE13
     /tmp/ccE3Wqlv.s:236    .text:0000000000000130 .LBB41
     /tmp/ccE3Wqlv.s:2133   .debug_loc:00000000000001b2 .LLST11
     /tmp/ccE3Wqlv.s:2148   .debug_loc:00000000000001fa .LLST12
     /tmp/ccE3Wqlv.s:2159   .debug_loc:0000000000000230 .LLST13
     /tmp/ccE3Wqlv.s:255    .text:0000000000000158 .LVL23
     /tmp/ccE3Wqlv.s:143    .text:00000000000000b0 .LFB12
     /tmp/ccE3Wqlv.s:215    .text:000000000000011c .LFE12
     /tmp/ccE3Wqlv.s:2166   .debug_loc:0000000000000253 .LLST5
     /tmp/ccE3Wqlv.s:160    .text:00000000000000c8 .LBB35
     /tmp/ccE3Wqlv.s:2188   .debug_loc:00000000000002b2 .LLST6
     /tmp/ccE3Wqlv.s:2203   .debug_loc:00000000000002fb .LLST7
     /tmp/ccE3Wqlv.s:167    .text:00000000000000d4 .LBB37
     /tmp/ccE3Wqlv.s:174    .text:00000000000000dc .LBE37
     /tmp/ccE3Wqlv.s:2218   .debug_loc:0000000000000343 .LLST8
     /tmp/ccE3Wqlv.s:2226   .debug_loc:0000000000000367 .LLST9
GAS LISTING /tmp/ccE3Wqlv.s 			page 17


     /tmp/ccE3Wqlv.s:2233   .debug_loc:000000000000038a .LLST10
     /tmp/ccE3Wqlv.s:166    .text:00000000000000d4 .LVL14
     /tmp/ccE3Wqlv.s:68     .text:0000000000000048 .LFB11
     /tmp/ccE3Wqlv.s:137    .text:00000000000000b0 .LFE11
     /tmp/ccE3Wqlv.s:83     .text:000000000000005c .LBB31
     /tmp/ccE3Wqlv.s:2240   .debug_loc:00000000000003ad .LLST2
     /tmp/ccE3Wqlv.s:2255   .debug_loc:00000000000003f5 .LLST3
     /tmp/ccE3Wqlv.s:2266   .debug_loc:000000000000042b .LLST4
     /tmp/ccE3Wqlv.s:102    .text:0000000000000084 .LVL7
     /tmp/ccE3Wqlv.s:2454   .debug_str:0000000000000527 .LASF62
     /tmp/ccE3Wqlv.s:2356   .debug_str:0000000000000143 .LASF64
     /tmp/ccE3Wqlv.s:2418   .debug_str:000000000000040d .LASF63
     /tmp/ccE3Wqlv.s:2430   .debug_str:0000000000000477 .LASF65
     /tmp/ccE3Wqlv.s:37     .text:000000000000002c .LVL1
     /tmp/ccE3Wqlv.s:46     .text:000000000000003c .LVL2
     /tmp/ccE3Wqlv.s:55     .text:0000000000000044 .LVL3
     /tmp/ccE3Wqlv.s:299    .text:0000000000000184 .LVL27
     /tmp/ccE3Wqlv.s:317    .text:00000000000001a0 .LVL29
     /tmp/ccE3Wqlv.s:349    .text:00000000000001d4 .LVL33
     /tmp/ccE3Wqlv.s:353    .text:00000000000001dc .LVL34
     /tmp/ccE3Wqlv.s:312    .text:000000000000019c .LVL28
     /tmp/ccE3Wqlv.s:336    .text:00000000000001c8 .LVL32
     /tmp/ccE3Wqlv.s:362    .text:00000000000001ec .LVL35
     /tmp/ccE3Wqlv.s:325    .text:00000000000001b0 .LVL31
     /tmp/ccE3Wqlv.s:235    .text:0000000000000130 .LVL20
     /tmp/ccE3Wqlv.s:272    .text:0000000000000170 .LVL24
     /tmp/ccE3Wqlv.s:284    .text:0000000000000180 .LVL26
     /tmp/ccE3Wqlv.s:242    .text:000000000000013c .LVL21
     /tmp/ccE3Wqlv.s:280    .text:000000000000017c .LVL25
     /tmp/ccE3Wqlv.s:252    .text:0000000000000150 .LVL22
     /tmp/ccE3Wqlv.s:146    .text:00000000000000b0 .LVL11
     /tmp/ccE3Wqlv.s:164    .text:00000000000000cc .LVL13
     /tmp/ccE3Wqlv.s:196    .text:0000000000000100 .LVL17
     /tmp/ccE3Wqlv.s:200    .text:0000000000000108 .LVL18
     /tmp/ccE3Wqlv.s:159    .text:00000000000000c8 .LVL12
     /tmp/ccE3Wqlv.s:183    .text:00000000000000f4 .LVL16
     /tmp/ccE3Wqlv.s:209    .text:0000000000000118 .LVL19
     /tmp/ccE3Wqlv.s:172    .text:00000000000000dc .LVL15
     /tmp/ccE3Wqlv.s:82     .text:000000000000005c .LVL4
     /tmp/ccE3Wqlv.s:119    .text:000000000000009c .LVL8
     /tmp/ccE3Wqlv.s:131    .text:00000000000000ac .LVL10
     /tmp/ccE3Wqlv.s:89     .text:0000000000000068 .LVL5
     /tmp/ccE3Wqlv.s:127    .text:00000000000000a8 .LVL9
     /tmp/ccE3Wqlv.s:99     .text:000000000000007c .LVL6
     /tmp/ccE3Wqlv.s:423    .debug_info:0000000000000000 .Ldebug_info0
     /tmp/ccE3Wqlv.s:105    .text:0000000000000084 .LBE31
     /tmp/ccE3Wqlv.s:122    .text:000000000000009c .LBB34
     /tmp/ccE3Wqlv.s:133    .text:00000000000000ac .LBE34
     /tmp/ccE3Wqlv.s:186    .text:00000000000000f4 .LBE35
     /tmp/ccE3Wqlv.s:203    .text:0000000000000108 .LBB40
     /tmp/ccE3Wqlv.s:211    .text:0000000000000118 .LBE40
     /tmp/ccE3Wqlv.s:258    .text:0000000000000158 .LBE41
     /tmp/ccE3Wqlv.s:275    .text:0000000000000170 .LBB44
     /tmp/ccE3Wqlv.s:286    .text:0000000000000180 .LBE44
     /tmp/ccE3Wqlv.s:339    .text:00000000000001c8 .LBE45
     /tmp/ccE3Wqlv.s:356    .text:00000000000001dc .LBB50
     /tmp/ccE3Wqlv.s:364    .text:00000000000001ec .LBE50
GAS LISTING /tmp/ccE3Wqlv.s 			page 18



UNDEFINED SYMBOLS
_ZdlPv
_Znwm
