GAS LISTING /tmp/ccPxLJU2.s 			page 1


   1              		.file	"syscall_c.cpp"
   2              		.option pic
   3              		.option norelax
   4              		.text
   5              	.Ltext0:
   6              		.align	2
   7              		.globl	_Z9mem_allocm
   9              	_Z9mem_allocm:
  10              	.LFB56:
  11              		.file 1 "src/syscall_c.cpp"
   1:src/syscall_c.cpp **** #include "../h/syscall_c.h"
   2:src/syscall_c.cpp **** #include "../h/riscv.hpp"
   3:src/syscall_c.cpp **** #include "../h/printing.hpp"
   4:src/syscall_c.cpp **** 
   5:src/syscall_c.cpp **** 
   6:src/syscall_c.cpp **** 
   7:src/syscall_c.cpp **** void* mem_alloc(size_t size) {
  12              		.loc 1 7 30
  13              		.cfi_startproc
  14              	.LVL0:
  15 0000 130101FE 		addi	sp,sp,-32
  16              		.cfi_def_cfa_offset 32
  17 0004 233C8100 		sd	s0,24(sp)
  18              		.cfi_offset 8, -8
  19 0008 13040102 		addi	s0,sp,32
  20              		.cfi_def_cfa 8, 0
  21 000c 13070500 		mv	a4,a0
   8:src/syscall_c.cpp ****     asm volatile (
  22              		.loc 1 8 5
   9:src/syscall_c.cpp ****     "mv a0, %0\t\n"
  10:src/syscall_c.cpp ****     "mv a1, %1\t\n"
  11:src/syscall_c.cpp ****     "ecall" :: "r"(0x1), "r"(size) : "a0", "a1" );
  23              		.loc 1 11 50 is_stmt 0
  24 0010 93071000 		li	a5,1
  25              	#APP
  26              	# 11 "src/syscall_c.cpp" 1
  12 0018 93050700 	    return (void*)Riscv::r_a0();
  13 001c 73000000 	}
  14              	
  27              		mv a0, a5	
  28              	mv a1, a4	
  29              	ecall
  30              	# 0 "" 2
  31              	.LVL1:
  12:src/syscall_c.cpp **** }
  32              		.loc 1 12 5 is_stmt 1
  33              	#NO_APP
  34              	.LBB24:
  35              	.LBB25:
  36              		.file 2 "src/../h/riscv.hpp"
   1:src/../h/riscv.hpp **** //
   2:src/../h/riscv.hpp **** // Created by marko on 20.4.22.
   3:src/../h/riscv.hpp **** //
   4:src/../h/riscv.hpp **** 
   5:src/../h/riscv.hpp **** #ifndef OS1_RISCV_CONTEXT_SWITCH_SYNCHORNOUS_RISCV_HPP
   6:src/../h/riscv.hpp **** #define OS1_RISCV_CONTEXT_SWITCH_SYNCHORNOUS_RISCV_HPP
   7:src/../h/riscv.hpp **** 
GAS LISTING /tmp/ccPxLJU2.s 			page 2


   8:src/../h/riscv.hpp **** #include "../h/tcb.hpp"
   9:src/../h/riscv.hpp **** #include "../h/memory_allocator.hpp"
  10:src/../h/riscv.hpp **** #include "../lib/hw.h"
  11:src/../h/riscv.hpp **** #include "syscall_abi.h"
  12:src/../h/riscv.hpp **** #include "../h/consoleKernel.hpp"
  13:src/../h/riscv.hpp **** #include "../h/console.hpp"
  14:src/../h/riscv.hpp **** 
  15:src/../h/riscv.hpp **** class Riscv
  16:src/../h/riscv.hpp **** {
  17:src/../h/riscv.hpp **** public:
  18:src/../h/riscv.hpp ****     static void popSppSpie();
  19:src/../h/riscv.hpp ****     static void handleSupervisorTrap();
  20:src/../h/riscv.hpp ****     static void supervisorTrap();
  21:src/../h/riscv.hpp ****     static void pushRegisters();
  22:src/../h/riscv.hpp ****     static void popRegisters();
  23:src/../h/riscv.hpp **** 
  24:src/../h/riscv.hpp ****     // read register scause
  25:src/../h/riscv.hpp ****     static uint64 r_scause();
  26:src/../h/riscv.hpp **** 
  27:src/../h/riscv.hpp ****     // write register scause
  28:src/../h/riscv.hpp ****     static void w_scause(uint64 scause);
  29:src/../h/riscv.hpp **** 
  30:src/../h/riscv.hpp ****     // read register sepc
  31:src/../h/riscv.hpp ****     static uint64 r_sepc();
  32:src/../h/riscv.hpp **** 
  33:src/../h/riscv.hpp ****     // write register sepc
  34:src/../h/riscv.hpp ****     static void w_sepc(uint64 sepc);
  35:src/../h/riscv.hpp **** 
  36:src/../h/riscv.hpp ****     // read register stvec
  37:src/../h/riscv.hpp ****     static uint64 r_stvec();
  38:src/../h/riscv.hpp **** 
  39:src/../h/riscv.hpp ****     // write register stvec
  40:src/../h/riscv.hpp ****     static void w_stvec(uint64 stvec);
  41:src/../h/riscv.hpp **** 
  42:src/../h/riscv.hpp ****     // read register stval
  43:src/../h/riscv.hpp ****     static uint64 r_stval();
  44:src/../h/riscv.hpp **** 
  45:src/../h/riscv.hpp ****     // write register stvalhandleSupervisorTrap()
  46:src/../h/riscv.hpp ****     static void w_stval(uint64 stval);
  47:src/../h/riscv.hpp **** 
  48:src/../h/riscv.hpp ****     // read register a0 (System Call Code - call)
  49:src/../h/riscv.hpp ****     static uint64 r_a0();
  50:src/../h/riscv.hpp **** 
  51:src/../h/riscv.hpp ****     static uint64 r_a1();
  52:src/../h/riscv.hpp **** 
  53:src/../h/riscv.hpp ****     static uint64 r_a2();
  54:src/../h/riscv.hpp **** 
  55:src/../h/riscv.hpp ****     static uint64 r_a3();
  56:src/../h/riscv.hpp **** 
  57:src/../h/riscv.hpp **** 
  58:src/../h/riscv.hpp **** 
  59:src/../h/riscv.hpp ****     static void w_a0(uint64 val);
  60:src/../h/riscv.hpp **** 
  61:src/../h/riscv.hpp ****     static void w_a1(uint64 val);
  62:src/../h/riscv.hpp **** 
  63:src/../h/riscv.hpp ****     static void w_a2(uint64 val);
  64:src/../h/riscv.hpp **** 
GAS LISTING /tmp/ccPxLJU2.s 			page 3


  65:src/../h/riscv.hpp ****     static void w_a3(uint64 val);
  66:src/../h/riscv.hpp **** 
  67:src/../h/riscv.hpp ****     enum BitMaskSip
  68:src/../h/riscv.hpp ****     {
  69:src/../h/riscv.hpp ****         SIP_SSIP = (1 << 1),
  70:src/../h/riscv.hpp ****         SIP_STIP = (1 << 5),
  71:src/../h/riscv.hpp ****         SIP_SEIP = (1 << 9),
  72:src/../h/riscv.hpp ****     };
  73:src/../h/riscv.hpp **** 
  74:src/../h/riscv.hpp **** // mask set register sip
  75:src/../h/riscv.hpp ****     static void mc_sip(uint64 mask);
  76:src/../h/riscv.hpp **** 
  77:src/../h/riscv.hpp ****     // read register sip
  78:src/../h/riscv.hpp ****     static uint64 r_sip();
  79:src/../h/riscv.hpp **** 
  80:src/../h/riscv.hpp ****     // write register sip
  81:src/../h/riscv.hpp ****     static void w_sip(uint64 sip);
  82:src/../h/riscv.hpp **** 
  83:src/../h/riscv.hpp ****     enum BitMaskSstatus
  84:src/../h/riscv.hpp ****     {
  85:src/../h/riscv.hpp ****         SSTATUS_SIE  = (1 << 1),
  86:src/../h/riscv.hpp ****         SSTATUS_SPIE = (1 << 5),
  87:src/../h/riscv.hpp ****         SSTATUS_SPP  = (1 << 8),
  88:src/../h/riscv.hpp ****     };
  89:src/../h/riscv.hpp **** 
  90:src/../h/riscv.hpp ****     // mask set register sstatus
  91:src/../h/riscv.hpp ****     static void ms_sstatus(uint64 mask);
  92:src/../h/riscv.hpp **** 
  93:src/../h/riscv.hpp ****     // mask clear register sstatus
  94:src/../h/riscv.hpp ****     static void mc_sstatus(uint64 mask);
  95:src/../h/riscv.hpp **** 
  96:src/../h/riscv.hpp ****     // read register sstatus
  97:src/../h/riscv.hpp ****     static uint64 r_sstatus();
  98:src/../h/riscv.hpp **** 
  99:src/../h/riscv.hpp ****     // write register sstatus
 100:src/../h/riscv.hpp ****     static void w_sstatus(uint64 sstatus);
 101:src/../h/riscv.hpp **** 
 102:src/../h/riscv.hpp **** private:
 103:src/../h/riscv.hpp **** 
 104:src/../h/riscv.hpp **** };
 105:src/../h/riscv.hpp **** 
 106:src/../h/riscv.hpp **** 
 107:src/../h/riscv.hpp **** ////////////////////////////////////////////////////
 108:src/../h/riscv.hpp **** 
 109:src/../h/riscv.hpp **** 
 110:src/../h/riscv.hpp **** inline uint64 Riscv::r_a0() {
 111:src/../h/riscv.hpp ****     uint64 volatile a0;
  37              		.loc 2 111 5
 112:src/../h/riscv.hpp ****     asm volatile("mv %0, a0" : "=r"(a0));
  38              		.loc 2 112 5
  39              		.loc 2 112 41 is_stmt 0
  40              	#APP
  41              	# 112 "src/../h/riscv.hpp" 1
 113              	    return a0;
  42              		mv a5, a0
  43              	# 0 "" 2
  44              	#NO_APP
GAS LISTING /tmp/ccPxLJU2.s 			page 4


  45 0024 2334F4FE 		sd	a5,-24(s0)
  46              		.loc 2 113 5 is_stmt 1
  47              		.loc 2 113 12 is_stmt 0
  48 0028 033584FE 		ld	a0,-24(s0)
  49              	.LBE25:
  50              	.LBE24:
  13:src/syscall_c.cpp **** 
  51              		.loc 1 13 1
  52 002c 03348101 		ld	s0,24(sp)
  53              		.cfi_restore 8
  54              		.cfi_def_cfa 2, 32
  55 0030 13010102 		addi	sp,sp,32
  56              		.cfi_def_cfa_offset 0
  57 0034 67800000 		jr	ra
  58              		.cfi_endproc
  59              	.LFE56:
  61              		.align	2
  62              		.globl	_Z8mem_freePv
  64              	_Z8mem_freePv:
  65              	.LFB57:
  15:src/syscall_c.cpp **** int mem_free(void *ptr) {
  66              		.loc 1 15 25 is_stmt 1
  67              		.cfi_startproc
  68              	.LVL2:
  69 0038 130101FE 		addi	sp,sp,-32
  70              		.cfi_def_cfa_offset 32
  71 003c 233C8100 		sd	s0,24(sp)
  72              		.cfi_offset 8, -8
  73 0040 13040102 		addi	s0,sp,32
  74              		.cfi_def_cfa 8, 0
  75 0044 13070500 		mv	a4,a0
  16:src/syscall_c.cpp ****     asm volatile (
  76              		.loc 1 16 5
  17:src/syscall_c.cpp ****     "mv a0, %0\t\n"
  18:src/syscall_c.cpp ****     "mv a1, %1\t\n"
  19:src/syscall_c.cpp ****     "ecall" :: "r"(0x2), "r"(ptr) : "a0", "a1" );
  77              		.loc 1 19 49 is_stmt 0
  78 0048 93072000 		li	a5,2
  79              	#APP
  80              	# 19 "src/syscall_c.cpp" 1
  20 0050 93050700 	    return (int)Riscv::r_a0();
  21 0054 73000000 	}
  22              	
  81              		mv a0, a5	
  82              	mv a1, a4	
  83              	ecall
  84              	# 0 "" 2
  85              	.LVL3:
  20:src/syscall_c.cpp **** }
  86              		.loc 1 20 5 is_stmt 1
  87              	#NO_APP
  88              	.LBB26:
  89              	.LBB27:
 111:src/../h/riscv.hpp ****     asm volatile("mv %0, a0" : "=r"(a0));
  90              		.loc 2 111 5
 112:src/../h/riscv.hpp ****     return a0;
  91              		.loc 2 112 5
GAS LISTING /tmp/ccPxLJU2.s 			page 5


 112:src/../h/riscv.hpp ****     return a0;
  92              		.loc 2 112 41 is_stmt 0
  93              	#APP
  94              	# 112 "src/../h/riscv.hpp" 1
  95              		mv a5, a0
  96              	# 0 "" 2
  97              	#NO_APP
  98 005c 2334F4FE 		sd	a5,-24(s0)
  99              		.loc 2 113 5 is_stmt 1
 100              		.loc 2 113 12 is_stmt 0
 101 0060 033584FE 		ld	a0,-24(s0)
 102              	.LBE27:
 103              	.LBE26:
  21:src/syscall_c.cpp **** 
 104              		.loc 1 21 1
 105 0064 1B050500 		sext.w	a0,a0
 106 0068 03348101 		ld	s0,24(sp)
 107              		.cfi_restore 8
 108              		.cfi_def_cfa 2, 32
 109 006c 13010102 		addi	sp,sp,32
 110              		.cfi_def_cfa_offset 0
 111 0070 67800000 		jr	ra
 112              		.cfi_endproc
 113              	.LFE57:
 115              		.align	2
 116              		.globl	_Z13thread_createPP7_threadPFvPvES2_
 118              	_Z13thread_createPP7_threadPFvPvES2_:
 119              	.LFB58:
  23:src/syscall_c.cpp **** int thread_create(thread_t *handle,void(*body)(void*), void *args) {
 120              		.loc 1 23 68 is_stmt 1
 121              		.cfi_startproc
 122              	.LVL4:
 123 0074 130101FE 		addi	sp,sp,-32
 124              		.cfi_def_cfa_offset 32
 125 0078 233C8100 		sd	s0,24(sp)
 126              		.cfi_offset 8, -8
 127 007c 13040102 		addi	s0,sp,32
 128              		.cfi_def_cfa 8, 0
 129 0080 13070500 		mv	a4,a0
 130 0084 13880500 		mv	a6,a1
 131 0088 93080600 		mv	a7,a2
  24:src/syscall_c.cpp ****     uint64 adress = (uint64)body;
 132              		.loc 1 24 5
 133              	.LVL5:
  25:src/syscall_c.cpp ****     asm volatile (
 134              		.loc 1 25 5
  26:src/syscall_c.cpp ****         "mv a0, %0\t\n"
  27:src/syscall_c.cpp ****         "mv a1, %1\t\n"
  28:src/syscall_c.cpp ****         "mv a2, %2\t\n"
  29:src/syscall_c.cpp ****         "mv a3, %3\t\n"
  30:src/syscall_c.cpp ****         "ecall" :: "r"(0x11), "r"(handle),"r"(adress), "r"(args) : "a0", "a1", "a2", "a3");
 135              		.loc 1 30 91 is_stmt 0
 136 008c 93071001 		li	a5,17
 137              	#APP
 138              	# 30 "src/syscall_c.cpp" 1
  31 0094 93050700 	    return (int)Riscv::r_a0();
  32 0098 13060800 	}
GAS LISTING /tmp/ccPxLJU2.s 			page 6


  33 009c 93860800 	
  34 00a0 73000000 	int thread_exit() {
  35              	    asm volatile (
 139              		mv a0, a5	
 140              	mv a1, a4	
 141              	mv a2, a6	
 142              	mv a3, a7	
 143              	ecall
 144              	# 0 "" 2
 145              	.LVL6:
  31:src/syscall_c.cpp **** }
 146              		.loc 1 31 5 is_stmt 1
 147              	#NO_APP
 148              	.LBB28:
 149              	.LBB29:
 111:src/../h/riscv.hpp ****     asm volatile("mv %0, a0" : "=r"(a0));
 150              		.loc 2 111 5
 112:src/../h/riscv.hpp ****     return a0;
 151              		.loc 2 112 5
 112:src/../h/riscv.hpp ****     return a0;
 152              		.loc 2 112 41 is_stmt 0
 153              	#APP
 154              	# 112 "src/../h/riscv.hpp" 1
 155              		mv a5, a0
 156              	# 0 "" 2
 157              	#NO_APP
 158 00a8 2334F4FE 		sd	a5,-24(s0)
 159              		.loc 2 113 5 is_stmt 1
 160              		.loc 2 113 12 is_stmt 0
 161 00ac 033584FE 		ld	a0,-24(s0)
 162              	.LBE29:
 163              	.LBE28:
  32:src/syscall_c.cpp **** 
 164              		.loc 1 32 1
 165 00b0 1B050500 		sext.w	a0,a0
 166 00b4 03348101 		ld	s0,24(sp)
 167              		.cfi_restore 8
 168              		.cfi_def_cfa 2, 32
 169 00b8 13010102 		addi	sp,sp,32
 170              		.cfi_def_cfa_offset 0
 171 00bc 67800000 		jr	ra
 172              		.cfi_endproc
 173              	.LFE58:
 175              		.align	2
 176              		.globl	_Z11thread_exitv
 178              	_Z11thread_exitv:
 179              	.LFB59:
  34:src/syscall_c.cpp ****     asm volatile (
 180              		.loc 1 34 19 is_stmt 1
 181              		.cfi_startproc
 182 00c0 130101FE 		addi	sp,sp,-32
 183              		.cfi_def_cfa_offset 32
 184 00c4 233C8100 		sd	s0,24(sp)
 185              		.cfi_offset 8, -8
 186 00c8 13040102 		addi	s0,sp,32
 187              		.cfi_def_cfa 8, 0
 188              		.loc 1 35 5
GAS LISTING /tmp/ccPxLJU2.s 			page 7


  36:src/syscall_c.cpp ****         "mv a0, %0\t\n"
  37:src/syscall_c.cpp ****         "ecall" :: "r"(0x12) : "a0");
 189              		.loc 1 37 37 is_stmt 0
 190 00cc 93072001 		li	a5,18
 191              	#APP
 192              	# 37 "src/syscall_c.cpp" 1
  38 00d4 73000000 	    return (int)Riscv::r_a0();
  39              	}
  38:src/syscall_c.cpp **** }
 193              		mv a0, a5	
 194              	ecall
 195              	# 0 "" 2
 196              		.loc 1 38 5 is_stmt 1
 197              	#NO_APP
 198              	.LBB30:
 199              	.LBB31:
 111:src/../h/riscv.hpp ****     asm volatile("mv %0, a0" : "=r"(a0));
 200              		.loc 2 111 5
 112:src/../h/riscv.hpp ****     return a0;
 201              		.loc 2 112 5
 112:src/../h/riscv.hpp ****     return a0;
 202              		.loc 2 112 41 is_stmt 0
 203              	#APP
 204              	# 112 "src/../h/riscv.hpp" 1
 205              		mv a5, a0
 206              	# 0 "" 2
 207              	#NO_APP
 208 00dc 2334F4FE 		sd	a5,-24(s0)
 209              		.loc 2 113 5 is_stmt 1
 210              		.loc 2 113 12 is_stmt 0
 211 00e0 033584FE 		ld	a0,-24(s0)
 212              	.LBE31:
 213              	.LBE30:
 214              		.loc 1 39 1
 215 00e4 1B050500 		sext.w	a0,a0
 216 00e8 03348101 		ld	s0,24(sp)
 217              		.cfi_restore 8
 218              		.cfi_def_cfa 2, 32
 219 00ec 13010102 		addi	sp,sp,32
 220              		.cfi_def_cfa_offset 0
 221 00f0 67800000 		jr	ra
 222              		.cfi_endproc
 223              	.LFE59:
 225              		.align	2
 226              		.globl	_Z12thread_sleepv
 228              	_Z12thread_sleepv:
 229              	.LFB60:
  40:src/syscall_c.cpp **** 
  41:src/syscall_c.cpp **** void thread_sleep() {
 230              		.loc 1 41 21 is_stmt 1
 231              		.cfi_startproc
 232 00f4 130101FF 		addi	sp,sp,-16
 233              		.cfi_def_cfa_offset 16
 234 00f8 23348100 		sd	s0,8(sp)
 235              		.cfi_offset 8, -8
 236 00fc 13040101 		addi	s0,sp,16
 237              		.cfi_def_cfa 8, 0
GAS LISTING /tmp/ccPxLJU2.s 			page 8


  42:src/syscall_c.cpp ****     asm volatile (
 238              		.loc 1 42 5
  43:src/syscall_c.cpp ****         "mv a0, %0\t\n"
  44:src/syscall_c.cpp ****         "ecall" :: "r"(0x15) : "a0");
 239              		.loc 1 44 37 is_stmt 0
 240 0100 93075001 		li	a5,21
 241              	#APP
 242              	# 44 "src/syscall_c.cpp" 1
  45 0108 73000000 	}
  46              	
  45:src/syscall_c.cpp **** 
 243              		mv a0, a5	
 244              	ecall
 245              	# 0 "" 2
 246              		.loc 1 45 1
 247              	#NO_APP
 248 010c 03348100 		ld	s0,8(sp)
 249              		.cfi_restore 8
 250              		.cfi_def_cfa 2, 16
 251 0110 13010101 		addi	sp,sp,16
 252              		.cfi_def_cfa_offset 0
 253 0114 67800000 		jr	ra
 254              		.cfi_endproc
 255              	.LFE60:
 257              		.align	2
 258              		.globl	_Z15thread_dispatchv
 260              	_Z15thread_dispatchv:
 261              	.LFB61:
  47:src/syscall_c.cpp **** void thread_dispatch() {
 262              		.loc 1 47 24 is_stmt 1
 263              		.cfi_startproc
 264 0118 130101FF 		addi	sp,sp,-16
 265              		.cfi_def_cfa_offset 16
 266 011c 23348100 		sd	s0,8(sp)
 267              		.cfi_offset 8, -8
 268 0120 13040101 		addi	s0,sp,16
 269              		.cfi_def_cfa 8, 0
  48:src/syscall_c.cpp **** 
  49:src/syscall_c.cpp ****     asm volatile (
 270              		.loc 1 49 5
  50:src/syscall_c.cpp ****         "mv a0, %0\t\n"
  51:src/syscall_c.cpp ****         "ecall" :: "r"(0x13) : "a0");
 271              		.loc 1 51 37 is_stmt 0
 272 0124 93073001 		li	a5,19
 273              	#APP
 274              	# 51 "src/syscall_c.cpp" 1
  52 012c 73000000 	}
  53              	
  52:src/syscall_c.cpp **** 
 275              		mv a0, a5	
 276              	ecall
 277              	# 0 "" 2
 278              		.loc 1 52 1
 279              	#NO_APP
 280 0130 03348100 		ld	s0,8(sp)
 281              		.cfi_restore 8
 282              		.cfi_def_cfa 2, 16
GAS LISTING /tmp/ccPxLJU2.s 			page 9


 283 0134 13010101 		addi	sp,sp,16
 284              		.cfi_def_cfa_offset 0
 285 0138 67800000 		jr	ra
 286              		.cfi_endproc
 287              	.LFE61:
 289              		.align	2
 290              		.globl	_Z8sem_openPP4_semj
 292              	_Z8sem_openPP4_semj:
 293              	.LFB62:
  54:src/syscall_c.cpp **** int sem_open(sem_t *handle, unsigned init) {
 294              		.loc 1 54 44 is_stmt 1
 295              		.cfi_startproc
 296              	.LVL7:
 297 013c 130101FE 		addi	sp,sp,-32
 298              		.cfi_def_cfa_offset 32
 299 0140 233C8100 		sd	s0,24(sp)
 300              		.cfi_offset 8, -8
 301 0144 13040102 		addi	s0,sp,32
 302              		.cfi_def_cfa 8, 0
 303 0148 13070500 		mv	a4,a0
 304 014c 93860500 		mv	a3,a1
  55:src/syscall_c.cpp ****     asm volatile (
 305              		.loc 1 55 5
  56:src/syscall_c.cpp ****         "mv a0, %0\t\n"
  57:src/syscall_c.cpp ****         "mv a1, %1\t\n"
  58:src/syscall_c.cpp ****         "mv a2, %2\t\n"
  59:src/syscall_c.cpp ****         "ecall" :: "r"(0x21), "r"(handle),"r"(init) : "a0", "a1", "a2");
 306              		.loc 1 59 72 is_stmt 0
 307 0150 93071002 		li	a5,33
 308              	#APP
 309              	# 59 "src/syscall_c.cpp" 1
  60 0158 93050700 	    return (int)Riscv::r_a0();
  61 015c 13860600 	}
  62 0160 73000000 	
  63              	int sem_close(sem_t handle) {
 310              		mv a0, a5	
 311              	mv a1, a4	
 312              	mv a2, a3	
 313              	ecall
 314              	# 0 "" 2
 315              	.LVL8:
  60:src/syscall_c.cpp **** }
 316              		.loc 1 60 5 is_stmt 1
 317              	#NO_APP
 318              	.LBB32:
 319              	.LBB33:
 111:src/../h/riscv.hpp ****     asm volatile("mv %0, a0" : "=r"(a0));
 320              		.loc 2 111 5
 112:src/../h/riscv.hpp ****     return a0;
 321              		.loc 2 112 5
 112:src/../h/riscv.hpp ****     return a0;
 322              		.loc 2 112 41 is_stmt 0
 323              	#APP
 324              	# 112 "src/../h/riscv.hpp" 1
 325              		mv a5, a0
 326              	# 0 "" 2
 327              	#NO_APP
GAS LISTING /tmp/ccPxLJU2.s 			page 10


 328 0168 2334F4FE 		sd	a5,-24(s0)
 329              		.loc 2 113 5 is_stmt 1
 330              		.loc 2 113 12 is_stmt 0
 331 016c 033584FE 		ld	a0,-24(s0)
 332              	.LBE33:
 333              	.LBE32:
  61:src/syscall_c.cpp **** 
 334              		.loc 1 61 1
 335 0170 1B050500 		sext.w	a0,a0
 336 0174 03348101 		ld	s0,24(sp)
 337              		.cfi_restore 8
 338              		.cfi_def_cfa 2, 32
 339 0178 13010102 		addi	sp,sp,32
 340              		.cfi_def_cfa_offset 0
 341 017c 67800000 		jr	ra
 342              		.cfi_endproc
 343              	.LFE62:
 345              		.align	2
 346              		.globl	_Z9sem_closeP4_sem
 348              	_Z9sem_closeP4_sem:
 349              	.LFB63:
 350              		.loc 1 63 29 is_stmt 1
 351              		.cfi_startproc
 352              	.LVL9:
 353 0180 130101FE 		addi	sp,sp,-32
 354              		.cfi_def_cfa_offset 32
 355 0184 233C8100 		sd	s0,24(sp)
 356              		.cfi_offset 8, -8
 357 0188 13040102 		addi	s0,sp,32
 358              		.cfi_def_cfa 8, 0
 359 018c 13070500 		mv	a4,a0
  64:src/syscall_c.cpp ****     asm volatile (
 360              		.loc 1 64 5
  65:src/syscall_c.cpp ****         "mv a0, %0\t\n"
  66:src/syscall_c.cpp ****         "mv a1, %1\t\n"
  67:src/syscall_c.cpp ****         "ecall" :: "r"(0x22), "r"(handle) : "a0", "a1" );
 361              		.loc 1 67 57 is_stmt 0
 362 0190 93072002 		li	a5,34
 363              	#APP
 364              	# 67 "src/syscall_c.cpp" 1
  68 0198 93050700 	    return (int)Riscv::r_a0();
  69 019c 73000000 	}
  70              	
 365              		mv a0, a5	
 366              	mv a1, a4	
 367              	ecall
 368              	# 0 "" 2
 369              	.LVL10:
  68:src/syscall_c.cpp **** }
 370              		.loc 1 68 5 is_stmt 1
 371              	#NO_APP
 372              	.LBB34:
 373              	.LBB35:
 111:src/../h/riscv.hpp ****     asm volatile("mv %0, a0" : "=r"(a0));
 374              		.loc 2 111 5
 112:src/../h/riscv.hpp ****     return a0;
 375              		.loc 2 112 5
GAS LISTING /tmp/ccPxLJU2.s 			page 11


 112:src/../h/riscv.hpp ****     return a0;
 376              		.loc 2 112 41 is_stmt 0
 377              	#APP
 378              	# 112 "src/../h/riscv.hpp" 1
 379              		mv a5, a0
 380              	# 0 "" 2
 381              	#NO_APP
 382 01a4 2334F4FE 		sd	a5,-24(s0)
 383              		.loc 2 113 5 is_stmt 1
 384              		.loc 2 113 12 is_stmt 0
 385 01a8 033584FE 		ld	a0,-24(s0)
 386              	.LBE35:
 387              	.LBE34:
  69:src/syscall_c.cpp **** 
 388              		.loc 1 69 1
 389 01ac 1B050500 		sext.w	a0,a0
 390 01b0 03348101 		ld	s0,24(sp)
 391              		.cfi_restore 8
 392              		.cfi_def_cfa 2, 32
 393 01b4 13010102 		addi	sp,sp,32
 394              		.cfi_def_cfa_offset 0
 395 01b8 67800000 		jr	ra
 396              		.cfi_endproc
 397              	.LFE63:
 399              		.align	2
 400              		.globl	_Z8sem_waitP4_sem
 402              	_Z8sem_waitP4_sem:
 403              	.LFB64:
  71:src/syscall_c.cpp **** int sem_wait(sem_t id) {
 404              		.loc 1 71 24 is_stmt 1
 405              		.cfi_startproc
 406              	.LVL11:
 407 01bc 130101FE 		addi	sp,sp,-32
 408              		.cfi_def_cfa_offset 32
 409 01c0 233C8100 		sd	s0,24(sp)
 410              		.cfi_offset 8, -8
 411 01c4 13040102 		addi	s0,sp,32
 412              		.cfi_def_cfa 8, 0
 413 01c8 13070500 		mv	a4,a0
  72:src/syscall_c.cpp ****     asm volatile (
 414              		.loc 1 72 5
  73:src/syscall_c.cpp ****         "mv a0, %0\t\n"
  74:src/syscall_c.cpp ****         "mv a1, %1\t\n"
  75:src/syscall_c.cpp ****         "ecall" :: "r"(0x23), "r"(id) : "a0", "a1" );
 415              		.loc 1 75 53 is_stmt 0
 416 01cc 93073002 		li	a5,35
 417              	#APP
 418              	# 75 "src/syscall_c.cpp" 1
  76 01d4 93050700 	    return (int)Riscv::r_a0();
  77 01d8 73000000 	}
  78              	
 419              		mv a0, a5	
 420              	mv a1, a4	
 421              	ecall
 422              	# 0 "" 2
 423              	.LVL12:
  76:src/syscall_c.cpp **** }
GAS LISTING /tmp/ccPxLJU2.s 			page 12


 424              		.loc 1 76 5 is_stmt 1
 425              	#NO_APP
 426              	.LBB36:
 427              	.LBB37:
 111:src/../h/riscv.hpp ****     asm volatile("mv %0, a0" : "=r"(a0));
 428              		.loc 2 111 5
 112:src/../h/riscv.hpp ****     return a0;
 429              		.loc 2 112 5
 112:src/../h/riscv.hpp ****     return a0;
 430              		.loc 2 112 41 is_stmt 0
 431              	#APP
 432              	# 112 "src/../h/riscv.hpp" 1
 433              		mv a5, a0
 434              	# 0 "" 2
 435              	#NO_APP
 436 01e0 2334F4FE 		sd	a5,-24(s0)
 437              		.loc 2 113 5 is_stmt 1
 438              		.loc 2 113 12 is_stmt 0
 439 01e4 033584FE 		ld	a0,-24(s0)
 440              	.LBE37:
 441              	.LBE36:
  77:src/syscall_c.cpp **** 
 442              		.loc 1 77 1
 443 01e8 1B050500 		sext.w	a0,a0
 444 01ec 03348101 		ld	s0,24(sp)
 445              		.cfi_restore 8
 446              		.cfi_def_cfa 2, 32
 447 01f0 13010102 		addi	sp,sp,32
 448              		.cfi_def_cfa_offset 0
 449 01f4 67800000 		jr	ra
 450              		.cfi_endproc
 451              	.LFE64:
 453              		.align	2
 454              		.globl	_Z10sem_signalP4_sem
 456              	_Z10sem_signalP4_sem:
 457              	.LFB65:
  79:src/syscall_c.cpp **** int sem_signal(sem_t id) {
 458              		.loc 1 79 26 is_stmt 1
 459              		.cfi_startproc
 460              	.LVL13:
 461 01f8 130101FE 		addi	sp,sp,-32
 462              		.cfi_def_cfa_offset 32
 463 01fc 233C8100 		sd	s0,24(sp)
 464              		.cfi_offset 8, -8
 465 0200 13040102 		addi	s0,sp,32
 466              		.cfi_def_cfa 8, 0
 467 0204 13070500 		mv	a4,a0
  80:src/syscall_c.cpp ****     asm volatile (
 468              		.loc 1 80 5
  81:src/syscall_c.cpp ****         "mv a0, %0\t\n"
  82:src/syscall_c.cpp ****         "mv a1, %1\t\n"
  83:src/syscall_c.cpp ****         "ecall" :: "r"(0x24), "r"(id) : "a0", "a1" );
 469              		.loc 1 83 53 is_stmt 0
 470 0208 93074002 		li	a5,36
 471              	#APP
 472              	# 83 "src/syscall_c.cpp" 1
  84 0210 93050700 	    return (int)Riscv::r_a0();
GAS LISTING /tmp/ccPxLJU2.s 			page 13


  85 0214 73000000 	}
  86              	
 473              		mv a0, a5	
 474              	mv a1, a4	
 475              	ecall
 476              	# 0 "" 2
 477              	.LVL14:
  84:src/syscall_c.cpp **** }
 478              		.loc 1 84 5 is_stmt 1
 479              	#NO_APP
 480              	.LBB38:
 481              	.LBB39:
 111:src/../h/riscv.hpp ****     asm volatile("mv %0, a0" : "=r"(a0));
 482              		.loc 2 111 5
 112:src/../h/riscv.hpp ****     return a0;
 483              		.loc 2 112 5
 112:src/../h/riscv.hpp ****     return a0;
 484              		.loc 2 112 41 is_stmt 0
 485              	#APP
 486              	# 112 "src/../h/riscv.hpp" 1
 487              		mv a5, a0
 488              	# 0 "" 2
 489              	#NO_APP
 490 021c 2334F4FE 		sd	a5,-24(s0)
 491              		.loc 2 113 5 is_stmt 1
 492              		.loc 2 113 12 is_stmt 0
 493 0220 033584FE 		ld	a0,-24(s0)
 494              	.LBE39:
 495              	.LBE38:
  85:src/syscall_c.cpp **** 
 496              		.loc 1 85 1
 497 0224 1B050500 		sext.w	a0,a0
 498 0228 03348101 		ld	s0,24(sp)
 499              		.cfi_restore 8
 500              		.cfi_def_cfa 2, 32
 501 022c 13010102 		addi	sp,sp,32
 502              		.cfi_def_cfa_offset 0
 503 0230 67800000 		jr	ra
 504              		.cfi_endproc
 505              	.LFE65:
 507              		.align	2
 508              		.globl	_Z4getcv
 510              	_Z4getcv:
 511              	.LFB66:
  87:src/syscall_c.cpp **** char getc() {
 512              		.loc 1 87 13 is_stmt 1
 513              		.cfi_startproc
 514 0234 130101FE 		addi	sp,sp,-32
 515              		.cfi_def_cfa_offset 32
 516 0238 233C8100 		sd	s0,24(sp)
 517              		.cfi_offset 8, -8
 518 023c 13040102 		addi	s0,sp,32
 519              		.cfi_def_cfa 8, 0
  88:src/syscall_c.cpp ****     asm volatile (
 520              		.loc 1 88 5
  89:src/syscall_c.cpp ****         "mv a0, %0\t\n"
  90:src/syscall_c.cpp ****         "ecall" :: "r"(0x41) : "a0");
GAS LISTING /tmp/ccPxLJU2.s 			page 14


 521              		.loc 1 90 37 is_stmt 0
 522 0240 93071004 		li	a5,65
 523              	#APP
 524              	# 90 "src/syscall_c.cpp" 1
  91 0248 73000000 	    return (char)Riscv::r_a0();
  92              	}
  91:src/syscall_c.cpp **** }
 525              		mv a0, a5	
 526              	ecall
 527              	# 0 "" 2
 528              		.loc 1 91 5 is_stmt 1
 529              	#NO_APP
 530              	.LBB40:
 531              	.LBB41:
 111:src/../h/riscv.hpp ****     asm volatile("mv %0, a0" : "=r"(a0));
 532              		.loc 2 111 5
 112:src/../h/riscv.hpp ****     return a0;
 533              		.loc 2 112 5
 112:src/../h/riscv.hpp ****     return a0;
 534              		.loc 2 112 41 is_stmt 0
 535              	#APP
 536              	# 112 "src/../h/riscv.hpp" 1
 537              		mv a5, a0
 538              	# 0 "" 2
 539              	#NO_APP
 540 0250 2334F4FE 		sd	a5,-24(s0)
 541              		.loc 2 113 5 is_stmt 1
 542              		.loc 2 113 12 is_stmt 0
 543 0254 033584FE 		ld	a0,-24(s0)
 544              	.LBE41:
 545              	.LBE40:
 546              		.loc 1 92 1
 547 0258 1375F50F 		andi	a0,a0,0xff
 548 025c 03348101 		ld	s0,24(sp)
 549              		.cfi_restore 8
 550              		.cfi_def_cfa 2, 32
 551 0260 13010102 		addi	sp,sp,32
 552              		.cfi_def_cfa_offset 0
 553 0264 67800000 		jr	ra
 554              		.cfi_endproc
 555              	.LFE66:
 557              		.align	2
 558              		.globl	_Z4putcc
 560              	_Z4putcc:
 561              	.LFB67:
  93:src/syscall_c.cpp **** 
  94:src/syscall_c.cpp **** void putc(char c) {
 562              		.loc 1 94 19 is_stmt 1
 563              		.cfi_startproc
 564              	.LVL15:
 565 0268 130101FF 		addi	sp,sp,-16
 566              		.cfi_def_cfa_offset 16
 567 026c 23348100 		sd	s0,8(sp)
 568              		.cfi_offset 8, -8
 569 0270 13040101 		addi	s0,sp,16
 570              		.cfi_def_cfa 8, 0
 571 0274 13070500 		mv	a4,a0
GAS LISTING /tmp/ccPxLJU2.s 			page 15


  95:src/syscall_c.cpp ****     asm volatile (
 572              		.loc 1 95 5
  96:src/syscall_c.cpp ****         "mv a0, %0\t\n"
  97:src/syscall_c.cpp ****         "mv a1, %1\t\n"
  98:src/syscall_c.cpp ****         "ecall" :: "r"(0x42), "r"(c) : "a0", "a1" );
 573              		.loc 1 98 52 is_stmt 0
 574 0278 93072004 		li	a5,66
 575              	#APP
 576              	# 98 "src/syscall_c.cpp" 1
  99 0280 93050700 	}
 100 0284 73000000 	
 101              	void time_sleep(time_t p) {
 577              		mv a0, a5	
 578              	mv a1, a4	
 579              	ecall
 580              	# 0 "" 2
 581              	.LVL16:
  99:src/syscall_c.cpp **** 
 582              		.loc 1 99 1
 583              	#NO_APP
 584 0288 03348100 		ld	s0,8(sp)
 585              		.cfi_restore 8
 586              		.cfi_def_cfa 2, 16
 587 028c 13010101 		addi	sp,sp,16
 588              		.cfi_def_cfa_offset 0
 589 0290 67800000 		jr	ra
 590              		.cfi_endproc
 591              	.LFE67:
 593              		.align	2
 594              		.globl	_Z10time_sleepm
 596              	_Z10time_sleepm:
 597              	.LFB68:
 598              		.loc 1 101 27 is_stmt 1
 599              		.cfi_startproc
 600              	.LVL17:
 601 0294 130101FF 		addi	sp,sp,-16
 602              		.cfi_def_cfa_offset 16
 603 0298 23348100 		sd	s0,8(sp)
 604              		.cfi_offset 8, -8
 605 029c 13040101 		addi	s0,sp,16
 606              		.cfi_def_cfa 8, 0
 607 02a0 13070500 		mv	a4,a0
 102:src/syscall_c.cpp ****     asm volatile (
 608              		.loc 1 102 5
 103:src/syscall_c.cpp ****         "mv a0, %0\t\n"
 104:src/syscall_c.cpp ****         "mv a1, %1\t\n"
 105:src/syscall_c.cpp ****         "ecall" :: "r"(0x31), "r"(p) : "a0", "a1" );
 609              		.loc 1 105 52 is_stmt 0
 610 02a4 93071003 		li	a5,49
 611              	#APP
 612              	# 105 "src/syscall_c.cpp" 1
 106 02ac 93050700 	}
 107 02b0 73000000 	
 108              	int sem_wait_n(sem_t id, int n) {
 613              		mv a0, a5	
 614              	mv a1, a4	
 615              	ecall
GAS LISTING /tmp/ccPxLJU2.s 			page 16


 616              	# 0 "" 2
 617              	.LVL18:
 106:src/syscall_c.cpp **** 
 618              		.loc 1 106 1
 619              	#NO_APP
 620 02b4 03348100 		ld	s0,8(sp)
 621              		.cfi_restore 8
 622              		.cfi_def_cfa 2, 16
 623 02b8 13010101 		addi	sp,sp,16
 624              		.cfi_def_cfa_offset 0
 625 02bc 67800000 		jr	ra
 626              		.cfi_endproc
 627              	.LFE68:
 629              		.align	2
 630              		.globl	_Z10sem_wait_nP4_semi
 632              	_Z10sem_wait_nP4_semi:
 633              	.LFB69:
 634              		.loc 1 108 33 is_stmt 1
 635              		.cfi_startproc
 636              	.LVL19:
 637 02c0 130101FE 		addi	sp,sp,-32
 638              		.cfi_def_cfa_offset 32
 639 02c4 233C8100 		sd	s0,24(sp)
 640              		.cfi_offset 8, -8
 641 02c8 13040102 		addi	s0,sp,32
 642              		.cfi_def_cfa 8, 0
 643 02cc 13070500 		mv	a4,a0
 644 02d0 93860500 		mv	a3,a1
 109:src/syscall_c.cpp ****     asm volatile (
 645              		.loc 1 109 5
 110:src/syscall_c.cpp ****         "mv a0, %0\t\n"
 111:src/syscall_c.cpp ****         "mv a1, %1\t\n"
 112:src/syscall_c.cpp ****         "mv a2, %2\t\n"
 113:src/syscall_c.cpp ****         "ecall" :: "r"(0x25), "r"(id),"r"(n) : "a0", "a1", "a2");
 646              		.loc 1 113 65 is_stmt 0
 647 02d4 93075002 		li	a5,37
 648              	#APP
 649              	# 113 "src/syscall_c.cpp" 1
 114 02dc 93050700 	    return (int)Riscv::r_a0();
 115 02e0 13860600 	}
 116 02e4 73000000 	
 117              	int sem_signal_n(sem_t id, int n) {
 650              		mv a0, a5	
 651              	mv a1, a4	
 652              	mv a2, a3	
 653              	ecall
 654              	# 0 "" 2
 655              	.LVL20:
 114:src/syscall_c.cpp **** }
 656              		.loc 1 114 5 is_stmt 1
 657              	#NO_APP
 658              	.LBB42:
 659              	.LBB43:
 111:src/../h/riscv.hpp ****     asm volatile("mv %0, a0" : "=r"(a0));
 660              		.loc 2 111 5
 112:src/../h/riscv.hpp ****     return a0;
 661              		.loc 2 112 5
GAS LISTING /tmp/ccPxLJU2.s 			page 17


 112:src/../h/riscv.hpp ****     return a0;
 662              		.loc 2 112 41 is_stmt 0
 663              	#APP
 664              	# 112 "src/../h/riscv.hpp" 1
 665              		mv a5, a0
 666              	# 0 "" 2
 667              	#NO_APP
 668 02ec 2334F4FE 		sd	a5,-24(s0)
 669              		.loc 2 113 5 is_stmt 1
 670              		.loc 2 113 12 is_stmt 0
 671 02f0 033584FE 		ld	a0,-24(s0)
 672              	.LBE43:
 673              	.LBE42:
 115:src/syscall_c.cpp **** 
 674              		.loc 1 115 1
 675 02f4 1B050500 		sext.w	a0,a0
 676 02f8 03348101 		ld	s0,24(sp)
 677              		.cfi_restore 8
 678              		.cfi_def_cfa 2, 32
 679 02fc 13010102 		addi	sp,sp,32
 680              		.cfi_def_cfa_offset 0
 681 0300 67800000 		jr	ra
 682              		.cfi_endproc
 683              	.LFE69:
 685              		.align	2
 686              		.globl	_Z12sem_signal_nP4_semi
 688              	_Z12sem_signal_nP4_semi:
 689              	.LFB70:
 690              		.loc 1 117 35 is_stmt 1
 691              		.cfi_startproc
 692              	.LVL21:
 693 0304 130101FE 		addi	sp,sp,-32
 694              		.cfi_def_cfa_offset 32
 695 0308 233C8100 		sd	s0,24(sp)
 696              		.cfi_offset 8, -8
 697 030c 13040102 		addi	s0,sp,32
 698              		.cfi_def_cfa 8, 0
 699 0310 13070500 		mv	a4,a0
 700 0314 93860500 		mv	a3,a1
 118:src/syscall_c.cpp ****     asm volatile (
 701              		.loc 1 118 5
 119:src/syscall_c.cpp ****         "mv a0, %0\t\n"
 120:src/syscall_c.cpp ****         "mv a1, %1\t\n"
 121:src/syscall_c.cpp ****         "mv a2, %2\t\n"
 122:src/syscall_c.cpp ****         "ecall" :: "r"(0x26), "r"(id),"r"(n) : "a0", "a1", "a2");
 702              		.loc 1 122 65 is_stmt 0
 703 0318 93076002 		li	a5,38
 704              	#APP
 705              	# 122 "src/syscall_c.cpp" 1
 123 0320 93050700 	    return (int)Riscv::r_a0();
 124 0324 13860600 	
 125 0328 73000000 	}
 126              	
 706              		mv a0, a5	
 707              	mv a1, a4	
 708              	mv a2, a3	
 709              	ecall
GAS LISTING /tmp/ccPxLJU2.s 			page 18


 710              	# 0 "" 2
 711              	.LVL22:
 123:src/syscall_c.cpp **** 
 712              		.loc 1 123 5 is_stmt 1
 713              	#NO_APP
 714              	.LBB44:
 715              	.LBB45:
 111:src/../h/riscv.hpp ****     asm volatile("mv %0, a0" : "=r"(a0));
 716              		.loc 2 111 5
 112:src/../h/riscv.hpp ****     return a0;
 717              		.loc 2 112 5
 112:src/../h/riscv.hpp ****     return a0;
 718              		.loc 2 112 41 is_stmt 0
 719              	#APP
 720              	# 112 "src/../h/riscv.hpp" 1
 721              		mv a5, a0
 722              	# 0 "" 2
 723              	#NO_APP
 724 0330 2334F4FE 		sd	a5,-24(s0)
 725              		.loc 2 113 5 is_stmt 1
 726              		.loc 2 113 12 is_stmt 0
 727 0334 033584FE 		ld	a0,-24(s0)
 728              	.LBE45:
 729              	.LBE44:
 125:src/syscall_c.cpp **** 
 730              		.loc 1 125 1
 731 0338 1B050500 		sext.w	a0,a0
 732 033c 03348101 		ld	s0,24(sp)
 733              		.cfi_restore 8
 734              		.cfi_def_cfa 2, 32
 735 0340 13010102 		addi	sp,sp,32
 736              		.cfi_def_cfa_offset 0
 737 0344 67800000 		jr	ra
 738              		.cfi_endproc
 739              	.LFE70:
 741              		.align	2
 742              		.globl	_Z11set_partnerP7_threadS0_
 744              	_Z11set_partnerP7_threadS0_:
 745              	.LFB71:
 127:src/syscall_c.cpp **** void set_partner(thread_t t1, thread_t t2) {
 746              		.loc 1 127 44 is_stmt 1
 747              		.cfi_startproc
 748              	.LVL23:
 749 0348 130101FF 		addi	sp,sp,-16
 750              		.cfi_def_cfa_offset 16
 751 034c 23348100 		sd	s0,8(sp)
 752              		.cfi_offset 8, -8
 753 0350 13040101 		addi	s0,sp,16
 754              		.cfi_def_cfa 8, 0
 755 0354 13070500 		mv	a4,a0
 756 0358 93860500 		mv	a3,a1
 128:src/syscall_c.cpp ****     asm volatile (
 757              		.loc 1 128 5
 129:src/syscall_c.cpp ****         "mv a0, %0\t\n"
 130:src/syscall_c.cpp ****         "mv a1, %1\t\n"
 131:src/syscall_c.cpp ****         "mv a2, %2\t\n"
 132:src/syscall_c.cpp ****         "ecall" :: "r"(0x51), "r"(t1),"r"(t2) : "a0", "a1", "a2");
GAS LISTING /tmp/ccPxLJU2.s 			page 19


 758              		.loc 1 132 66 is_stmt 0
 759 035c 93071005 		li	a5,81
 760              	#APP
 761              	# 132 "src/syscall_c.cpp" 1
 133 0364 93050700 	}
 134 0368 13860600 	
 135 036c 73000000 	void sync_thread() {
 136              	    asm volatile (
 762              		mv a0, a5	
 763              	mv a1, a4	
 764              	mv a2, a3	
 765              	ecall
 766              	# 0 "" 2
 767              	.LVL24:
 133:src/syscall_c.cpp **** 
 768              		.loc 1 133 1
 769              	#NO_APP
 770 0370 03348100 		ld	s0,8(sp)
 771              		.cfi_restore 8
 772              		.cfi_def_cfa 2, 16
 773 0374 13010101 		addi	sp,sp,16
 774              		.cfi_def_cfa_offset 0
 775 0378 67800000 		jr	ra
 776              		.cfi_endproc
 777              	.LFE71:
 779              		.align	2
 780              		.globl	_Z11sync_threadv
 782              	_Z11sync_threadv:
 783              	.LFB72:
 135:src/syscall_c.cpp ****     asm volatile (
 784              		.loc 1 135 20 is_stmt 1
 785              		.cfi_startproc
 786 037c 130101FF 		addi	sp,sp,-16
 787              		.cfi_def_cfa_offset 16
 788 0380 23348100 		sd	s0,8(sp)
 789              		.cfi_offset 8, -8
 790 0384 13040101 		addi	s0,sp,16
 791              		.cfi_def_cfa 8, 0
 792              		.loc 1 136 5
 137:src/syscall_c.cpp ****         "mv a0, %0\t\n"
 138:src/syscall_c.cpp ****         "ecall" :: "r"(0x53) : "a0");
 793              		.loc 1 138 37 is_stmt 0
 794 0388 93073005 		li	a5,83
 795              	#APP
 796              	# 138 "src/syscall_c.cpp" 1
 139 0390 73000000 	}
 140              	...
 139:src/syscall_c.cpp **** }
 797              		mv a0, a5	
 798              	ecall
 799              	# 0 "" 2
 800              		.loc 1 139 1
 801              	#NO_APP
 802 0394 03348100 		ld	s0,8(sp)
 803              		.cfi_restore 8
 804              		.cfi_def_cfa 2, 16
 805 0398 13010101 		addi	sp,sp,16
GAS LISTING /tmp/ccPxLJU2.s 			page 20


 806              		.cfi_def_cfa_offset 0
 807 039c 67800000 		jr	ra
 808              		.cfi_endproc
 809              	.LFE72:
 811              	.Letext0:
 812              		.file 3 "src/../h/../lib/hw.h"
 813              		.file 4 "src/../h/list.hpp"
 814              		.file 5 "src/../h/../h/tcb.hpp"
 815              		.file 6 "src/../h/syscall_c.h"
 816              		.file 7 "src/../h/../h/semkernel.hpp"
 817              		.file 8 "src/../h/../h/consoleKernel.hpp"
GAS LISTING /tmp/ccPxLJU2.s 			page 21


DEFINED SYMBOLS
                            *ABS*:0000000000000000 syscall_c.cpp
     /tmp/ccPxLJU2.s:9      .text:0000000000000000 _Z9mem_allocm
     /tmp/ccPxLJU2.s:13     .text:0000000000000000 .L0 
     /tmp/ccPxLJU2.s:15     .text:0000000000000000 .L0 
     /tmp/ccPxLJU2.s:16     .text:0000000000000004 .L0 
     /tmp/ccPxLJU2.s:18     .text:0000000000000008 .L0 
     /tmp/ccPxLJU2.s:20     .text:000000000000000c .L0 
     /tmp/ccPxLJU2.s:23     .text:0000000000000010 .L0 
     /tmp/ccPxLJU2.s:24     .text:0000000000000010 .L0 
     /tmp/ccPxLJU2.s:37     .text:0000000000000020 .L0 
     /tmp/ccPxLJU2.s:38     .text:0000000000000020 .L0 
     /tmp/ccPxLJU2.s:39     .text:0000000000000020 .L0 
  src/../h/riscv.hpp:112    .text:0000000000000020 .L0 
     /tmp/ccPxLJU2.s:47     .text:0000000000000028 .L0 
     /tmp/ccPxLJU2.s:48     .text:0000000000000028 .L0 
     /tmp/ccPxLJU2.s:52     .text:000000000000002c .L0 
     /tmp/ccPxLJU2.s:53     .text:0000000000000030 .L0 
     /tmp/ccPxLJU2.s:54     .text:0000000000000030 .L0 
     /tmp/ccPxLJU2.s:56     .text:0000000000000034 .L0 
     /tmp/ccPxLJU2.s:58     .text:0000000000000038 .L0 
     /tmp/ccPxLJU2.s:64     .text:0000000000000038 _Z8mem_freePv
     /tmp/ccPxLJU2.s:67     .text:0000000000000038 .L0 
     /tmp/ccPxLJU2.s:69     .text:0000000000000038 .L0 
     /tmp/ccPxLJU2.s:70     .text:000000000000003c .L0 
     /tmp/ccPxLJU2.s:72     .text:0000000000000040 .L0 
     /tmp/ccPxLJU2.s:74     .text:0000000000000044 .L0 
     /tmp/ccPxLJU2.s:77     .text:0000000000000048 .L0 
     /tmp/ccPxLJU2.s:78     .text:0000000000000048 .L0 
     /tmp/ccPxLJU2.s:90     .text:0000000000000058 .L0 
     /tmp/ccPxLJU2.s:91     .text:0000000000000058 .L0 
     /tmp/ccPxLJU2.s:92     .text:0000000000000058 .L0 
  src/../h/riscv.hpp:112    .text:0000000000000058 .L0 
     /tmp/ccPxLJU2.s:100    .text:0000000000000060 .L0 
     /tmp/ccPxLJU2.s:101    .text:0000000000000060 .L0 
     /tmp/ccPxLJU2.s:105    .text:0000000000000064 .L0 
     /tmp/ccPxLJU2.s:107    .text:000000000000006c .L0 
     /tmp/ccPxLJU2.s:108    .text:000000000000006c .L0 
     /tmp/ccPxLJU2.s:110    .text:0000000000000070 .L0 
     /tmp/ccPxLJU2.s:112    .text:0000000000000074 .L0 
     /tmp/ccPxLJU2.s:118    .text:0000000000000074 _Z13thread_createPP7_threadPFvPvES2_
     /tmp/ccPxLJU2.s:121    .text:0000000000000074 .L0 
     /tmp/ccPxLJU2.s:123    .text:0000000000000074 .L0 
     /tmp/ccPxLJU2.s:124    .text:0000000000000078 .L0 
     /tmp/ccPxLJU2.s:126    .text:000000000000007c .L0 
     /tmp/ccPxLJU2.s:128    .text:0000000000000080 .L0 
     /tmp/ccPxLJU2.s:134    .text:000000000000008c .L0 
     /tmp/ccPxLJU2.s:135    .text:000000000000008c .L0 
     /tmp/ccPxLJU2.s:136    .text:000000000000008c .L0 
     /tmp/ccPxLJU2.s:150    .text:00000000000000a4 .L0 
     /tmp/ccPxLJU2.s:151    .text:00000000000000a4 .L0 
     /tmp/ccPxLJU2.s:152    .text:00000000000000a4 .L0 
  src/../h/riscv.hpp:112    .text:00000000000000a4 .L0 
     /tmp/ccPxLJU2.s:160    .text:00000000000000ac .L0 
     /tmp/ccPxLJU2.s:161    .text:00000000000000ac .L0 
     /tmp/ccPxLJU2.s:165    .text:00000000000000b0 .L0 
     /tmp/ccPxLJU2.s:167    .text:00000000000000b8 .L0 
GAS LISTING /tmp/ccPxLJU2.s 			page 22


     /tmp/ccPxLJU2.s:168    .text:00000000000000b8 .L0 
     /tmp/ccPxLJU2.s:170    .text:00000000000000bc .L0 
     /tmp/ccPxLJU2.s:172    .text:00000000000000c0 .L0 
     /tmp/ccPxLJU2.s:178    .text:00000000000000c0 _Z11thread_exitv
     /tmp/ccPxLJU2.s:181    .text:00000000000000c0 .L0 
     /tmp/ccPxLJU2.s:182    .text:00000000000000c0 .L0 
     /tmp/ccPxLJU2.s:183    .text:00000000000000c4 .L0 
     /tmp/ccPxLJU2.s:185    .text:00000000000000c8 .L0 
     /tmp/ccPxLJU2.s:187    .text:00000000000000cc .L0 
     /tmp/ccPxLJU2.s:189    .text:00000000000000cc .L0 
     /tmp/ccPxLJU2.s:190    .text:00000000000000cc .L0 
     /tmp/ccPxLJU2.s:200    .text:00000000000000d8 .L0 
     /tmp/ccPxLJU2.s:201    .text:00000000000000d8 .L0 
     /tmp/ccPxLJU2.s:202    .text:00000000000000d8 .L0 
  src/../h/riscv.hpp:112    .text:00000000000000d8 .L0 
     /tmp/ccPxLJU2.s:210    .text:00000000000000e0 .L0 
     /tmp/ccPxLJU2.s:211    .text:00000000000000e0 .L0 
     /tmp/ccPxLJU2.s:215    .text:00000000000000e4 .L0 
     /tmp/ccPxLJU2.s:217    .text:00000000000000ec .L0 
     /tmp/ccPxLJU2.s:218    .text:00000000000000ec .L0 
     /tmp/ccPxLJU2.s:220    .text:00000000000000f0 .L0 
     /tmp/ccPxLJU2.s:222    .text:00000000000000f4 .L0 
     /tmp/ccPxLJU2.s:228    .text:00000000000000f4 _Z12thread_sleepv
     /tmp/ccPxLJU2.s:231    .text:00000000000000f4 .L0 
     /tmp/ccPxLJU2.s:232    .text:00000000000000f4 .L0 
     /tmp/ccPxLJU2.s:233    .text:00000000000000f8 .L0 
     /tmp/ccPxLJU2.s:235    .text:00000000000000fc .L0 
     /tmp/ccPxLJU2.s:237    .text:0000000000000100 .L0 
     /tmp/ccPxLJU2.s:239    .text:0000000000000100 .L0 
     /tmp/ccPxLJU2.s:240    .text:0000000000000100 .L0 
     /tmp/ccPxLJU2.s:248    .text:000000000000010c .L0 
     /tmp/ccPxLJU2.s:249    .text:0000000000000110 .L0 
     /tmp/ccPxLJU2.s:250    .text:0000000000000110 .L0 
     /tmp/ccPxLJU2.s:252    .text:0000000000000114 .L0 
     /tmp/ccPxLJU2.s:254    .text:0000000000000118 .L0 
     /tmp/ccPxLJU2.s:260    .text:0000000000000118 _Z15thread_dispatchv
     /tmp/ccPxLJU2.s:263    .text:0000000000000118 .L0 
     /tmp/ccPxLJU2.s:264    .text:0000000000000118 .L0 
     /tmp/ccPxLJU2.s:265    .text:000000000000011c .L0 
     /tmp/ccPxLJU2.s:267    .text:0000000000000120 .L0 
     /tmp/ccPxLJU2.s:269    .text:0000000000000124 .L0 
     /tmp/ccPxLJU2.s:271    .text:0000000000000124 .L0 
     /tmp/ccPxLJU2.s:272    .text:0000000000000124 .L0 
     /tmp/ccPxLJU2.s:280    .text:0000000000000130 .L0 
     /tmp/ccPxLJU2.s:281    .text:0000000000000134 .L0 
     /tmp/ccPxLJU2.s:282    .text:0000000000000134 .L0 
     /tmp/ccPxLJU2.s:284    .text:0000000000000138 .L0 
     /tmp/ccPxLJU2.s:286    .text:000000000000013c .L0 
     /tmp/ccPxLJU2.s:292    .text:000000000000013c _Z8sem_openPP4_semj
     /tmp/ccPxLJU2.s:295    .text:000000000000013c .L0 
     /tmp/ccPxLJU2.s:297    .text:000000000000013c .L0 
     /tmp/ccPxLJU2.s:298    .text:0000000000000140 .L0 
     /tmp/ccPxLJU2.s:300    .text:0000000000000144 .L0 
     /tmp/ccPxLJU2.s:302    .text:0000000000000148 .L0 
     /tmp/ccPxLJU2.s:306    .text:0000000000000150 .L0 
     /tmp/ccPxLJU2.s:307    .text:0000000000000150 .L0 
     /tmp/ccPxLJU2.s:320    .text:0000000000000164 .L0 
GAS LISTING /tmp/ccPxLJU2.s 			page 23


     /tmp/ccPxLJU2.s:321    .text:0000000000000164 .L0 
     /tmp/ccPxLJU2.s:322    .text:0000000000000164 .L0 
  src/../h/riscv.hpp:112    .text:0000000000000164 .L0 
     /tmp/ccPxLJU2.s:330    .text:000000000000016c .L0 
     /tmp/ccPxLJU2.s:331    .text:000000000000016c .L0 
     /tmp/ccPxLJU2.s:335    .text:0000000000000170 .L0 
     /tmp/ccPxLJU2.s:337    .text:0000000000000178 .L0 
     /tmp/ccPxLJU2.s:338    .text:0000000000000178 .L0 
     /tmp/ccPxLJU2.s:340    .text:000000000000017c .L0 
     /tmp/ccPxLJU2.s:342    .text:0000000000000180 .L0 
     /tmp/ccPxLJU2.s:348    .text:0000000000000180 _Z9sem_closeP4_sem
     /tmp/ccPxLJU2.s:351    .text:0000000000000180 .L0 
     /tmp/ccPxLJU2.s:353    .text:0000000000000180 .L0 
     /tmp/ccPxLJU2.s:354    .text:0000000000000184 .L0 
     /tmp/ccPxLJU2.s:356    .text:0000000000000188 .L0 
     /tmp/ccPxLJU2.s:358    .text:000000000000018c .L0 
     /tmp/ccPxLJU2.s:361    .text:0000000000000190 .L0 
     /tmp/ccPxLJU2.s:362    .text:0000000000000190 .L0 
     /tmp/ccPxLJU2.s:374    .text:00000000000001a0 .L0 
     /tmp/ccPxLJU2.s:375    .text:00000000000001a0 .L0 
     /tmp/ccPxLJU2.s:376    .text:00000000000001a0 .L0 
  src/../h/riscv.hpp:112    .text:00000000000001a0 .L0 
     /tmp/ccPxLJU2.s:384    .text:00000000000001a8 .L0 
     /tmp/ccPxLJU2.s:385    .text:00000000000001a8 .L0 
     /tmp/ccPxLJU2.s:389    .text:00000000000001ac .L0 
     /tmp/ccPxLJU2.s:391    .text:00000000000001b4 .L0 
     /tmp/ccPxLJU2.s:392    .text:00000000000001b4 .L0 
     /tmp/ccPxLJU2.s:394    .text:00000000000001b8 .L0 
     /tmp/ccPxLJU2.s:396    .text:00000000000001bc .L0 
     /tmp/ccPxLJU2.s:402    .text:00000000000001bc _Z8sem_waitP4_sem
     /tmp/ccPxLJU2.s:405    .text:00000000000001bc .L0 
     /tmp/ccPxLJU2.s:407    .text:00000000000001bc .L0 
     /tmp/ccPxLJU2.s:408    .text:00000000000001c0 .L0 
     /tmp/ccPxLJU2.s:410    .text:00000000000001c4 .L0 
     /tmp/ccPxLJU2.s:412    .text:00000000000001c8 .L0 
     /tmp/ccPxLJU2.s:415    .text:00000000000001cc .L0 
     /tmp/ccPxLJU2.s:416    .text:00000000000001cc .L0 
     /tmp/ccPxLJU2.s:428    .text:00000000000001dc .L0 
     /tmp/ccPxLJU2.s:429    .text:00000000000001dc .L0 
     /tmp/ccPxLJU2.s:430    .text:00000000000001dc .L0 
  src/../h/riscv.hpp:112    .text:00000000000001dc .L0 
     /tmp/ccPxLJU2.s:438    .text:00000000000001e4 .L0 
     /tmp/ccPxLJU2.s:439    .text:00000000000001e4 .L0 
     /tmp/ccPxLJU2.s:443    .text:00000000000001e8 .L0 
     /tmp/ccPxLJU2.s:445    .text:00000000000001f0 .L0 
     /tmp/ccPxLJU2.s:446    .text:00000000000001f0 .L0 
     /tmp/ccPxLJU2.s:448    .text:00000000000001f4 .L0 
     /tmp/ccPxLJU2.s:450    .text:00000000000001f8 .L0 
     /tmp/ccPxLJU2.s:456    .text:00000000000001f8 _Z10sem_signalP4_sem
     /tmp/ccPxLJU2.s:459    .text:00000000000001f8 .L0 
     /tmp/ccPxLJU2.s:461    .text:00000000000001f8 .L0 
     /tmp/ccPxLJU2.s:462    .text:00000000000001fc .L0 
     /tmp/ccPxLJU2.s:464    .text:0000000000000200 .L0 
     /tmp/ccPxLJU2.s:466    .text:0000000000000204 .L0 
     /tmp/ccPxLJU2.s:469    .text:0000000000000208 .L0 
     /tmp/ccPxLJU2.s:470    .text:0000000000000208 .L0 
     /tmp/ccPxLJU2.s:482    .text:0000000000000218 .L0 
GAS LISTING /tmp/ccPxLJU2.s 			page 24


     /tmp/ccPxLJU2.s:483    .text:0000000000000218 .L0 
     /tmp/ccPxLJU2.s:484    .text:0000000000000218 .L0 
  src/../h/riscv.hpp:112    .text:0000000000000218 .L0 
     /tmp/ccPxLJU2.s:492    .text:0000000000000220 .L0 
     /tmp/ccPxLJU2.s:493    .text:0000000000000220 .L0 
     /tmp/ccPxLJU2.s:497    .text:0000000000000224 .L0 
     /tmp/ccPxLJU2.s:499    .text:000000000000022c .L0 
     /tmp/ccPxLJU2.s:500    .text:000000000000022c .L0 
     /tmp/ccPxLJU2.s:502    .text:0000000000000230 .L0 
     /tmp/ccPxLJU2.s:504    .text:0000000000000234 .L0 
     /tmp/ccPxLJU2.s:510    .text:0000000000000234 _Z4getcv
     /tmp/ccPxLJU2.s:513    .text:0000000000000234 .L0 
     /tmp/ccPxLJU2.s:514    .text:0000000000000234 .L0 
     /tmp/ccPxLJU2.s:515    .text:0000000000000238 .L0 
     /tmp/ccPxLJU2.s:517    .text:000000000000023c .L0 
     /tmp/ccPxLJU2.s:519    .text:0000000000000240 .L0 
     /tmp/ccPxLJU2.s:521    .text:0000000000000240 .L0 
     /tmp/ccPxLJU2.s:522    .text:0000000000000240 .L0 
     /tmp/ccPxLJU2.s:532    .text:000000000000024c .L0 
     /tmp/ccPxLJU2.s:533    .text:000000000000024c .L0 
     /tmp/ccPxLJU2.s:534    .text:000000000000024c .L0 
  src/../h/riscv.hpp:112    .text:000000000000024c .L0 
     /tmp/ccPxLJU2.s:542    .text:0000000000000254 .L0 
     /tmp/ccPxLJU2.s:543    .text:0000000000000254 .L0 
     /tmp/ccPxLJU2.s:547    .text:0000000000000258 .L0 
     /tmp/ccPxLJU2.s:549    .text:0000000000000260 .L0 
     /tmp/ccPxLJU2.s:550    .text:0000000000000260 .L0 
     /tmp/ccPxLJU2.s:552    .text:0000000000000264 .L0 
     /tmp/ccPxLJU2.s:554    .text:0000000000000268 .L0 
     /tmp/ccPxLJU2.s:560    .text:0000000000000268 _Z4putcc
     /tmp/ccPxLJU2.s:563    .text:0000000000000268 .L0 
     /tmp/ccPxLJU2.s:565    .text:0000000000000268 .L0 
     /tmp/ccPxLJU2.s:566    .text:000000000000026c .L0 
     /tmp/ccPxLJU2.s:568    .text:0000000000000270 .L0 
     /tmp/ccPxLJU2.s:570    .text:0000000000000274 .L0 
     /tmp/ccPxLJU2.s:573    .text:0000000000000278 .L0 
     /tmp/ccPxLJU2.s:574    .text:0000000000000278 .L0 
     /tmp/ccPxLJU2.s:584    .text:0000000000000288 .L0 
     /tmp/ccPxLJU2.s:585    .text:000000000000028c .L0 
     /tmp/ccPxLJU2.s:586    .text:000000000000028c .L0 
     /tmp/ccPxLJU2.s:588    .text:0000000000000290 .L0 
     /tmp/ccPxLJU2.s:590    .text:0000000000000294 .L0 
     /tmp/ccPxLJU2.s:596    .text:0000000000000294 _Z10time_sleepm
     /tmp/ccPxLJU2.s:599    .text:0000000000000294 .L0 
     /tmp/ccPxLJU2.s:601    .text:0000000000000294 .L0 
     /tmp/ccPxLJU2.s:602    .text:0000000000000298 .L0 
     /tmp/ccPxLJU2.s:604    .text:000000000000029c .L0 
     /tmp/ccPxLJU2.s:606    .text:00000000000002a0 .L0 
     /tmp/ccPxLJU2.s:609    .text:00000000000002a4 .L0 
     /tmp/ccPxLJU2.s:610    .text:00000000000002a4 .L0 
     /tmp/ccPxLJU2.s:620    .text:00000000000002b4 .L0 
     /tmp/ccPxLJU2.s:621    .text:00000000000002b8 .L0 
     /tmp/ccPxLJU2.s:622    .text:00000000000002b8 .L0 
     /tmp/ccPxLJU2.s:624    .text:00000000000002bc .L0 
     /tmp/ccPxLJU2.s:626    .text:00000000000002c0 .L0 
     /tmp/ccPxLJU2.s:632    .text:00000000000002c0 _Z10sem_wait_nP4_semi
     /tmp/ccPxLJU2.s:635    .text:00000000000002c0 .L0 
GAS LISTING /tmp/ccPxLJU2.s 			page 25


     /tmp/ccPxLJU2.s:637    .text:00000000000002c0 .L0 
     /tmp/ccPxLJU2.s:638    .text:00000000000002c4 .L0 
     /tmp/ccPxLJU2.s:640    .text:00000000000002c8 .L0 
     /tmp/ccPxLJU2.s:642    .text:00000000000002cc .L0 
     /tmp/ccPxLJU2.s:646    .text:00000000000002d4 .L0 
     /tmp/ccPxLJU2.s:647    .text:00000000000002d4 .L0 
     /tmp/ccPxLJU2.s:660    .text:00000000000002e8 .L0 
     /tmp/ccPxLJU2.s:661    .text:00000000000002e8 .L0 
     /tmp/ccPxLJU2.s:662    .text:00000000000002e8 .L0 
  src/../h/riscv.hpp:112    .text:00000000000002e8 .L0 
     /tmp/ccPxLJU2.s:670    .text:00000000000002f0 .L0 
     /tmp/ccPxLJU2.s:671    .text:00000000000002f0 .L0 
     /tmp/ccPxLJU2.s:675    .text:00000000000002f4 .L0 
     /tmp/ccPxLJU2.s:677    .text:00000000000002fc .L0 
     /tmp/ccPxLJU2.s:678    .text:00000000000002fc .L0 
     /tmp/ccPxLJU2.s:680    .text:0000000000000300 .L0 
     /tmp/ccPxLJU2.s:682    .text:0000000000000304 .L0 
     /tmp/ccPxLJU2.s:688    .text:0000000000000304 _Z12sem_signal_nP4_semi
     /tmp/ccPxLJU2.s:691    .text:0000000000000304 .L0 
     /tmp/ccPxLJU2.s:693    .text:0000000000000304 .L0 
     /tmp/ccPxLJU2.s:694    .text:0000000000000308 .L0 
     /tmp/ccPxLJU2.s:696    .text:000000000000030c .L0 
     /tmp/ccPxLJU2.s:698    .text:0000000000000310 .L0 
     /tmp/ccPxLJU2.s:702    .text:0000000000000318 .L0 
     /tmp/ccPxLJU2.s:703    .text:0000000000000318 .L0 
     /tmp/ccPxLJU2.s:716    .text:000000000000032c .L0 
     /tmp/ccPxLJU2.s:717    .text:000000000000032c .L0 
     /tmp/ccPxLJU2.s:718    .text:000000000000032c .L0 
  src/../h/riscv.hpp:112    .text:000000000000032c .L0 
     /tmp/ccPxLJU2.s:726    .text:0000000000000334 .L0 
     /tmp/ccPxLJU2.s:727    .text:0000000000000334 .L0 
     /tmp/ccPxLJU2.s:731    .text:0000000000000338 .L0 
     /tmp/ccPxLJU2.s:733    .text:0000000000000340 .L0 
     /tmp/ccPxLJU2.s:734    .text:0000000000000340 .L0 
     /tmp/ccPxLJU2.s:736    .text:0000000000000344 .L0 
     /tmp/ccPxLJU2.s:738    .text:0000000000000348 .L0 
     /tmp/ccPxLJU2.s:744    .text:0000000000000348 _Z11set_partnerP7_threadS0_
     /tmp/ccPxLJU2.s:747    .text:0000000000000348 .L0 
     /tmp/ccPxLJU2.s:749    .text:0000000000000348 .L0 
     /tmp/ccPxLJU2.s:750    .text:000000000000034c .L0 
     /tmp/ccPxLJU2.s:752    .text:0000000000000350 .L0 
     /tmp/ccPxLJU2.s:754    .text:0000000000000354 .L0 
     /tmp/ccPxLJU2.s:758    .text:000000000000035c .L0 
     /tmp/ccPxLJU2.s:759    .text:000000000000035c .L0 
     /tmp/ccPxLJU2.s:770    .text:0000000000000370 .L0 
     /tmp/ccPxLJU2.s:771    .text:0000000000000374 .L0 
     /tmp/ccPxLJU2.s:772    .text:0000000000000374 .L0 
     /tmp/ccPxLJU2.s:774    .text:0000000000000378 .L0 
     /tmp/ccPxLJU2.s:776    .text:000000000000037c .L0 
     /tmp/ccPxLJU2.s:782    .text:000000000000037c _Z11sync_threadv
     /tmp/ccPxLJU2.s:785    .text:000000000000037c .L0 
     /tmp/ccPxLJU2.s:786    .text:000000000000037c .L0 
     /tmp/ccPxLJU2.s:787    .text:0000000000000380 .L0 
     /tmp/ccPxLJU2.s:789    .text:0000000000000384 .L0 
     /tmp/ccPxLJU2.s:791    .text:0000000000000388 .L0 
     /tmp/ccPxLJU2.s:793    .text:0000000000000388 .L0 
     /tmp/ccPxLJU2.s:794    .text:0000000000000388 .L0 
GAS LISTING /tmp/ccPxLJU2.s 			page 26


     /tmp/ccPxLJU2.s:802    .text:0000000000000394 .L0 
     /tmp/ccPxLJU2.s:803    .text:0000000000000398 .L0 
     /tmp/ccPxLJU2.s:804    .text:0000000000000398 .L0 
     /tmp/ccPxLJU2.s:806    .text:000000000000039c .L0 
     /tmp/ccPxLJU2.s:808    .text:00000000000003a0 .L0 
     /tmp/ccPxLJU2.s:818    .text:00000000000003a0 .L0 
     /tmp/ccPxLJU2.s:2592   .debug_abbrev:0000000000000000 .Ldebug_abbrev0
     /tmp/ccPxLJU2.s:4110   .debug_str:0000000000000a2b .LASF222
     /tmp/ccPxLJU2.s:3952   .debug_str:0000000000000643 .LASF223
     /tmp/ccPxLJU2.s:3858   .debug_str:000000000000033c .LASF224
     /tmp/ccPxLJU2.s:5      .text:0000000000000000 .Ltext0
     /tmp/ccPxLJU2.s:811    .text:00000000000003a0 .Letext0
     /tmp/ccPxLJU2.s:3752   .debug_line:0000000000000000 .Ldebug_line0
     /tmp/ccPxLJU2.s:3886   .debug_str:000000000000042e .LASF0
     /tmp/ccPxLJU2.s:3926   .debug_str:000000000000055d .LASF1
     /tmp/ccPxLJU2.s:4032   .debug_str:000000000000083f .LASF2
     /tmp/ccPxLJU2.s:4042   .debug_str:0000000000000893 .LASF4
     /tmp/ccPxLJU2.s:3902   .debug_str:00000000000004a6 .LASF3
     /tmp/ccPxLJU2.s:3766   .debug_str:000000000000006b .LASF5
     /tmp/ccPxLJU2.s:4000   .debug_str:0000000000000768 .LASF6
     /tmp/ccPxLJU2.s:3992   .debug_str:0000000000000729 .LASF7
     /tmp/ccPxLJU2.s:3918   .debug_str:0000000000000521 .LASF8
     /tmp/ccPxLJU2.s:3860   .debug_str:000000000000034a .LASF9
     /tmp/ccPxLJU2.s:3866   .debug_str:0000000000000381 .LASF10
     /tmp/ccPxLJU2.s:3806   .debug_str:0000000000000196 .LASF11
     /tmp/ccPxLJU2.s:3850   .debug_str:0000000000000305 .LASF12
     /tmp/ccPxLJU2.s:3818   .debug_str:0000000000000200 .LASF13
     /tmp/ccPxLJU2.s:3804   .debug_str:0000000000000186 .LASF14
     /tmp/ccPxLJU2.s:4084   .debug_str:0000000000000996 .LASF15
     /tmp/ccPxLJU2.s:3838   .debug_str:0000000000000286 .LASF16
     /tmp/ccPxLJU2.s:4068   .debug_str:0000000000000925 .LASF17
     /tmp/ccPxLJU2.s:4150   .debug_str:0000000000000c23 .LASF41
     /tmp/ccPxLJU2.s:4136   .debug_str:0000000000000bab .LASF225
     /tmp/ccPxLJU2.s:4074   .debug_str:000000000000095f .LASF18
     /tmp/ccPxLJU2.s:3970   .debug_str:00000000000006c8 .LASF19
     /tmp/ccPxLJU2.s:3964   .debug_str:00000000000006a4 .LASF20
     /tmp/ccPxLJU2.s:4070   .debug_str:000000000000093b .LASF25
     /tmp/ccPxLJU2.s:3848   .debug_str:00000000000002ee .LASF22
     /tmp/ccPxLJU2.s:4034   .debug_str:000000000000084d .LASF185
     /tmp/ccPxLJU2.s:4024   .debug_str:0000000000000809 .LASF187
     /tmp/ccPxLJU2.s:3834   .debug_str:0000000000000265 .LASF21
     /tmp/ccPxLJU2.s:3836   .debug_str:000000000000026d .LASF23
     /tmp/ccPxLJU2.s:3922   .debug_str:0000000000000547 .LASF24
     /tmp/ccPxLJU2.s:3792   .debug_str:0000000000000128 .LASF26
     /tmp/ccPxLJU2.s:3940   .debug_str:00000000000005fc .LASF27
     /tmp/ccPxLJU2.s:3840   .debug_str:000000000000029c .LASF28
     /tmp/ccPxLJU2.s:3988   .debug_str:0000000000000715 .LASF29
     /tmp/ccPxLJU2.s:4154   .debug_str:0000000000000c36 .LASF30
     /tmp/ccPxLJU2.s:4212   .debug_str:0000000000000de8 .LASF31
     /tmp/ccPxLJU2.s:4196   .debug_str:0000000000000d48 .LASF32
     /tmp/ccPxLJU2.s:4056   .debug_str:00000000000008ea .LASF33
     /tmp/ccPxLJU2.s:3916   .debug_str:0000000000000504 .LASF34
     /tmp/ccPxLJU2.s:4016   .debug_str:00000000000007e1 .LASF35
     /tmp/ccPxLJU2.s:3760   .debug_str:000000000000001d .LASF36
     /tmp/ccPxLJU2.s:3758   .debug_str:0000000000000017 .LASF37
     /tmp/ccPxLJU2.s:4214   .debug_str:0000000000000df2 .LASF38
     /tmp/ccPxLJU2.s:3942   .debug_str:0000000000000604 .LASF39
GAS LISTING /tmp/ccPxLJU2.s 			page 27


     /tmp/ccPxLJU2.s:3930   .debug_str:0000000000000586 .LASF40
     /tmp/ccPxLJU2.s:4092   .debug_str:00000000000009b7 .LASF226
     /tmp/ccPxLJU2.s:4094   .debug_str:00000000000009bf .LASF42
     /tmp/ccPxLJU2.s:3966   .debug_str:00000000000006a9 .LASF43
     /tmp/ccPxLJU2.s:3784   .debug_str:00000000000000eb .LASF44
     /tmp/ccPxLJU2.s:4128   .debug_str:0000000000000b65 .LASF45
     /tmp/ccPxLJU2.s:4096   .debug_str:00000000000009ca .LASF46
     /tmp/ccPxLJU2.s:3814   .debug_str:00000000000001e1 .LASF47
     /tmp/ccPxLJU2.s:4172   .debug_str:0000000000000ca3 .LASF48
     /tmp/ccPxLJU2.s:3796   .debug_str:000000000000014b .LASF49
     /tmp/ccPxLJU2.s:4132   .debug_str:0000000000000b94 .LASF50
     /tmp/ccPxLJU2.s:3778   .debug_str:00000000000000ba .LASF51
     /tmp/ccPxLJU2.s:4008   .debug_str:00000000000007a3 .LASF52
     /tmp/ccPxLJU2.s:4104   .debug_str:00000000000009f6 .LASF53
     /tmp/ccPxLJU2.s:4046   .debug_str:000000000000089f .LASF54
     /tmp/ccPxLJU2.s:3802   .debug_str:000000000000016c .LASF55
     /tmp/ccPxLJU2.s:4120   .debug_str:0000000000000b22 .LASF56
     /tmp/ccPxLJU2.s:4206   .debug_str:0000000000000db6 .LASF57
     /tmp/ccPxLJU2.s:3932   .debug_str:00000000000005a9 .LASF58
     /tmp/ccPxLJU2.s:4140   .debug_str:0000000000000bbe .LASF59
     /tmp/ccPxLJU2.s:3788   .debug_str:0000000000000108 .LASF60
     /tmp/ccPxLJU2.s:4036   .debug_str:0000000000000857 .LASF61
     /tmp/ccPxLJU2.s:3990   .debug_str:0000000000000721 .LASF62
     /tmp/ccPxLJU2.s:4190   .debug_str:0000000000000d1d .LASF63
     /tmp/ccPxLJU2.s:4102   .debug_str:00000000000009eb .LASF64
     /tmp/ccPxLJU2.s:3928   .debug_str:0000000000000570 .LASF65
     /tmp/ccPxLJU2.s:3980   .debug_str:00000000000006f1 .LASF66
     /tmp/ccPxLJU2.s:4072   .debug_str:000000000000094e .LASF67
     /tmp/ccPxLJU2.s:3794   .debug_str:0000000000000145 .LASF74
     /tmp/ccPxLJU2.s:4112   .debug_str:0000000000000aef .LASF76
     /tmp/ccPxLJU2.s:4082   .debug_str:0000000000000989 .LASF68
     /tmp/ccPxLJU2.s:4142   .debug_str:0000000000000bd7 .LASF69
     /tmp/ccPxLJU2.s:3982   .debug_str:00000000000006f8 .LASF227
     /tmp/ccPxLJU2.s:4108   .debug_str:0000000000000a23 .LASF70
     /tmp/ccPxLJU2.s:4044   .debug_str:000000000000089a .LASF71
     /tmp/ccPxLJU2.s:3764   .debug_str:000000000000005f .LASF72
     /tmp/ccPxLJU2.s:4054   .debug_str:00000000000008d9 .LASF73
     /tmp/ccPxLJU2.s:3828   .debug_str:0000000000000246 .LASF75
     /tmp/ccPxLJU2.s:3810   .debug_str:00000000000001b8 .LASF77
     /tmp/ccPxLJU2.s:4026   .debug_str:0000000000000820 .LASF80
     /tmp/ccPxLJU2.s:3812   .debug_str:00000000000001cb .LASF82
     /tmp/ccPxLJU2.s:3946   .debug_str:000000000000061a .LASF78
     /tmp/ccPxLJU2.s:3876   .debug_str:00000000000003c5 .LASF79
     /tmp/ccPxLJU2.s:3974   .debug_str:00000000000006d4 .LASF81
     /tmp/ccPxLJU2.s:4200   .debug_str:0000000000000d7b .LASF83
     /tmp/ccPxLJU2.s:3756   .debug_str:0000000000000012 .LASF84
     /tmp/ccPxLJU2.s:4062   .debug_str:000000000000090b .LASF85
     /tmp/ccPxLJU2.s:4124   .debug_str:0000000000000b48 .LASF86
     /tmp/ccPxLJU2.s:4114   .debug_str:0000000000000aff .LASF87
     /tmp/ccPxLJU2.s:4118   .debug_str:0000000000000b13 .LASF88
     /tmp/ccPxLJU2.s:4066   .debug_str:000000000000091c .LASF89
     /tmp/ccPxLJU2.s:3976   .debug_str:00000000000006df .LASF90
     /tmp/ccPxLJU2.s:4064   .debug_str:0000000000000911 .LASF91
     /tmp/ccPxLJU2.s:3846   .debug_str:00000000000002e4 .LASF92
     /tmp/ccPxLJU2.s:3816   .debug_str:00000000000001f7 .LASF93
     /tmp/ccPxLJU2.s:4090   .debug_str:00000000000009b2 .LASF94
     /tmp/ccPxLJU2.s:4204   .debug_str:0000000000000dae .LASF95
GAS LISTING /tmp/ccPxLJU2.s 			page 28


     /tmp/ccPxLJU2.s:3790   .debug_str:000000000000011a .LASF228
     /tmp/ccPxLJU2.s:3934   .debug_str:00000000000005b6 .LASF229
     /tmp/ccPxLJU2.s:3824   .debug_str:0000000000000227 .LASF98
     /tmp/ccPxLJU2.s:3762   .debug_str:0000000000000037 .LASF181
     /tmp/ccPxLJU2.s:4040   .debug_str:0000000000000888 .LASF96
     /tmp/ccPxLJU2.s:4182   .debug_str:0000000000000ce9 .LASF97
     /tmp/ccPxLJU2.s:4004   .debug_str:0000000000000787 .LASF230
     /tmp/ccPxLJU2.s:4148   .debug_str:0000000000000c1a .LASF99
     /tmp/ccPxLJU2.s:3776   .debug_str:00000000000000b2 .LASF101
     /tmp/ccPxLJU2.s:4184   .debug_str:0000000000000cf4 .LASF100
     /tmp/ccPxLJU2.s:4078   .debug_str:0000000000000970 .LASF102
     /tmp/ccPxLJU2.s:3944   .debug_str:0000000000000615 .LASF103
     /tmp/ccPxLJU2.s:3978   .debug_str:00000000000006e7 .LASF104
     /tmp/ccPxLJU2.s:3754   .debug_str:0000000000000000 .LASF105
     /tmp/ccPxLJU2.s:3862   .debug_str:000000000000035a .LASF106
     /tmp/ccPxLJU2.s:4176   .debug_str:0000000000000cb5 .LASF107
     /tmp/ccPxLJU2.s:3830   .debug_str:000000000000024f .LASF108
     /tmp/ccPxLJU2.s:4106   .debug_str:0000000000000a0e .LASF109
     /tmp/ccPxLJU2.s:4088   .debug_str:00000000000009ab .LASF110
     /tmp/ccPxLJU2.s:4052   .debug_str:00000000000008c2 .LASF111
     /tmp/ccPxLJU2.s:3994   .debug_str:000000000000073c .LASF112
     /tmp/ccPxLJU2.s:3896   .debug_str:0000000000000467 .LASF113
     /tmp/ccPxLJU2.s:3856   .debug_str:0000000000000333 .LASF114
     /tmp/ccPxLJU2.s:4122   .debug_str:0000000000000b2f .LASF115
     /tmp/ccPxLJU2.s:3884   .debug_str:0000000000000428 .LASF116
     /tmp/ccPxLJU2.s:3880   .debug_str:00000000000003fa .LASF117
     /tmp/ccPxLJU2.s:4194   .debug_str:0000000000000d40 .LASF118
     /tmp/ccPxLJU2.s:3774   .debug_str:000000000000009a .LASF119
     /tmp/ccPxLJU2.s:3770   .debug_str:000000000000007d .LASF120
     /tmp/ccPxLJU2.s:4202   .debug_str:0000000000000d96 .LASF121
     /tmp/ccPxLJU2.s:4180   .debug_str:0000000000000cdd .LASF122
     /tmp/ccPxLJU2.s:3986   .debug_str:000000000000070e .LASF123
     /tmp/ccPxLJU2.s:4098   .debug_str:00000000000009d5 .LASF124
     /tmp/ccPxLJU2.s:4156   .debug_str:0000000000000c54 .LASF125
     /tmp/ccPxLJU2.s:3874   .debug_str:00000000000003ba .LASF126
     /tmp/ccPxLJU2.s:3882   .debug_str:0000000000000410 .LASF127
     /tmp/ccPxLJU2.s:3996   .debug_str:0000000000000743 .LASF128
     /tmp/ccPxLJU2.s:3912   .debug_str:00000000000004d8 .LASF129
     /tmp/ccPxLJU2.s:4170   .debug_str:0000000000000c94 .LASF130
     /tmp/ccPxLJU2.s:3864   .debug_str:0000000000000365 .LASF131
     /tmp/ccPxLJU2.s:4050   .debug_str:00000000000008b4 .LASF132
     /tmp/ccPxLJU2.s:3844   .debug_str:00000000000002c9 .LASF133
     /tmp/ccPxLJU2.s:3890   .debug_str:0000000000000440 .LASF134
     /tmp/ccPxLJU2.s:4144   .debug_str:0000000000000bf7 .LASF135
     /tmp/ccPxLJU2.s:4134   .debug_str:0000000000000ba2 .LASF138
     /tmp/ccPxLJU2.s:4126   .debug_str:0000000000000b50 .LASF140
     /tmp/ccPxLJU2.s:4028   .debug_str:000000000000082b .LASF136
     /tmp/ccPxLJU2.s:3772   .debug_str:0000000000000085 .LASF137
     /tmp/ccPxLJU2.s:4006   .debug_str:000000000000079c .LASF139
     /tmp/ccPxLJU2.s:4010   .debug_str:00000000000007b0 .LASF141
     /tmp/ccPxLJU2.s:3972   .debug_str:00000000000006cd .LASF142
     /tmp/ccPxLJU2.s:3920   .debug_str:0000000000000534 .LASF143
     /tmp/ccPxLJU2.s:4174   .debug_str:0000000000000cad .LASF144
     /tmp/ccPxLJU2.s:4080   .debug_str:0000000000000975 .LASF145
     /tmp/ccPxLJU2.s:3968   .debug_str:00000000000006c0 .LASF146
     /tmp/ccPxLJU2.s:3854   .debug_str:000000000000031f .LASF147
     /tmp/ccPxLJU2.s:3936   .debug_str:00000000000005cf .LASF148
GAS LISTING /tmp/ccPxLJU2.s 			page 29


     /tmp/ccPxLJU2.s:4014   .debug_str:00000000000007cd .LASF149
     /tmp/ccPxLJU2.s:4208   .debug_str:0000000000000dcf .LASF150
     /tmp/ccPxLJU2.s:3894   .debug_str:0000000000000453 .LASF151
     /tmp/ccPxLJU2.s:4162   .debug_str:0000000000000c80 .LASF152
     /tmp/ccPxLJU2.s:3984   .debug_str:00000000000006fd .LASF153
     /tmp/ccPxLJU2.s:4164   .debug_str:0000000000000c85 .LASF154
     /tmp/ccPxLJU2.s:3904   .debug_str:00000000000004b8 .LASF155
     /tmp/ccPxLJU2.s:4166   .debug_str:0000000000000c8a .LASF156
     /tmp/ccPxLJU2.s:3826   .debug_str:0000000000000235 .LASF157
     /tmp/ccPxLJU2.s:4168   .debug_str:0000000000000c8f .LASF158
     /tmp/ccPxLJU2.s:4210   .debug_str:0000000000000dd7 .LASF159
     /tmp/ccPxLJU2.s:3906   .debug_str:00000000000004c9 .LASF160
     /tmp/ccPxLJU2.s:3954   .debug_str:0000000000000655 .LASF161
     /tmp/ccPxLJU2.s:3908   .debug_str:00000000000004ce .LASF162
     /tmp/ccPxLJU2.s:3786   .debug_str:00000000000000f7 .LASF163
     /tmp/ccPxLJU2.s:3910   .debug_str:00000000000004d3 .LASF164
     /tmp/ccPxLJU2.s:4100   .debug_str:00000000000009da .LASF165
     /tmp/ccPxLJU2.s:3782   .debug_str:00000000000000e6 .LASF166
     /tmp/ccPxLJU2.s:3832   .debug_str:0000000000000254 .LASF167
     /tmp/ccPxLJU2.s:4048   .debug_str:00000000000008ad .LASF168
     /tmp/ccPxLJU2.s:3808   .debug_str:00000000000001a5 .LASF169
     /tmp/ccPxLJU2.s:4018   .debug_str:00000000000007ea .LASF170
     /tmp/ccPxLJU2.s:3878   .debug_str:00000000000003e8 .LASF171
     /tmp/ccPxLJU2.s:3892   .debug_str:000000000000044d .LASF172
     /tmp/ccPxLJU2.s:3872   .debug_str:00000000000003a8 .LASF173
     /tmp/ccPxLJU2.s:3768   .debug_str:0000000000000072 .LASF174
     /tmp/ccPxLJU2.s:4130   .debug_str:0000000000000b7c .LASF175
     /tmp/ccPxLJU2.s:4030   .debug_str:0000000000000834 .LASF176
     /tmp/ccPxLJU2.s:4198   .debug_str:0000000000000d63 .LASF177
     /tmp/ccPxLJU2.s:4158   .debug_str:0000000000000c5a .LASF178
     /tmp/ccPxLJU2.s:3900   .debug_str:0000000000000490 .LASF179
     /tmp/ccPxLJU2.s:3914   .debug_str:00000000000004fa .LASF180
     /tmp/ccPxLJU2.s:3956   .debug_str:0000000000000666 .LASF182
     /tmp/ccPxLJU2.s:3962   .debug_str:0000000000000698 .LASF206
     /tmp/ccPxLJU2.s:3842   .debug_str:00000000000002b8 .LASF208
     /tmp/ccPxLJU2.s:783    .text:000000000000037c .LFB72
     /tmp/ccPxLJU2.s:809    .text:00000000000003a0 .LFE72
     /tmp/ccPxLJU2.s:4076   .debug_str:0000000000000964 .LASF183
     /tmp/ccPxLJU2.s:4160   .debug_str:0000000000000c64 .LASF184
     /tmp/ccPxLJU2.s:745    .text:0000000000000348 .LFB71
     /tmp/ccPxLJU2.s:777    .text:000000000000037c .LFE71
     /tmp/ccPxLJU2.s:3518   .debug_loc:0000000000000000 .LLST17
     /tmp/ccPxLJU2.s:3529   .debug_loc:0000000000000036 .LLST18
     /tmp/ccPxLJU2.s:4058   .debug_str:00000000000008f5 .LASF186
     /tmp/ccPxLJU2.s:4002   .debug_str:000000000000076f .LASF188
     /tmp/ccPxLJU2.s:689    .text:0000000000000304 .LFB70
     /tmp/ccPxLJU2.s:739    .text:0000000000000348 .LFE70
     /tmp/ccPxLJU2.s:3540   .debug_loc:000000000000006c .LLST15
     /tmp/ccPxLJU2.s:3551   .debug_loc:00000000000000a2 .LLST16
     /tmp/ccPxLJU2.s:714    .text:000000000000032c .LBB44
     /tmp/ccPxLJU2.s:729    .text:0000000000000338 .LBE44
     /tmp/ccPxLJU2.s:3852   .debug_str:0000000000000314 .LASF189
     /tmp/ccPxLJU2.s:4178   .debug_str:0000000000000cc7 .LASF190
     /tmp/ccPxLJU2.s:633    .text:00000000000002c0 .LFB69
     /tmp/ccPxLJU2.s:683    .text:0000000000000304 .LFE69
     /tmp/ccPxLJU2.s:3565   .debug_loc:00000000000000db .LLST13
     /tmp/ccPxLJU2.s:3576   .debug_loc:0000000000000111 .LLST14
GAS LISTING /tmp/ccPxLJU2.s 			page 30


     /tmp/ccPxLJU2.s:658    .text:00000000000002e8 .LBB42
     /tmp/ccPxLJU2.s:673    .text:00000000000002f4 .LBE42
     /tmp/ccPxLJU2.s:3998   .debug_str:0000000000000758 .LASF191
     /tmp/ccPxLJU2.s:597    .text:0000000000000294 .LFB68
     /tmp/ccPxLJU2.s:627    .text:00000000000002c0 .LFE68
     /tmp/ccPxLJU2.s:3590   .debug_loc:000000000000014a .LLST12
     /tmp/ccPxLJU2.s:3950   .debug_str:000000000000063e .LASF192
     /tmp/ccPxLJU2.s:4086   .debug_str:00000000000009a2 .LASF193
     /tmp/ccPxLJU2.s:561    .text:0000000000000268 .LFB67
     /tmp/ccPxLJU2.s:591    .text:0000000000000294 .LFE67
     /tmp/ccPxLJU2.s:3601   .debug_loc:0000000000000180 .LLST11
     /tmp/ccPxLJU2.s:3888   .debug_str:000000000000043b .LASF194
     /tmp/ccPxLJU2.s:4146   .debug_str:0000000000000c11 .LASF195
     /tmp/ccPxLJU2.s:511    .text:0000000000000234 .LFB66
     /tmp/ccPxLJU2.s:555    .text:0000000000000268 .LFE66
     /tmp/ccPxLJU2.s:530    .text:000000000000024c .LBB40
     /tmp/ccPxLJU2.s:545    .text:0000000000000258 .LBE40
     /tmp/ccPxLJU2.s:3870   .debug_str:000000000000039d .LASF196
     /tmp/ccPxLJU2.s:4186   .debug_str:0000000000000cfa .LASF197
     /tmp/ccPxLJU2.s:457    .text:00000000000001f8 .LFB65
     /tmp/ccPxLJU2.s:505    .text:0000000000000234 .LFE65
     /tmp/ccPxLJU2.s:3615   .debug_loc:00000000000001b9 .LLST10
     /tmp/ccPxLJU2.s:480    .text:0000000000000218 .LBB38
     /tmp/ccPxLJU2.s:495    .text:0000000000000224 .LBE38
     /tmp/ccPxLJU2.s:4060   .debug_str:0000000000000902 .LASF198
     /tmp/ccPxLJU2.s:3898   .debug_str:000000000000047e .LASF199
     /tmp/ccPxLJU2.s:403    .text:00000000000001bc .LFB64
     /tmp/ccPxLJU2.s:451    .text:00000000000001f8 .LFE64
     /tmp/ccPxLJU2.s:3626   .debug_loc:00000000000001ef .LLST9
     /tmp/ccPxLJU2.s:426    .text:00000000000001dc .LBB36
     /tmp/ccPxLJU2.s:441    .text:00000000000001e8 .LBE36
     /tmp/ccPxLJU2.s:4012   .debug_str:00000000000007c3 .LASF200
     /tmp/ccPxLJU2.s:3780   .debug_str:00000000000000d3 .LASF201
     /tmp/ccPxLJU2.s:349    .text:0000000000000180 .LFB63
     /tmp/ccPxLJU2.s:397    .text:00000000000001bc .LFE63
     /tmp/ccPxLJU2.s:3958   .debug_str:000000000000067c .LASF202
     /tmp/ccPxLJU2.s:3637   .debug_loc:0000000000000225 .LLST8
     /tmp/ccPxLJU2.s:372    .text:00000000000001a0 .LBB34
     /tmp/ccPxLJU2.s:387    .text:00000000000001ac .LBE34
     /tmp/ccPxLJU2.s:4022   .debug_str:0000000000000800 .LASF203
     /tmp/ccPxLJU2.s:4038   .debug_str:0000000000000874 .LASF204
     /tmp/ccPxLJU2.s:293    .text:000000000000013c .LFB62
     /tmp/ccPxLJU2.s:343    .text:0000000000000180 .LFE62
     /tmp/ccPxLJU2.s:3648   .debug_loc:000000000000025b .LLST6
     /tmp/ccPxLJU2.s:3798   .debug_str:0000000000000160 .LASF205
     /tmp/ccPxLJU2.s:3659   .debug_loc:0000000000000291 .LLST7
     /tmp/ccPxLJU2.s:318    .text:0000000000000164 .LBB32
     /tmp/ccPxLJU2.s:333    .text:0000000000000170 .LBE32
     /tmp/ccPxLJU2.s:4020   .debug_str:00000000000007f0 .LASF207
     /tmp/ccPxLJU2.s:3960   .debug_str:0000000000000683 .LASF209
     /tmp/ccPxLJU2.s:261    .text:0000000000000118 .LFB61
     /tmp/ccPxLJU2.s:287    .text:000000000000013c .LFE61
     /tmp/ccPxLJU2.s:3924   .debug_str:0000000000000550 .LASF210
     /tmp/ccPxLJU2.s:3820   .debug_str:0000000000000210 .LASF211
     /tmp/ccPxLJU2.s:229    .text:00000000000000f4 .LFB60
     /tmp/ccPxLJU2.s:255    .text:0000000000000118 .LFE60
     /tmp/ccPxLJU2.s:3948   .debug_str:0000000000000632 .LASF212
GAS LISTING /tmp/ccPxLJU2.s 			page 31


     /tmp/ccPxLJU2.s:4192   .debug_str:0000000000000d2f .LASF213
     /tmp/ccPxLJU2.s:179    .text:00000000000000c0 .LFB59
     /tmp/ccPxLJU2.s:223    .text:00000000000000f4 .LFE59
     /tmp/ccPxLJU2.s:198    .text:00000000000000d8 .LBB30
     /tmp/ccPxLJU2.s:213    .text:00000000000000e4 .LBE30
     /tmp/ccPxLJU2.s:4138   .debug_str:0000000000000bb0 .LASF214
     /tmp/ccPxLJU2.s:3938   .debug_str:00000000000005d7 .LASF215
     /tmp/ccPxLJU2.s:119    .text:0000000000000074 .LFB58
     /tmp/ccPxLJU2.s:173    .text:00000000000000c0 .LFE58
     /tmp/ccPxLJU2.s:3673   .debug_loc:00000000000002ca .LLST2
     /tmp/ccPxLJU2.s:3684   .debug_loc:0000000000000300 .LLST3
     /tmp/ccPxLJU2.s:3695   .debug_loc:0000000000000336 .LLST4
     /tmp/ccPxLJU2.s:3800   .debug_str:0000000000000165 .LASF216
     /tmp/ccPxLJU2.s:3706   .debug_loc:000000000000036c .LLST5
     /tmp/ccPxLJU2.s:148    .text:00000000000000a4 .LBB28
     /tmp/ccPxLJU2.s:163    .text:00000000000000b0 .LBE28
     /tmp/ccPxLJU2.s:4152   .debug_str:0000000000000c2d .LASF217
     /tmp/ccPxLJU2.s:4188   .debug_str:0000000000000d0f .LASF218
     /tmp/ccPxLJU2.s:65     .text:0000000000000038 .LFB57
     /tmp/ccPxLJU2.s:113    .text:0000000000000074 .LFE57
     /tmp/ccPxLJU2.s:3717   .debug_loc:00000000000003a2 .LLST1
     /tmp/ccPxLJU2.s:88     .text:0000000000000058 .LBB26
     /tmp/ccPxLJU2.s:103    .text:0000000000000064 .LBE26
     /tmp/ccPxLJU2.s:4116   .debug_str:0000000000000b09 .LASF219
     /tmp/ccPxLJU2.s:3868   .debug_str:000000000000038f .LASF220
     /tmp/ccPxLJU2.s:10     .text:0000000000000000 .LFB56
     /tmp/ccPxLJU2.s:59     .text:0000000000000038 .LFE56
     /tmp/ccPxLJU2.s:3822   .debug_str:0000000000000222 .LASF221
     /tmp/ccPxLJU2.s:3728   .debug_loc:00000000000003d8 .LLST0
     /tmp/ccPxLJU2.s:34     .text:0000000000000020 .LBB24
     /tmp/ccPxLJU2.s:50     .text:000000000000002c .LBE24
     /tmp/ccPxLJU2.s:748    .text:0000000000000348 .LVL23
     /tmp/ccPxLJU2.s:767    .text:0000000000000370 .LVL24
     /tmp/ccPxLJU2.s:692    .text:0000000000000304 .LVL21
     /tmp/ccPxLJU2.s:711    .text:000000000000032c .LVL22
     /tmp/ccPxLJU2.s:636    .text:00000000000002c0 .LVL19
     /tmp/ccPxLJU2.s:655    .text:00000000000002e8 .LVL20
     /tmp/ccPxLJU2.s:600    .text:0000000000000294 .LVL17
     /tmp/ccPxLJU2.s:617    .text:00000000000002b4 .LVL18
     /tmp/ccPxLJU2.s:564    .text:0000000000000268 .LVL15
     /tmp/ccPxLJU2.s:581    .text:0000000000000288 .LVL16
     /tmp/ccPxLJU2.s:460    .text:00000000000001f8 .LVL13
     /tmp/ccPxLJU2.s:477    .text:0000000000000218 .LVL14
     /tmp/ccPxLJU2.s:406    .text:00000000000001bc .LVL11
     /tmp/ccPxLJU2.s:423    .text:00000000000001dc .LVL12
     /tmp/ccPxLJU2.s:352    .text:0000000000000180 .LVL9
     /tmp/ccPxLJU2.s:369    .text:00000000000001a0 .LVL10
     /tmp/ccPxLJU2.s:296    .text:000000000000013c .LVL7
     /tmp/ccPxLJU2.s:315    .text:0000000000000164 .LVL8
     /tmp/ccPxLJU2.s:122    .text:0000000000000074 .LVL4
     /tmp/ccPxLJU2.s:145    .text:00000000000000a4 .LVL6
     /tmp/ccPxLJU2.s:133    .text:000000000000008c .LVL5
     /tmp/ccPxLJU2.s:68     .text:0000000000000038 .LVL2
     /tmp/ccPxLJU2.s:85     .text:0000000000000058 .LVL3
     /tmp/ccPxLJU2.s:14     .text:0000000000000000 .LVL0
     /tmp/ccPxLJU2.s:31     .text:0000000000000020 .LVL1
     /tmp/ccPxLJU2.s:819    .debug_info:0000000000000000 .Ldebug_info0
GAS LISTING /tmp/ccPxLJU2.s 			page 32



NO UNDEFINED SYMBOLS
