GAS LISTING /tmp/ccQMsSw7.s 			page 1


   1              		.file	"thread.cpp"
   2              		.option pic
   3              		.option norelax
   4              		.text
   5              	.Ltext0:
   6              		.section	.text._ZN6Thread3runEv,"axG",@progbits,_ZN6Thread3runEv,comdat
   7              		.align	2
   8              		.weak	_ZN6Thread3runEv
  10              	_ZN6Thread3runEv:
  11              	.LFB56:
  12              		.file 1 "src/../h/thread.hpp"
   1:src/../h/thread.hpp **** #pragma once
   2:src/../h/thread.hpp **** #include "syscall_c.h"
   3:src/../h/thread.hpp **** #include "../lib/hw.h"
   4:src/../h/thread.hpp **** #include "../h/semaphore.hpp"
   5:src/../h/thread.hpp **** class Thread {
   6:src/../h/thread.hpp **** public:
   7:src/../h/thread.hpp ****     Thread (void (*body)(void*), void* arg);
   8:src/../h/thread.hpp ****     virtual ~Thread ();
   9:src/../h/thread.hpp ****     int start ();
  10:src/../h/thread.hpp ****     static void dispatch ();
  11:src/../h/thread.hpp ****     static void pair(Thread* t1, Thread* t2);
  12:src/../h/thread.hpp ****     static int sleep (time_t);
  13:src/../h/thread.hpp ****     void sync();
  14:src/../h/thread.hpp **** 
  15:src/../h/thread.hpp **** 
  16:src/../h/thread.hpp **** protected:
  17:src/../h/thread.hpp ****     Thread ();
  18:src/../h/thread.hpp ****     virtual void run () {}
  13              		.loc 1 18 18
  14              		.cfi_startproc
  15              	.LVL0:
  16 0000 130101FF 		addi	sp,sp,-16
  17              		.cfi_def_cfa_offset 16
  18 0004 23348100 		sd	s0,8(sp)
  19              		.cfi_offset 8, -8
  20 0008 13040101 		addi	s0,sp,16
  21              		.cfi_def_cfa 8, 0
  22              		.loc 1 18 26 is_stmt 0
  23 000c 03348100 		ld	s0,8(sp)
  24              		.cfi_restore 8
  25              		.cfi_def_cfa 2, 16
  26 0010 13010101 		addi	sp,sp,16
  27              		.cfi_def_cfa_offset 0
  28 0014 67800000 		jr	ra
  29              		.cfi_endproc
  30              	.LFE56:
  32              		.text
  33              		.align	2
  34              		.globl	_ZN6ThreadD2Ev
  36              	_ZN6ThreadD2Ev:
  37              	.LFB65:
  38              		.file 2 "src/thread.cpp"
   1:src/thread.cpp **** #include "../h/thread.hpp"
   2:src/thread.cpp **** 
   3:src/thread.cpp **** #include "../h/tcb.hpp"
   4:src/thread.cpp **** 
GAS LISTING /tmp/ccQMsSw7.s 			page 2


   5:src/thread.cpp **** Thread::Thread (void (*body)(void*), void* arg) {
   6:src/thread.cpp ****     this->body = body;
   7:src/thread.cpp ****     this->arg = arg;
   8:src/thread.cpp ****     this->myHandle = nullptr;
   9:src/thread.cpp **** }
  10:src/thread.cpp **** 
  11:src/thread.cpp **** void Thread::dispatch() {
  12:src/thread.cpp ****     thread_dispatch();
  13:src/thread.cpp **** }
  14:src/thread.cpp **** 
  15:src/thread.cpp **** void Thread::pair(Thread *t1, Thread *t2) {
  16:src/thread.cpp ****     set_partner(t1->myHandle, t2->myHandle);
  17:src/thread.cpp **** }
  18:src/thread.cpp **** 
  19:src/thread.cpp **** int Thread::start() {
  20:src/thread.cpp ****     if (myHandle != nullptr) return -1; // vec startovan
  21:src/thread.cpp ****     if (body != nullptr) {
  22:src/thread.cpp ****         return thread_create(&myHandle, body, arg);
  23:src/thread.cpp ****     }
  24:src/thread.cpp ****     return thread_create(&myHandle, Thread::runWrapper, this);
  25:src/thread.cpp **** }
  26:src/thread.cpp **** 
  27:src/thread.cpp **** void Thread::sync() {
  28:src/thread.cpp ****     sync_thread();
  29:src/thread.cpp **** }
  30:src/thread.cpp **** 
  31:src/thread.cpp **** Thread::~Thread () {}
  39              		.loc 2 31 1 is_stmt 1
  40              		.cfi_startproc
  41              	.LVL1:
  42 0000 130101FF 		addi	sp,sp,-16
  43              		.cfi_def_cfa_offset 16
  44 0004 23348100 		sd	s0,8(sp)
  45              		.cfi_offset 8, -8
  46 0008 13040101 		addi	s0,sp,16
  47              		.cfi_def_cfa 8, 0
  48              		.loc 2 31 21 is_stmt 0
  49 000c 03348100 		ld	s0,8(sp)
  50              		.cfi_restore 8
  51              		.cfi_def_cfa 2, 16
  52 0010 13010101 		addi	sp,sp,16
  53              		.cfi_def_cfa_offset 0
  54 0014 67800000 		jr	ra
  55              		.cfi_endproc
  56              	.LFE65:
  58              		.globl	_ZN6ThreadD1Ev
  59              		.set	_ZN6ThreadD1Ev,_ZN6ThreadD2Ev
  60              		.align	2
  61              		.globl	_ZN6Thread10runWrapperEPv
  63              	_ZN6Thread10runWrapperEPv:
  64              	.LFB71:
  32:src/thread.cpp **** 
  33:src/thread.cpp **** Thread::Thread() {
  34:src/thread.cpp ****     myHandle = nullptr;
  35:src/thread.cpp ****     body = nullptr;
  36:src/thread.cpp ****     arg = nullptr;
  37:src/thread.cpp **** }
GAS LISTING /tmp/ccQMsSw7.s 			page 3


  38:src/thread.cpp **** 
  39:src/thread.cpp **** void Thread::runWrapper(void* threadObj) {
  65              		.loc 2 39 42 is_stmt 1
  66              		.cfi_startproc
  67              	.LVL2:
  40:src/thread.cpp ****     if (threadObj != nullptr) {
  68              		.loc 2 40 5
  69              	.LBB2:
  70 0018 63080502 		beqz	a0,.L8
  71              	.LBE2:
  39:src/thread.cpp ****     if (threadObj != nullptr) {
  72              		.loc 2 39 42 is_stmt 0
  73 001c 130101FF 		addi	sp,sp,-16
  74              		.cfi_def_cfa_offset 16
  75 0020 23341100 		sd	ra,8(sp)
  76 0024 23308100 		sd	s0,0(sp)
  77              		.cfi_offset 1, -8
  78              		.cfi_offset 8, -16
  79 0028 13040101 		addi	s0,sp,16
  80              		.cfi_def_cfa 8, 0
  81              	.LBB4:
  82              	.LBB3:
  41:src/thread.cpp ****         Thread* myThread = (Thread*)threadObj;
  83              		.loc 2 41 9 is_stmt 1
  84              	.LVL3:
  42:src/thread.cpp ****         myThread->run();
  85              		.loc 2 42 9
  86              		.loc 2 42 23 is_stmt 0
  87 002c 83370500 		ld	a5,0(a0)
  88 0030 83B70701 		ld	a5,16(a5)
  89              		.loc 2 42 22
  90 0034 E7800700 		jalr	a5
  91              	.LVL4:
  92              	.LBE3:
  93              	.LBE4:
  43:src/thread.cpp ****     }
  44:src/thread.cpp **** }
  94              		.loc 2 44 1
  95 0038 83308100 		ld	ra,8(sp)
  96              		.cfi_restore 1
  97 003c 03340100 		ld	s0,0(sp)
  98              		.cfi_restore 8
  99              		.cfi_def_cfa 2, 16
 100 0040 13010101 		addi	sp,sp,16
 101              		.cfi_def_cfa_offset 0
 102 0044 67800000 		jr	ra
 103              	.LVL5:
 104              	.L8:
 105 0048 67800000 		ret
 106              		.cfi_endproc
 107              	.LFE71:
 109              		.align	2
 110              		.globl	_ZN6ThreadD0Ev
 112              	_ZN6ThreadD0Ev:
 113              	.LFB67:
  31:src/thread.cpp **** 
 114              		.loc 2 31 1 is_stmt 1
GAS LISTING /tmp/ccQMsSw7.s 			page 4


 115              		.cfi_startproc
 116              	.LVL6:
 117 004c 130101FF 		addi	sp,sp,-16
 118              		.cfi_def_cfa_offset 16
 119 0050 23341100 		sd	ra,8(sp)
 120 0054 23308100 		sd	s0,0(sp)
 121              		.cfi_offset 1, -8
 122              		.cfi_offset 8, -16
 123 0058 13040101 		addi	s0,sp,16
 124              		.cfi_def_cfa 8, 0
  31:src/thread.cpp **** 
 125              		.loc 2 31 21 is_stmt 0
 126 005c 97000000 		call	_ZdlPv@plt
 126      E7800000 
 127              	.LVL7:
 128 0064 83308100 		ld	ra,8(sp)
 129              		.cfi_restore 1
 130 0068 03340100 		ld	s0,0(sp)
 131              		.cfi_restore 8
 132              		.cfi_def_cfa 2, 16
 133 006c 13010101 		addi	sp,sp,16
 134              		.cfi_def_cfa_offset 0
 135 0070 67800000 		jr	ra
 136              		.cfi_endproc
 137              	.LFE67:
 139              		.align	2
 140              		.globl	_ZN6ThreadC2EPFvPvES0_
 142              	_ZN6ThreadC2EPFvPvES0_:
 143              	.LFB58:
   5:src/thread.cpp ****     this->body = body;
 144              		.loc 2 5 1 is_stmt 1
 145              		.cfi_startproc
 146              	.LVL8:
 147 0074 130101FF 		addi	sp,sp,-16
 148              		.cfi_def_cfa_offset 16
 149 0078 23348100 		sd	s0,8(sp)
 150              		.cfi_offset 8, -8
 151 007c 13040101 		addi	s0,sp,16
 152              		.cfi_def_cfa 8, 0
 153              	.LBB5:
   5:src/thread.cpp ****     this->body = body;
 154              		.loc 2 5 47 is_stmt 0
 155 0080 97070000 		lla	a5,_ZTV6Thread+16
 155      93870700 
 156 0088 2330F500 		sd	a5,0(a0)
   6:src/thread.cpp ****     this->arg = arg;
 157              		.loc 2 6 5 is_stmt 1
   6:src/thread.cpp ****     this->arg = arg;
 158              		.loc 2 6 16 is_stmt 0
 159 008c 2338B500 		sd	a1,16(a0)
   7:src/thread.cpp ****     this->myHandle = nullptr;
 160              		.loc 2 7 5 is_stmt 1
   7:src/thread.cpp ****     this->myHandle = nullptr;
 161              		.loc 2 7 15 is_stmt 0
 162 0090 233CC500 		sd	a2,24(a0)
   8:src/thread.cpp **** }
 163              		.loc 2 8 5 is_stmt 1
GAS LISTING /tmp/ccQMsSw7.s 			page 5


   8:src/thread.cpp **** }
 164              		.loc 2 8 20 is_stmt 0
 165 0094 23340500 		sd	zero,8(a0)
 166              	.LBE5:
   9:src/thread.cpp **** 
 167              		.loc 2 9 1
 168 0098 03348100 		ld	s0,8(sp)
 169              		.cfi_restore 8
 170              		.cfi_def_cfa 2, 16
 171 009c 13010101 		addi	sp,sp,16
 172              		.cfi_def_cfa_offset 0
 173 00a0 67800000 		jr	ra
 174              		.cfi_endproc
 175              	.LFE58:
 177              		.globl	_ZN6ThreadC1EPFvPvES0_
 178              		.set	_ZN6ThreadC1EPFvPvES0_,_ZN6ThreadC2EPFvPvES0_
 179              		.align	2
 180              		.globl	_ZN6Thread8dispatchEv
 182              	_ZN6Thread8dispatchEv:
 183              	.LFB60:
  11:src/thread.cpp ****     thread_dispatch();
 184              		.loc 2 11 25 is_stmt 1
 185              		.cfi_startproc
 186 00a4 130101FF 		addi	sp,sp,-16
 187              		.cfi_def_cfa_offset 16
 188 00a8 23341100 		sd	ra,8(sp)
 189 00ac 23308100 		sd	s0,0(sp)
 190              		.cfi_offset 1, -8
 191              		.cfi_offset 8, -16
 192 00b0 13040101 		addi	s0,sp,16
 193              		.cfi_def_cfa 8, 0
  12:src/thread.cpp **** }
 194              		.loc 2 12 5
  12:src/thread.cpp **** }
 195              		.loc 2 12 20 is_stmt 0
 196 00b4 97000000 		call	_Z15thread_dispatchv@plt
 196      E7800000 
 197              	.LVL9:
  13:src/thread.cpp **** 
 198              		.loc 2 13 1
 199 00bc 83308100 		ld	ra,8(sp)
 200              		.cfi_restore 1
 201 00c0 03340100 		ld	s0,0(sp)
 202              		.cfi_restore 8
 203              		.cfi_def_cfa 2, 16
 204 00c4 13010101 		addi	sp,sp,16
 205              		.cfi_def_cfa_offset 0
 206 00c8 67800000 		jr	ra
 207              		.cfi_endproc
 208              	.LFE60:
 210              		.align	2
 211              		.globl	_ZN6Thread4pairEPS_S0_
 213              	_ZN6Thread4pairEPS_S0_:
 214              	.LFB61:
  15:src/thread.cpp ****     set_partner(t1->myHandle, t2->myHandle);
 215              		.loc 2 15 43 is_stmt 1
 216              		.cfi_startproc
GAS LISTING /tmp/ccQMsSw7.s 			page 6


 217              	.LVL10:
 218 00cc 130101FF 		addi	sp,sp,-16
 219              		.cfi_def_cfa_offset 16
 220 00d0 23341100 		sd	ra,8(sp)
 221 00d4 23308100 		sd	s0,0(sp)
 222              		.cfi_offset 1, -8
 223              		.cfi_offset 8, -16
 224 00d8 13040101 		addi	s0,sp,16
 225              		.cfi_def_cfa 8, 0
  16:src/thread.cpp **** }
 226              		.loc 2 16 5
  16:src/thread.cpp **** }
 227              		.loc 2 16 16 is_stmt 0
 228 00dc 83B58500 		ld	a1,8(a1)
 229              	.LVL11:
 230 00e0 03358500 		ld	a0,8(a0)
 231              	.LVL12:
 232 00e4 97000000 		call	_Z11set_partnerP7_threadS0_@plt
 232      E7800000 
 233              	.LVL13:
  17:src/thread.cpp **** 
 234              		.loc 2 17 1
 235 00ec 83308100 		ld	ra,8(sp)
 236              		.cfi_restore 1
 237 00f0 03340100 		ld	s0,0(sp)
 238              		.cfi_restore 8
 239              		.cfi_def_cfa 2, 16
 240 00f4 13010101 		addi	sp,sp,16
 241              		.cfi_def_cfa_offset 0
 242 00f8 67800000 		jr	ra
 243              		.cfi_endproc
 244              	.LFE61:
 246              		.align	2
 247              		.globl	_ZN6Thread5startEv
 249              	_ZN6Thread5startEv:
 250              	.LFB62:
  19:src/thread.cpp ****     if (myHandle != nullptr) return -1; // vec startovan
 251              		.loc 2 19 21 is_stmt 1
 252              		.cfi_startproc
 253              	.LVL14:
  20:src/thread.cpp ****     if (body != nullptr) {
 254              		.loc 2 20 5
  20:src/thread.cpp ****     if (body != nullptr) {
 255              		.loc 2 20 9 is_stmt 0
 256 00fc 83378500 		ld	a5,8(a0)
  20:src/thread.cpp ****     if (body != nullptr) {
 257              		.loc 2 20 5
 258 0100 639C0704 		bnez	a5,.L22
  19:src/thread.cpp ****     if (myHandle != nullptr) return -1; // vec startovan
 259              		.loc 2 19 21
 260 0104 130101FF 		addi	sp,sp,-16
 261              		.cfi_def_cfa_offset 16
 262 0108 23341100 		sd	ra,8(sp)
 263 010c 23308100 		sd	s0,0(sp)
 264              		.cfi_offset 1, -8
 265              		.cfi_offset 8, -16
 266 0110 13040101 		addi	s0,sp,16
GAS LISTING /tmp/ccQMsSw7.s 			page 7


 267              		.cfi_def_cfa 8, 0
  21:src/thread.cpp ****         return thread_create(&myHandle, body, arg);
 268              		.loc 2 21 5 is_stmt 1
  21:src/thread.cpp ****         return thread_create(&myHandle, body, arg);
 269              		.loc 2 21 9 is_stmt 0
 270 0114 83350501 		ld	a1,16(a0)
  21:src/thread.cpp ****         return thread_create(&myHandle, body, arg);
 271              		.loc 2 21 5
 272 0118 63820502 		beqz	a1,.L21
  22:src/thread.cpp ****     }
 273              		.loc 2 22 9 is_stmt 1
  22:src/thread.cpp ****     }
 274              		.loc 2 22 29 is_stmt 0
 275 011c 03368501 		ld	a2,24(a0)
 276 0120 13058500 		addi	a0,a0,8
 277              	.LVL15:
 278 0124 97000000 		call	_Z13thread_createPP7_threadPFvPvES2_@plt
 278      E7800000 
 279              	.LVL16:
 280              	.L20:
  25:src/thread.cpp **** 
 281              		.loc 2 25 1
 282 012c 83308100 		ld	ra,8(sp)
 283              		.cfi_remember_state
 284              		.cfi_restore 1
 285 0130 03340100 		ld	s0,0(sp)
 286              		.cfi_restore 8
 287              		.cfi_def_cfa 2, 16
 288 0134 13010101 		addi	sp,sp,16
 289              		.cfi_def_cfa_offset 0
 290 0138 67800000 		jr	ra
 291              	.LVL17:
 292              	.L21:
 293              		.cfi_restore_state
  24:src/thread.cpp **** }
 294              		.loc 2 24 5 is_stmt 1
  24:src/thread.cpp **** }
 295              		.loc 2 24 25 is_stmt 0
 296 013c 13060500 		mv	a2,a0
 297 0140 97050000 		lla	a1,_ZN6Thread10runWrapperEPv
 297      93850500 
 298 0148 13058500 		addi	a0,a0,8
 299              	.LVL18:
 300 014c 97000000 		call	_Z13thread_createPP7_threadPFvPvES2_@plt
 300      E7800000 
 301              	.LVL19:
  24:src/thread.cpp **** }
 302              		.loc 2 24 61
 303 0154 6FF09FFD 		j	.L20
 304              	.LVL20:
 305              	.L22:
 306              		.cfi_def_cfa_register 2
 307              		.cfi_restore 1
 308              		.cfi_restore 8
  20:src/thread.cpp ****     if (body != nullptr) {
 309              		.loc 2 20 38
 310 0158 1305F0FF 		li	a0,-1
GAS LISTING /tmp/ccQMsSw7.s 			page 8


 311              	.LVL21:
  25:src/thread.cpp **** 
 312              		.loc 2 25 1
 313 015c 67800000 		ret
 314              		.cfi_endproc
 315              	.LFE62:
 317              		.align	2
 318              		.globl	_ZN6Thread4syncEv
 320              	_ZN6Thread4syncEv:
 321              	.LFB63:
  27:src/thread.cpp ****     sync_thread();
 322              		.loc 2 27 21 is_stmt 1
 323              		.cfi_startproc
 324              	.LVL22:
 325 0160 130101FF 		addi	sp,sp,-16
 326              		.cfi_def_cfa_offset 16
 327 0164 23341100 		sd	ra,8(sp)
 328 0168 23308100 		sd	s0,0(sp)
 329              		.cfi_offset 1, -8
 330              		.cfi_offset 8, -16
 331 016c 13040101 		addi	s0,sp,16
 332              		.cfi_def_cfa 8, 0
  28:src/thread.cpp **** }
 333              		.loc 2 28 5
  28:src/thread.cpp **** }
 334              		.loc 2 28 16 is_stmt 0
 335 0170 97000000 		call	_Z11sync_threadv@plt
 335      E7800000 
 336              	.LVL23:
  29:src/thread.cpp **** 
 337              		.loc 2 29 1
 338 0178 83308100 		ld	ra,8(sp)
 339              		.cfi_restore 1
 340 017c 03340100 		ld	s0,0(sp)
 341              		.cfi_restore 8
 342              		.cfi_def_cfa 2, 16
 343 0180 13010101 		addi	sp,sp,16
 344              		.cfi_def_cfa_offset 0
 345 0184 67800000 		jr	ra
 346              		.cfi_endproc
 347              	.LFE63:
 349              		.align	2
 350              		.globl	_ZN6ThreadC2Ev
 352              	_ZN6ThreadC2Ev:
 353              	.LFB69:
  33:src/thread.cpp ****     myHandle = nullptr;
 354              		.loc 2 33 1 is_stmt 1
 355              		.cfi_startproc
 356              	.LVL24:
 357 0188 130101FF 		addi	sp,sp,-16
 358              		.cfi_def_cfa_offset 16
 359 018c 23348100 		sd	s0,8(sp)
 360              		.cfi_offset 8, -8
 361 0190 13040101 		addi	s0,sp,16
 362              		.cfi_def_cfa 8, 0
 363              	.LBB6:
  33:src/thread.cpp ****     myHandle = nullptr;
GAS LISTING /tmp/ccQMsSw7.s 			page 9


 364              		.loc 2 33 16 is_stmt 0
 365 0194 97070000 		lla	a5,_ZTV6Thread+16
 365      93870700 
 366 019c 2330F500 		sd	a5,0(a0)
  34:src/thread.cpp ****     body = nullptr;
 367              		.loc 2 34 5 is_stmt 1
  34:src/thread.cpp ****     body = nullptr;
 368              		.loc 2 34 14 is_stmt 0
 369 01a0 23340500 		sd	zero,8(a0)
  35:src/thread.cpp ****     arg = nullptr;
 370              		.loc 2 35 5 is_stmt 1
  35:src/thread.cpp ****     arg = nullptr;
 371              		.loc 2 35 10 is_stmt 0
 372 01a4 23380500 		sd	zero,16(a0)
  36:src/thread.cpp **** }
 373              		.loc 2 36 5 is_stmt 1
  36:src/thread.cpp **** }
 374              		.loc 2 36 9 is_stmt 0
 375 01a8 233C0500 		sd	zero,24(a0)
 376              	.LBE6:
  37:src/thread.cpp **** 
 377              		.loc 2 37 1
 378 01ac 03348100 		ld	s0,8(sp)
 379              		.cfi_restore 8
 380              		.cfi_def_cfa 2, 16
 381 01b0 13010101 		addi	sp,sp,16
 382              		.cfi_def_cfa_offset 0
 383 01b4 67800000 		jr	ra
 384              		.cfi_endproc
 385              	.LFE69:
 387              		.globl	_ZN6ThreadC1Ev
 388              		.set	_ZN6ThreadC1Ev,_ZN6ThreadC2Ev
 389              		.align	2
 390              		.globl	_ZN6Thread5sleepEm
 392              	_ZN6Thread5sleepEm:
 393              	.LFB72:
  45:src/thread.cpp **** 
  46:src/thread.cpp **** int Thread::sleep(time_t t) {
 394              		.loc 2 46 29 is_stmt 1
 395              		.cfi_startproc
 396              	.LVL25:
 397 01b8 130101FF 		addi	sp,sp,-16
 398              		.cfi_def_cfa_offset 16
 399 01bc 23341100 		sd	ra,8(sp)
 400 01c0 23308100 		sd	s0,0(sp)
 401              		.cfi_offset 1, -8
 402              		.cfi_offset 8, -16
 403 01c4 13040101 		addi	s0,sp,16
 404              		.cfi_def_cfa 8, 0
  47:src/thread.cpp ****     TCB::time_sleep(t);
 405              		.loc 2 47 5
 406              		.loc 2 47 20 is_stmt 0
 407 01c8 97000000 		call	_ZN3TCB10time_sleepEm@plt
 407      E7800000 
 408              	.LVL26:
  48:src/thread.cpp ****     return 0;
 409              		.loc 2 48 5 is_stmt 1
GAS LISTING /tmp/ccQMsSw7.s 			page 10


  49:src/thread.cpp **** }...
 410              		.loc 2 49 1 is_stmt 0
 411 01d0 13050000 		li	a0,0
 412 01d4 83308100 		ld	ra,8(sp)
 413              		.cfi_restore 1
 414 01d8 03340100 		ld	s0,0(sp)
 415              		.cfi_restore 8
 416              		.cfi_def_cfa 2, 16
 417 01dc 13010101 		addi	sp,sp,16
 418              		.cfi_def_cfa_offset 0
 419 01e0 67800000 		jr	ra
 420              		.cfi_endproc
 421              	.LFE72:
 423              		.weak	_ZTV6Thread
 424              		.section	.data.rel.ro.local._ZTV6Thread,"awG",@progbits,_ZTV6Thread,comdat
 425              		.align	3
 428              	_ZTV6Thread:
 429 0000 00000000 		.dword	0
 429      00000000 
 430 0008 00000000 		.dword	0
 430      00000000 
 431 0010 00000000 		.dword	_ZN6ThreadD1Ev
 431      00000000 
 432 0018 00000000 		.dword	_ZN6ThreadD0Ev
 432      00000000 
 433 0020 00000000 		.dword	_ZN6Thread3runEv
 433      00000000 
 434              		.text
 435              	.Letext0:
 436              		.file 3 "src/../h/../lib/hw.h"
 437              		.file 4 "src/../h/list.hpp"
 438              		.file 5 "src/../h/../h/tcb.hpp"
 439              		.file 6 "src/../h/syscall_c.h"
 440              		.file 7 "src/../h/../h/semkernel.hpp"
 441              		.file 8 "src/../h/../h/../h/consoleKernel.hpp"
GAS LISTING /tmp/ccQMsSw7.s 			page 11


DEFINED SYMBOLS
                            *ABS*:0000000000000000 thread.cpp
     /tmp/ccQMsSw7.s:10     .text._ZN6Thread3runEv:0000000000000000 _ZN6Thread3runEv
     /tmp/ccQMsSw7.s:14     .text._ZN6Thread3runEv:0000000000000000 .L0 
     /tmp/ccQMsSw7.s:16     .text._ZN6Thread3runEv:0000000000000000 .L0 
     /tmp/ccQMsSw7.s:17     .text._ZN6Thread3runEv:0000000000000004 .L0 
     /tmp/ccQMsSw7.s:19     .text._ZN6Thread3runEv:0000000000000008 .L0 
     /tmp/ccQMsSw7.s:21     .text._ZN6Thread3runEv:000000000000000c .L0 
     /tmp/ccQMsSw7.s:23     .text._ZN6Thread3runEv:000000000000000c .L0 
     /tmp/ccQMsSw7.s:24     .text._ZN6Thread3runEv:0000000000000010 .L0 
     /tmp/ccQMsSw7.s:25     .text._ZN6Thread3runEv:0000000000000010 .L0 
     /tmp/ccQMsSw7.s:27     .text._ZN6Thread3runEv:0000000000000014 .L0 
     /tmp/ccQMsSw7.s:29     .text._ZN6Thread3runEv:0000000000000018 .L0 
     /tmp/ccQMsSw7.s:36     .text:0000000000000000 _ZN6ThreadD2Ev
     /tmp/ccQMsSw7.s:40     .text:0000000000000000 .L0 
     /tmp/ccQMsSw7.s:42     .text:0000000000000000 .L0 
     /tmp/ccQMsSw7.s:43     .text:0000000000000004 .L0 
     /tmp/ccQMsSw7.s:45     .text:0000000000000008 .L0 
     /tmp/ccQMsSw7.s:47     .text:000000000000000c .L0 
     /tmp/ccQMsSw7.s:49     .text:000000000000000c .L0 
     /tmp/ccQMsSw7.s:50     .text:0000000000000010 .L0 
     /tmp/ccQMsSw7.s:51     .text:0000000000000010 .L0 
     /tmp/ccQMsSw7.s:53     .text:0000000000000014 .L0 
     /tmp/ccQMsSw7.s:55     .text:0000000000000018 .L0 
     /tmp/ccQMsSw7.s:36     .text:0000000000000000 _ZN6ThreadD1Ev
     /tmp/ccQMsSw7.s:63     .text:0000000000000018 _ZN6Thread10runWrapperEPv
     /tmp/ccQMsSw7.s:66     .text:0000000000000018 .L0 
     /tmp/ccQMsSw7.s:68     .text:0000000000000018 .L0 
     /tmp/ccQMsSw7.s:70     .text:0000000000000018 .L0 
     /tmp/ccQMsSw7.s:73     .text:000000000000001c .L0 
     /tmp/ccQMsSw7.s:74     .text:0000000000000020 .L0 
     /tmp/ccQMsSw7.s:77     .text:0000000000000028 .L0 
     /tmp/ccQMsSw7.s:78     .text:0000000000000028 .L0 
     /tmp/ccQMsSw7.s:80     .text:000000000000002c .L0 
     /tmp/ccQMsSw7.s:85     .text:000000000000002c .L0 
     /tmp/ccQMsSw7.s:86     .text:000000000000002c .L0 
     /tmp/ccQMsSw7.s:87     .text:000000000000002c .L0 
     /tmp/ccQMsSw7.s:90     .text:0000000000000034 .L0 
     /tmp/ccQMsSw7.s:95     .text:0000000000000038 .L0 
     /tmp/ccQMsSw7.s:96     .text:000000000000003c .L0 
     /tmp/ccQMsSw7.s:98     .text:0000000000000040 .L0 
     /tmp/ccQMsSw7.s:99     .text:0000000000000040 .L0 
     /tmp/ccQMsSw7.s:101    .text:0000000000000044 .L0 
     /tmp/ccQMsSw7.s:106    .text:000000000000004c .L0 
     /tmp/ccQMsSw7.s:112    .text:000000000000004c _ZN6ThreadD0Ev
     /tmp/ccQMsSw7.s:115    .text:000000000000004c .L0 
     /tmp/ccQMsSw7.s:117    .text:000000000000004c .L0 
     /tmp/ccQMsSw7.s:118    .text:0000000000000050 .L0 
     /tmp/ccQMsSw7.s:121    .text:0000000000000058 .L0 
     /tmp/ccQMsSw7.s:122    .text:0000000000000058 .L0 
     /tmp/ccQMsSw7.s:124    .text:000000000000005c .L0 
     /tmp/ccQMsSw7.s:126    .text:000000000000005c .L0 
     /tmp/ccQMsSw7.s:129    .text:0000000000000068 .L0 
     /tmp/ccQMsSw7.s:131    .text:000000000000006c .L0 
     /tmp/ccQMsSw7.s:132    .text:000000000000006c .L0 
     /tmp/ccQMsSw7.s:134    .text:0000000000000070 .L0 
     /tmp/ccQMsSw7.s:136    .text:0000000000000074 .L0 
GAS LISTING /tmp/ccQMsSw7.s 			page 12


     /tmp/ccQMsSw7.s:142    .text:0000000000000074 _ZN6ThreadC2EPFvPvES0_
     /tmp/ccQMsSw7.s:145    .text:0000000000000074 .L0 
     /tmp/ccQMsSw7.s:147    .text:0000000000000074 .L0 
     /tmp/ccQMsSw7.s:148    .text:0000000000000078 .L0 
     /tmp/ccQMsSw7.s:150    .text:000000000000007c .L0 
     /tmp/ccQMsSw7.s:152    .text:0000000000000080 .L0 
     /tmp/ccQMsSw7.s:428    .data.rel.ro.local._ZTV6Thread:0000000000000000 _ZTV6Thread
     /tmp/ccQMsSw7.s:155    .text:0000000000000080 .L0 
     /tmp/ccQMsSw7.s:158    .text:000000000000008c .L0 
     /tmp/ccQMsSw7.s:159    .text:000000000000008c .L0 
     /tmp/ccQMsSw7.s:161    .text:0000000000000090 .L0 
     /tmp/ccQMsSw7.s:162    .text:0000000000000090 .L0 
     /tmp/ccQMsSw7.s:164    .text:0000000000000094 .L0 
     /tmp/ccQMsSw7.s:165    .text:0000000000000094 .L0 
     /tmp/ccQMsSw7.s:168    .text:0000000000000098 .L0 
     /tmp/ccQMsSw7.s:169    .text:000000000000009c .L0 
     /tmp/ccQMsSw7.s:170    .text:000000000000009c .L0 
     /tmp/ccQMsSw7.s:172    .text:00000000000000a0 .L0 
     /tmp/ccQMsSw7.s:174    .text:00000000000000a4 .L0 
     /tmp/ccQMsSw7.s:142    .text:0000000000000074 _ZN6ThreadC1EPFvPvES0_
     /tmp/ccQMsSw7.s:182    .text:00000000000000a4 _ZN6Thread8dispatchEv
     /tmp/ccQMsSw7.s:185    .text:00000000000000a4 .L0 
     /tmp/ccQMsSw7.s:186    .text:00000000000000a4 .L0 
     /tmp/ccQMsSw7.s:187    .text:00000000000000a8 .L0 
     /tmp/ccQMsSw7.s:190    .text:00000000000000b0 .L0 
     /tmp/ccQMsSw7.s:191    .text:00000000000000b0 .L0 
     /tmp/ccQMsSw7.s:193    .text:00000000000000b4 .L0 
     /tmp/ccQMsSw7.s:195    .text:00000000000000b4 .L0 
     /tmp/ccQMsSw7.s:196    .text:00000000000000b4 .L0 
     /tmp/ccQMsSw7.s:199    .text:00000000000000bc .L0 
     /tmp/ccQMsSw7.s:200    .text:00000000000000c0 .L0 
     /tmp/ccQMsSw7.s:202    .text:00000000000000c4 .L0 
     /tmp/ccQMsSw7.s:203    .text:00000000000000c4 .L0 
     /tmp/ccQMsSw7.s:205    .text:00000000000000c8 .L0 
     /tmp/ccQMsSw7.s:207    .text:00000000000000cc .L0 
     /tmp/ccQMsSw7.s:213    .text:00000000000000cc _ZN6Thread4pairEPS_S0_
     /tmp/ccQMsSw7.s:216    .text:00000000000000cc .L0 
     /tmp/ccQMsSw7.s:218    .text:00000000000000cc .L0 
     /tmp/ccQMsSw7.s:219    .text:00000000000000d0 .L0 
     /tmp/ccQMsSw7.s:222    .text:00000000000000d8 .L0 
     /tmp/ccQMsSw7.s:223    .text:00000000000000d8 .L0 
     /tmp/ccQMsSw7.s:225    .text:00000000000000dc .L0 
     /tmp/ccQMsSw7.s:227    .text:00000000000000dc .L0 
     /tmp/ccQMsSw7.s:228    .text:00000000000000dc .L0 
     /tmp/ccQMsSw7.s:235    .text:00000000000000ec .L0 
     /tmp/ccQMsSw7.s:236    .text:00000000000000f0 .L0 
     /tmp/ccQMsSw7.s:238    .text:00000000000000f4 .L0 
     /tmp/ccQMsSw7.s:239    .text:00000000000000f4 .L0 
     /tmp/ccQMsSw7.s:241    .text:00000000000000f8 .L0 
     /tmp/ccQMsSw7.s:243    .text:00000000000000fc .L0 
     /tmp/ccQMsSw7.s:249    .text:00000000000000fc _ZN6Thread5startEv
     /tmp/ccQMsSw7.s:252    .text:00000000000000fc .L0 
     /tmp/ccQMsSw7.s:254    .text:00000000000000fc .L0 
     /tmp/ccQMsSw7.s:255    .text:00000000000000fc .L0 
     /tmp/ccQMsSw7.s:256    .text:00000000000000fc .L0 
     /tmp/ccQMsSw7.s:258    .text:0000000000000100 .L0 
     /tmp/ccQMsSw7.s:260    .text:0000000000000104 .L0 
GAS LISTING /tmp/ccQMsSw7.s 			page 13


     /tmp/ccQMsSw7.s:261    .text:0000000000000108 .L0 
     /tmp/ccQMsSw7.s:264    .text:0000000000000110 .L0 
     /tmp/ccQMsSw7.s:265    .text:0000000000000110 .L0 
     /tmp/ccQMsSw7.s:267    .text:0000000000000114 .L0 
     /tmp/ccQMsSw7.s:269    .text:0000000000000114 .L0 
     /tmp/ccQMsSw7.s:270    .text:0000000000000114 .L0 
     /tmp/ccQMsSw7.s:272    .text:0000000000000118 .L0 
     /tmp/ccQMsSw7.s:274    .text:000000000000011c .L0 
     /tmp/ccQMsSw7.s:275    .text:000000000000011c .L0 
     /tmp/ccQMsSw7.s:282    .text:000000000000012c .L0 
     /tmp/ccQMsSw7.s:283    .text:0000000000000130 .L0 
     /tmp/ccQMsSw7.s:284    .text:0000000000000130 .L0 
     /tmp/ccQMsSw7.s:286    .text:0000000000000134 .L0 
     /tmp/ccQMsSw7.s:287    .text:0000000000000134 .L0 
     /tmp/ccQMsSw7.s:289    .text:0000000000000138 .L0 
     /tmp/ccQMsSw7.s:293    .text:000000000000013c .L0 
     /tmp/ccQMsSw7.s:295    .text:000000000000013c .L0 
     /tmp/ccQMsSw7.s:296    .text:000000000000013c .L0 
     /tmp/ccQMsSw7.s:303    .text:0000000000000154 .L0 
     /tmp/ccQMsSw7.s:306    .text:0000000000000158 .L0 
     /tmp/ccQMsSw7.s:307    .text:0000000000000158 .L0 
     /tmp/ccQMsSw7.s:308    .text:0000000000000158 .L0 
     /tmp/ccQMsSw7.s:310    .text:0000000000000158 .L0 
     /tmp/ccQMsSw7.s:313    .text:000000000000015c .L0 
     /tmp/ccQMsSw7.s:314    .text:0000000000000160 .L0 
     /tmp/ccQMsSw7.s:320    .text:0000000000000160 _ZN6Thread4syncEv
     /tmp/ccQMsSw7.s:323    .text:0000000000000160 .L0 
     /tmp/ccQMsSw7.s:325    .text:0000000000000160 .L0 
     /tmp/ccQMsSw7.s:326    .text:0000000000000164 .L0 
     /tmp/ccQMsSw7.s:329    .text:000000000000016c .L0 
     /tmp/ccQMsSw7.s:330    .text:000000000000016c .L0 
     /tmp/ccQMsSw7.s:332    .text:0000000000000170 .L0 
     /tmp/ccQMsSw7.s:334    .text:0000000000000170 .L0 
     /tmp/ccQMsSw7.s:335    .text:0000000000000170 .L0 
     /tmp/ccQMsSw7.s:338    .text:0000000000000178 .L0 
     /tmp/ccQMsSw7.s:339    .text:000000000000017c .L0 
     /tmp/ccQMsSw7.s:341    .text:0000000000000180 .L0 
     /tmp/ccQMsSw7.s:342    .text:0000000000000180 .L0 
     /tmp/ccQMsSw7.s:344    .text:0000000000000184 .L0 
     /tmp/ccQMsSw7.s:346    .text:0000000000000188 .L0 
     /tmp/ccQMsSw7.s:352    .text:0000000000000188 _ZN6ThreadC2Ev
     /tmp/ccQMsSw7.s:355    .text:0000000000000188 .L0 
     /tmp/ccQMsSw7.s:357    .text:0000000000000188 .L0 
     /tmp/ccQMsSw7.s:358    .text:000000000000018c .L0 
     /tmp/ccQMsSw7.s:360    .text:0000000000000190 .L0 
     /tmp/ccQMsSw7.s:362    .text:0000000000000194 .L0 
     /tmp/ccQMsSw7.s:365    .text:0000000000000194 .L0 
     /tmp/ccQMsSw7.s:368    .text:00000000000001a0 .L0 
     /tmp/ccQMsSw7.s:369    .text:00000000000001a0 .L0 
     /tmp/ccQMsSw7.s:371    .text:00000000000001a4 .L0 
     /tmp/ccQMsSw7.s:372    .text:00000000000001a4 .L0 
     /tmp/ccQMsSw7.s:374    .text:00000000000001a8 .L0 
     /tmp/ccQMsSw7.s:375    .text:00000000000001a8 .L0 
     /tmp/ccQMsSw7.s:378    .text:00000000000001ac .L0 
     /tmp/ccQMsSw7.s:379    .text:00000000000001b0 .L0 
     /tmp/ccQMsSw7.s:380    .text:00000000000001b0 .L0 
     /tmp/ccQMsSw7.s:382    .text:00000000000001b4 .L0 
GAS LISTING /tmp/ccQMsSw7.s 			page 14


     /tmp/ccQMsSw7.s:384    .text:00000000000001b8 .L0 
     /tmp/ccQMsSw7.s:352    .text:0000000000000188 _ZN6ThreadC1Ev
     /tmp/ccQMsSw7.s:392    .text:00000000000001b8 _ZN6Thread5sleepEm
     /tmp/ccQMsSw7.s:395    .text:00000000000001b8 .L0 
     /tmp/ccQMsSw7.s:397    .text:00000000000001b8 .L0 
     /tmp/ccQMsSw7.s:398    .text:00000000000001bc .L0 
     /tmp/ccQMsSw7.s:401    .text:00000000000001c4 .L0 
     /tmp/ccQMsSw7.s:402    .text:00000000000001c4 .L0 
     /tmp/ccQMsSw7.s:404    .text:00000000000001c8 .L0 
     /tmp/ccQMsSw7.s:406    .text:00000000000001c8 .L0 
     /tmp/ccQMsSw7.s:407    .text:00000000000001c8 .L0 
     /tmp/ccQMsSw7.s:410    .text:00000000000001d0 .L0 
     /tmp/ccQMsSw7.s:411    .text:00000000000001d0 .L0 
     /tmp/ccQMsSw7.s:413    .text:00000000000001d8 .L0 
     /tmp/ccQMsSw7.s:415    .text:00000000000001dc .L0 
     /tmp/ccQMsSw7.s:416    .text:00000000000001dc .L0 
     /tmp/ccQMsSw7.s:418    .text:00000000000001e0 .L0 
     /tmp/ccQMsSw7.s:420    .text:00000000000001e4 .L0 
     /tmp/ccQMsSw7.s:32     .text._ZN6Thread3runEv:0000000000000018 .L0 
     /tmp/ccQMsSw7.s:442    .text:00000000000001e4 .L0 
     /tmp/ccQMsSw7.s:155    .text:0000000000000080 .L0 
     /tmp/ccQMsSw7.s:297    .text:0000000000000140 .L0 
     /tmp/ccQMsSw7.s:365    .text:0000000000000194 .L0 
     /tmp/ccQMsSw7.s:104    .text:0000000000000048 .L8
     /tmp/ccQMsSw7.s:305    .text:0000000000000158 .L22
     /tmp/ccQMsSw7.s:292    .text:000000000000013c .L21
     /tmp/ccQMsSw7.s:280    .text:000000000000012c .L20
     /tmp/ccQMsSw7.s:1955   .debug_abbrev:0000000000000000 .Ldebug_abbrev0
     /tmp/ccQMsSw7.s:3556   .debug_str:0000000000000776 .LASF155
     /tmp/ccQMsSw7.s:3578   .debug_str:00000000000008df .LASF156
     /tmp/ccQMsSw7.s:3386   .debug_str:00000000000002db .LASF157
     /tmp/ccQMsSw7.s:3284   .debug_ranges:0000000000000000 .Ldebug_ranges0
     /tmp/ccQMsSw7.s:3292   .debug_line:0000000000000000 .Ldebug_line0
     /tmp/ccQMsSw7.s:3410   .debug_str:0000000000000394 .LASF0
     /tmp/ccQMsSw7.s:3424   .debug_str:0000000000000413 .LASF1
     /tmp/ccQMsSw7.s:3490   .debug_str:00000000000005df .LASF2
     /tmp/ccQMsSw7.s:3500   .debug_str:000000000000062e .LASF4
     /tmp/ccQMsSw7.s:3416   .debug_str:00000000000003c8 .LASF3
     /tmp/ccQMsSw7.s:3308   .debug_str:0000000000000075 .LASF5
     /tmp/ccQMsSw7.s:3474   .debug_str:0000000000000576 .LASF6
     /tmp/ccQMsSw7.s:3472   .debug_str:0000000000000563 .LASF7
     /tmp/ccQMsSw7.s:3420   .debug_str:00000000000003f7 .LASF8
     /tmp/ccQMsSw7.s:3390   .debug_str:00000000000002f8 .LASF9
     /tmp/ccQMsSw7.s:3394   .debug_str:0000000000000313 .LASF10
     /tmp/ccQMsSw7.s:3338   .debug_str:0000000000000160 .LASF11
     /tmp/ccQMsSw7.s:3380   .debug_str:00000000000002be .LASF12
     /tmp/ccQMsSw7.s:3350   .debug_str:00000000000001c9 .LASF13
     /tmp/ccQMsSw7.s:3336   .debug_str:0000000000000150 .LASF14
     /tmp/ccQMsSw7.s:3534   .debug_str:00000000000006fb .LASF15
     /tmp/ccQMsSw7.s:3364   .debug_str:000000000000022d .LASF16
     /tmp/ccQMsSw7.s:3522   .debug_str:00000000000006a3 .LASF17
     /tmp/ccQMsSw7.s:3596   .debug_str:0000000000000961 .LASF41
     /tmp/ccQMsSw7.s:3582   .debug_str:00000000000008fc .LASF158
     /tmp/ccQMsSw7.s:3528   .debug_str:00000000000006dd .LASF18
     /tmp/ccQMsSw7.s:3454   .debug_str:000000000000051a .LASF19
     /tmp/ccQMsSw7.s:3450   .debug_str:00000000000004fe .LASF20
     /tmp/ccQMsSw7.s:3524   .debug_str:00000000000006b9 .LASF25
GAS LISTING /tmp/ccQMsSw7.s 			page 15


     /tmp/ccQMsSw7.s:3378   .debug_str:00000000000002a7 .LASF22
     /tmp/ccQMsSw7.s:3494   .debug_str:00000000000005fc .LASF124
     /tmp/ccQMsSw7.s:3486   .debug_str:00000000000005bd .LASF126
     /tmp/ccQMsSw7.s:3360   .debug_str:000000000000020c .LASF21
     /tmp/ccQMsSw7.s:3362   .debug_str:0000000000000214 .LASF23
     /tmp/ccQMsSw7.s:3422   .debug_str:000000000000040a .LASF24
     /tmp/ccQMsSw7.s:3326   .debug_str:00000000000000ef .LASF26
     /tmp/ccQMsSw7.s:3438   .debug_str:00000000000004a7 .LASF27
     /tmp/ccQMsSw7.s:3368   .debug_str:000000000000024c .LASF28
     /tmp/ccQMsSw7.s:3468   .debug_str:000000000000054f .LASF29
     /tmp/ccQMsSw7.s:3598   .debug_str:000000000000096b .LASF30
     /tmp/ccQMsSw7.s:3638   .debug_str:0000000000000adf .LASF31
     /tmp/ccQMsSw7.s:3624   .debug_str:0000000000000a4a .LASF32
     /tmp/ccQMsSw7.s:3510   .debug_str:0000000000000670 .LASF33
     /tmp/ccQMsSw7.s:3418   .debug_str:00000000000003da .LASF34
     /tmp/ccQMsSw7.s:3482   .debug_str:00000000000005a4 .LASF35
     /tmp/ccQMsSw7.s:3300   .debug_str:000000000000001d .LASF36
     /tmp/ccQMsSw7.s:3298   .debug_str:0000000000000017 .LASF37
     /tmp/ccQMsSw7.s:3640   .debug_str:0000000000000ae9 .LASF38
     /tmp/ccQMsSw7.s:3440   .debug_str:00000000000004af .LASF39
     /tmp/ccQMsSw7.s:3428   .debug_str:000000000000043c .LASF40
     /tmp/ccQMsSw7.s:3540   .debug_str:0000000000000713 .LASF159
     /tmp/ccQMsSw7.s:3542   .debug_str:000000000000071b .LASF42
     /tmp/ccQMsSw7.s:3452   .debug_str:0000000000000503 .LASF43
     /tmp/ccQMsSw7.s:3320   .debug_str:00000000000000c3 .LASF44
     /tmp/ccQMsSw7.s:3576   .debug_str:00000000000008c8 .LASF45
     /tmp/ccQMsSw7.s:3544   .debug_str:0000000000000726 .LASF46
     /tmp/ccQMsSw7.s:3346   .debug_str:00000000000001aa .LASF47
     /tmp/ccQMsSw7.s:3606   .debug_str:00000000000009cf .LASF48
     /tmp/ccQMsSw7.s:3330   .debug_str:0000000000000112 .LASF49
     /tmp/ccQMsSw7.s:3580   .debug_str:00000000000008ee .LASF50
     /tmp/ccQMsSw7.s:3318   .debug_str:00000000000000aa .LASF51
     /tmp/ccQMsSw7.s:3480   .debug_str:0000000000000597 .LASF52
     /tmp/ccQMsSw7.s:3550   .debug_str:0000000000000741 .LASF53
     /tmp/ccQMsSw7.s:3504   .debug_str:000000000000063a .LASF54
     /tmp/ccQMsSw7.s:3334   .debug_str:0000000000000136 .LASF55
     /tmp/ccQMsSw7.s:3570   .debug_str:000000000000089a .LASF56
     /tmp/ccQMsSw7.s:3634   .debug_str:0000000000000ab7 .LASF57
     /tmp/ccQMsSw7.s:3432   .debug_str:0000000000000472 .LASF58
     /tmp/ccQMsSw7.s:3586   .debug_str:000000000000090f .LASF59
     /tmp/ccQMsSw7.s:3322   .debug_str:00000000000000cf .LASF60
     /tmp/ccQMsSw7.s:3496   .debug_str:0000000000000606 .LASF61
     /tmp/ccQMsSw7.s:3470   .debug_str:000000000000055b .LASF62
     /tmp/ccQMsSw7.s:3620   .debug_str:0000000000000a30 .LASF63
     /tmp/ccQMsSw7.s:3548   .debug_str:0000000000000736 .LASF64
     /tmp/ccQMsSw7.s:3426   .debug_str:0000000000000426 .LASF65
     /tmp/ccQMsSw7.s:3462   .debug_str:000000000000053c .LASF66
     /tmp/ccQMsSw7.s:3526   .debug_str:00000000000006cc .LASF67
     /tmp/ccQMsSw7.s:3328   .debug_str:000000000000010c .LASF74
     /tmp/ccQMsSw7.s:3562   .debug_str:000000000000085a .LASF76
     /tmp/ccQMsSw7.s:3532   .debug_str:00000000000006ee .LASF68
     /tmp/ccQMsSw7.s:3588   .debug_str:0000000000000928 .LASF69
     /tmp/ccQMsSw7.s:3464   .debug_str:0000000000000543 .LASF160
     /tmp/ccQMsSw7.s:3554   .debug_str:000000000000076e .LASF70
     /tmp/ccQMsSw7.s:3502   .debug_str:0000000000000635 .LASF71
     /tmp/ccQMsSw7.s:3304   .debug_str:000000000000005f .LASF72
     /tmp/ccQMsSw7.s:3508   .debug_str:000000000000065f .LASF73
GAS LISTING /tmp/ccQMsSw7.s 			page 16


     /tmp/ccQMsSw7.s:3354   .debug_str:00000000000001e7 .LASF75
     /tmp/ccQMsSw7.s:3340   .debug_str:000000000000016f .LASF77
     /tmp/ccQMsSw7.s:3488   .debug_str:00000000000005d4 .LASF80
     /tmp/ccQMsSw7.s:3342   .debug_str:0000000000000182 .LASF82
     /tmp/ccQMsSw7.s:3444   .debug_str:00000000000004c5 .LASF78
     /tmp/ccQMsSw7.s:3400   .debug_str:0000000000000333 .LASF79
     /tmp/ccQMsSw7.s:3456   .debug_str:000000000000051f .LASF81
     /tmp/ccQMsSw7.s:3628   .debug_str:0000000000000a7c .LASF83
     /tmp/ccQMsSw7.s:3296   .debug_str:0000000000000012 .LASF84
     /tmp/ccQMsSw7.s:3514   .debug_str:0000000000000681 .LASF85
     /tmp/ccQMsSw7.s:3574   .debug_str:00000000000008c0 .LASF86
     /tmp/ccQMsSw7.s:3566   .debug_str:0000000000000881 .LASF87
     /tmp/ccQMsSw7.s:3568   .debug_str:000000000000088b .LASF88
     /tmp/ccQMsSw7.s:3520   .debug_str:000000000000069a .LASF89
     /tmp/ccQMsSw7.s:3458   .debug_str:000000000000052a .LASF90
     /tmp/ccQMsSw7.s:3516   .debug_str:0000000000000687 .LASF91
     /tmp/ccQMsSw7.s:3372   .debug_str:0000000000000279 .LASF92
     /tmp/ccQMsSw7.s:3348   .debug_str:00000000000001c0 .LASF93
     /tmp/ccQMsSw7.s:3538   .debug_str:000000000000070e .LASF94
     /tmp/ccQMsSw7.s:3632   .debug_str:0000000000000aaf .LASF95
     /tmp/ccQMsSw7.s:3324   .debug_str:00000000000000e1 .LASF161
     /tmp/ccQMsSw7.s:3434   .debug_str:000000000000047f .LASF162
     /tmp/ccQMsSw7.s:3352   .debug_str:00000000000001d9 .LASF98
     /tmp/ccQMsSw7.s:3302   .debug_str:0000000000000037 .LASF163
     /tmp/ccQMsSw7.s:3498   .debug_str:0000000000000623 .LASF96
     /tmp/ccQMsSw7.s:3614   .debug_str:0000000000000a08 .LASF97
     /tmp/ccQMsSw7.s:3476   .debug_str:000000000000057d .LASF164
     /tmp/ccQMsSw7.s:3594   .debug_str:0000000000000958 .LASF99
     /tmp/ccQMsSw7.s:3316   .debug_str:00000000000000a2 .LASF165
     /tmp/ccQMsSw7.s:3460   .debug_str:0000000000000532 .LASF100
     /tmp/ccQMsSw7.s:3294   .debug_str:0000000000000000 .LASF101
     /tmp/ccQMsSw7.s:3392   .debug_str:0000000000000308 .LASF102
     /tmp/ccQMsSw7.s:3608   .debug_str:00000000000009d9 .LASF103
     /tmp/ccQMsSw7.s:3356   .debug_str:00000000000001f0 .LASF104
     /tmp/ccQMsSw7.s:3552   .debug_str:0000000000000759 .LASF105
     /tmp/ccQMsSw7.s:3536   .debug_str:0000000000000707 .LASF106
     /tmp/ccQMsSw7.s:3506   .debug_str:0000000000000648 .LASF107
     /tmp/ccQMsSw7.s:3616   .debug_str:0000000000000a13 .LASF108
     /tmp/ccQMsSw7.s:3414   .debug_str:00000000000003b1 .LASF109
     /tmp/ccQMsSw7.s:3384   .debug_str:00000000000002d2 .LASF110
     /tmp/ccQMsSw7.s:3572   .debug_str:00000000000008a7 .LASF111
     /tmp/ccQMsSw7.s:3408   .debug_str:000000000000038e .LASF112
     /tmp/ccQMsSw7.s:3404   .debug_str:0000000000000368 .LASF113
     /tmp/ccQMsSw7.s:3622   .debug_str:0000000000000a42 .LASF114
     /tmp/ccQMsSw7.s:3312   .debug_str:0000000000000084 .LASF115
     /tmp/ccQMsSw7.s:3310   .debug_str:000000000000007c .LASF116
     /tmp/ccQMsSw7.s:3630   .debug_str:0000000000000a97 .LASF117
     /tmp/ccQMsSw7.s:3612   .debug_str:00000000000009fc .LASF118
     /tmp/ccQMsSw7.s:3466   .debug_str:0000000000000548 .LASF119
     /tmp/ccQMsSw7.s:3546   .debug_str:0000000000000731 .LASF120
     /tmp/ccQMsSw7.s:3442   .debug_str:00000000000004c0 .LASF121
     /tmp/ccQMsSw7.s:3398   .debug_str:000000000000032c .LASF122
     /tmp/ccQMsSw7.s:3344   .debug_str:0000000000000198 .LASF166
     /tmp/ccQMsSw7.s:3558   .debug_str:000000000000083a .LASF167
     /tmp/ccQMsSw7.s:3626   .debug_str:0000000000000a65 .LASF123
     /tmp/ccQMsSw7.s:3518   .debug_str:0000000000000692 .LASF125
     /tmp/ccQMsSw7.s:3332   .debug_str:0000000000000127 .LASF127
GAS LISTING /tmp/ccQMsSw7.s 			page 17


     /tmp/ccQMsSw7.s:3512   .debug_str:000000000000067b .LASF128
     /tmp/ccQMsSw7.s:3430   .debug_str:000000000000045f .LASF129
     /tmp/ccQMsSw7.s:3618   .debug_str:0000000000000a1a .LASF130
     /tmp/ccQMsSw7.s:3478   .debug_str:0000000000000592 .LASF131
     /tmp/ccQMsSw7.s:3358   .debug_str:00000000000001f5 .LASF132
     /tmp/ccQMsSw7.s:3314   .debug_str:000000000000009c .LASF133
     /tmp/ccQMsSw7.s:3560   .debug_str:0000000000000847 .LASF134
     /tmp/ccQMsSw7.s:3602   .debug_str:00000000000009a5 .LASF135
     /tmp/ccQMsSw7.s:3402   .debug_str:0000000000000356 .LASF136
     /tmp/ccQMsSw7.s:3636   .debug_str:0000000000000ad0 .LASF137
     /tmp/ccQMsSw7.s:3610   .debug_str:00000000000009eb .LASF168
     /tmp/ccQMsSw7.s:3366   .debug_str:0000000000000243 .LASF138
     /tmp/ccQMsSw7.s:3396   .debug_str:0000000000000321 .LASF169
     /tmp/ccQMsSw7.s:3374   .debug_str:0000000000000283 .LASF170
     /tmp/ccQMsSw7.s:3406   .debug_str:000000000000037e .LASF171
     /tmp/ccQMsSw7.s:393    .text:00000000000001b8 .LFB72
     /tmp/ccQMsSw7.s:421    .text:00000000000001e4 .LFE72
     /tmp/ccQMsSw7.s:3121   .debug_loc:0000000000000000 .LLST7
     /tmp/ccQMsSw7.s:408    .text:00000000000001d0 .LVL26
     /tmp/ccQMsSw7.s:64     .text:0000000000000018 .LFB71
     /tmp/ccQMsSw7.s:107    .text:000000000000004c .LFE71
     /tmp/ccQMsSw7.s:3376   .debug_str:000000000000029d .LASF139
     /tmp/ccQMsSw7.s:3135   .debug_loc:0000000000000039 .LLST0
     /tmp/ccQMsSw7.s:82     .text:000000000000002c .LBB3
     /tmp/ccQMsSw7.s:92     .text:0000000000000038 .LBE3
     /tmp/ccQMsSw7.s:3592   .debug_str:000000000000094f .LASF140
     /tmp/ccQMsSw7.s:3153   .debug_loc:0000000000000085 .LLST1
     /tmp/ccQMsSw7.s:91     .text:0000000000000038 .LVL4
     /tmp/ccQMsSw7.s:3382   .debug_str:00000000000002cd .LASF141
     /tmp/ccQMsSw7.s:3492   .debug_str:00000000000005ed .LASF143
     /tmp/ccQMsSw7.s:353    .text:0000000000000188 .LFB69
     /tmp/ccQMsSw7.s:385    .text:00000000000001b8 .LFE69
     /tmp/ccQMsSw7.s:3306   .debug_str:000000000000006b .LASF142
     /tmp/ccQMsSw7.s:3436   .debug_str:0000000000000498 .LASF144
     /tmp/ccQMsSw7.s:113    .text:000000000000004c .LFB67
     /tmp/ccQMsSw7.s:137    .text:0000000000000074 .LFE67
     /tmp/ccQMsSw7.s:3167   .debug_loc:00000000000000be .LLST2
     /tmp/ccQMsSw7.s:127    .text:0000000000000064 .LVL7
     /tmp/ccQMsSw7.s:3388   .debug_str:00000000000002e9 .LASF145
     /tmp/ccQMsSw7.s:37     .text:0000000000000000 .LFB65
     /tmp/ccQMsSw7.s:56     .text:0000000000000018 .LFE65
     /tmp/ccQMsSw7.s:321    .text:0000000000000160 .LFB63
     /tmp/ccQMsSw7.s:347    .text:0000000000000188 .LFE63
     /tmp/ccQMsSw7.s:3181   .debug_loc:00000000000000f7 .LLST6
     /tmp/ccQMsSw7.s:336    .text:0000000000000178 .LVL23
     /tmp/ccQMsSw7.s:250    .text:00000000000000fc .LFB62
     /tmp/ccQMsSw7.s:315    .text:0000000000000160 .LFE62
     /tmp/ccQMsSw7.s:3195   .debug_loc:0000000000000130 .LLST5
     /tmp/ccQMsSw7.s:279    .text:000000000000012c .LVL16
     /tmp/ccQMsSw7.s:301    .text:0000000000000154 .LVL19
     /tmp/ccQMsSw7.s:214    .text:00000000000000cc .LFB61
     /tmp/ccQMsSw7.s:244    .text:00000000000000fc .LFE61
     /tmp/ccQMsSw7.s:3241   .debug_loc:00000000000001e3 .LLST3
     /tmp/ccQMsSw7.s:3255   .debug_loc:000000000000021c .LLST4
     /tmp/ccQMsSw7.s:233    .text:00000000000000ec .LVL13
     /tmp/ccQMsSw7.s:183    .text:00000000000000a4 .LFB60
     /tmp/ccQMsSw7.s:208    .text:00000000000000cc .LFE60
GAS LISTING /tmp/ccQMsSw7.s 			page 18


     /tmp/ccQMsSw7.s:197    .text:00000000000000bc .LVL9
     /tmp/ccQMsSw7.s:3564   .debug_str:000000000000086a .LASF146
     /tmp/ccQMsSw7.s:143    .text:0000000000000074 .LFB58
     /tmp/ccQMsSw7.s:175    .text:00000000000000a4 .LFE58
     /tmp/ccQMsSw7.s:11     .text._ZN6Thread3runEv:0000000000000000 .LFB56
     /tmp/ccQMsSw7.s:30     .text._ZN6Thread3runEv:0000000000000018 .LFE56
     /tmp/ccQMsSw7.s:3590   .debug_str:0000000000000948 .LASF172
     /tmp/ccQMsSw7.s:3412   .debug_str:00000000000003a1 .LASF173
     /tmp/ccQMsSw7.s:3370   .debug_str:0000000000000268 .LASF147
     /tmp/ccQMsSw7.s:3448   .debug_str:00000000000004f2 .LASF149
     /tmp/ccQMsSw7.s:3604   .debug_str:00000000000009aa .LASF148
     /tmp/ccQMsSw7.s:3584   .debug_str:0000000000000901 .LASF150
     /tmp/ccQMsSw7.s:3600   .debug_str:0000000000000989 .LASF151
     /tmp/ccQMsSw7.s:3530   .debug_str:00000000000006e2 .LASF152
     /tmp/ccQMsSw7.s:3446   .debug_str:00000000000004dd .LASF153
     /tmp/ccQMsSw7.s:3484   .debug_str:00000000000005ad .LASF154
     /tmp/ccQMsSw7.s:396    .text:00000000000001b8 .LVL25
     /tmp/ccQMsSw7.s:67     .text:0000000000000018 .LVL2
     /tmp/ccQMsSw7.s:103    .text:0000000000000048 .LVL5
     /tmp/ccQMsSw7.s:84     .text:000000000000002c .LVL3
     /tmp/ccQMsSw7.s:116    .text:000000000000004c .LVL6
     /tmp/ccQMsSw7.s:324    .text:0000000000000160 .LVL22
     /tmp/ccQMsSw7.s:253    .text:00000000000000fc .LVL14
     /tmp/ccQMsSw7.s:277    .text:0000000000000124 .LVL15
     /tmp/ccQMsSw7.s:291    .text:000000000000013c .LVL17
     /tmp/ccQMsSw7.s:299    .text:000000000000014c .LVL18
     /tmp/ccQMsSw7.s:304    .text:0000000000000158 .LVL20
     /tmp/ccQMsSw7.s:311    .text:000000000000015c .LVL21
     /tmp/ccQMsSw7.s:217    .text:00000000000000cc .LVL10
     /tmp/ccQMsSw7.s:231    .text:00000000000000e4 .LVL12
     /tmp/ccQMsSw7.s:229    .text:00000000000000e0 .LVL11
     /tmp/ccQMsSw7.s:443    .debug_info:0000000000000000 .Ldebug_info0
     /tmp/ccQMsSw7.s:5      .text:0000000000000000 .Ltext0
     /tmp/ccQMsSw7.s:435    .text:00000000000001e4 .Letext0

UNDEFINED SYMBOLS
_ZdlPv
_Z15thread_dispatchv
_Z11set_partnerP7_threadS0_
_Z13thread_createPP7_threadPFvPvES2_
_Z11sync_threadv
_ZN3TCB10time_sleepEm
