GAS LISTING /tmp/ccWepNv4.s 			page 1


   1              		.file	"userMain.cpp"
   2              		.option pic
   3              		.option norelax
   4              		.text
   5              	.Ltext0:
   6              		.section	.rodata.str1.8,"aMS",@progbits,1
   7              		.align	3
   8              	.LC0:
   9 0000 497A6162 		.string	"Izaberite test primer [1-8]\n"
   9      65726974 
   9      65207465 
   9      73742070 
   9      72696D65 
  10 001d 000000   		.align	3
  11              	.LC1:
  12 0020 54455354 		.string	"TEST 1 (zadatak 2, niti C API i sinhrona promena konteksta)\n"
  12      20312028 
  12      7A616461 
  12      74616B20 
  12      322C206E 
  13 005d 000000   		.align	3
  14              	.LC2:
  15 0060 54455354 		.string	"TEST 2 (zadatak 2., niti CPP API i sinhrona promena konteksta)\n"
  15      20322028 
  15      7A616461 
  15      74616B20 
  15      322E2C20 
  16              		.align	3
  17              	.LC3:
  18 00a0 54455354 		.string	"TEST 3 (zadatak 3., kompletan C API sa semaforima, sinhrona promena konteksta)\n"
  18      20332028 
  18      7A616461 
  18      74616B20 
  18      332E2C20 
  19              		.align	3
  20              	.LC4:
  21 00f0 54455354 		.string	"TEST 4 (zadatak 3., kompletan CPP API sa semaforima, sinhrona promena konteksta)\n"
  21      20342028 
  21      7A616461 
  21      74616B20 
  21      332E2C20 
  22 0142 00000000 		.align	3
  22      0000
  23              	.LC5:
  24 0148 54455354 		.string	"TEST 5 (zadatak 4., thread_sleep test C API)\n"
  24      20352028 
  24      7A616461 
  24      74616B20 
  24      342E2C20 
  25 0176 0000     		.align	3
  26              	.LC6:
  27 0178 54455354 		.string	"TEST 6 (zadatak 4. CPP API i asinhrona promena konteksta)\n"
  27      20362028 
  27      7A616461 
  27      74616B20 
  27      342E2043 
  28 01b3 00000000 		.align	3
GAS LISTING /tmp/ccWepNv4.s 			page 2


  28      00
  29              	.LC7:
  30 01b8 54657374 		.string	"Test se nije uspesno zavrsio\n"
  30      20736520 
  30      6E696A65 
  30      20757370 
  30      65736E6F 
  31 01d6 0000     		.align	3
  32              	.LC8:
  33 01d8 54455354 		.string	"TEST 7 (zadatak 2., testiranje da li se korisnicki kod izvrsava u korisnickom rezimu)\n"
  33      20372028 
  33      7A616461 
  33      74616B20 
  33      322E2C20 
  34 022f 00       		.align	3
  35              	.LC9:
  36 0230 4E697374 		.string	"Niste uneli odgovarajuci broj za test\n"
  36      6520756E 
  36      656C6920 
  36      6F64676F 
  36      76617261 
  37              		.text
  38              		.align	2
  39              		.globl	_Z8userMainPv
  41              	_Z8userMainPv:
  42              	.LFB58:
  43              		.file 1 "src/userMain.cpp"
   1:src/userMain.cpp **** #include "../h/printing.hpp"
   2:src/userMain.cpp **** #include "../h/syscall_cpp.hpp"
   3:src/userMain.cpp **** #include "../h/test.hpp"
   4:src/userMain.cpp **** #define LEVEL_1_IMPLEMENTED 0
   5:src/userMain.cpp **** #define LEVEL_2_IMPLEMENTED 1
   6:src/userMain.cpp **** #define LEVEL_3_IMPLEMENTED 1
   7:src/userMain.cpp **** #define LEVEL_4_IMPLEMENTED 1
   8:src/userMain.cpp **** 
   9:src/userMain.cpp **** #if LEVEL_2_IMPLEMENTED == 1
  10:src/userMain.cpp **** // TEST 1 (zadatak 2, niti C API i sinhrona promena konteksta)
  11:src/userMain.cpp **** #include "../h/Threads_C_API_test.hpp"
  12:src/userMain.cpp **** // TEST 2 (zadatak 2., niti CPP API i sinhrona promena konteksta)
  13:src/userMain.cpp **** #include "../h/Threads_CPP_API_test.hpp"
  14:src/userMain.cpp **** // TEST 7 (zadatak 2., testiranje da li se korisnicki kod izvrsava u korisnickom rezimu)
  15:src/userMain.cpp **** #include "../h/System_Mode_test.hpp"
  16:src/userMain.cpp **** #endif
  17:src/userMain.cpp **** 
  18:src/userMain.cpp **** #if LEVEL_3_IMPLEMENTED == 1
  19:src/userMain.cpp **** // TEST 3 (zadatak 3., kompletan C API sa semaforima, sinhrona promena konteksta)
  20:src/userMain.cpp **** #include "../h/ConsumerProducer_C_API_test.hpp"
  21:src/userMain.cpp **** // TEST 4 (zadatak 3., kompletan CPP API sa semaforima, sinhrona promena konteksta)
  22:src/userMain.cpp **** #include "../h/ConsumerProducer_CPP_Sync_API_test.hpp"
  23:src/userMain.cpp **** #endif
  24:src/userMain.cpp **** 
  25:src/userMain.cpp **** #if LEVEL_4_IMPLEMENTED == 1
  26:src/userMain.cpp **** // TEST 5 (zadatak 4., thread_sleep test C API)
  27:src/userMain.cpp **** #include "../h/ThreadSleep_C_API_test.hpp"
  28:src/userMain.cpp **** // TEST 6 (zadatak 4. CPP API i asinhrona promena konteksta)
  29:src/userMain.cpp **** #include "../h/ConsumerProducer_CPP_API_test.hpp"
  30:src/userMain.cpp **** #include "../h/System_Mode_test.hpp"
GAS LISTING /tmp/ccWepNv4.s 			page 3


  31:src/userMain.cpp **** 
  32:src/userMain.cpp **** #endif
  33:src/userMain.cpp **** 
  34:src/userMain.cpp **** void userMain(void *) {
  44              		.loc 1 34 23
  45              		.cfi_startproc
  46 0000 130101FE 		addi	sp,sp,-32
  47              		.cfi_def_cfa_offset 32
  48 0004 233C1100 		sd	ra,24(sp)
  49 0008 23388100 		sd	s0,16(sp)
  50 000c 23349100 		sd	s1,8(sp)
  51              		.cfi_offset 1, -8
  52              		.cfi_offset 8, -16
  53              		.cfi_offset 9, -24
  54 0010 13040102 		addi	s0,sp,32
  55              		.cfi_def_cfa 8, 0
  35:src/userMain.cpp ****     printString("Izaberite test primer [1-8]\n");
  56              		.loc 1 35 5
  57              		.loc 1 35 16 is_stmt 0
  58 0014 17050000 		lla	a0,.LC0
  58      13050500 
  59 001c 97000000 		call	_Z11printStringPKc@plt
  59      E7800000 
  60              	.LVL0:
  36:src/userMain.cpp ****     int test = getc() - '0';
  61              		.loc 1 36 5 is_stmt 1
  62              		.loc 1 36 20 is_stmt 0
  63 0024 97000000 		call	_Z4getcv@plt
  63      E7800000 
  64              	.LVL1:
  65              		.loc 1 36 25
  66 002c 9B0405FD 		addiw	s1,a0,-48
  67              	.LVL2:
  37:src/userMain.cpp ****     getc();
  68              		.loc 1 37 5 is_stmt 1
  69              		.loc 1 37 9 is_stmt 0
  70 0030 97000000 		call	_Z4getcv@plt
  70      E7800000 
  71              	.LVL3:
  38:src/userMain.cpp **** 
  39:src/userMain.cpp ****     if ((test >= 1 && test <= 2) || test == 7) {
  72              		.loc 1 39 5 is_stmt 1
  40:src/userMain.cpp ****         if (LEVEL_2_IMPLEMENTED == 0) {
  41:src/userMain.cpp ****             printString("Nije navedeno da je zadatak 2 implementiran\n");
  42:src/userMain.cpp ****             return;
  43:src/userMain.cpp ****         }
  44:src/userMain.cpp ****     }
  45:src/userMain.cpp **** 
  46:src/userMain.cpp ****     if (test >= 3 && test <= 4) {
  73              		.loc 1 46 5
  47:src/userMain.cpp ****         if (LEVEL_3_IMPLEMENTED == 0) {
  48:src/userMain.cpp ****             printString("Nije navedeno da je zadatak 3 implementiran\n");
  49:src/userMain.cpp ****             return;
  50:src/userMain.cpp ****         }
  51:src/userMain.cpp ****     }
  52:src/userMain.cpp **** 
  53:src/userMain.cpp ****     if (test >= 5 && test <= 6) {
GAS LISTING /tmp/ccWepNv4.s 			page 4


  74              		.loc 1 53 5
  54:src/userMain.cpp ****         if (LEVEL_4_IMPLEMENTED == 0) {
  55:src/userMain.cpp ****             printString("Nije navedeno da je zadatak 4 implementiran\n");
  56:src/userMain.cpp ****             return;
  57:src/userMain.cpp ****         }
  58:src/userMain.cpp ****     }
  59:src/userMain.cpp **** 
  60:src/userMain.cpp ****     switch (test) {
  75              		.loc 1 60 5
  76 0038 93078000 		li	a5,8
  77 003c 63E89710 		bgtu	s1,a5,.L2
  78 0040 93942400 		slli	s1,s1,2
  79 0044 17070000 		lla	a4,.L4
  79      13070700 
  80 004c B384E400 		add	s1,s1,a4
  81 0050 83A70400 		lw	a5,0(s1)
  82 0054 B387E700 		add	a5,a5,a4
  83 0058 67800700 		jr	a5
  84              		.section	.rodata
  85              		.align	2
  86              		.align	2
  87              	.L4:
  88 0000 00000000 		.word	.L2-.L4
  89 0004 00000000 		.word	.L11-.L4
  90 0008 00000000 		.word	.L10-.L4
  91 000c 00000000 		.word	.L9-.L4
  92 0010 00000000 		.word	.L8-.L4
  93 0014 00000000 		.word	.L7-.L4
  94 0018 00000000 		.word	.L6-.L4
  95 001c 00000000 		.word	.L5-.L4
  96 0020 00000000 		.word	.L3-.L4
  97              		.text
  98              	.L11:
  61:src/userMain.cpp ****         case 1:
  99              		.loc 1 61 9
  62:src/userMain.cpp **** #if LEVEL_2_IMPLEMENTED == 1
  63:src/userMain.cpp ****             Threads_C_API_test();
 100              		.loc 1 63 13
 101              		.loc 1 63 31 is_stmt 0
 102 005c 97000000 		call	_Z18Threads_C_API_testv@plt
 102      E7800000 
 103              	.LVL4:
  64:src/userMain.cpp ****             printString("TEST 1 (zadatak 2, niti C API i sinhrona promena konteksta)\n");
 104              		.loc 1 64 13 is_stmt 1
 105              		.loc 1 64 24 is_stmt 0
 106 0064 17050000 		lla	a0,.LC1
 106      13050500 
 107 006c 97000000 		call	_Z11printStringPKc@plt
 107      E7800000 
 108              	.LVL5:
  65:src/userMain.cpp **** #endif
  66:src/userMain.cpp ****             break;
 109              		.loc 1 66 13 is_stmt 1
 110              	.L1:
  67:src/userMain.cpp ****         case 2:
  68:src/userMain.cpp **** #if LEVEL_2_IMPLEMENTED == 1
  69:src/userMain.cpp ****             Threads_CPP_API_test();
GAS LISTING /tmp/ccWepNv4.s 			page 5


  70:src/userMain.cpp ****             printString("TEST 2 (zadatak 2., niti CPP API i sinhrona promena konteksta)\n");
  71:src/userMain.cpp **** #endif
  72:src/userMain.cpp ****             break;
  73:src/userMain.cpp ****         case 3:
  74:src/userMain.cpp **** #if LEVEL_3_IMPLEMENTED == 1
  75:src/userMain.cpp ****             producerConsumer_C_API();
  76:src/userMain.cpp ****             printString("TEST 3 (zadatak 3., kompletan C API sa semaforima, sinhrona promena kontek
  77:src/userMain.cpp **** #endif
  78:src/userMain.cpp ****             break;
  79:src/userMain.cpp ****         case 4:
  80:src/userMain.cpp **** #if LEVEL_3_IMPLEMENTED == 1
  81:src/userMain.cpp ****             producerConsumer_CPP_Sync_API();
  82:src/userMain.cpp ****             printString("TEST 4 (zadatak 3., kompletan CPP API sa semaforima, sinhrona promena kont
  83:src/userMain.cpp **** #endif
  84:src/userMain.cpp ****             break;
  85:src/userMain.cpp ****         case 5:
  86:src/userMain.cpp **** #if LEVEL_4_IMPLEMENTED == 1
  87:src/userMain.cpp ****             testSleeping();
  88:src/userMain.cpp ****             printString("TEST 5 (zadatak 4., thread_sleep test C API)\n");
  89:src/userMain.cpp **** #endif
  90:src/userMain.cpp ****             break;
  91:src/userMain.cpp ****         case 6:
  92:src/userMain.cpp **** #if LEVEL_4_IMPLEMENTED == 1
  93:src/userMain.cpp ****             testConsumerProducer();
  94:src/userMain.cpp ****             printString("TEST 6 (zadatak 4. CPP API i asinhrona promena konteksta)\n");
  95:src/userMain.cpp **** #endif
  96:src/userMain.cpp ****             break;
  97:src/userMain.cpp ****         case 7:
  98:src/userMain.cpp **** #if LEVEL_2_IMPLEMENTED == 1
  99:src/userMain.cpp ****             System_Mode_test();
 100:src/userMain.cpp ****             printString("Test se nije uspesno zavrsio\n");
 101:src/userMain.cpp ****             printString("TEST 7 (zadatak 2., testiranje da li se korisnicki kod izvrsava u korisnic
 102:src/userMain.cpp **** #endif
 103:src/userMain.cpp ****             break;
 104:src/userMain.cpp ****         case 8 :
 105:src/userMain.cpp **** #if LEVEL_2_IMPLEMENTED == 1
 106:src/userMain.cpp ****             ::test();
 107:src/userMain.cpp **** #endif
 108:src/userMain.cpp ****         break;
 109:src/userMain.cpp ****         default:
 110:src/userMain.cpp ****             printString("Niste uneli odgovarajuci broj za test\n");
 111:src/userMain.cpp ****     }
 112:src/userMain.cpp **** }
 111              		.loc 1 112 1 is_stmt 0
 112 0074 83308101 		ld	ra,24(sp)
 113              		.cfi_remember_state
 114              		.cfi_restore 1
 115 0078 03340101 		ld	s0,16(sp)
 116              		.cfi_restore 8
 117              		.cfi_def_cfa 2, 32
 118 007c 83348100 		ld	s1,8(sp)
 119              		.cfi_restore 9
 120 0080 13010102 		addi	sp,sp,32
 121              		.cfi_def_cfa_offset 0
 122 0084 67800000 		jr	ra
 123              	.L10:
 124              		.cfi_restore_state
GAS LISTING /tmp/ccWepNv4.s 			page 6


  67:src/userMain.cpp ****         case 2:
 125              		.loc 1 67 9 is_stmt 1
  69:src/userMain.cpp ****             printString("TEST 2 (zadatak 2., niti CPP API i sinhrona promena konteksta)\n");
 126              		.loc 1 69 13
  69:src/userMain.cpp ****             printString("TEST 2 (zadatak 2., niti CPP API i sinhrona promena konteksta)\n");
 127              		.loc 1 69 33 is_stmt 0
 128 0088 97000000 		call	_Z20Threads_CPP_API_testv@plt
 128      E7800000 
 129              	.LVL6:
  70:src/userMain.cpp **** #endif
 130              		.loc 1 70 13 is_stmt 1
  70:src/userMain.cpp **** #endif
 131              		.loc 1 70 24 is_stmt 0
 132 0090 17050000 		lla	a0,.LC2
 132      13050500 
 133 0098 97000000 		call	_Z11printStringPKc@plt
 133      E7800000 
 134              	.LVL7:
  72:src/userMain.cpp ****         case 3:
 135              		.loc 1 72 13 is_stmt 1
 136 00a0 6FF05FFD 		j	.L1
 137              	.L9:
  73:src/userMain.cpp **** #if LEVEL_3_IMPLEMENTED == 1
 138              		.loc 1 73 9
  75:src/userMain.cpp ****             printString("TEST 3 (zadatak 3., kompletan C API sa semaforima, sinhrona promena kontek
 139              		.loc 1 75 13
  75:src/userMain.cpp ****             printString("TEST 3 (zadatak 3., kompletan C API sa semaforima, sinhrona promena kontek
 140              		.loc 1 75 35 is_stmt 0
 141 00a4 97000000 		call	_Z22producerConsumer_C_APIv@plt
 141      E7800000 
 142              	.LVL8:
  76:src/userMain.cpp **** #endif
 143              		.loc 1 76 13 is_stmt 1
  76:src/userMain.cpp **** #endif
 144              		.loc 1 76 24 is_stmt 0
 145 00ac 17050000 		lla	a0,.LC3
 145      13050500 
 146 00b4 97000000 		call	_Z11printStringPKc@plt
 146      E7800000 
 147              	.LVL9:
  78:src/userMain.cpp ****         case 4:
 148              		.loc 1 78 13 is_stmt 1
 149 00bc 6FF09FFB 		j	.L1
 150              	.L8:
  79:src/userMain.cpp **** #if LEVEL_3_IMPLEMENTED == 1
 151              		.loc 1 79 9
  81:src/userMain.cpp ****             printString("TEST 4 (zadatak 3., kompletan CPP API sa semaforima, sinhrona promena kont
 152              		.loc 1 81 13
  81:src/userMain.cpp ****             printString("TEST 4 (zadatak 3., kompletan CPP API sa semaforima, sinhrona promena kont
 153              		.loc 1 81 42 is_stmt 0
 154 00c0 97000000 		call	_Z29producerConsumer_CPP_Sync_APIv@plt
 154      E7800000 
 155              	.LVL10:
  82:src/userMain.cpp **** #endif
 156              		.loc 1 82 13 is_stmt 1
  82:src/userMain.cpp **** #endif
 157              		.loc 1 82 24 is_stmt 0
GAS LISTING /tmp/ccWepNv4.s 			page 7


 158 00c8 17050000 		lla	a0,.LC4
 158      13050500 
 159 00d0 97000000 		call	_Z11printStringPKc@plt
 159      E7800000 
 160              	.LVL11:
  84:src/userMain.cpp ****         case 5:
 161              		.loc 1 84 13 is_stmt 1
 162 00d8 6FF0DFF9 		j	.L1
 163              	.L7:
  85:src/userMain.cpp **** #if LEVEL_4_IMPLEMENTED == 1
 164              		.loc 1 85 9
  87:src/userMain.cpp ****             printString("TEST 5 (zadatak 4., thread_sleep test C API)\n");
 165              		.loc 1 87 13
  87:src/userMain.cpp ****             printString("TEST 5 (zadatak 4., thread_sleep test C API)\n");
 166              		.loc 1 87 25 is_stmt 0
 167 00dc 97000000 		call	_Z12testSleepingv@plt
 167      E7800000 
 168              	.LVL12:
  88:src/userMain.cpp **** #endif
 169              		.loc 1 88 13 is_stmt 1
  88:src/userMain.cpp **** #endif
 170              		.loc 1 88 24 is_stmt 0
 171 00e4 17050000 		lla	a0,.LC5
 171      13050500 
 172 00ec 97000000 		call	_Z11printStringPKc@plt
 172      E7800000 
 173              	.LVL13:
  90:src/userMain.cpp ****         case 6:
 174              		.loc 1 90 13 is_stmt 1
 175 00f4 6FF01FF8 		j	.L1
 176              	.L6:
  91:src/userMain.cpp **** #if LEVEL_4_IMPLEMENTED == 1
 177              		.loc 1 91 9
  93:src/userMain.cpp ****             printString("TEST 6 (zadatak 4. CPP API i asinhrona promena konteksta)\n");
 178              		.loc 1 93 13
  93:src/userMain.cpp ****             printString("TEST 6 (zadatak 4. CPP API i asinhrona promena konteksta)\n");
 179              		.loc 1 93 33 is_stmt 0
 180 00f8 97000000 		call	_Z20testConsumerProducerv@plt
 180      E7800000 
 181              	.LVL14:
  94:src/userMain.cpp **** #endif
 182              		.loc 1 94 13 is_stmt 1
  94:src/userMain.cpp **** #endif
 183              		.loc 1 94 24 is_stmt 0
 184 0100 17050000 		lla	a0,.LC6
 184      13050500 
 185 0108 97000000 		call	_Z11printStringPKc@plt
 185      E7800000 
 186              	.LVL15:
  96:src/userMain.cpp ****         case 7:
 187              		.loc 1 96 13 is_stmt 1
 188 0110 6FF05FF6 		j	.L1
 189              	.L5:
  97:src/userMain.cpp **** #if LEVEL_2_IMPLEMENTED == 1
 190              		.loc 1 97 9
  99:src/userMain.cpp ****             printString("Test se nije uspesno zavrsio\n");
 191              		.loc 1 99 13
GAS LISTING /tmp/ccWepNv4.s 			page 8


  99:src/userMain.cpp ****             printString("Test se nije uspesno zavrsio\n");
 192              		.loc 1 99 29 is_stmt 0
 193 0114 97000000 		call	_Z16System_Mode_testv@plt
 193      E7800000 
 194              	.LVL16:
 100:src/userMain.cpp ****             printString("TEST 7 (zadatak 2., testiranje da li se korisnicki kod izvrsava u korisnic
 195              		.loc 1 100 13 is_stmt 1
 100:src/userMain.cpp ****             printString("TEST 7 (zadatak 2., testiranje da li se korisnicki kod izvrsava u korisnic
 196              		.loc 1 100 24 is_stmt 0
 197 011c 17050000 		lla	a0,.LC7
 197      13050500 
 198 0124 97000000 		call	_Z11printStringPKc@plt
 198      E7800000 
 199              	.LVL17:
 101:src/userMain.cpp **** #endif
 200              		.loc 1 101 13 is_stmt 1
 101:src/userMain.cpp **** #endif
 201              		.loc 1 101 24 is_stmt 0
 202 012c 17050000 		lla	a0,.LC8
 202      13050500 
 203 0134 97000000 		call	_Z11printStringPKc@plt
 203      E7800000 
 204              	.LVL18:
 103:src/userMain.cpp ****         case 8 :
 205              		.loc 1 103 13 is_stmt 1
 206 013c 6FF09FF3 		j	.L1
 207              	.L3:
 104:src/userMain.cpp **** #if LEVEL_2_IMPLEMENTED == 1
 208              		.loc 1 104 9
 106:src/userMain.cpp **** #endif
 209              		.loc 1 106 13
 106:src/userMain.cpp **** #endif
 210              		.loc 1 106 19 is_stmt 0
 211 0140 97000000 		call	_Z4testv@plt
 211      E7800000 
 212              	.LVL19:
 108:src/userMain.cpp ****         default:
 213              		.loc 1 108 9 is_stmt 1
 214 0148 6FF0DFF2 		j	.L1
 215              	.L2:
 109:src/userMain.cpp ****             printString("Niste uneli odgovarajuci broj za test\n");
 216              		.loc 1 109 9
 110:src/userMain.cpp ****     }
 217              		.loc 1 110 13
 110:src/userMain.cpp ****     }
 218              		.loc 1 110 24 is_stmt 0
 219 014c 17050000 		lla	a0,.LC9
 219      13050500 
 220 0154 97000000 		call	_Z11printStringPKc@plt
 220      E7800000 
 221              	.LVL20:
 222 015c 6FF09FF1 		j	.L1
 223              		.cfi_endproc
 224              	.LFE58:
 226              	.Letext0:
 227              		.file 2 "src/../h/../lib/hw.h"
 228              		.file 3 "src/../h/list.hpp"
GAS LISTING /tmp/ccWepNv4.s 			page 9


 229              		.file 4 "src/../h/../h/tcb.hpp"
 230              		.file 5 "src/../h/../h/semkernel.hpp"
 231              		.file 6 "src/../h/../h/../h/consoleKernel.hpp"
 232              		.file 7 "src/../h/printing.hpp"
 233              		.file 8 "src/../h/syscall_c.h"
 234              		.file 9 "src/../h/Threads_C_API_test.hpp"
 235              		.file 10 "src/../h/Threads_CPP_API_test.hpp"
 236              		.file 11 "src/../h/ConsumerProducer_C_API_test.hpp"
 237              		.file 12 "src/../h/ConsumerProducer_CPP_Sync_API_test.hpp"
 238              		.file 13 "src/../h/ThreadSleep_C_API_test.hpp"
 239              		.file 14 "src/../h/ConsumerProducer_CPP_API_test.hpp"
 240              		.file 15 "src/../h/System_Mode_test.hpp"
 241              		.file 16 "src/../h/test.hpp"
GAS LISTING /tmp/ccWepNv4.s 			page 10


DEFINED SYMBOLS
                            *ABS*:0000000000000000 userMain.cpp
     /tmp/ccWepNv4.s:41     .text:0000000000000000 _Z8userMainPv
     /tmp/ccWepNv4.s:45     .text:0000000000000000 .L0 
     /tmp/ccWepNv4.s:46     .text:0000000000000000 .L0 
     /tmp/ccWepNv4.s:47     .text:0000000000000004 .L0 
     /tmp/ccWepNv4.s:51     .text:0000000000000010 .L0 
     /tmp/ccWepNv4.s:52     .text:0000000000000010 .L0 
     /tmp/ccWepNv4.s:53     .text:0000000000000010 .L0 
     /tmp/ccWepNv4.s:55     .text:0000000000000014 .L0 
     /tmp/ccWepNv4.s:57     .text:0000000000000014 .L0 
     /tmp/ccWepNv4.s:58     .text:0000000000000014 .L0 
     /tmp/ccWepNv4.s:62     .text:0000000000000024 .L0 
     /tmp/ccWepNv4.s:63     .text:0000000000000024 .L0 
     /tmp/ccWepNv4.s:66     .text:000000000000002c .L0 
     /tmp/ccWepNv4.s:69     .text:0000000000000030 .L0 
     /tmp/ccWepNv4.s:70     .text:0000000000000030 .L0 
     /tmp/ccWepNv4.s:73     .text:0000000000000038 .L0 
     /tmp/ccWepNv4.s:74     .text:0000000000000038 .L0 
     /tmp/ccWepNv4.s:75     .text:0000000000000038 .L0 
     /tmp/ccWepNv4.s:76     .text:0000000000000038 .L0 
     /tmp/ccWepNv4.s:100    .text:000000000000005c .L0 
     /tmp/ccWepNv4.s:101    .text:000000000000005c .L0 
     /tmp/ccWepNv4.s:102    .text:000000000000005c .L0 
     /tmp/ccWepNv4.s:105    .text:0000000000000064 .L0 
     /tmp/ccWepNv4.s:106    .text:0000000000000064 .L0 
     /tmp/ccWepNv4.s:111    .text:0000000000000074 .L0 
     /tmp/ccWepNv4.s:112    .text:0000000000000074 .L0 
     /tmp/ccWepNv4.s:113    .text:0000000000000078 .L0 
     /tmp/ccWepNv4.s:114    .text:0000000000000078 .L0 
     /tmp/ccWepNv4.s:116    .text:000000000000007c .L0 
     /tmp/ccWepNv4.s:117    .text:000000000000007c .L0 
     /tmp/ccWepNv4.s:119    .text:0000000000000080 .L0 
     /tmp/ccWepNv4.s:121    .text:0000000000000084 .L0 
     /tmp/ccWepNv4.s:124    .text:0000000000000088 .L0 
     /tmp/ccWepNv4.s:126    .text:0000000000000088 .L0 
     /tmp/ccWepNv4.s:127    .text:0000000000000088 .L0 
     /tmp/ccWepNv4.s:128    .text:0000000000000088 .L0 
     /tmp/ccWepNv4.s:131    .text:0000000000000090 .L0 
     /tmp/ccWepNv4.s:132    .text:0000000000000090 .L0 
     /tmp/ccWepNv4.s:136    .text:00000000000000a0 .L0 
     /tmp/ccWepNv4.s:139    .text:00000000000000a4 .L0 
     /tmp/ccWepNv4.s:140    .text:00000000000000a4 .L0 
     /tmp/ccWepNv4.s:141    .text:00000000000000a4 .L0 
     /tmp/ccWepNv4.s:144    .text:00000000000000ac .L0 
     /tmp/ccWepNv4.s:145    .text:00000000000000ac .L0 
     /tmp/ccWepNv4.s:149    .text:00000000000000bc .L0 
     /tmp/ccWepNv4.s:152    .text:00000000000000c0 .L0 
     /tmp/ccWepNv4.s:153    .text:00000000000000c0 .L0 
     /tmp/ccWepNv4.s:154    .text:00000000000000c0 .L0 
     /tmp/ccWepNv4.s:157    .text:00000000000000c8 .L0 
     /tmp/ccWepNv4.s:158    .text:00000000000000c8 .L0 
     /tmp/ccWepNv4.s:162    .text:00000000000000d8 .L0 
     /tmp/ccWepNv4.s:165    .text:00000000000000dc .L0 
     /tmp/ccWepNv4.s:166    .text:00000000000000dc .L0 
     /tmp/ccWepNv4.s:167    .text:00000000000000dc .L0 
     /tmp/ccWepNv4.s:170    .text:00000000000000e4 .L0 
GAS LISTING /tmp/ccWepNv4.s 			page 11


     /tmp/ccWepNv4.s:171    .text:00000000000000e4 .L0 
     /tmp/ccWepNv4.s:175    .text:00000000000000f4 .L0 
     /tmp/ccWepNv4.s:178    .text:00000000000000f8 .L0 
     /tmp/ccWepNv4.s:179    .text:00000000000000f8 .L0 
     /tmp/ccWepNv4.s:180    .text:00000000000000f8 .L0 
     /tmp/ccWepNv4.s:183    .text:0000000000000100 .L0 
     /tmp/ccWepNv4.s:184    .text:0000000000000100 .L0 
     /tmp/ccWepNv4.s:188    .text:0000000000000110 .L0 
     /tmp/ccWepNv4.s:191    .text:0000000000000114 .L0 
     /tmp/ccWepNv4.s:192    .text:0000000000000114 .L0 
     /tmp/ccWepNv4.s:193    .text:0000000000000114 .L0 
     /tmp/ccWepNv4.s:196    .text:000000000000011c .L0 
     /tmp/ccWepNv4.s:197    .text:000000000000011c .L0 
     /tmp/ccWepNv4.s:201    .text:000000000000012c .L0 
     /tmp/ccWepNv4.s:202    .text:000000000000012c .L0 
     /tmp/ccWepNv4.s:206    .text:000000000000013c .L0 
     /tmp/ccWepNv4.s:209    .text:0000000000000140 .L0 
     /tmp/ccWepNv4.s:210    .text:0000000000000140 .L0 
     /tmp/ccWepNv4.s:211    .text:0000000000000140 .L0 
     /tmp/ccWepNv4.s:214    .text:0000000000000148 .L0 
     /tmp/ccWepNv4.s:217    .text:000000000000014c .L0 
     /tmp/ccWepNv4.s:218    .text:000000000000014c .L0 
     /tmp/ccWepNv4.s:219    .text:000000000000014c .L0 
     /tmp/ccWepNv4.s:223    .text:0000000000000160 .L0 
     /tmp/ccWepNv4.s:242    .text:0000000000000160 .L0 
     /tmp/ccWepNv4.s:8      .rodata.str1.8:0000000000000000 .LC0
     /tmp/ccWepNv4.s:58     .text:0000000000000014 .L0 
     /tmp/ccWepNv4.s:87     .rodata:0000000000000000 .L4
     /tmp/ccWepNv4.s:79     .text:0000000000000044 .L0 
     /tmp/ccWepNv4.s:11     .rodata.str1.8:0000000000000020 .LC1
     /tmp/ccWepNv4.s:106    .text:0000000000000064 .L0 
     /tmp/ccWepNv4.s:14     .rodata.str1.8:0000000000000060 .LC2
     /tmp/ccWepNv4.s:132    .text:0000000000000090 .L0 
     /tmp/ccWepNv4.s:17     .rodata.str1.8:00000000000000a0 .LC3
     /tmp/ccWepNv4.s:145    .text:00000000000000ac .L0 
     /tmp/ccWepNv4.s:20     .rodata.str1.8:00000000000000f0 .LC4
     /tmp/ccWepNv4.s:158    .text:00000000000000c8 .L0 
     /tmp/ccWepNv4.s:23     .rodata.str1.8:0000000000000148 .LC5
     /tmp/ccWepNv4.s:171    .text:00000000000000e4 .L0 
     /tmp/ccWepNv4.s:26     .rodata.str1.8:0000000000000178 .LC6
     /tmp/ccWepNv4.s:184    .text:0000000000000100 .L0 
     /tmp/ccWepNv4.s:29     .rodata.str1.8:00000000000001b8 .LC7
     /tmp/ccWepNv4.s:197    .text:000000000000011c .L0 
     /tmp/ccWepNv4.s:32     .rodata.str1.8:00000000000001d8 .LC8
     /tmp/ccWepNv4.s:202    .text:000000000000012c .L0 
     /tmp/ccWepNv4.s:35     .rodata.str1.8:0000000000000230 .LC9
     /tmp/ccWepNv4.s:219    .text:000000000000014c .L0 
     /tmp/ccWepNv4.s:215    .text:000000000000014c .L2
     /tmp/ccWepNv4.s:110    .text:0000000000000074 .L1
     /tmp/ccWepNv4.s:98     .text:000000000000005c .L11
     /tmp/ccWepNv4.s:123    .text:0000000000000088 .L10
     /tmp/ccWepNv4.s:137    .text:00000000000000a4 .L9
     /tmp/ccWepNv4.s:150    .text:00000000000000c0 .L8
     /tmp/ccWepNv4.s:163    .text:00000000000000dc .L7
     /tmp/ccWepNv4.s:176    .text:00000000000000f8 .L6
     /tmp/ccWepNv4.s:189    .text:0000000000000114 .L5
     /tmp/ccWepNv4.s:207    .text:0000000000000140 .L3
GAS LISTING /tmp/ccWepNv4.s 			page 12


     /tmp/ccWepNv4.s:1446   .debug_abbrev:0000000000000000 .Ldebug_abbrev0
     /tmp/ccWepNv4.s:2511   .debug_str:0000000000000756 .LASF143
     /tmp/ccWepNv4.s:2305   .debug_str:000000000000015d .LASF144
     /tmp/ccWepNv4.s:2349   .debug_str:00000000000002cf .LASF145
     /tmp/ccWepNv4.s:5      .text:0000000000000000 .Ltext0
     /tmp/ccWepNv4.s:226    .text:0000000000000160 .Letext0
     /tmp/ccWepNv4.s:2265   .debug_line:0000000000000000 .Ldebug_line0
     /tmp/ccWepNv4.s:2369   .debug_str:000000000000037b .LASF0
     /tmp/ccWepNv4.s:2385   .debug_str:0000000000000409 .LASF1
     /tmp/ccWepNv4.s:2447   .debug_str:00000000000005a7 .LASF2
     /tmp/ccWepNv4.s:2455   .debug_str:00000000000005e7 .LASF4
     /tmp/ccWepNv4.s:2375   .debug_str:00000000000003a4 .LASF3
     /tmp/ccWepNv4.s:2279   .debug_str:000000000000006b .LASF5
     /tmp/ccWepNv4.s:2435   .debug_str:0000000000000553 .LASF6
     /tmp/ccWepNv4.s:2429   .debug_str:0000000000000524 .LASF7
     /tmp/ccWepNv4.s:2381   .debug_str:00000000000003ed .LASF8
     /tmp/ccWepNv4.s:2353   .debug_str:00000000000002ee .LASF9
     /tmp/ccWepNv4.s:2357   .debug_str:0000000000000309 .LASF10
     /tmp/ccWepNv4.s:2313   .debug_str:00000000000001ad .LASF11
     /tmp/ccWepNv4.s:2343   .debug_str:00000000000002a4 .LASF12
     /tmp/ccWepNv4.s:2323   .debug_str:0000000000000204 .LASF13
     /tmp/ccWepNv4.s:2311   .debug_str:000000000000019d .LASF14
     /tmp/ccWepNv4.s:2489   .debug_str:00000000000006db .LASF15
     /tmp/ccWepNv4.s:2335   .debug_str:0000000000000251 .LASF16
     /tmp/ccWepNv4.s:2477   .debug_str:0000000000000681 .LASF17
     /tmp/ccWepNv4.s:2539   .debug_str:0000000000000900 .LASF41
     /tmp/ccWepNv4.s:2529   .debug_str:0000000000000896 .LASF146
     /tmp/ccWepNv4.s:2483   .debug_str:00000000000006bb .LASF18
     /tmp/ccWepNv4.s:2411   .debug_str:00000000000004db .LASF19
     /tmp/ccWepNv4.s:2407   .debug_str:00000000000004bf .LASF20
     /tmp/ccWepNv4.s:2479   .debug_str:0000000000000697 .LASF25
     /tmp/ccWepNv4.s:2341   .debug_str:000000000000028d .LASF22
     /tmp/ccWepNv4.s:2449   .debug_str:00000000000005b5 .LASF147
     /tmp/ccWepNv4.s:2443   .debug_str:0000000000000585 .LASF148
     /tmp/ccWepNv4.s:2331   .debug_str:0000000000000230 .LASF21
     /tmp/ccWepNv4.s:2333   .debug_str:0000000000000238 .LASF23
     /tmp/ccWepNv4.s:2383   .debug_str:0000000000000400 .LASF24
     /tmp/ccWepNv4.s:2301   .debug_str:000000000000013a .LASF26
     /tmp/ccWepNv4.s:2395   .debug_str:000000000000047b .LASF27
     /tmp/ccWepNv4.s:2337   .debug_str:0000000000000267 .LASF28
     /tmp/ccWepNv4.s:2425   .debug_str:0000000000000510 .LASF29
     /tmp/ccWepNv4.s:2541   .debug_str:000000000000090a .LASF30
     /tmp/ccWepNv4.s:2573   .debug_str:0000000000000a1e .LASF31
     /tmp/ccWepNv4.s:2561   .debug_str:000000000000099a .LASF32
     /tmp/ccWepNv4.s:2467   .debug_str:0000000000000647 .LASF33
     /tmp/ccWepNv4.s:2379   .debug_str:00000000000003d0 .LASF34
     /tmp/ccWepNv4.s:2441   .debug_str:000000000000057c .LASF35
     /tmp/ccWepNv4.s:2273   .debug_str:000000000000001d .LASF36
     /tmp/ccWepNv4.s:2271   .debug_str:0000000000000017 .LASF37
     /tmp/ccWepNv4.s:2575   .debug_str:0000000000000a28 .LASF38
     /tmp/ccWepNv4.s:2397   .debug_str:0000000000000483 .LASF39
     /tmp/ccWepNv4.s:2389   .debug_str:0000000000000432 .LASF40
     /tmp/ccWepNv4.s:2495   .debug_str:00000000000006f3 .LASF149
     /tmp/ccWepNv4.s:2497   .debug_str:00000000000006fb .LASF42
     /tmp/ccWepNv4.s:2409   .debug_str:00000000000004c4 .LASF43
     /tmp/ccWepNv4.s:2291   .debug_str:00000000000000e1 .LASF44
     /tmp/ccWepNv4.s:2525   .debug_str:0000000000000871 .LASF45
GAS LISTING /tmp/ccWepNv4.s 			page 13


     /tmp/ccWepNv4.s:2499   .debug_str:0000000000000706 .LASF46
     /tmp/ccWepNv4.s:2319   .debug_str:00000000000001e5 .LASF47
     /tmp/ccWepNv4.s:2543   .debug_str:0000000000000928 .LASF48
     /tmp/ccWepNv4.s:2307   .debug_str:000000000000016e .LASF49
     /tmp/ccWepNv4.s:2527   .debug_str:0000000000000888 .LASF50
     /tmp/ccWepNv4.s:2289   .debug_str:00000000000000c8 .LASF51
     /tmp/ccWepNv4.s:2439   .debug_str:000000000000056f .LASF52
     /tmp/ccWepNv4.s:2505   .debug_str:0000000000000721 .LASF53
     /tmp/ccWepNv4.s:2459   .debug_str:00000000000005f3 .LASF54
     /tmp/ccWepNv4.s:2309   .debug_str:0000000000000183 .LASF55
     /tmp/ccWepNv4.s:2519   .debug_str:0000000000000843 .LASF56
     /tmp/ccWepNv4.s:2569   .debug_str:00000000000009f0 .LASF57
     /tmp/ccWepNv4.s:2391   .debug_str:0000000000000455 .LASF58
     /tmp/ccWepNv4.s:2531   .debug_str:000000000000089b .LASF59
     /tmp/ccWepNv4.s:2295   .debug_str:0000000000000104 .LASF60
     /tmp/ccWepNv4.s:2451   .debug_str:00000000000005bf .LASF61
     /tmp/ccWepNv4.s:2427   .debug_str:000000000000051c .LASF62
     /tmp/ccWepNv4.s:2557   .debug_str:0000000000000980 .LASF63
     /tmp/ccWepNv4.s:2503   .debug_str:0000000000000716 .LASF64
     /tmp/ccWepNv4.s:2387   .debug_str:000000000000041c .LASF65
     /tmp/ccWepNv4.s:2419   .debug_str:00000000000004fd .LASF66
     /tmp/ccWepNv4.s:2481   .debug_str:00000000000006aa .LASF67
     /tmp/ccWepNv4.s:2303   .debug_str:0000000000000157 .LASF74
     /tmp/ccWepNv4.s:2513   .debug_str:000000000000081a .LASF76
     /tmp/ccWepNv4.s:2487   .debug_str:00000000000006ce .LASF68
     /tmp/ccWepNv4.s:2533   .debug_str:00000000000008b4 .LASF69
     /tmp/ccWepNv4.s:2421   .debug_str:0000000000000504 .LASF150
     /tmp/ccWepNv4.s:2509   .debug_str:000000000000074e .LASF70
     /tmp/ccWepNv4.s:2457   .debug_str:00000000000005ee .LASF71
     /tmp/ccWepNv4.s:2277   .debug_str:000000000000005f .LASF72
     /tmp/ccWepNv4.s:2463   .debug_str:0000000000000618 .LASF73
     /tmp/ccWepNv4.s:2327   .debug_str:0000000000000222 .LASF75
     /tmp/ccWepNv4.s:2315   .debug_str:00000000000001bc .LASF77
     /tmp/ccWepNv4.s:2445   .debug_str:000000000000059c .LASF80
     /tmp/ccWepNv4.s:2317   .debug_str:00000000000001cf .LASF82
     /tmp/ccWepNv4.s:2401   .debug_str:0000000000000499 .LASF78
     /tmp/ccWepNv4.s:2363   .debug_str:000000000000033c .LASF79
     /tmp/ccWepNv4.s:2413   .debug_str:00000000000004e0 .LASF81
     /tmp/ccWepNv4.s:2563   .debug_str:00000000000009b5 .LASF83
     /tmp/ccWepNv4.s:2269   .debug_str:0000000000000012 .LASF84
     /tmp/ccWepNv4.s:2471   .debug_str:0000000000000667 .LASF85
     /tmp/ccWepNv4.s:2523   .debug_str:0000000000000869 .LASF86
     /tmp/ccWepNv4.s:2515   .debug_str:000000000000082a .LASF87
     /tmp/ccWepNv4.s:2517   .debug_str:0000000000000834 .LASF88
     /tmp/ccWepNv4.s:2475   .debug_str:0000000000000678 .LASF89
     /tmp/ccWepNv4.s:2415   .debug_str:00000000000004eb .LASF90
     /tmp/ccWepNv4.s:2473   .debug_str:000000000000066d .LASF91
     /tmp/ccWepNv4.s:2339   .debug_str:0000000000000283 .LASF92
     /tmp/ccWepNv4.s:2321   .debug_str:00000000000001fb .LASF93
     /tmp/ccWepNv4.s:2493   .debug_str:00000000000006ee .LASF94
     /tmp/ccWepNv4.s:2567   .debug_str:00000000000009e8 .LASF95
     /tmp/ccWepNv4.s:2299   .debug_str:000000000000012c .LASF151
     /tmp/ccWepNv4.s:2393   .debug_str:0000000000000462 .LASF152
     /tmp/ccWepNv4.s:2325   .debug_str:0000000000000214 .LASF98
     /tmp/ccWepNv4.s:2275   .debug_str:0000000000000037 .LASF153
     /tmp/ccWepNv4.s:2453   .debug_str:00000000000005dc .LASF96
     /tmp/ccWepNv4.s:2551   .debug_str:0000000000000962 .LASF97
GAS LISTING /tmp/ccWepNv4.s 			page 14


     /tmp/ccWepNv4.s:2437   .debug_str:000000000000055a .LASF154
     /tmp/ccWepNv4.s:2417   .debug_str:00000000000004f3 .LASF99
     /tmp/ccWepNv4.s:2267   .debug_str:0000000000000000 .LASF100
     /tmp/ccWepNv4.s:2355   .debug_str:00000000000002fe .LASF101
     /tmp/ccWepNv4.s:2545   .debug_str:0000000000000932 .LASF102
     /tmp/ccWepNv4.s:2329   .debug_str:000000000000022b .LASF103
     /tmp/ccWepNv4.s:2507   .debug_str:0000000000000739 .LASF104
     /tmp/ccWepNv4.s:2491   .debug_str:00000000000006e7 .LASF105
     /tmp/ccWepNv4.s:2461   .debug_str:0000000000000601 .LASF106
     /tmp/ccWepNv4.s:2553   .debug_str:000000000000096d .LASF107
     /tmp/ccWepNv4.s:2373   .debug_str:000000000000038d .LASF108
     /tmp/ccWepNv4.s:2347   .debug_str:00000000000002c6 .LASF109
     /tmp/ccWepNv4.s:2521   .debug_str:0000000000000850 .LASF110
     /tmp/ccWepNv4.s:2367   .debug_str:0000000000000375 .LASF111
     /tmp/ccWepNv4.s:2365   .debug_str:000000000000035f .LASF112
     /tmp/ccWepNv4.s:2559   .debug_str:0000000000000992 .LASF113
     /tmp/ccWepNv4.s:2285   .debug_str:0000000000000094 .LASF114
     /tmp/ccWepNv4.s:2283   .debug_str:000000000000008c .LASF115
     /tmp/ccWepNv4.s:2565   .debug_str:00000000000009d0 .LASF116
     /tmp/ccWepNv4.s:2549   .debug_str:0000000000000956 .LASF117
     /tmp/ccWepNv4.s:2423   .debug_str:0000000000000509 .LASF118
     /tmp/ccWepNv4.s:2501   .debug_str:0000000000000711 .LASF119
     /tmp/ccWepNv4.s:2399   .debug_str:0000000000000494 .LASF120
     /tmp/ccWepNv4.s:2433   .debug_str:000000000000054a .LASF121
     /tmp/ccWepNv4.s:2485   .debug_str:00000000000006c0 .LASF122
     /tmp/ccWepNv4.s:42     .text:0000000000000000 .LFB58
     /tmp/ccWepNv4.s:224    .text:0000000000000160 .LFE58
     /tmp/ccWepNv4.s:2405   .debug_str:00000000000004ba .LASF123
     /tmp/ccWepNv4.s:2243   .debug_loc:0000000000000000 .LLST0
     /tmp/ccWepNv4.s:60     .text:0000000000000024 .LVL0
     /tmp/ccWepNv4.s:64     .text:000000000000002c .LVL1
     /tmp/ccWepNv4.s:71     .text:0000000000000038 .LVL3
     /tmp/ccWepNv4.s:103    .text:0000000000000064 .LVL4
     /tmp/ccWepNv4.s:108    .text:0000000000000074 .LVL5
     /tmp/ccWepNv4.s:129    .text:0000000000000090 .LVL6
     /tmp/ccWepNv4.s:134    .text:00000000000000a0 .LVL7
     /tmp/ccWepNv4.s:142    .text:00000000000000ac .LVL8
     /tmp/ccWepNv4.s:147    .text:00000000000000bc .LVL9
     /tmp/ccWepNv4.s:155    .text:00000000000000c8 .LVL10
     /tmp/ccWepNv4.s:160    .text:00000000000000d8 .LVL11
     /tmp/ccWepNv4.s:168    .text:00000000000000e4 .LVL12
     /tmp/ccWepNv4.s:173    .text:00000000000000f4 .LVL13
     /tmp/ccWepNv4.s:181    .text:0000000000000100 .LVL14
     /tmp/ccWepNv4.s:186    .text:0000000000000110 .LVL15
     /tmp/ccWepNv4.s:194    .text:000000000000011c .LVL16
     /tmp/ccWepNv4.s:199    .text:000000000000012c .LVL17
     /tmp/ccWepNv4.s:204    .text:000000000000013c .LVL18
     /tmp/ccWepNv4.s:212    .text:0000000000000148 .LVL19
     /tmp/ccWepNv4.s:221    .text:000000000000015c .LVL20
     /tmp/ccWepNv4.s:2431   .debug_str:0000000000000537 .LASF124
     /tmp/ccWepNv4.s:2555   .debug_str:0000000000000974 .LASF126
     /tmp/ccWepNv4.s:2535   .debug_str:00000000000008d4 .LASF125
     /tmp/ccWepNv4.s:2371   .debug_str:0000000000000388 .LASF127
     /tmp/ccWepNv4.s:2359   .debug_str:0000000000000317 .LASF128
     /tmp/ccWepNv4.s:2345   .debug_str:00000000000002b3 .LASF129
     /tmp/ccWepNv4.s:2377   .debug_str:00000000000003b6 .LASF130
     /tmp/ccWepNv4.s:2469   .debug_str:0000000000000652 .LASF131
GAS LISTING /tmp/ccWepNv4.s 			page 15


     /tmp/ccWepNv4.s:2287   .debug_str:00000000000000ac .LASF132
     /tmp/ccWepNv4.s:2293   .debug_str:00000000000000ed .LASF133
     /tmp/ccWepNv4.s:2537   .debug_str:00000000000008dd .LASF134
     /tmp/ccWepNv4.s:2465   .debug_str:0000000000000629 .LASF135
     /tmp/ccWepNv4.s:2547   .debug_str:0000000000000944 .LASF136
     /tmp/ccWepNv4.s:2361   .debug_str:000000000000032f .LASF137
     /tmp/ccWepNv4.s:2281   .debug_str:0000000000000072 .LASF138
     /tmp/ccWepNv4.s:2571   .debug_str:0000000000000a09 .LASF139
     /tmp/ccWepNv4.s:2297   .debug_str:0000000000000116 .LASF140
     /tmp/ccWepNv4.s:2351   .debug_str:00000000000002dd .LASF141
     /tmp/ccWepNv4.s:2403   .debug_str:00000000000004b1 .LASF142
     /tmp/ccWepNv4.s:67     .text:0000000000000030 .LVL2
     /tmp/ccWepNv4.s:243    .debug_info:0000000000000000 .Ldebug_info0

UNDEFINED SYMBOLS
_Z11printStringPKc
_Z4getcv
_Z18Threads_C_API_testv
_Z20Threads_CPP_API_testv
_Z22producerConsumer_C_APIv
_Z29producerConsumer_CPP_Sync_APIv
_Z12testSleepingv
_Z20testConsumerProducerv
_Z16System_Mode_testv
_Z4testv
